[INFO] [launch]: All log files can be found below /home/linh-pham/.ros/log/2026-08-02-05-19-17-105582-linh-pham-LOQ-15IAX9-144058
[INFO] [launch]: Default logging verbosity is set to INFO
[INFO] [gazebo-1]: process started with pid [144109]
[INFO] [create-2]: process started with pid [144110]
[INFO] [parameter_bridge-3]: process started with pid [144111]
[INFO] [robot_state_publisher-4]: process started with pid [144113]
[INFO] [batch_benchmark-5]: process started with pid [144114]
[robot_state_publisher-4] [INFO] [1785622757.645062139] [robot_state_publisher]: Robot initialized
[gazebo-1] [1;32m[Msg] [0m[1;32mGazebo Sim Server v[0m[1;32m8.11.0[0m[1;32m[0m
[gazebo-1] [1;32m[Msg] [0m[1;32mLoading SDF world file[[0m[1;32m/home/linh-pham/agv_nav2_research_ws_bao/install/vacuum_robot_gazebo/share/vacuum_robot_gazebo/worlds/warehouse_long_aisles.sdf[0m[1;32m].[0m
[gazebo-1] [1;32m[Msg] [0m[1;32mServing entity system service on [[0m[1;32m/[0m[1;32mentity/system/add[0m[1;32m][0m[1;32m[0m
[gazebo-1] [1;32m[Msg] [0m[1;32mCreate[0m[1;32m service on [[0m[1;32m/world/warehouse_long_aisles/create_multiple[0m[1;32m] (async)[0m[1;32m[0m
[gazebo-1] [1;32m[Msg] [0m[1;32mCreate[0m[1;32m service on [[0m[1;32m/world/warehouse_long_aisles/create_multiple/blocking[0m[1;32m] (blocking)[0m[1;32m[0m
[gazebo-1] [1;32m[Msg] [0m[1;32mRemove[0m[1;32m service on [[0m[1;32m/world/warehouse_long_aisles/remove[0m[1;32m] (async)[0m[1;32m[0m
[gazebo-1] [1;32m[Msg] [0m[1;32mRemove[0m[1;32m service on [[0m[1;32m/world/warehouse_long_aisles/remove/blocking[0m[1;32m] (blocking)[0m[1;32m[0m
[gazebo-1] [1;32m[Msg] [0m[1;32mPose[0m[1;32m service on [[0m[1;32m/world/warehouse_long_aisles/set_pose[0m[1;32m] (async)[0m[1;32m[0m
[gazebo-1] [1;32m[Msg] [0m[1;32mPose[0m[1;32m service on [[0m[1;32m/world/warehouse_long_aisles/set_pose/blocking[0m[1;32m] (blocking)[0m[1;32m[0m
[gazebo-1] [1;32m[Msg] [0m[1;32mPose[0m[1;32m service on [[0m[1;32m/world/warehouse_long_aisles/set_pose_vector[0m[1;32m] (async)[0m[1;32m[0m
[gazebo-1] [1;32m[Msg] [0m[1;32mPose[0m[1;32m service on [[0m[1;32m/world/warehouse_long_aisles/set_pose_vector/blocking[0m[1;32m] (blocking)[0m[1;32m[0m
[gazebo-1] [1;32m[Msg] [0m[1;32mLight configuration[0m[1;32m service on [[0m[1;32m/world/warehouse_long_aisles/light_config[0m[1;32m] (async)[0m[1;32m[0m
[gazebo-1] [1;32m[Msg] [0m[1;32mLight configuration[0m[1;32m service on [[0m[1;32m/world/warehouse_long_aisles/light_config/blocking[0m[1;32m] (blocking)[0m[1;32m[0m
[gazebo-1] [1;32m[Msg] [0m[1;32mPhysics[0m[1;32m service on [[0m[1;32m/world/warehouse_long_aisles/set_physics[0m[1;32m] (async)[0m[1;32m[0m
[gazebo-1] [1;32m[Msg] [0m[1;32mPhysics[0m[1;32m service on [[0m[1;32m/world/warehouse_long_aisles/set_physics/blocking[0m[1;32m] (blocking)[0m[1;32m[0m
[gazebo-1] [1;32m[Msg] [0m[1;32mSphericalCoordinates[0m[1;32m service on [[0m[1;32m/world/warehouse_long_aisles/set_spherical_coordinates[0m[1;32m] (async)[0m[1;32m[0m
[gazebo-1] [1;32m[Msg] [0m[1;32mSphericalCoordinates[0m[1;32m service on [[0m[1;32m/world/warehouse_long_aisles/set_spherical_coordinates/blocking[0m[1;32m] (blocking)[0m[1;32m[0m
[gazebo-1] [1;32m[Msg] [0m[1;32mEnable collision[0m[1;32m service on [[0m[1;32m/world/warehouse_long_aisles/enable_collision[0m[1;32m] (async)[0m[1;32m[0m
[gazebo-1] [1;32m[Msg] [0m[1;32mEnable collision[0m[1;32m service on [[0m[1;32m/world/warehouse_long_aisles/enable_collision/blocking[0m[1;32m] (blocking)[0m[1;32m[0m
[gazebo-1] [1;32m[Msg] [0m[1;32mDisable collision[0m[1;32m service on [[0m[1;32m/world/warehouse_long_aisles/disable_collision[0m[1;32m] (async)[0m[1;32m[0m
[gazebo-1] [1;32m[Msg] [0m[1;32mDisable collision[0m[1;32m service on [[0m[1;32m/world/warehouse_long_aisles/disable_collision/blocking[0m[1;32m] (blocking)[0m[1;32m[0m
[gazebo-1] [1;32m[Msg] [0m[1;32mMaterial[0m[1;32m service on [[0m[1;32m/world/warehouse_long_aisles/visual_config[0m[1;32m] (async)[0m[1;32m[0m
[gazebo-1] [1;32m[Msg] [0m[1;32mMaterial[0m[1;32m service on [[0m[1;32m/world/warehouse_long_aisles/visual_config/blocking[0m[1;32m] (blocking)[0m[1;32m[0m
[gazebo-1] [1;32m[Msg] [0m[1;32mMaterial[0m[1;32m service on [[0m[1;32m/world/warehouse_long_aisles/wheel_slip[0m[1;32m] (async)[0m[1;32m[0m
[gazebo-1] [1;32m[Msg] [0m[1;32mMaterial[0m[1;32m service on [[0m[1;32m/world/warehouse_long_aisles/wheel_slip/blocking[0m[1;32m] (blocking)[0m[1;32m[0m
[gazebo-1] [1;32m[Msg] [0m[1;32mLoaded level [[0m[1;32mdefault[0m[1;32m][0m[1;32m[0m
[create-2] [INFO] [1785622758.081283213] [spawn_vacuum_robot]: Entity creation successful.
[INFO] [create-2]: process has finished cleanly [pid 144110]
[parameter_bridge-3] [INFO] [1785622758.647360482] [ros_gz_bridge]: Creating GZ->ROS Bridge: [/clock (gz.msgs.Clock) -> /clock (rosgraph_msgs/msg/Clock)] (Lazy 0)
[parameter_bridge-3] [INFO] [1785622758.649789260] [ros_gz_bridge]: Creating GZ->ROS Bridge: [/joint_states (gz.msgs.Model) -> /joint_states (sensor_msgs/msg/JointState)] (Lazy 0)
[parameter_bridge-3] [INFO] [1785622758.656769714] [ros_gz_bridge]: Creating GZ->ROS Bridge: [/odom (gz.msgs.Odometry) -> /odom (nav_msgs/msg/Odometry)] (Lazy 0)
[parameter_bridge-3] [INFO] [1785622758.660307931] [ros_gz_bridge]: Creating GZ->ROS Bridge: [/tf (gz.msgs.Pose_V) -> /tf (tf2_msgs/msg/TFMessage)] (Lazy 0)
[parameter_bridge-3] [INFO] [1785622758.664122479] [ros_gz_bridge]: Creating GZ->ROS Bridge: [/scan (gz.msgs.LaserScan) -> /scan (sensor_msgs/msg/LaserScan)] (Lazy 0)
[parameter_bridge-3] [INFO] [1785622758.665943129] [ros_gz_bridge]: Creating GZ->ROS Bridge: [/imu/data (gz.msgs.IMU) -> /imu/data (sensor_msgs/msg/Imu)] (Lazy 0)
[parameter_bridge-3] [INFO] [1785622758.667668166] [ros_gz_bridge]: Creating ROS->GZ Bridge: [/cmd_vel (geometry_msgs/msg/Twist) -> /cmd_vel (gz.msgs.Twist)] (Lazy 0)
[parameter_bridge-3] [INFO] [1785622758.669432005] [ros_gz_bridge]: Creating GZ->ROS Bridge: [/ground_truth/odom (gz.msgs.Odometry) -> /ground_truth/odom (nav_msgs/msg/Odometry)] (Lazy 0)
[gazebo-1] [1;32m[Msg] [0m[1;32mServing world controls on [[0m[1;32m/world/warehouse_long_aisles[0m[1;32m/control], [[0m[1;32m/world/warehouse_long_aisles[0m[1;32m/control/state] and [[0m[1;32m/world/warehouse_long_aisles[0m[1;32m/playback/control][0m[1;32m[0m
[gazebo-1] [1;32m[Msg] [0m[1;32mServing GUI information on [[0m[1;32m/world/warehouse_long_aisles[0m[1;32m/[0m[1;32mgui/info[0m[1;32m][0m[1;32m[0m
[gazebo-1] [1;32m[Msg] [0m[1;32mWorld [[0m[1;32mwarehouse_long_aisles[0m[1;32m] initialized with [[0m[1;32mresearch_physics[0m[1;32m] physics profile.[0m[1;32m[0m
[gazebo-1] [1;32m[Msg] [0m[1;32mServing world SDF generation service on [[0m[1;32m/world/warehouse_long_aisles[0m[1;32m/[0m[1;32mgenerate_world_sdf[0m[1;32m][0m[1;32m[0m
[gazebo-1] [1;32m[Msg] [0m[1;32mServing world names on [[0m[1;32m/gazebo/worlds[0m[1;32m][0m[1;32m[0m
[gazebo-1] [1;32m[Msg] [0m[1;32mResource path add service on [[0m[1;32m/gazebo/resource_paths/add[0m[1;32m].[0m[1;32m[0m
[gazebo-1] [1;32m[Msg] [0m[1;32mResource path get service on [[0m[1;32m/gazebo/resource_paths/get[0m[1;32m].[0m[1;32m[0m
[gazebo-1] [1;32m[Msg] [0m[1;32mResource path resolve service on [[0m[1;32m/gazebo/resource_paths/resolve[0m[1;32m].[0m[1;32m[0m
[gazebo-1] [1;32m[Msg] [0m[1;32mResource paths published on [[0m[1;32m/gazebo/resource_paths[0m[1;32m].[0m[1;32m[0m
[gazebo-1] [1;32m[Msg] [0m[1;32mServer control service on [[0m[1;32m/server_control[0m[1;32m].[0m[1;32m[0m
[gazebo-1] [1;32m[Msg] [0m[1;32mFound no publishers on /stats, adding root stats topic[0m[1;32m[0m
[gazebo-1] [1;32m[Msg] [0m[1;32mFound no publishers on /clock, adding root clock topic[0m[1;32m[0m
[gazebo-1] [1;33mWarning [Utils.cc:132][0m [/sdf/model[@name="vacuum_robot"]/link[@name="base_link"]/sensor[@name="rplidar_a1m8"]/gz_frame_id:/home/linh-pham/agv_nav2_research_ws_bao/install/vacuum_robot_gazebo/share/vacuum_robot_gazebo/models/vacuum_robot/model.sdf:L107]: XML Element[gz_frame_id], child of element[sensor], not defined in SDF. Copying[gz_frame_id] as children of [sensor].
[gazebo-1] [1;33mWarning [Utils.cc:132][0m [/sdf/model[@name="vacuum_robot"]/link[@name="base_link"]/sensor[@name="bno055_imu"]/gz_frame_id:/home/linh-pham/agv_nav2_research_ws_bao/install/vacuum_robot_gazebo/share/vacuum_robot_gazebo/models/vacuum_robot/model.sdf:L128]: XML Element[gz_frame_id], child of element[sensor], not defined in SDF. Copying[gz_frame_id] as children of [sensor].
[gazebo-1] libEGL warning: pci id for fd 55: 10de:25ec, driver (null)
[gazebo-1] 
[gazebo-1] pci id for fd 56: 10de:25ec, driver (null)
[gazebo-1] pci id for fd 57: 10de:25ec, driver (null)
[gazebo-1] libEGL warning: egl: failed to create dri2 screen
[gazebo-1] libEGL warning: pci id for fd 55: 10de:25ec, driver (null)
[gazebo-1] 
[gazebo-1] pci id for fd 56: 10de:25ec, driver (null)
[gazebo-1] pci id for fd 57: 10de:25ec, driver (null)
[gazebo-1] libEGL warning: egl: failed to create dri2 screen
[gazebo-1] libEGL warning: pci id for fd 55: 10de:25ec, driver (null)
[gazebo-1] 
[INFO] [map_server-6]: process started with pid [144297]
[INFO] [amcl-7]: process started with pid [144298]
[INFO] [lifecycle_manager-8]: process started with pid [144299]
[INFO] [controller_server-9]: process started with pid [144300]
[INFO] [smoother_server-10]: process started with pid [144301]
[INFO] [planner_server-11]: process started with pid [144302]
[INFO] [route_server-12]: process started with pid [144303]
[INFO] [behavior_server-13]: process started with pid [144304]
[INFO] [bt_navigator-14]: process started with pid [144305]
[INFO] [waypoint_follower-15]: process started with pid [144306]
[INFO] [velocity_smoother-16]: process started with pid [144307]
[INFO] [collision_monitor-17]: process started with pid [144310]
[INFO] [opennav_docking-18]: process started with pid [144313]
[INFO] [lifecycle_manager-19]: process started with pid [144314]
[amcl-7] [INFO] [1785622760.554917486] [amcl]: 
[amcl-7] 	amcl lifecycle node launched. 
[amcl-7] 	Waiting on external lifecycle transitions to activate
[amcl-7] 	See https://design.ros2.org/articles/node_lifecycle.html for more information.
[amcl-7] [INFO] [1785622760.555425037] [amcl]: Creating
[lifecycle_manager-8] [INFO] [1785622760.574046900] [lifecycle_manager_localization]: Creating
[waypoint_follower-15] [INFO] [1785622760.581357740] [waypoint_follower]: 
[waypoint_follower-15] 	waypoint_follower lifecycle node launched. 
[waypoint_follower-15] 	Waiting on external lifecycle transitions to activate
[waypoint_follower-15] 	See https://design.ros2.org/articles/node_lifecycle.html for more information.
[waypoint_follower-15] [INFO] [1785622760.581834088] [waypoint_follower]: Creating
[lifecycle_manager-8] [INFO] [1785622760.590273563] [lifecycle_manager_localization]: [34m[1mCreating and initializing lifecycle service clients[0m[0m
[planner_server-11] [INFO] [1785622760.591523474] [planner_server]: 
[planner_server-11] 	planner_server lifecycle node launched. 
[planner_server-11] 	Waiting on external lifecycle transitions to activate
[planner_server-11] 	See https://design.ros2.org/articles/node_lifecycle.html for more information.
[controller_server-9] [INFO] [1785622760.592031235] [controller_server]: 
[controller_server-9] 	controller_server lifecycle node launched. 
[controller_server-9] 	Waiting on external lifecycle transitions to activate
[controller_server-9] 	See https://design.ros2.org/articles/node_lifecycle.html for more information.
[planner_server-11] [INFO] [1785622760.594476939] [planner_server]: Creating
[map_server-6] [INFO] [1785622760.595078363] [map_server]: 
[map_server-6] 	map_server lifecycle node launched. 
[map_server-6] 	Waiting on external lifecycle transitions to activate
[map_server-6] 	See https://design.ros2.org/articles/node_lifecycle.html for more information.
[map_server-6] [INFO] [1785622760.595180999] [map_server]: Creating
[controller_server-9] [INFO] [1785622760.595546761] [controller_server]: Creating controller server
[behavior_server-13] [INFO] [1785622760.596349289] [behavior_server]: 
[behavior_server-13] 	behavior_server lifecycle node launched. 
[behavior_server-13] 	Waiting on external lifecycle transitions to activate
[behavior_server-13] 	See https://design.ros2.org/articles/node_lifecycle.html for more information.
[bt_navigator-14] [INFO] [1785622760.607744344] [bt_navigator]: 
[bt_navigator-14] 	bt_navigator lifecycle node launched. 
[bt_navigator-14] 	Waiting on external lifecycle transitions to activate
[bt_navigator-14] 	See https://design.ros2.org/articles/node_lifecycle.html for more information.
[bt_navigator-14] [INFO] [1785622760.610116494] [bt_navigator]: Creating
[controller_server-9] [INFO] [1785622760.618532913] [local_costmap.local_costmap]: 
[controller_server-9] 	local_costmap lifecycle node launched. 
[controller_server-9] 	Waiting on external lifecycle transitions to activate
[controller_server-9] 	See https://design.ros2.org/articles/node_lifecycle.html for more information.
[controller_server-9] [INFO] [1785622760.618915254] [local_costmap.local_costmap]: Creating Costmap
[smoother_server-10] [INFO] [1785622760.624402913] [smoother_server]: 
[smoother_server-10] 	smoother_server lifecycle node launched. 
[smoother_server-10] 	Waiting on external lifecycle transitions to activate
[smoother_server-10] 	See https://design.ros2.org/articles/node_lifecycle.html for more information.
[smoother_server-10] [INFO] [1785622760.625789819] [smoother_server]: Creating smoother server
[velocity_smoother-16] [INFO] [1785622760.629402118] [velocity_smoother]: 
[velocity_smoother-16] 	velocity_smoother lifecycle node launched. 
[velocity_smoother-16] 	Waiting on external lifecycle transitions to activate
[velocity_smoother-16] 	See https://design.ros2.org/articles/node_lifecycle.html for more information.
[lifecycle_manager-19] [INFO] [1785622760.629875488] [lifecycle_manager_navigation]: Creating
[collision_monitor-17] [INFO] [1785622760.630027340] [collision_monitor]: 
[collision_monitor-17] 	collision_monitor lifecycle node launched. 
[collision_monitor-17] 	Waiting on external lifecycle transitions to activate
[collision_monitor-17] 	See https://design.ros2.org/articles/node_lifecycle.html for more information.
[route_server-12] [INFO] [1785622760.633449403] [route_server]: 
[route_server-12] 	route_server lifecycle node launched. 
[route_server-12] 	Waiting on external lifecycle transitions to activate
[route_server-12] 	See https://design.ros2.org/articles/node_lifecycle.html for more information.
[lifecycle_manager-19] [INFO] [1785622760.635446777] [lifecycle_manager_navigation]: [34m[1mCreating and initializing lifecycle service clients[0m[0m
[opennav_docking-18] [INFO] [1785622760.642784916] [docking_server]: 
[opennav_docking-18] 	docking_server lifecycle node launched. 
[opennav_docking-18] 	Waiting on external lifecycle transitions to activate
[opennav_docking-18] 	See https://design.ros2.org/articles/node_lifecycle.html for more information.
[opennav_docking-18] [INFO] [1785622760.642858690] [docking_server]: Creating docking_server
[planner_server-11] [INFO] [1785622761.032961783] [global_costmap.global_costmap]: 
[planner_server-11] 	global_costmap lifecycle node launched. 
[planner_server-11] 	Waiting on external lifecycle transitions to activate
[planner_server-11] 	See https://design.ros2.org/articles/node_lifecycle.html for more information.
[planner_server-11] [INFO] [1785622761.033592076] [global_costmap.global_costmap]: Creating Costmap
[lifecycle_manager-8] [INFO] [1785622761.241965300] [lifecycle_manager_localization]: [34m[1mStarting managed nodes bringup...[0m[0m
[lifecycle_manager-8] [INFO] [1785622761.242070155] [lifecycle_manager_localization]: [34m[1mConfiguring map_server[0m[0m
[map_server-6] [INFO] [1785622761.243024385] [map_server]: Configuring
[map_server-6] [INFO] [1785622761.243167249] [map_io]: Loading yaml file: /home/linh-pham/agv_nav2_research_ws_bao/install/vacuum_robot_gazebo/share/vacuum_robot_gazebo/maps/warehouse_long_aisles.yaml
[map_server-6] [INFO] [1785622761.243901481] [map_io]: resolution: 0.05
[map_server-6] [INFO] [1785622761.243934913] [map_io]: origin[0]: -6
[map_server-6] [INFO] [1785622761.243948859] [map_io]: origin[1]: -4
[map_server-6] [INFO] [1785622761.243960606] [map_io]: origin[2]: 0
[map_server-6] [INFO] [1785622761.243973666] [map_io]: free_thresh: 0.25
[map_server-6] [INFO] [1785622761.243984159] [map_io]: occupied_thresh: 0.65
[map_server-6] [INFO] [1785622761.243997895] [map_io]: mode: trinary
[map_server-6] [INFO] [1785622761.244011437] [map_io]: negate: 0
[map_server-6] [INFO] [1785622761.244674288] [map_io]: Loading image_file: /home/linh-pham/agv_nav2_research_ws_bao/install/vacuum_robot_gazebo/share/vacuum_robot_gazebo/maps/warehouse_long_aisles.pgm
[map_server-6] [INFO] [1785622761.247526401] [map_io]: Read map /home/linh-pham/agv_nav2_research_ws_bao/install/vacuum_robot_gazebo/share/vacuum_robot_gazebo/maps/warehouse_long_aisles.pgm: 240 X 160 map @ 0.05 m/cell
[lifecycle_manager-8] [INFO] [1785622761.270859309] [lifecycle_manager_localization]: [34m[1mConfiguring amcl[0m[0m
[amcl-7] [INFO] [1785622761.271367533] [amcl]: Configuring
[amcl-7] [INFO] [1785622761.271491812] [amcl]: initTransforms
[amcl-7] [INFO] [1785622761.283766133] [amcl]: initPubSub
[amcl-7] [INFO] [1785622761.290646569] [amcl]: Subscribed to map topic.
[lifecycle_manager-8] [INFO] [1785622761.294959752] [lifecycle_manager_localization]: [34m[1mActivating map_server[0m[0m
[map_server-6] [INFO] [1785622761.295164350] [map_server]: Activating
[map_server-6] [INFO] [1785622761.295408007] [map_server]: Creating bond (map_server) to lifecycle manager.
[amcl-7] [INFO] [1785622761.295538212] [amcl]: Received a 240 X 160 map @ 0.050 m/pix
[lifecycle_manager-19] [INFO] [1785622761.365915539] [lifecycle_manager_navigation]: [34m[1mStarting managed nodes bringup...[0m[0m
[lifecycle_manager-19] [INFO] [1785622761.365997213] [lifecycle_manager_navigation]: [34m[1mConfiguring controller_server[0m[0m
[controller_server-9] [INFO] [1785622761.366464425] [controller_server]: Configuring controller interface
[controller_server-9] [INFO] [1785622761.366491068] [controller_server]: getting progress checker plugins..
[controller_server-9] [INFO] [1785622761.366678420] [controller_server]: getting goal checker plugins..
[controller_server-9] [INFO] [1785622761.366772183] [controller_server]: Controller frequency set to 20.0000Hz
[controller_server-9] [INFO] [1785622761.366815465] [local_costmap.local_costmap]: Configuring
[controller_server-9] [INFO] [1785622761.377051092] [local_costmap.local_costmap]: Using plugin "voxel_layer"
[controller_server-9] [INFO] [1785622761.380662576] [local_costmap.local_costmap]: Subscribed to Topics: scan
[controller_server-9] [INFO] [1785622761.390397125] [local_costmap.local_costmap]: Initialized plugin "voxel_layer"
[controller_server-9] [INFO] [1785622761.390427905] [local_costmap.local_costmap]: Using plugin "inflation_layer"
[controller_server-9] [INFO] [1785622761.390879290] [local_costmap.local_costmap]: Initialized plugin "inflation_layer"
[lifecycle_manager-8] [INFO] [1785622761.400086218] [lifecycle_manager_localization]: Server map_server connected with bond.
[lifecycle_manager-8] [INFO] [1785622761.400130407] [lifecycle_manager_localization]: [34m[1mActivating amcl[0m[0m
[amcl-7] [INFO] [1785622761.400428541] [amcl]: Activating
[amcl-7] [INFO] [1785622761.400474768] [amcl]: initialPoseReceived
[amcl-7] [INFO] [1785622761.400553152] [amcl]: Setting pose (1.131000): -4.500 -3.250 1.571
[amcl-7] [INFO] [1785622761.401380491] [amcl]: Creating bond (amcl) to lifecycle manager.
[controller_server-9] [INFO] [1785622761.406925333] [controller_server]: Created progress_checker : progress_checker of type nav2_controller::PoseProgressChecker
[controller_server-9] [INFO] [1785622761.407414873] [controller_server]: Controller Server has progress_checker  progress checkers available.
[controller_server-9] [INFO] [1785622761.408236156] [controller_server]: Created goal checker : general_goal_checker of type nav2_controller::SimpleGoalChecker
[controller_server-9] [INFO] [1785622761.408741420] [controller_server]: Controller Server has general_goal_checker  goal checkers available.
[controller_server-9] [INFO] [1785622761.409597726] [controller_server]: Created controller : FollowPath of type nav2_regulated_pure_pursuit_controller::RegulatedPurePursuitController
[controller_server-9] [INFO] [1785622761.414780711] [controller_server]: Controller Server has FollowPath  controllers available.
[lifecycle_manager-19] [INFO] [1785622761.422310571] [lifecycle_manager_navigation]: [34m[1mConfiguring smoother_server[0m[0m
[smoother_server-10] [INFO] [1785622761.422591510] [smoother_server]: Configuring smoother server
[smoother_server-10] [INFO] [1785622761.434999109] [smoother_server]: Created smoother : simple_smoother of type nav2_smoother::SimpleSmoother
[smoother_server-10] [INFO] [1785622761.436341209] [smoother_server]: Created smoother : savitzky_golay of type nav2_smoother::SavitzkyGolaySmoother
[smoother_server-10] [INFO] [1785622761.440047978] [smoother_server]: Created smoother : constrained of type nav2_constrained_smoother/ConstrainedSmoother
[smoother_server-10] [INFO] [1785622761.441973166] [smoother_server]: Created smoother : pstmo of type adaptive_pivot_g2_nav2/AdaptivePivotG2Smoother
[smoother_server-10] [INFO] [1785622761.445719440] [smoother_server]: Configured PSTMO smoother 'pstmo' with joint (d,q) shape search
[smoother_server-10] [INFO] [1785622761.446054524] [smoother_server]: Created smoother : adaptive_hybrid of type adaptive_pivot_g2_nav2/SafetyGatedHybridSmoother
[smoother_server-10] [INFO] [1785622761.450311968] [smoother_server]: Configured PSTMO smoother 'adaptive_hybrid.pivot' with joint (d,q) shape search
[smoother_server-10] [INFO] [1785622761.451483994] [smoother_server]: Configured safety-gated hybrid smoother as 'adaptive_hybrid'
[smoother_server-10] [INFO] [1785622761.451529899] [smoother_server]: Smoother Server has simple_smoother savitzky_golay constrained pstmo adaptive_hybrid  smoothers available.
[lifecycle_manager-19] [INFO] [1785622761.459676326] [lifecycle_manager_navigation]: [34m[1mConfiguring planner_server[0m[0m
[planner_server-11] [INFO] [1785622761.459945236] [planner_server]: Configuring
[planner_server-11] [INFO] [1785622761.459988959] [global_costmap.global_costmap]: Configuring
[planner_server-11] [INFO] [1785622761.467848968] [global_costmap.global_costmap]: Using plugin "static_layer"
[planner_server-11] [INFO] [1785622761.470833615] [global_costmap.global_costmap]: Subscribing to the map topic (/map) with transient local durability
[planner_server-11] [INFO] [1785622761.472666930] [global_costmap.global_costmap]: Initialized plugin "static_layer"
[planner_server-11] [INFO] [1785622761.472699903] [global_costmap.global_costmap]: Using plugin "inflation_layer"
[planner_server-11] [INFO] [1785622761.473099274] [global_costmap.global_costmap]: Initialized plugin "inflation_layer"
[planner_server-11] [INFO] [1785622761.493469122] [global_costmap.global_costmap]: StaticLayer: Resizing costmap to 240 X 160 at 0.050000 m/pix
[planner_server-11] [INFO] [1785622761.493944517] [planner_server]: Created global planner plugin NavFnAStar of type nav2_navfn_planner::NavfnPlanner
[planner_server-11] [INFO] [1785622761.493976114] [planner_server]: Configuring plugin NavFnAStar of type NavfnPlanner
[planner_server-11] [INFO] [1785622761.494750326] [planner_server]: Created global planner plugin NavFnDijkstra of type nav2_navfn_planner::NavfnPlanner
[planner_server-11] [INFO] [1785622761.494783219] [planner_server]: Configuring plugin NavFnDijkstra of type NavfnPlanner
[planner_server-11] [INFO] [1785622761.496145394] [planner_server]: Created global planner plugin ThetaStar of type nav2_theta_star_planner::ThetaStarPlanner
[planner_server-11] [INFO] [1785622761.502702672] [planner_server]: Created global planner plugin Smac2D of type nav2_smac_planner::SmacPlanner2D
[planner_server-11] [INFO] [1785622761.502755322] [planner_server]: Configuring Smac2D of type SmacPlanner2D
[planner_server-11] [ERROR] [1785622761.503438780] [planner_server]: Inflation layer either not found or inflation is not set sufficiently for optimized non-circular collision checking capabilities. It is HIGHLY recommended to set the inflation radius to be at MINIMUM half of the robot's largest cross-section. See github.com/ros-planning/navigation2/tree/main/nav2_smac_planner#potential-fields for full instructions. This will substantially impact run-time performance.
[planner_server-11] [INFO] [1785622761.506083890] [planner_server]: Configured plugin Smac2D of type SmacPlanner2D with tolerance 0.10, maximum iterations 1000000, max on approach iterations 1000, and not allowing unknown traversal.
[lifecycle_manager-8] [INFO] [1785622761.506592064] [lifecycle_manager_localization]: Server amcl connected with bond.
[lifecycle_manager-8] [INFO] [1785622761.506623546] [lifecycle_manager_localization]: [34m[1mManaged nodes are active[0m[0m
[lifecycle_manager-8] [INFO] [1785622761.506632051] [lifecycle_manager_localization]: [34m[1mCreating bond timer...[0m[0m
[planner_server-11] [INFO] [1785622761.507697769] [planner_server]: Created global planner plugin SmacHybrid of type nav2_smac_planner::SmacPlannerHybrid
[planner_server-11] [INFO] [1785622761.507738523] [planner_server]: Configuring SmacHybrid of type SmacPlannerHybrid
[planner_server-11] [INFO] [1785622761.509398340] [planner_server]: Even sized heuristic lookup table size set 160.000000, increasing size by 1 to make odd
[amcl-7] [INFO] [1785622761.563983702] [amcl]: createLaserObject
[planner_server-11] [INFO] [1785622761.723540806] [planner_server]: Configured plugin SmacHybrid of type SmacPlannerHybrid with maximum iterations 1000000, max on approach iterations 1000, and not allowing unknown traversal. Tolerance 0.10.Using motion model: Dubin.
[planner_server-11] [INFO] [1785622761.723584363] [planner_server]: Planner Server has NavFnAStar NavFnDijkstra ThetaStar Smac2D SmacHybrid  planners available.
[lifecycle_manager-19] [INFO] [1785622761.735809490] [lifecycle_manager_navigation]: [34m[1mConfiguring route_server[0m[0m
[route_server-12] [INFO] [1785622761.736037734] [route_server]: Configuring
[route_server-12] [INFO] [1785622761.765935808] [route_server]: Created GraphFileLoader GeoJsonGraphFileLoader of type nav2_route::GeoJsonGraphFileLoader
[route_server-12] [INFO] [1785622761.765973292] [route_server]: Configuring geojson graph file loader
[route_server-12] [INFO] [1785622761.765980860] [route_server]: No graph file provided to load yet.
[route_server-12] [INFO] [1785622761.768036355] [route_server]: Created edge cost function plugin DistanceScorer of type nav2_route::DistanceScorer
[route_server-12] [INFO] [1785622761.768067697] [route_server]: Configuring distance scorer.
[route_server-12] [INFO] [1785622761.768301812] [route_server]: Created edge cost function plugin CostmapScorer of type nav2_route::CostmapScorer
[route_server-12] [INFO] [1785622761.768314652] [route_server]: Configuring costmap scorer.
[route_server-12] [INFO] [1785622761.771260507] [route_server]: Created route operation ReroutingService of type nav2_route::ReroutingService
[route_server-12] [INFO] [1785622761.771300065] [route_server]: Configuring Rerouting service operation.
[route_server-12] [INFO] [1785622761.772853039] [route_server]: Created route operation CollisionMonitor of type nav2_route::CollisionMonitor
[route_server-12] [INFO] [1785622761.773004675] [route_server]: Using costmap topic: local_costmap/costmap_raw instead of server costmap topic: global_costmap/costmap_raw for CollisionMonitor.
[lifecycle_manager-19] [INFO] [1785622761.776559263] [lifecycle_manager_navigation]: [34m[1mConfiguring behavior_server[0m[0m
[behavior_server-13] [INFO] [1785622761.777159021] [behavior_server]: Configuring
[behavior_server-13] [INFO] [1785622761.781802617] [behavior_server]: Creating behavior plugin spin of type nav2_behaviors::Spin
[behavior_server-13] [INFO] [1785622761.782845759] [behavior_server]: Creating behavior plugin backup of type nav2_behaviors::BackUp
[behavior_server-13] [INFO] [1785622761.784457427] [behavior_server]: Creating behavior plugin drive_on_heading of type nav2_behaviors::DriveOnHeading
[behavior_server-13] [INFO] [1785622761.785583385] [behavior_server]: Creating behavior plugin assisted_teleop of type nav2_behaviors::AssistedTeleop
[behavior_server-13] [INFO] [1785622761.787252834] [behavior_server]: Creating behavior plugin wait of type nav2_behaviors::Wait
[behavior_server-13] [INFO] [1785622761.794384154] [behavior_server]: Configuring spin
[behavior_server-13] [INFO] [1785622761.801562487] [behavior_server]: Configuring backup
[behavior_server-13] [INFO] [1785622761.807053680] [behavior_server]: Configuring drive_on_heading
[behavior_server-13] [INFO] [1785622761.812308485] [behavior_server]: Configuring assisted_teleop
[behavior_server-13] [INFO] [1785622761.818978809] [behavior_server]: Configuring wait
[lifecycle_manager-19] [INFO] [1785622761.823948162] [lifecycle_manager_navigation]: [34m[1mConfiguring velocity_smoother[0m[0m
[velocity_smoother-16] [INFO] [1785622761.824285164] [velocity_smoother]: Configuring velocity smoother
[lifecycle_manager-19] [INFO] [1785622761.831254686] [lifecycle_manager_navigation]: [34m[1mConfiguring collision_monitor[0m[0m
[collision_monitor-17] [INFO] [1785622761.831514389] [collision_monitor]: Configuring
[collision_monitor-17] [INFO] [1785622761.837216669] [collision_monitor]: [scan]: Creating Scan
[collision_monitor-17] [INFO] [1785622761.839346270] [collision_monitor]: [FootprintApproach]: Creating Polygon
[collision_monitor-17] [INFO] [1785622761.839485265] [collision_monitor]: [FootprintApproach]: Polygon points are not defined. Using dynamic subscription instead.
[collision_monitor-17] [INFO] [1785622761.841440236] [collision_monitor]: [FootprintApproach]: Making footprint subscriber on /local_costmap/published_footprint topic
[lifecycle_manager-19] [INFO] [1785622761.853415774] [lifecycle_manager_navigation]: [34m[1mConfiguring bt_navigator[0m[0m
[bt_navigator-14] [INFO] [1785622761.853853873] [bt_navigator]: Configuring
[bt_navigator-14] [INFO] [1785622761.861767590] [bt_navigator]: Creating navigator id navigate_to_pose of type nav2_bt_navigator::NavigateToPoseNavigator
[bt_navigator-14] [INFO] [1785622761.925952044] [bt_navigator]: Creating navigator id navigate_through_poses of type nav2_bt_navigator::NavigateThroughPosesNavigator
[lifecycle_manager-19] [INFO] [1785622761.951693938] [lifecycle_manager_navigation]: [34m[1mConfiguring waypoint_follower[0m[0m
[waypoint_follower-15] [INFO] [1785622761.952087640] [waypoint_follower]: Configuring
[waypoint_follower-15] [INFO] [1785622761.977117882] [waypoint_follower]: Created waypoint_task_executor : wait_at_waypoint of type nav2_waypoint_follower::WaitAtWaypoint
[lifecycle_manager-19] [INFO] [1785622761.977998936] [lifecycle_manager_navigation]: [34m[1mConfiguring docking_server[0m[0m
[opennav_docking-18] [INFO] [1785622761.978303155] [docking_server]: Configuring docking_server
[opennav_docking-18] [INFO] [1785622761.978336069] [docking_server]: Controller frequency set to 50.0000Hz
[opennav_docking-18] [INFO] [1785622762.008277410] [docking_server]: Created charging dock plugin simple_charging_dock of type opennav_docking::SimpleChargingDock
[opennav_docking-18] [WARN] [1785622762.014400491] [docking_server]: Dock database filepath nor dock parameters set. Docking actions can only be executed specifying the dock pose via the action request. Or update the dock database via the reload_database service.
[opennav_docking-18] [INFO] [1785622762.014434059] [docking_server]: Docking Server has 1 dock types and 0 dock instances available.
[lifecycle_manager-19] [INFO] [1785622762.016200782] [lifecycle_manager_navigation]: [34m[1mActivating controller_server[0m[0m
[controller_server-9] [INFO] [1785622762.016403382] [controller_server]: Activating
[controller_server-9] [INFO] [1785622762.016446639] [local_costmap.local_costmap]: Activating
[controller_server-9] [INFO] [1785622762.016457162] [local_costmap.local_costmap]: Checking transform
[controller_server-9] [INFO] [1785622762.016679203] [local_costmap.local_costmap]: start
[controller_server-9] [INFO] [1785622762.267882897] [controller_server]: Activating controller: FollowPath of type regulated_pure_pursuit_controller::RegulatedPurePursuitController
[controller_server-9] [INFO] [1785622762.267919409] [controller_server]: Creating bond (controller_server) to lifecycle manager.
[lifecycle_manager-19] [INFO] [1785622762.374932064] [lifecycle_manager_navigation]: Server controller_server connected with bond.
[lifecycle_manager-19] [INFO] [1785622762.374976902] [lifecycle_manager_navigation]: [34m[1mActivating smoother_server[0m[0m
[smoother_server-10] [INFO] [1785622762.375293644] [smoother_server]: Activating
[smoother_server-10] [INFO] [1785622762.375355664] [smoother_server]: Activating smoother: constrained of type nav2_constrained_smoother::ConstrainedSmoother
[smoother_server-10] [INFO] [1785622762.375372149] [smoother_server]: Creating bond (smoother_server) to lifecycle manager.
[lifecycle_manager-19] [INFO] [1785622762.480342466] [lifecycle_manager_navigation]: Server smoother_server connected with bond.
[lifecycle_manager-19] [INFO] [1785622762.480378092] [lifecycle_manager_navigation]: [34m[1mActivating planner_server[0m[0m
[planner_server-11] [INFO] [1785622762.480617703] [planner_server]: Activating
[planner_server-11] [INFO] [1785622762.480646986] [global_costmap.global_costmap]: Activating
[planner_server-11] [INFO] [1785622762.480653478] [global_costmap.global_costmap]: Checking transform
[planner_server-11] [INFO] [1785622762.480715852] [global_costmap.global_costmap]: Timed out waiting for transform from base_link to map to become available, tf error: Lookup would require extrapolation into the past.  Requested time 2.196000 but the earliest data is at time 2.269000, when looking up transform from frame [base_link] to frame [map]
[planner_server-11] [INFO] [1785622762.981011468] [global_costmap.global_costmap]: start
[planner_server-11] [INFO] [1785622763.031228418] [planner_server]: Activating plugin Smac2D of type SmacPlanner2D
[planner_server-11] [INFO] [1785622763.031259679] [planner_server]: Activating plugin ThetaStar of type nav2_theta_star_planner
[planner_server-11] [INFO] [1785622763.031265521] [planner_server]: Activating plugin SmacHybrid of type SmacPlannerHybrid
[planner_server-11] [INFO] [1785622763.032206477] [planner_server]: Activating plugin NavFnDijkstra of type NavfnPlanner
[planner_server-11] [INFO] [1785622763.032238101] [planner_server]: Activating plugin NavFnAStar of type NavfnPlanner
[planner_server-11] [INFO] [1785622763.033524031] [planner_server]: Creating bond (planner_server) to lifecycle manager.
[batch_benchmark-5] [INFO] [1785622763.056568034] [planner_geometry_benchmark]: [1/5] NavFnAStar / diagonal_replenishment / repetition 1
[lifecycle_manager-19] [INFO] [1785622763.138777891] [lifecycle_manager_navigation]: Server planner_server connected with bond.
[lifecycle_manager-19] [INFO] [1785622763.138827747] [lifecycle_manager_navigation]: [34m[1mActivating route_server[0m[0m
[route_server-12] [INFO] [1785622763.139215842] [route_server]: Activating
[route_server-12] [INFO] [1785622763.139395351] [route_server]: Creating bond (route_server) to lifecycle manager.
[lifecycle_manager-19] [INFO] [1785622763.244557779] [lifecycle_manager_navigation]: Server route_server connected with bond.
[lifecycle_manager-19] [INFO] [1785622763.244601711] [lifecycle_manager_navigation]: [34m[1mActivating behavior_server[0m[0m
[behavior_server-13] [INFO] [1785622763.244963784] [behavior_server]: Activating
[behavior_server-13] [INFO] [1785622763.244992499] [behavior_server]: Activating spin
[behavior_server-13] [INFO] [1785622763.245006334] [behavior_server]: Activating backup
[behavior_server-13] [INFO] [1785622763.245017062] [behavior_server]: Activating drive_on_heading
[behavior_server-13] [INFO] [1785622763.245027208] [behavior_server]: Activating assisted_teleop
[behavior_server-13] [INFO] [1785622763.245037272] [behavior_server]: Activating wait
[behavior_server-13] [INFO] [1785622763.245052073] [behavior_server]: Creating bond (behavior_server) to lifecycle manager.
[lifecycle_manager-19] [INFO] [1785622763.350641780] [lifecycle_manager_navigation]: Server behavior_server connected with bond.
[lifecycle_manager-19] [INFO] [1785622763.350687434] [lifecycle_manager_navigation]: [34m[1mActivating velocity_smoother[0m[0m
[velocity_smoother-16] [INFO] [1785622763.351063780] [velocity_smoother]: Activating
[velocity_smoother-16] [INFO] [1785622763.351136469] [velocity_smoother]: Creating bond (velocity_smoother) to lifecycle manager.
[lifecycle_manager-19] [INFO] [1785622763.457238290] [lifecycle_manager_navigation]: Server velocity_smoother connected with bond.
[lifecycle_manager-19] [INFO] [1785622763.457289260] [lifecycle_manager_navigation]: [34m[1mActivating collision_monitor[0m[0m
[collision_monitor-17] [INFO] [1785622763.457648795] [collision_monitor]: Activating
[collision_monitor-17] [INFO] [1785622763.457682878] [collision_monitor]: Creating bond (collision_monitor) to lifecycle manager.
[lifecycle_manager-19] [INFO] [1785622763.563882407] [lifecycle_manager_navigation]: Server collision_monitor connected with bond.
[lifecycle_manager-19] [INFO] [1785622763.563932528] [lifecycle_manager_navigation]: [34m[1mActivating bt_navigator[0m[0m
[bt_navigator-14] [INFO] [1785622763.564590883] [bt_navigator]: Activating
[bt_navigator-14] [INFO] [1785622763.644202343] [bt_navigator]: Creating bond (bt_navigator) to lifecycle manager.
[lifecycle_manager-19] [INFO] [1785622763.750754122] [lifecycle_manager_navigation]: Server bt_navigator connected with bond.
[lifecycle_manager-19] [INFO] [1785622763.750809044] [lifecycle_manager_navigation]: [34m[1mActivating waypoint_follower[0m[0m
[waypoint_follower-15] [INFO] [1785622763.751209841] [waypoint_follower]: Activating
[waypoint_follower-15] [INFO] [1785622763.751242457] [waypoint_follower]: Creating bond (waypoint_follower) to lifecycle manager.
[smoother_server-10] [INFO] [1785622763.852965351] [smoother_server]: Received a path to smooth.
[lifecycle_manager-19] [INFO] [1785622763.858898226] [lifecycle_manager_navigation]: Server waypoint_follower connected with bond.
[lifecycle_manager-19] [INFO] [1785622763.858945930] [lifecycle_manager_navigation]: [34m[1mActivating docking_server[0m[0m
[opennav_docking-18] [INFO] [1785622763.859348355] [docking_server]: Activating docking_server
[opennav_docking-18] [INFO] [1785622763.869839534] [docking_server]: Creating bond (docking_server) to lifecycle manager.
[smoother_server-10] [WARN] [1785622763.926224147] [smoother_server]: PSTMO returned the footprint-safe input path after both optimized outputs were rejected
[smoother_server-10] [INFO] [1785622763.926399718] [smoother_server]: PSTMO: 3 corners, 0 G2, 2 pivots, 1 pass-through, 280 evaluations, 0.073012 s
[lifecycle_manager-19] [INFO] [1785622763.977965116] [lifecycle_manager_navigation]: Server docking_server connected with bond.
[lifecycle_manager-19] [INFO] [1785622763.978009658] [lifecycle_manager_navigation]: [34m[1mManaged nodes are active[0m[0m
[lifecycle_manager-19] [INFO] [1785622763.978016024] [lifecycle_manager_navigation]: [34m[1mCreating bond timer...[0m[0m
[batch_benchmark-5] [INFO] [1785622764.150484941] [planner_geometry_benchmark]: [2/5] NavFnDijkstra / diagonal_replenishment / repetition 1
[smoother_server-10] [INFO] [1785622764.952814583] [smoother_server]: Received a path to smooth.
[smoother_server-10] [INFO] [1785622765.009378547] [smoother_server]: PSTMO: 2 corners, 2 G2, 0 pivots, 0 pass-through, 280 evaluations, 0.056390 s
[batch_benchmark-5] [INFO] [1785622765.190736139] [planner_geometry_benchmark]: [3/5] ThetaStar / diagonal_replenishment / repetition 1
[smoother_server-10] [INFO] [1785622765.937847653] [smoother_server]: Received a path to smooth.
[smoother_server-10] [INFO] [1785622766.013552436] [smoother_server]: PSTMO: 3 corners, 3 G2, 0 pivots, 0 pass-through, 420 evaluations, 0.075515 s
[batch_benchmark-5] [INFO] [1785622766.209824712] [planner_geometry_benchmark]: [4/5] Smac2D / diagonal_replenishment / repetition 1
[smoother_server-10] [INFO] [1785622766.931030462] [smoother_server]: Received a path to smooth.
[smoother_server-10] [INFO] [1785622767.010041862] [smoother_server]: PSTMO: 3 corners, 3 G2, 0 pivots, 0 pass-through, 420 evaluations, 0.078842 s
[batch_benchmark-5] [INFO] [1785622767.161937845] [planner_geometry_benchmark]: [5/5] SmacHybrid / diagonal_replenishment / repetition 1
[smoother_server-10] [INFO] [1785622767.797383428] [smoother_server]: Received a path to smooth.
[smoother_server-10] [INFO] [1785622767.887532689] [smoother_server]: PSTMO: 3 corners, 3 G2, 0 pivots, 0 pass-through, 420 evaluations, 0.089960 s
[batch_benchmark-5] [INFO] [1785622768.059288938] [planner_geometry_benchmark]: Wrote 10 rows to /home/linh-pham/agv_nav2_research_ws_bao/results/pstmo_joint_dq_pareto_smoke_20260802/warehouse_long_aisles.csv
[batch_benchmark-5] [INFO] [1785622768.059654246] [planner_geometry_benchmark]: Wrote aggregate summary to /home/linh-pham/agv_nav2_research_ws_bao/results/pstmo_joint_dq_pareto_smoke_20260802/warehouse_long_aisles_summary.json
[INFO] [batch_benchmark-5]: process has finished cleanly [pid 144114]
[INFO] [lifecycle_manager-19]: sending signal 'SIGINT' to process[lifecycle_manager-19]
[INFO] [opennav_docking-18]: sending signal 'SIGINT' to process[opennav_docking-18]
[INFO] [collision_monitor-17]: sending signal 'SIGINT' to process[collision_monitor-17]
[INFO] [velocity_smoother-16]: sending signal 'SIGINT' to process[velocity_smoother-16]
[INFO] [waypoint_follower-15]: sending signal 'SIGINT' to process[waypoint_follower-15]
[INFO] [bt_navigator-14]: sending signal 'SIGINT' to process[bt_navigator-14]
[INFO] [behavior_server-13]: sending signal 'SIGINT' to process[behavior_server-13]
[INFO] [route_server-12]: sending signal 'SIGINT' to process[route_server-12]
[INFO] [planner_server-11]: sending signal 'SIGINT' to process[planner_server-11]
[INFO] [smoother_server-10]: sending signal 'SIGINT' to process[smoother_server-10]
[INFO] [controller_server-9]: sending signal 'SIGINT' to process[controller_server-9]
[INFO] [lifecycle_manager-8]: sending signal 'SIGINT' to process[lifecycle_manager-8]
[INFO] [amcl-7]: sending signal 'SIGINT' to process[amcl-7]
[INFO] [map_server-6]: sending signal 'SIGINT' to process[map_server-6]
[INFO] [robot_state_publisher-4]: sending signal 'SIGINT' to process[robot_state_publisher-4]
[INFO] [parameter_bridge-3]: sending signal 'SIGINT' to process[parameter_bridge-3]
[INFO] [gazebo-1]: sending signal 'SIGINT' to process[gazebo-1]
[lifecycle_manager-19] [INFO] [1785622768.298548382] [rclcpp]: signal_handler(SIGINT/SIGTERM)
[lifecycle_manager-19] [INFO] [1785622768.298673209] [lifecycle_manager_navigation]: Running Nav2 LifecycleManager rcl preshutdown (lifecycle_manager_navigation)
[lifecycle_manager-19] [INFO] [1785622768.298715780] [lifecycle_manager_navigation]: [34m[1mTerminating bond timer...[0m[0m
[opennav_docking-18] [INFO] [1785622768.301937632] [rclcpp]: signal_handler(SIGINT/SIGTERM)
[opennav_docking-18] [INFO] [1785622768.302066478] [docking_server]: Running Nav2 LifecycleNode rcl preshutdown (docking_server)
[opennav_docking-18] [INFO] [1785622768.302170947] [docking_server]: Deactivating docking_server
[collision_monitor-17] [INFO] [1785622768.305109223] [rclcpp]: signal_handler(SIGINT/SIGTERM)
[collision_monitor-17] [INFO] [1785622768.305253826] [collision_monitor]: Running Nav2 LifecycleNode rcl preshutdown (collision_monitor)
[collision_monitor-17] [INFO] [1785622768.305383779] [collision_monitor]: Deactivating
[collision_monitor-17] [INFO] [1785622768.305412497] [collision_monitor]: Destroying bond (collision_monitor) to lifecycle manager.
[velocity_smoother-16] [INFO] [1785622768.308423331] [rclcpp]: signal_handler(SIGINT/SIGTERM)
[velocity_smoother-16] [INFO] [1785622768.308552858] [velocity_smoother]: Running Nav2 LifecycleNode rcl preshutdown (velocity_smoother)
[velocity_smoother-16] [INFO] [1785622768.308638072] [velocity_smoother]: Deactivating
[velocity_smoother-16] [INFO] [1785622768.308666826] [velocity_smoother]: Destroying bond (velocity_smoother) to lifecycle manager.
[waypoint_follower-15] [INFO] [1785622768.311967794] [rclcpp]: signal_handler(SIGINT/SIGTERM)
[waypoint_follower-15] [INFO] [1785622768.312125801] [waypoint_follower]: Running Nav2 LifecycleNode rcl preshutdown (waypoint_follower)
[waypoint_follower-15] [INFO] [1785622768.312215208] [waypoint_follower]: Deactivating
[waypoint_follower-15] [INFO] [1785622768.312250289] [waypoint_follower]: Destroying bond (waypoint_follower) to lifecycle manager.
[bt_navigator-14] [INFO] [1785622768.313716883] [rclcpp]: signal_handler(SIGINT/SIGTERM)
[bt_navigator-14] [INFO] [1785622768.313831010] [bt_navigator]: Running Nav2 LifecycleNode rcl preshutdown (bt_navigator)
[bt_navigator-14] [INFO] [1785622768.313893764] [bt_navigator]: Deactivating
[bt_navigator-14] [INFO] [1785622768.313924035] [bt_navigator]: Destroying bond (bt_navigator) to lifecycle manager.
[opennav_docking-18] [INFO] [1785622768.315078915] [docking_server]: Destroying bond (docking_server) to lifecycle manager.
[behavior_server-13] [INFO] [1785622768.316057844] [rclcpp]: signal_handler(SIGINT/SIGTERM)
[behavior_server-13] [INFO] [1785622768.316178684] [behavior_server]: Running Nav2 LifecycleNode rcl preshutdown (behavior_server)
[behavior_server-13] [INFO] [1785622768.316262444] [behavior_server]: Deactivating
[behavior_server-13] [INFO] [1785622768.316299932] [behavior_server]: Destroying bond (behavior_server) to lifecycle manager.
[collision_monitor-17] [INFO] [1785622768.316303582] [collision_monitor]: Cleaning up
[route_server-12] [INFO] [1785622768.318591494] [rclcpp]: signal_handler(SIGINT/SIGTERM)
[route_server-12] [INFO] [1785622768.318718936] [route_server]: Running Nav2 LifecycleNode rcl preshutdown (route_server)
[route_server-12] [INFO] [1785622768.318796955] [route_server]: Deactivating
[route_server-12] [INFO] [1785622768.318811157] [route_server]: Destroying bond (route_server) to lifecycle manager.
[velocity_smoother-16] [INFO] [1785622768.318987725] [velocity_smoother]: Cleaning up
[velocity_smoother-16] [INFO] [1785622768.319015498] [velocity_smoother]: Destroying bond (velocity_smoother) to lifecycle manager.
[planner_server-11] [INFO] [1785622768.320559401] [rclcpp]: signal_handler(SIGINT/SIGTERM)
[planner_server-11] [INFO] [1785622768.320644328] [planner_server]: Running Nav2 LifecycleNode rcl preshutdown (planner_server)
[planner_server-11] [INFO] [1785622768.320715041] [planner_server]: Deactivating
[planner_server-11] [INFO] [1785622768.320750347] [global_costmap.global_costmap]: Deactivating
[waypoint_follower-15] [INFO] [1785622768.322653413] [waypoint_follower]: Cleaning up
[smoother_server-10] [INFO] [1785622768.322672706] [rclcpp]: signal_handler(SIGINT/SIGTERM)
[smoother_server-10] [INFO] [1785622768.322735030] [smoother_server]: Running Nav2 LifecycleNode rcl preshutdown (smoother_server)
[smoother_server-10] [INFO] [1785622768.322792507] [smoother_server]: Deactivating
[smoother_server-10] [INFO] [1785622768.322821247] [smoother_server]: Deactivating smoother: constrained of type nav2_constrained_smoother::ConstrainedSmoother
[smoother_server-10] [INFO] [1785622768.322829142] [smoother_server]: Destroying bond (smoother_server) to lifecycle manager.
[bt_navigator-14] [INFO] [1785622768.324303756] [bt_navigator]: Cleaning up
[controller_server-9] [INFO] [1785622768.325065853] [rclcpp]: signal_handler(SIGINT/SIGTERM)
[controller_server-9] [INFO] [1785622768.325744880] [controller_server]: Running Nav2 LifecycleNode rcl preshutdown (controller_server)
[controller_server-9] [INFO] [1785622768.325800705] [controller_server]: Deactivating
[controller_server-9] [INFO] [1785622768.325812120] [controller_server]: Deactivating controller: FollowPath of type regulated_pure_pursuit_controller::RegulatedPurePursuitController
[controller_server-9] [INFO] [1785622768.325827755] [local_costmap.local_costmap]: Deactivating
[collision_monitor-17] [INFO] [1785622768.325446141] [collision_monitor]: [FootprintApproach]: Destroying Polygon
[collision_monitor-17] [INFO] [1785622768.325496887] [collision_monitor]: [scan]: Destroying Scan
[opennav_docking-18] [INFO] [1785622768.326084040] [docking_server]: Cleaning up docking_server
[behavior_server-13] [INFO] [1785622768.326648700] [behavior_server]: Cleaning up
[velocity_smoother-16] [INFO] [1785622768.326829161] [velocity_smoother]: Destroying
[lifecycle_manager-8] [INFO] [1785622768.327273456] [rclcpp]: signal_handler(SIGINT/SIGTERM)
[lifecycle_manager-8] [INFO] [1785622768.328366159] [lifecycle_manager_localization]: Running Nav2 LifecycleManager rcl preshutdown (lifecycle_manager_localization)
[lifecycle_manager-8] [INFO] [1785622768.328409489] [lifecycle_manager_localization]: [34m[1mTerminating bond timer...[0m[0m
[collision_monitor-17] [INFO] [1785622768.329403722] [collision_monitor]: Destroying bond (collision_monitor) to lifecycle manager.
[behavior_server-13] [INFO] [1785622768.329876475] [behavior_server]: Destroying bond (behavior_server) to lifecycle manager.
[route_server-12] [INFO] [1785622768.329952096] [route_server]: Cleaning up
[amcl-7] [INFO] [1785622768.332340548] [rclcpp]: signal_handler(SIGINT/SIGTERM)
[amcl-7] [INFO] [1785622768.332475922] [amcl]: Running Nav2 LifecycleNode rcl preshutdown (amcl)
[amcl-7] [INFO] [1785622768.332551048] [amcl]: Deactivating
[amcl-7] [INFO] [1785622768.332572765] [amcl]: Destroying bond (amcl) to lifecycle manager.
[smoother_server-10] [INFO] [1785622768.333155716] [smoother_server]: Cleaning up
[smoother_server-10] [INFO] [1785622768.333307566] [smoother_server]: Cleaning up smoother: constrained of type nav2_constrained_smoother::ConstrainedSmoother
[map_server-6] [INFO] [1785622768.334137749] [rclcpp]: signal_handler(SIGINT/SIGTERM)
[map_server-6] [INFO] [1785622768.334327442] [map_server]: Running Nav2 LifecycleNode rcl preshutdown (map_server)
[map_server-6] [INFO] [1785622768.334386937] [map_server]: Deactivating
[map_server-6] [INFO] [1785622768.334435210] [map_server]: Destroying bond (map_server) to lifecycle manager.
[robot_state_publisher-4] [INFO] [1785622768.341198766] [rclcpp]: signal_handler(SIGINT/SIGTERM)
[collision_monitor-17] [INFO] [1785622768.341851356] [collision_monitor]: Destroying
[parameter_bridge-3] [INFO] [1785622768.342232311] [rclcpp]: signal_handler(SIGINT/SIGTERM)
[amcl-7] [INFO] [1785622768.342900129] [amcl]: Cleaning up
[waypoint_follower-15] [INFO] [1785622768.345717263] [waypoint_follower]: Destroying bond (waypoint_follower) to lifecycle manager.
[map_server-6] [INFO] [1785622768.345850929] [map_server]: Cleaning up
[map_server-6] [INFO] [1785622768.345899471] [map_server]: Destroying bond (map_server) to lifecycle manager.
[amcl-7] [INFO] [1785622768.352610172] [amcl]: Destroying bond (amcl) to lifecycle manager.
[opennav_docking-18] [INFO] [1785622768.352905639] [docking_server]: Destroying bond (docking_server) to lifecycle manager.
[map_server-6] [INFO] [1785622768.357661438] [map_server]: Destroying
[waypoint_follower-15] [INFO] [1785622768.360083082] [waypoint_follower]: Destroying
[smoother_server-10] [INFO] [1785622768.360414078] [smoother_server]: Destroying bond (smoother_server) to lifecycle manager.
[smoother_server-10] [INFO] [1785622768.365138191] [smoother_server]: Destroying
[route_server-12] [INFO] [1785622768.365306866] [route_server]: Destroying bond (route_server) to lifecycle manager.
[amcl-7] [INFO] [1785622768.371760070] [amcl]: Destroying
[opennav_docking-18] [INFO] [1785622768.372979916] [docking_server]: Destroying
[route_server-12] [INFO] [1785622768.377628236] [route_server]: Destroying
[lifecycle_manager-8] [INFO] [1785622768.384091173] [lifecycle_manager_localization]: Destroying lifecycle_manager_localization
[behavior_server-13] [INFO] [1785622768.384523884] [behavior_server]: Destroying
[controller_server-9] [INFO] [1785622768.416984243] [controller_server]: Destroying bond (controller_server) to lifecycle manager.
[bt_navigator-14] [INFO] [1785622768.417250932] [bt_navigator]: Completed Cleaning up
[bt_navigator-14] [INFO] [1785622768.417293032] [bt_navigator]: Destroying bond (bt_navigator) to lifecycle manager.
[bt_navigator-14] [INFO] [1785622768.420797592] [bt_navigator]: Destroying
[controller_server-9] [INFO] [1785622768.427272394] [controller_server]: Cleaning up
[controller_server-9] [INFO] [1785622768.427341676] [controller_server]: Cleaning up controller: FollowPath of type regulated_pure_pursuit_controller::RegulatedPurePursuitController
[controller_server-9] [INFO] [1785622768.427379555] [local_costmap.local_costmap]: Cleaning up
[controller_server-9] [INFO] [1785622768.433870873] [controller_server]: Destroying bond (controller_server) to lifecycle manager.
[controller_server-9] [INFO] [1785622768.437568049] [local_costmap.local_costmap]: Destroying
[controller_server-9] [INFO] [1785622768.441163262] [controller_server]: Destroying
[lifecycle_manager-19] [INFO] [1785622768.456362364] [lifecycle_manager_navigation]: Destroying lifecycle_manager_navigation
[INFO] [velocity_smoother-16]: process has finished cleanly [pid 144307]
[INFO] [collision_monitor-17]: process has finished cleanly [pid 144310]
[INFO] [parameter_bridge-3]: process has finished cleanly [pid 144111]
[INFO] [robot_state_publisher-4]: process has finished cleanly [pid 144113]
[INFO] [waypoint_follower-15]: process has finished cleanly [pid 144306]
[INFO] [map_server-6]: process has finished cleanly [pid 144297]
[INFO] [smoother_server-10]: process has finished cleanly [pid 144301]
[INFO] [opennav_docking-18]: process has finished cleanly [pid 144313]
[INFO] [amcl-7]: process has finished cleanly [pid 144298]
[INFO] [lifecycle_manager-8]: process has finished cleanly [pid 144299]
[INFO] [behavior_server-13]: process has finished cleanly [pid 144304]
[INFO] [route_server-12]: process has finished cleanly [pid 144303]
[INFO] [bt_navigator-14]: process has finished cleanly [pid 144305]
[INFO] [controller_server-9]: process has finished cleanly [pid 144300]
[INFO] [lifecycle_manager-19]: process has finished cleanly [pid 144314]
[planner_server-11] [INFO] [1785622768.981518577] [planner_server]: Deactivating plugin Smac2D of type SmacPlanner2D
[planner_server-11] [INFO] [1785622768.981582465] [planner_server]: Deactivating plugin ThetaStar of type nav2_theta_star_planner
[planner_server-11] [INFO] [1785622768.981597724] [planner_server]: Deactivating plugin SmacHybrid of type SmacPlannerHybrid
[planner_server-11] [INFO] [1785622768.981611700] [planner_server]: Deactivating plugin NavFnDijkstra of type NavfnPlanner
[planner_server-11] [INFO] [1785622768.981623653] [planner_server]: Deactivating plugin NavFnAStar of type NavfnPlanner
[planner_server-11] [INFO] [1785622768.981641715] [planner_server]: Destroying bond (planner_server) to lifecycle manager.
[planner_server-11] [INFO] [1785622768.991886138] [planner_server]: Cleaning up
[planner_server-11] [INFO] [1785622769.001448120] [global_costmap.global_costmap]: Cleaning up
[planner_server-11] [INFO] [1785622769.040642036] [planner_server]: Cleaning up plugin Smac2D of type SmacPlanner2D
[planner_server-11] [INFO] [1785622769.041206762] [planner_server]: CleaningUp plugin ThetaStar of type nav2_theta_star_planner
[planner_server-11] [INFO] [1785622769.041314678] [planner_server]: Cleaning up plugin SmacHybrid of type SmacPlannerHybrid
[planner_server-11] [INFO] [1785622769.041654395] [planner_server]: Cleaning up plugin NavFnDijkstra of type NavfnPlanner
[planner_server-11] [INFO] [1785622769.041900807] [planner_server]: Cleaning up plugin NavFnAStar of type NavfnPlanner
[planner_server-11] [INFO] [1785622769.041919470] [planner_server]: Destroying plugin Smac2D of type SmacPlanner2D
[planner_server-11] [INFO] [1785622769.041932774] [planner_server]: Destroying plugin SmacHybrid of type SmacPlannerHybrid
[planner_server-11] [INFO] [1785622769.041942475] [planner_server]: Destroying plugin NavFnDijkstra of type NavfnPlanner
[planner_server-11] [INFO] [1785622769.041947117] [planner_server]: Destroying plugin NavFnAStar of type NavfnPlanner
[planner_server-11] [INFO] [1785622769.044251710] [planner_server]: Destroying bond (planner_server) to lifecycle manager.
[planner_server-11] [INFO] [1785622769.046080982] [global_costmap.global_costmap]: Destroying
[planner_server-11] [INFO] [1785622769.048337795] [planner_server]: Destroying
[INFO] [planner_server-11]: process has finished cleanly [pid 144302]
[ERROR] [gazebo-1]: process[gazebo-1] failed to terminate '5' seconds after receiving 'SIGINT', escalating to 'SIGTERM'
[INFO] [gazebo-1]: sending signal 'SIGTERM' to process[gazebo-1]
[ERROR] [gazebo-1]: process has died [pid 144109, exit code -15, cmd 'ruby /opt/ros/jazzy/opt/gz_tools_vendor/bin/gz sim -r -s -v 3 --initial-sim-time 0.0 /home/linh-pham/agv_nav2_research_ws_bao/install/vacuum_robot_gazebo/share/vacuum_robot_gazebo/worlds/warehouse_long_aisles.sdf --force-version 8'].
