[INFO] [launch]: All log files can be found below /home/linh-pham/.ros/log/2026-08-02-05-27-36-399984-linh-pham-LOQ-15IAX9-153152
[INFO] [launch]: Default logging verbosity is set to INFO
[INFO] [gazebo-1]: process started with pid [153186]
[INFO] [create-2]: process started with pid [153187]
[INFO] [parameter_bridge-3]: process started with pid [153188]
[INFO] [robot_state_publisher-4]: process started with pid [153189]
[INFO] [batch_benchmark-5]: process started with pid [153191]
[robot_state_publisher-4] [INFO] [1785623256.936013700] [robot_state_publisher]: Robot initialized
[gazebo-1] [1;32m[Msg] [0m[1;32mGazebo Sim Server v[0m[1;32m8.11.0[0m[1;32m[0m
[gazebo-1] [1;32m[Msg] [0m[1;32mLoading SDF world file[[0m[1;32m/home/linh-pham/agv_nav2_research_ws_bao/install/vacuum_robot_gazebo/share/vacuum_robot_gazebo/worlds/warehouse_long_aisles.sdf[0m[1;32m].[0m
[gazebo-1] [1;32m[Msg] [0m[1;32mServing entity system service on [[0m[1;32m/[0m[1;32mentity/system/add[0m[1;32m][0m[1;32m[0m
[gazebo-1] [1;32m[Msg] [0m[1;32mCreate[0m[1;32m service on [[0m[1;32m/world/warehouse_long_aisles/create_multiple[0m[1;32m] (async)[0m[1;32m[0m
[gazebo-1] [1;32m[Msg] [0m[1;32mCreate[0m[1;32m service on [[0m[1;32m/world/warehouse_long_aisles/create_multiple/blocking[0m[1;32m] (blocking)[0m[1;32m[0m
[gazebo-1] [1;32m[Msg] [0m[1;32mRemove[0m[1;32m service on [[0m[1;32m/world/warehouse_long_aisles/remove[0m[1;32m] (async)[0m[1;32m[0m
[gazebo-1] [1;32m[Msg] [0m[1;32mRemove[0m[1;32m service on [[0m[1;32m/world/warehouse_long_aisles/remove/blocking[0m[1;32m] (blocking)[0m[1;32m[0m
[gazebo-1] [1;32m[Msg] [0m[1;32mPose[0m[1;32m service on [[0m[1;32m/world/warehouse_long_aisles/set_pose[0m[1;32m] (async)[0m[1;32m[0m
[gazebo-1] [1;32m[Msg] [0m[1;32mPose[0m[1;32m service on [[0m[1;32m/world/warehouse_long_aisles/set_pose/blocking[0m[1;32m] (blocking)[0m[1;32m[0m
[gazebo-1] [1;32m[Msg] [0m[1;32mPose[0m[1;32m service on [[0m[1;32m/world/warehouse_long_aisles/set_pose_vector[0m[1;32m] (async)[0m[1;32m[0m
[gazebo-1] [1;32m[Msg] [0m[1;32mPose[0m[1;32m service on [[0m[1;32m/world/warehouse_long_aisles/set_pose_vector/blocking[0m[1;32m] (blocking)[0m[1;32m[0m
[gazebo-1] [1;32m[Msg] [0m[1;32mLight configuration[0m[1;32m service on [[0m[1;32m/world/warehouse_long_aisles/light_config[0m[1;32m] (async)[0m[1;32m[0m
[gazebo-1] [1;32m[Msg] [0m[1;32mLight configuration[0m[1;32m service on [[0m[1;32m/world/warehouse_long_aisles/light_config/blocking[0m[1;32m] (blocking)[0m[1;32m[0m
[gazebo-1] [1;32m[Msg] [0m[1;32mPhysics[0m[1;32m service on [[0m[1;32m/world/warehouse_long_aisles/set_physics[0m[1;32m] (async)[0m[1;32m[0m
[gazebo-1] [1;32m[Msg] [0m[1;32mPhysics[0m[1;32m service on [[0m[1;32m/world/warehouse_long_aisles/set_physics/blocking[0m[1;32m] (blocking)[0m[1;32m[0m
[gazebo-1] [1;32m[Msg] [0m[1;32mSphericalCoordinates[0m[1;32m service on [[0m[1;32m/world/warehouse_long_aisles/set_spherical_coordinates[0m[1;32m] (async)[0m[1;32m[0m
[gazebo-1] [1;32m[Msg] [0m[1;32mSphericalCoordinates[0m[1;32m service on [[0m[1;32m/world/warehouse_long_aisles/set_spherical_coordinates/blocking[0m[1;32m] (blocking)[0m[1;32m[0m
[gazebo-1] [1;32m[Msg] [0m[1;32mEnable collision[0m[1;32m service on [[0m[1;32m/world/warehouse_long_aisles/enable_collision[0m[1;32m] (async)[0m[1;32m[0m
[gazebo-1] [1;32m[Msg] [0m[1;32mEnable collision[0m[1;32m service on [[0m[1;32m/world/warehouse_long_aisles/enable_collision/blocking[0m[1;32m] (blocking)[0m[1;32m[0m
[gazebo-1] [1;32m[Msg] [0m[1;32mDisable collision[0m[1;32m service on [[0m[1;32m/world/warehouse_long_aisles/disable_collision[0m[1;32m] (async)[0m[1;32m[0m
[gazebo-1] [1;32m[Msg] [0m[1;32mDisable collision[0m[1;32m service on [[0m[1;32m/world/warehouse_long_aisles/disable_collision/blocking[0m[1;32m] (blocking)[0m[1;32m[0m
[gazebo-1] [1;32m[Msg] [0m[1;32mMaterial[0m[1;32m service on [[0m[1;32m/world/warehouse_long_aisles/visual_config[0m[1;32m] (async)[0m[1;32m[0m
[gazebo-1] [1;32m[Msg] [0m[1;32mMaterial[0m[1;32m service on [[0m[1;32m/world/warehouse_long_aisles/visual_config/blocking[0m[1;32m] (blocking)[0m[1;32m[0m
[gazebo-1] [1;32m[Msg] [0m[1;32mMaterial[0m[1;32m service on [[0m[1;32m/world/warehouse_long_aisles/wheel_slip[0m[1;32m] (async)[0m[1;32m[0m
[gazebo-1] [1;32m[Msg] [0m[1;32mMaterial[0m[1;32m service on [[0m[1;32m/world/warehouse_long_aisles/wheel_slip/blocking[0m[1;32m] (blocking)[0m[1;32m[0m
[gazebo-1] [1;32m[Msg] [0m[1;32mLoaded level [[0m[1;32mdefault[0m[1;32m][0m[1;32m[0m
[create-2] [INFO] [1785623257.452324151] [spawn_vacuum_robot]: Entity creation successful.
[INFO] [create-2]: process has finished cleanly [pid 153187]
[parameter_bridge-3] [INFO] [1785623257.964759765] [ros_gz_bridge]: Creating GZ->ROS Bridge: [/clock (gz.msgs.Clock) -> /clock (rosgraph_msgs/msg/Clock)] (Lazy 0)
[parameter_bridge-3] [INFO] [1785623257.966436357] [ros_gz_bridge]: Creating GZ->ROS Bridge: [/joint_states (gz.msgs.Model) -> /joint_states (sensor_msgs/msg/JointState)] (Lazy 0)
[parameter_bridge-3] [INFO] [1785623257.971805503] [ros_gz_bridge]: Creating GZ->ROS Bridge: [/odom (gz.msgs.Odometry) -> /odom (nav_msgs/msg/Odometry)] (Lazy 0)
[parameter_bridge-3] [INFO] [1785623257.975551801] [ros_gz_bridge]: Creating GZ->ROS Bridge: [/tf (gz.msgs.Pose_V) -> /tf (tf2_msgs/msg/TFMessage)] (Lazy 0)
[parameter_bridge-3] [INFO] [1785623257.978660221] [ros_gz_bridge]: Creating GZ->ROS Bridge: [/scan (gz.msgs.LaserScan) -> /scan (sensor_msgs/msg/LaserScan)] (Lazy 0)
[parameter_bridge-3] [INFO] [1785623257.979862193] [ros_gz_bridge]: Creating GZ->ROS Bridge: [/imu/data (gz.msgs.IMU) -> /imu/data (sensor_msgs/msg/Imu)] (Lazy 0)
[parameter_bridge-3] [INFO] [1785623257.981779590] [ros_gz_bridge]: Creating ROS->GZ Bridge: [/cmd_vel (geometry_msgs/msg/Twist) -> /cmd_vel (gz.msgs.Twist)] (Lazy 0)
[parameter_bridge-3] [INFO] [1785623257.983793799] [ros_gz_bridge]: Creating GZ->ROS Bridge: [/ground_truth/odom (gz.msgs.Odometry) -> /ground_truth/odom (nav_msgs/msg/Odometry)] (Lazy 0)
[gazebo-1] [1;32m[Msg] [0m[1;32mServing world controls on [[0m[1;32m/world/warehouse_long_aisles[0m[1;32m/control], [[0m[1;32m/world/warehouse_long_aisles[0m[1;32m/control/state] and [[0m[1;32m/world/warehouse_long_aisles[0m[1;32m/playback/control][0m[1;32m[0m
[gazebo-1] [1;32m[Msg] [0m[1;32mServing GUI information on [[0m[1;32m/world/warehouse_long_aisles[0m[1;32m/[0m[1;32mgui/info[0m[1;32m][0m[1;32m[0m
[gazebo-1] [1;32m[Msg] [0m[1;32mWorld [[0m[1;32mwarehouse_long_aisles[0m[1;32m] initialized with [[0m[1;32mresearch_physics[0m[1;32m] physics profile.[0m[1;32m[0m
[gazebo-1] [1;32m[Msg] [0m[1;32mServing world SDF generation service on [[0m[1;32m/world/warehouse_long_aisles[0m[1;32m/[0m[1;32mgenerate_world_sdf[0m[1;32m][0m[1;32m[0m
[gazebo-1] [1;32m[Msg] [0m[1;32mServing world names on [[0m[1;32m/gazebo/worlds[0m[1;32m][0m[1;32m[0m
[gazebo-1] [1;32m[Msg] [0m[1;32mResource path add service on [[0m[1;32m/gazebo/resource_paths/add[0m[1;32m].[0m[1;32m[0m
[gazebo-1] [1;32m[Msg] [0m[1;32mResource path get service on [[0m[1;32m/gazebo/resource_paths/get[0m[1;32m].[0m[1;32m[0m
[gazebo-1] [1;32m[Msg] [0m[1;32mResource path resolve service on [[0m[1;32m/gazebo/resource_paths/resolve[0m[1;32m].[0m[1;32m[0m
[gazebo-1] [1;32m[Msg] [0m[1;32mResource paths published on [[0m[1;32m/gazebo/resource_paths[0m[1;32m].[0m[1;32m[0m
[gazebo-1] [1;32m[Msg] [0m[1;32mServer control service on [[0m[1;32m/server_control[0m[1;32m].[0m[1;32m[0m
[gazebo-1] [1;32m[Msg] [0m[1;32mFound no publishers on /stats, adding root stats topic[0m[1;32m[0m
[gazebo-1] [1;32m[Msg] [0m[1;32mFound no publishers on /clock, adding root clock topic[0m[1;32m[0m
[gazebo-1] [1;33mWarning [Utils.cc:132][0m [/sdf/model[@name="vacuum_robot"]/link[@name="base_link"]/sensor[@name="rplidar_a1m8"]/gz_frame_id:/home/linh-pham/agv_nav2_research_ws_bao/install/vacuum_robot_gazebo/share/vacuum_robot_gazebo/models/vacuum_robot/model.sdf:L107]: XML Element[gz_frame_id], child of element[sensor], not defined in SDF. Copying[gz_frame_id] as children of [sensor].
[gazebo-1] [1;33mWarning [Utils.cc:132][0m [/sdf/model[@name="vacuum_robot"]/link[@name="base_link"]/sensor[@name="bno055_imu"]/gz_frame_id:/home/linh-pham/agv_nav2_research_ws_bao/install/vacuum_robot_gazebo/share/vacuum_robot_gazebo/models/vacuum_robot/model.sdf:L128]: XML Element[gz_frame_id], child of element[sensor], not defined in SDF. Copying[gz_frame_id] as children of [sensor].
[gazebo-1] libEGL warning: pci id for fd 55: 10de:25ec, driver (null)
[gazebo-1] 
[gazebo-1] pci id for fd 56: 10de:25ec, driver (null)
[gazebo-1] pci id for fd 57: 10de:25ec, driver (null)
[gazebo-1] libEGL warning: egl: failed to create dri2 screen
[gazebo-1] libEGL warning: pci id for fd 55: 10de:25ec, driver (null)
[gazebo-1] 
[gazebo-1] pci id for fd 56: 10de:25ec, driver (null)
[gazebo-1] pci id for fd 57: 10de:25ec, driver (null)
[gazebo-1] libEGL warning: egl: failed to create dri2 screen
[gazebo-1] libEGL warning: pci id for fd 55: 10de:25ec, driver (null)
[gazebo-1] 
[INFO] [map_server-6]: process started with pid [153399]
[INFO] [amcl-7]: process started with pid [153400]
[INFO] [lifecycle_manager-8]: process started with pid [153401]
[INFO] [controller_server-9]: process started with pid [153402]
[INFO] [smoother_server-10]: process started with pid [153403]
[INFO] [planner_server-11]: process started with pid [153404]
[INFO] [route_server-12]: process started with pid [153405]
[INFO] [behavior_server-13]: process started with pid [153406]
[INFO] [bt_navigator-14]: process started with pid [153407]
[INFO] [waypoint_follower-15]: process started with pid [153410]
[INFO] [velocity_smoother-16]: process started with pid [153411]
[INFO] [collision_monitor-17]: process started with pid [153414]
[INFO] [opennav_docking-18]: process started with pid [153417]
[INFO] [lifecycle_manager-19]: process started with pid [153418]
[controller_server-9] [INFO] [1785623259.938329325] [controller_server]: 
[controller_server-9] 	controller_server lifecycle node launched. 
[controller_server-9] 	Waiting on external lifecycle transitions to activate
[controller_server-9] 	See https://design.ros2.org/articles/node_lifecycle.html for more information.
[controller_server-9] [INFO] [1785623259.941165323] [controller_server]: Creating controller server
[amcl-7] [INFO] [1785623259.942391699] [amcl]: 
[amcl-7] 	amcl lifecycle node launched. 
[amcl-7] 	Waiting on external lifecycle transitions to activate
[amcl-7] 	See https://design.ros2.org/articles/node_lifecycle.html for more information.
[amcl-7] [INFO] [1785623259.942961106] [amcl]: Creating
[controller_server-9] [INFO] [1785623259.949139939] [local_costmap.local_costmap]: 
[controller_server-9] 	local_costmap lifecycle node launched. 
[controller_server-9] 	Waiting on external lifecycle transitions to activate
[controller_server-9] 	See https://design.ros2.org/articles/node_lifecycle.html for more information.
[controller_server-9] [INFO] [1785623259.949534211] [local_costmap.local_costmap]: Creating Costmap
[lifecycle_manager-8] [INFO] [1785623260.320216209] [lifecycle_manager_localization]: Creating
[lifecycle_manager-8] [INFO] [1785623260.323510169] [lifecycle_manager_localization]: [34m[1mCreating and initializing lifecycle service clients[0m[0m
[bt_navigator-14] [INFO] [1785623260.448396041] [bt_navigator]: 
[bt_navigator-14] 	bt_navigator lifecycle node launched. 
[bt_navigator-14] 	Waiting on external lifecycle transitions to activate
[bt_navigator-14] 	See https://design.ros2.org/articles/node_lifecycle.html for more information.
[bt_navigator-14] [INFO] [1785623260.450778797] [bt_navigator]: Creating
[velocity_smoother-16] [INFO] [1785623260.452674590] [velocity_smoother]: 
[velocity_smoother-16] 	velocity_smoother lifecycle node launched. 
[velocity_smoother-16] 	Waiting on external lifecycle transitions to activate
[velocity_smoother-16] 	See https://design.ros2.org/articles/node_lifecycle.html for more information.
[collision_monitor-17] [INFO] [1785623260.459052627] [collision_monitor]: 
[collision_monitor-17] 	collision_monitor lifecycle node launched. 
[collision_monitor-17] 	Waiting on external lifecycle transitions to activate
[collision_monitor-17] 	See https://design.ros2.org/articles/node_lifecycle.html for more information.
[lifecycle_manager-19] [INFO] [1785623260.459251528] [lifecycle_manager_navigation]: Creating
[opennav_docking-18] [INFO] [1785623260.469437283] [docking_server]: 
[opennav_docking-18] 	docking_server lifecycle node launched. 
[opennav_docking-18] 	Waiting on external lifecycle transitions to activate
[opennav_docking-18] 	See https://design.ros2.org/articles/node_lifecycle.html for more information.
[opennav_docking-18] [INFO] [1785623260.469590371] [docking_server]: Creating docking_server
[route_server-12] [INFO] [1785623260.475649432] [route_server]: 
[route_server-12] 	route_server lifecycle node launched. 
[route_server-12] 	Waiting on external lifecycle transitions to activate
[route_server-12] 	See https://design.ros2.org/articles/node_lifecycle.html for more information.
[smoother_server-10] [INFO] [1785623260.477469611] [smoother_server]: 
[smoother_server-10] 	smoother_server lifecycle node launched. 
[smoother_server-10] 	Waiting on external lifecycle transitions to activate
[smoother_server-10] 	See https://design.ros2.org/articles/node_lifecycle.html for more information.
[planner_server-11] [INFO] [1785623260.477490859] [planner_server]: 
[planner_server-11] 	planner_server lifecycle node launched. 
[planner_server-11] 	Waiting on external lifecycle transitions to activate
[planner_server-11] 	See https://design.ros2.org/articles/node_lifecycle.html for more information.
[lifecycle_manager-19] [INFO] [1785623260.479725858] [lifecycle_manager_navigation]: [34m[1mCreating and initializing lifecycle service clients[0m[0m
[smoother_server-10] [INFO] [1785623260.479757199] [smoother_server]: Creating smoother server
[planner_server-11] [INFO] [1785623260.481330675] [planner_server]: Creating
[behavior_server-13] [INFO] [1785623260.487780982] [behavior_server]: 
[behavior_server-13] 	behavior_server lifecycle node launched. 
[behavior_server-13] 	Waiting on external lifecycle transitions to activate
[behavior_server-13] 	See https://design.ros2.org/articles/node_lifecycle.html for more information.
[waypoint_follower-15] [INFO] [1785623260.491625434] [waypoint_follower]: 
[waypoint_follower-15] 	waypoint_follower lifecycle node launched. 
[waypoint_follower-15] 	Waiting on external lifecycle transitions to activate
[waypoint_follower-15] 	See https://design.ros2.org/articles/node_lifecycle.html for more information.
[map_server-6] [INFO] [1785623260.491745597] [map_server]: 
[map_server-6] 	map_server lifecycle node launched. 
[map_server-6] 	Waiting on external lifecycle transitions to activate
[map_server-6] 	See https://design.ros2.org/articles/node_lifecycle.html for more information.
[map_server-6] [INFO] [1785623260.491882488] [map_server]: Creating
[waypoint_follower-15] [INFO] [1785623260.492160568] [waypoint_follower]: Creating
[planner_server-11] [INFO] [1785623260.506272848] [global_costmap.global_costmap]: 
[planner_server-11] 	global_costmap lifecycle node launched. 
[planner_server-11] 	Waiting on external lifecycle transitions to activate
[planner_server-11] 	See https://design.ros2.org/articles/node_lifecycle.html for more information.
[planner_server-11] [INFO] [1785623260.506686199] [global_costmap.global_costmap]: Creating Costmap
[lifecycle_manager-19] [INFO] [1785623260.534499059] [lifecycle_manager_navigation]: [34m[1mStarting managed nodes bringup...[0m[0m
[lifecycle_manager-19] [INFO] [1785623260.534548959] [lifecycle_manager_navigation]: [34m[1mConfiguring controller_server[0m[0m
[controller_server-9] [INFO] [1785623260.534924405] [controller_server]: Configuring controller interface
[controller_server-9] [INFO] [1785623260.534952119] [controller_server]: getting progress checker plugins..
[controller_server-9] [INFO] [1785623260.535148984] [controller_server]: getting goal checker plugins..
[controller_server-9] [INFO] [1785623260.535268799] [controller_server]: Controller frequency set to 20.0000Hz
[controller_server-9] [INFO] [1785623260.535317576] [local_costmap.local_costmap]: Configuring
[controller_server-9] [INFO] [1785623260.543635423] [local_costmap.local_costmap]: Using plugin "voxel_layer"
[controller_server-9] [INFO] [1785623260.546941848] [local_costmap.local_costmap]: Subscribed to Topics: scan
[controller_server-9] [INFO] [1785623260.556553197] [local_costmap.local_costmap]: Initialized plugin "voxel_layer"
[controller_server-9] [INFO] [1785623260.556580181] [local_costmap.local_costmap]: Using plugin "inflation_layer"
[controller_server-9] [INFO] [1785623260.556958798] [local_costmap.local_costmap]: Initialized plugin "inflation_layer"
[lifecycle_manager-8] [INFO] [1785623260.572105158] [lifecycle_manager_localization]: [34m[1mStarting managed nodes bringup...[0m[0m
[lifecycle_manager-8] [INFO] [1785623260.572161517] [lifecycle_manager_localization]: [34m[1mConfiguring map_server[0m[0m
[map_server-6] [INFO] [1785623260.572561196] [map_server]: Configuring
[map_server-6] [INFO] [1785623260.572623481] [map_io]: Loading yaml file: /home/linh-pham/agv_nav2_research_ws_bao/install/vacuum_robot_gazebo/share/vacuum_robot_gazebo/maps/warehouse_long_aisles.yaml
[controller_server-9] [INFO] [1785623260.572769290] [controller_server]: Created progress_checker : progress_checker of type nav2_controller::PoseProgressChecker
[map_server-6] [INFO] [1785623260.572891576] [map_io]: resolution: 0.05
[map_server-6] [INFO] [1785623260.572901218] [map_io]: origin[0]: -6
[map_server-6] [INFO] [1785623260.572905390] [map_io]: origin[1]: -4
[map_server-6] [INFO] [1785623260.572908588] [map_io]: origin[2]: 0
[map_server-6] [INFO] [1785623260.572911827] [map_io]: free_thresh: 0.25
[map_server-6] [INFO] [1785623260.572915362] [map_io]: occupied_thresh: 0.65
[map_server-6] [INFO] [1785623260.572919607] [map_io]: mode: trinary
[map_server-6] [INFO] [1785623260.572924303] [map_io]: negate: 0
[map_server-6] [INFO] [1785623260.573128171] [map_io]: Loading image_file: /home/linh-pham/agv_nav2_research_ws_bao/install/vacuum_robot_gazebo/share/vacuum_robot_gazebo/maps/warehouse_long_aisles.pgm
[controller_server-9] [INFO] [1785623260.573213406] [controller_server]: Controller Server has progress_checker  progress checkers available.
[controller_server-9] [INFO] [1785623260.573749205] [controller_server]: Created goal checker : general_goal_checker of type nav2_controller::SimpleGoalChecker
[map_server-6] [INFO] [1785623260.573932172] [map_io]: Read map /home/linh-pham/agv_nav2_research_ws_bao/install/vacuum_robot_gazebo/share/vacuum_robot_gazebo/maps/warehouse_long_aisles.pgm: 240 X 160 map @ 0.05 m/cell
[controller_server-9] [INFO] [1785623260.574063458] [controller_server]: Controller Server has general_goal_checker  goal checkers available.
[controller_server-9] [INFO] [1785623260.574860520] [controller_server]: Created controller : FollowPath of type nav2_regulated_pure_pursuit_controller::RegulatedPurePursuitController
[controller_server-9] [INFO] [1785623260.580532938] [controller_server]: Controller Server has FollowPath  controllers available.
[lifecycle_manager-8] [INFO] [1785623260.582069657] [lifecycle_manager_localization]: [34m[1mConfiguring amcl[0m[0m
[lifecycle_manager-19] [INFO] [1785623260.591094867] [lifecycle_manager_navigation]: [34m[1mConfiguring smoother_server[0m[0m
[amcl-7] [INFO] [1785623261.124978176] [amcl]: Configuring
[amcl-7] [INFO] [1785623261.125299179] [amcl]: initTransforms
[amcl-7] [INFO] [1785623261.150364525] [amcl]: initPubSub
[smoother_server-10] [INFO] [1785623261.158773845] [smoother_server]: Configuring smoother server
[amcl-7] [INFO] [1785623261.164736116] [amcl]: Subscribed to map topic.
[lifecycle_manager-8] [INFO] [1785623261.171487631] [lifecycle_manager_localization]: [34m[1mActivating map_server[0m[0m
[map_server-6] [INFO] [1785623261.171659011] [map_server]: Activating
[map_server-6] [INFO] [1785623261.171842598] [map_server]: Creating bond (map_server) to lifecycle manager.
[amcl-7] [INFO] [1785623261.171998743] [amcl]: Received a 240 X 160 map @ 0.050 m/pix
[smoother_server-10] [INFO] [1785623261.178563829] [smoother_server]: Created smoother : simple_smoother of type nav2_smoother::SimpleSmoother
[smoother_server-10] [INFO] [1785623261.179350243] [smoother_server]: Created smoother : savitzky_golay of type nav2_smoother::SavitzkyGolaySmoother
[smoother_server-10] [INFO] [1785623261.182796343] [smoother_server]: Created smoother : constrained of type nav2_constrained_smoother/ConstrainedSmoother
[smoother_server-10] [INFO] [1785623261.184778410] [smoother_server]: Created smoother : pstmo of type adaptive_pivot_g2_nav2/AdaptivePivotG2Smoother
[smoother_server-10] [INFO] [1785623261.187645457] [smoother_server]: Configured PSTMO smoother 'pstmo' with joint (d,q) shape search
[smoother_server-10] [INFO] [1785623261.187854857] [smoother_server]: Created smoother : adaptive_hybrid of type adaptive_pivot_g2_nav2/SafetyGatedHybridSmoother
[smoother_server-10] [INFO] [1785623261.191034000] [smoother_server]: Configured PSTMO smoother 'adaptive_hybrid.pivot' with joint (d,q) shape search
[smoother_server-10] [INFO] [1785623261.191810852] [smoother_server]: Configured safety-gated hybrid smoother as 'adaptive_hybrid'
[smoother_server-10] [INFO] [1785623261.191847332] [smoother_server]: Smoother Server has simple_smoother savitzky_golay constrained pstmo adaptive_hybrid  smoothers available.
[lifecycle_manager-19] [INFO] [1785623261.198392026] [lifecycle_manager_navigation]: [34m[1mConfiguring planner_server[0m[0m
[planner_server-11] [INFO] [1785623261.198644859] [planner_server]: Configuring
[planner_server-11] [INFO] [1785623261.198685344] [global_costmap.global_costmap]: Configuring
[planner_server-11] [INFO] [1785623261.207084410] [global_costmap.global_costmap]: Using plugin "static_layer"
[planner_server-11] [INFO] [1785623261.210300028] [global_costmap.global_costmap]: Subscribing to the map topic (/map) with transient local durability
[planner_server-11] [INFO] [1785623261.211884204] [global_costmap.global_costmap]: Initialized plugin "static_layer"
[planner_server-11] [INFO] [1785623261.211922645] [global_costmap.global_costmap]: Using plugin "inflation_layer"
[planner_server-11] [INFO] [1785623261.212309522] [global_costmap.global_costmap]: Initialized plugin "inflation_layer"
[planner_server-11] [INFO] [1785623261.233809182] [global_costmap.global_costmap]: StaticLayer: Resizing costmap to 240 X 160 at 0.050000 m/pix
[planner_server-11] [INFO] [1785623261.235914462] [planner_server]: Created global planner plugin NavFnAStar of type nav2_navfn_planner::NavfnPlanner
[planner_server-11] [INFO] [1785623261.235971576] [planner_server]: Configuring plugin NavFnAStar of type NavfnPlanner
[planner_server-11] [INFO] [1785623261.237315139] [planner_server]: Created global planner plugin NavFnDijkstra of type nav2_navfn_planner::NavfnPlanner
[planner_server-11] [INFO] [1785623261.237358391] [planner_server]: Configuring plugin NavFnDijkstra of type NavfnPlanner
[planner_server-11] [INFO] [1785623261.238715615] [planner_server]: Created global planner plugin ThetaStar of type nav2_theta_star_planner::ThetaStarPlanner
[planner_server-11] [INFO] [1785623261.246819923] [planner_server]: Created global planner plugin Smac2D of type nav2_smac_planner::SmacPlanner2D
[planner_server-11] [INFO] [1785623261.246896903] [planner_server]: Configuring Smac2D of type SmacPlanner2D
[planner_server-11] [ERROR] [1785623261.248070181] [planner_server]: Inflation layer either not found or inflation is not set sufficiently for optimized non-circular collision checking capabilities. It is HIGHLY recommended to set the inflation radius to be at MINIMUM half of the robot's largest cross-section. See github.com/ros-planning/navigation2/tree/main/nav2_smac_planner#potential-fields for full instructions. This will substantially impact run-time performance.
[planner_server-11] [INFO] [1785623261.250410577] [planner_server]: Configured plugin Smac2D of type SmacPlanner2D with tolerance 0.10, maximum iterations 1000000, max on approach iterations 1000, and not allowing unknown traversal.
[planner_server-11] [INFO] [1785623261.252598767] [planner_server]: Created global planner plugin SmacHybrid of type nav2_smac_planner::SmacPlannerHybrid
[planner_server-11] [INFO] [1785623261.252654065] [planner_server]: Configuring SmacHybrid of type SmacPlannerHybrid
[planner_server-11] [INFO] [1785623261.256774517] [planner_server]: Even sized heuristic lookup table size set 160.000000, increasing size by 1 to make odd
[lifecycle_manager-8] [INFO] [1785623261.277433973] [lifecycle_manager_localization]: Server map_server connected with bond.
[lifecycle_manager-8] [INFO] [1785623261.277485676] [lifecycle_manager_localization]: [34m[1mActivating amcl[0m[0m
[amcl-7] [INFO] [1785623261.278210275] [amcl]: Activating
[amcl-7] [INFO] [1785623261.278257354] [amcl]: initialPoseReceived
[amcl-7] [INFO] [1785623261.278282556] [amcl]: Setting pose (1.656000): -4.500 -3.250 1.571
[amcl-7] [INFO] [1785623261.278784962] [amcl]: Creating bond (amcl) to lifecycle manager.
[lifecycle_manager-8] [INFO] [1785623261.383036975] [lifecycle_manager_localization]: Server amcl connected with bond.
[lifecycle_manager-8] [INFO] [1785623261.383074813] [lifecycle_manager_localization]: [34m[1mManaged nodes are active[0m[0m
[lifecycle_manager-8] [INFO] [1785623261.383082601] [lifecycle_manager_localization]: [34m[1mCreating bond timer...[0m[0m
[amcl-7] [INFO] [1785623261.455214572] [amcl]: createLaserObject
[planner_server-11] [INFO] [1785623261.473218864] [planner_server]: Configured plugin SmacHybrid of type SmacPlannerHybrid with maximum iterations 1000000, max on approach iterations 1000, and not allowing unknown traversal. Tolerance 0.10.Using motion model: Dubin.
[planner_server-11] [INFO] [1785623261.473287805] [planner_server]: Planner Server has NavFnAStar NavFnDijkstra ThetaStar Smac2D SmacHybrid  planners available.
[lifecycle_manager-19] [INFO] [1785623261.485859988] [lifecycle_manager_navigation]: [34m[1mConfiguring route_server[0m[0m
[route_server-12] [INFO] [1785623261.486093474] [route_server]: Configuring
[route_server-12] [INFO] [1785623261.513390451] [route_server]: Created GraphFileLoader GeoJsonGraphFileLoader of type nav2_route::GeoJsonGraphFileLoader
[route_server-12] [INFO] [1785623261.513423546] [route_server]: Configuring geojson graph file loader
[route_server-12] [INFO] [1785623261.513430046] [route_server]: No graph file provided to load yet.
[route_server-12] [INFO] [1785623261.515846538] [route_server]: Created edge cost function plugin DistanceScorer of type nav2_route::DistanceScorer
[route_server-12] [INFO] [1785623261.515884694] [route_server]: Configuring distance scorer.
[route_server-12] [INFO] [1785623261.516108521] [route_server]: Created edge cost function plugin CostmapScorer of type nav2_route::CostmapScorer
[route_server-12] [INFO] [1785623261.516121741] [route_server]: Configuring costmap scorer.
[route_server-12] [INFO] [1785623261.518826610] [route_server]: Created route operation ReroutingService of type nav2_route::ReroutingService
[route_server-12] [INFO] [1785623261.518870791] [route_server]: Configuring Rerouting service operation.
[route_server-12] [INFO] [1785623261.520224213] [route_server]: Created route operation CollisionMonitor of type nav2_route::CollisionMonitor
[route_server-12] [INFO] [1785623261.520343676] [route_server]: Using costmap topic: local_costmap/costmap_raw instead of server costmap topic: global_costmap/costmap_raw for CollisionMonitor.
[lifecycle_manager-19] [INFO] [1785623261.523914445] [lifecycle_manager_navigation]: [34m[1mConfiguring behavior_server[0m[0m
[behavior_server-13] [INFO] [1785623261.524264480] [behavior_server]: Configuring
[behavior_server-13] [INFO] [1785623261.529117305] [behavior_server]: Creating behavior plugin spin of type nav2_behaviors::Spin
[behavior_server-13] [INFO] [1785623261.530471650] [behavior_server]: Creating behavior plugin backup of type nav2_behaviors::BackUp
[behavior_server-13] [INFO] [1785623261.531403682] [behavior_server]: Creating behavior plugin drive_on_heading of type nav2_behaviors::DriveOnHeading
[behavior_server-13] [INFO] [1785623261.532258239] [behavior_server]: Creating behavior plugin assisted_teleop of type nav2_behaviors::AssistedTeleop
[behavior_server-13] [INFO] [1785623261.533995965] [behavior_server]: Creating behavior plugin wait of type nav2_behaviors::Wait
[behavior_server-13] [INFO] [1785623261.541077290] [behavior_server]: Configuring spin
[behavior_server-13] [INFO] [1785623261.548803682] [behavior_server]: Configuring backup
[behavior_server-13] [INFO] [1785623261.554403885] [behavior_server]: Configuring drive_on_heading
[behavior_server-13] [INFO] [1785623261.559074535] [behavior_server]: Configuring assisted_teleop
[behavior_server-13] [INFO] [1785623261.566607992] [behavior_server]: Configuring wait
[lifecycle_manager-19] [INFO] [1785623261.571610404] [lifecycle_manager_navigation]: [34m[1mConfiguring velocity_smoother[0m[0m
[velocity_smoother-16] [INFO] [1785623261.572067781] [velocity_smoother]: Configuring velocity smoother
[lifecycle_manager-19] [INFO] [1785623261.578028977] [lifecycle_manager_navigation]: [34m[1mConfiguring collision_monitor[0m[0m
[collision_monitor-17] [INFO] [1785623261.578404845] [collision_monitor]: Configuring
[collision_monitor-17] [INFO] [1785623261.583940523] [collision_monitor]: [scan]: Creating Scan
[collision_monitor-17] [INFO] [1785623261.586060468] [collision_monitor]: [FootprintApproach]: Creating Polygon
[collision_monitor-17] [INFO] [1785623261.586236448] [collision_monitor]: [FootprintApproach]: Polygon points are not defined. Using dynamic subscription instead.
[collision_monitor-17] [INFO] [1785623261.587711442] [collision_monitor]: [FootprintApproach]: Making footprint subscriber on /local_costmap/published_footprint topic
[lifecycle_manager-19] [INFO] [1785623261.601332527] [lifecycle_manager_navigation]: [34m[1mConfiguring bt_navigator[0m[0m
[bt_navigator-14] [INFO] [1785623261.601802186] [bt_navigator]: Configuring
[bt_navigator-14] [INFO] [1785623261.609781743] [bt_navigator]: Creating navigator id navigate_to_pose of type nav2_bt_navigator::NavigateToPoseNavigator
[bt_navigator-14] [INFO] [1785623261.670144102] [bt_navigator]: Creating navigator id navigate_through_poses of type nav2_bt_navigator::NavigateThroughPosesNavigator
[lifecycle_manager-19] [INFO] [1785623261.693456864] [lifecycle_manager_navigation]: [34m[1mConfiguring waypoint_follower[0m[0m
[waypoint_follower-15] [INFO] [1785623261.693727022] [waypoint_follower]: Configuring
[waypoint_follower-15] [INFO] [1785623261.718294823] [waypoint_follower]: Created waypoint_task_executor : wait_at_waypoint of type nav2_waypoint_follower::WaitAtWaypoint
[lifecycle_manager-19] [INFO] [1785623261.719178543] [lifecycle_manager_navigation]: [34m[1mConfiguring docking_server[0m[0m
[opennav_docking-18] [INFO] [1785623261.719418953] [docking_server]: Configuring docking_server
[opennav_docking-18] [INFO] [1785623261.719454625] [docking_server]: Controller frequency set to 50.0000Hz
[opennav_docking-18] [INFO] [1785623261.747150564] [docking_server]: Created charging dock plugin simple_charging_dock of type opennav_docking::SimpleChargingDock
[opennav_docking-18] [WARN] [1785623261.751872822] [docking_server]: Dock database filepath nor dock parameters set. Docking actions can only be executed specifying the dock pose via the action request. Or update the dock database via the reload_database service.
[opennav_docking-18] [INFO] [1785623261.751924027] [docking_server]: Docking Server has 1 dock types and 0 dock instances available.
[lifecycle_manager-19] [INFO] [1785623261.754373259] [lifecycle_manager_navigation]: [34m[1mActivating controller_server[0m[0m
[controller_server-9] [INFO] [1785623261.754629842] [controller_server]: Activating
[controller_server-9] [INFO] [1785623261.754675080] [local_costmap.local_costmap]: Activating
[controller_server-9] [INFO] [1785623261.754683336] [local_costmap.local_costmap]: Checking transform
[controller_server-9] [INFO] [1785623261.754900805] [local_costmap.local_costmap]: start
[controller_server-9] [INFO] [1785623262.037386628] [controller_server]: Activating controller: FollowPath of type regulated_pure_pursuit_controller::RegulatedPurePursuitController
[controller_server-9] [INFO] [1785623262.037439902] [controller_server]: Creating bond (controller_server) to lifecycle manager.
[lifecycle_manager-19] [INFO] [1785623262.143689925] [lifecycle_manager_navigation]: Server controller_server connected with bond.
[lifecycle_manager-19] [INFO] [1785623262.143734562] [lifecycle_manager_navigation]: [34m[1mActivating smoother_server[0m[0m
[smoother_server-10] [INFO] [1785623262.144065575] [smoother_server]: Activating
[smoother_server-10] [INFO] [1785623262.144123813] [smoother_server]: Activating smoother: constrained of type nav2_constrained_smoother::ConstrainedSmoother
[smoother_server-10] [INFO] [1785623262.144139499] [smoother_server]: Creating bond (smoother_server) to lifecycle manager.
[lifecycle_manager-19] [INFO] [1785623262.249448090] [lifecycle_manager_navigation]: Server smoother_server connected with bond.
[lifecycle_manager-19] [INFO] [1785623262.249486007] [lifecycle_manager_navigation]: [34m[1mActivating planner_server[0m[0m
[planner_server-11] [INFO] [1785623262.249753480] [planner_server]: Activating
[planner_server-11] [INFO] [1785623262.249789352] [global_costmap.global_costmap]: Activating
[planner_server-11] [INFO] [1785623262.249797330] [global_costmap.global_costmap]: Checking transform
[planner_server-11] [INFO] [1785623262.249877031] [global_costmap.global_costmap]: Timed out waiting for transform from base_link to map to become available, tf error: Lookup would require extrapolation into the past.  Requested time 2.628000 but the earliest data is at time 2.812000, when looking up transform from frame [base_link] to frame [map]
[planner_server-11] [INFO] [1785623262.750013729] [global_costmap.global_costmap]: start
[planner_server-11] [INFO] [1785623262.800247319] [planner_server]: Activating plugin Smac2D of type SmacPlanner2D
[planner_server-11] [INFO] [1785623262.800292763] [planner_server]: Activating plugin ThetaStar of type nav2_theta_star_planner
[planner_server-11] [INFO] [1785623262.800304875] [planner_server]: Activating plugin SmacHybrid of type SmacPlannerHybrid
[planner_server-11] [INFO] [1785623262.802447310] [planner_server]: Activating plugin NavFnDijkstra of type NavfnPlanner
[planner_server-11] [INFO] [1785623262.802543279] [planner_server]: Activating plugin NavFnAStar of type NavfnPlanner
[planner_server-11] [INFO] [1785623262.806173818] [planner_server]: Creating bond (planner_server) to lifecycle manager.
[batch_benchmark-5] [INFO] [1785623262.848893759] [planner_geometry_benchmark]: [1/5] NavFnAStar / diagonal_replenishment / repetition 1
[lifecycle_manager-19] [INFO] [1785623262.922878896] [lifecycle_manager_navigation]: Server planner_server connected with bond.
[lifecycle_manager-19] [INFO] [1785623262.922916420] [lifecycle_manager_navigation]: [34m[1mActivating route_server[0m[0m
[route_server-12] [INFO] [1785623262.923232774] [route_server]: Activating
[route_server-12] [INFO] [1785623262.923371899] [route_server]: Creating bond (route_server) to lifecycle manager.
[lifecycle_manager-19] [INFO] [1785623263.030107303] [lifecycle_manager_navigation]: Server route_server connected with bond.
[lifecycle_manager-19] [INFO] [1785623263.030151381] [lifecycle_manager_navigation]: [34m[1mActivating behavior_server[0m[0m
[behavior_server-13] [INFO] [1785623263.030533734] [behavior_server]: Activating
[behavior_server-13] [INFO] [1785623263.030562404] [behavior_server]: Activating spin
[behavior_server-13] [INFO] [1785623263.030576269] [behavior_server]: Activating backup
[behavior_server-13] [INFO] [1785623263.030587251] [behavior_server]: Activating drive_on_heading
[behavior_server-13] [INFO] [1785623263.030597797] [behavior_server]: Activating assisted_teleop
[behavior_server-13] [INFO] [1785623263.030617551] [behavior_server]: Activating wait
[behavior_server-13] [INFO] [1785623263.030633603] [behavior_server]: Creating bond (behavior_server) to lifecycle manager.
[lifecycle_manager-19] [INFO] [1785623263.142733268] [lifecycle_manager_navigation]: Server behavior_server connected with bond.
[lifecycle_manager-19] [INFO] [1785623263.142786134] [lifecycle_manager_navigation]: [34m[1mActivating velocity_smoother[0m[0m
[velocity_smoother-16] [INFO] [1785623263.143143787] [velocity_smoother]: Activating
[velocity_smoother-16] [INFO] [1785623263.143206427] [velocity_smoother]: Creating bond (velocity_smoother) to lifecycle manager.
[lifecycle_manager-19] [INFO] [1785623263.249719114] [lifecycle_manager_navigation]: Server velocity_smoother connected with bond.
[lifecycle_manager-19] [INFO] [1785623263.249767995] [lifecycle_manager_navigation]: [34m[1mActivating collision_monitor[0m[0m
[collision_monitor-17] [INFO] [1785623263.250092806] [collision_monitor]: Activating
[collision_monitor-17] [INFO] [1785623263.250124033] [collision_monitor]: Creating bond (collision_monitor) to lifecycle manager.
[lifecycle_manager-19] [INFO] [1785623263.356310221] [lifecycle_manager_navigation]: Server collision_monitor connected with bond.
[lifecycle_manager-19] [INFO] [1785623263.356355041] [lifecycle_manager_navigation]: [34m[1mActivating bt_navigator[0m[0m
[bt_navigator-14] [INFO] [1785623263.356747001] [bt_navigator]: Activating
[bt_navigator-14] [INFO] [1785623263.457522950] [bt_navigator]: Creating bond (bt_navigator) to lifecycle manager.
[lifecycle_manager-19] [INFO] [1785623263.564315427] [lifecycle_manager_navigation]: Server bt_navigator connected with bond.
[lifecycle_manager-19] [INFO] [1785623263.564358392] [lifecycle_manager_navigation]: [34m[1mActivating waypoint_follower[0m[0m
[waypoint_follower-15] [INFO] [1785623263.564749912] [waypoint_follower]: Activating
[waypoint_follower-15] [INFO] [1785623263.564783098] [waypoint_follower]: Creating bond (waypoint_follower) to lifecycle manager.
[lifecycle_manager-19] [INFO] [1785623263.672497508] [lifecycle_manager_navigation]: Server waypoint_follower connected with bond.
[lifecycle_manager-19] [INFO] [1785623263.672548743] [lifecycle_manager_navigation]: [34m[1mActivating docking_server[0m[0m
[opennav_docking-18] [INFO] [1785623263.672896977] [docking_server]: Activating docking_server
[opennav_docking-18] [INFO] [1785623263.684608163] [docking_server]: Creating bond (docking_server) to lifecycle manager.
[smoother_server-10] [INFO] [1785623263.719486276] [smoother_server]: Received a path to smooth.
[smoother_server-10] [INFO] [1785623263.760767851] [smoother_server]: PSTMO: 5 corners, 5 G2, 0 pivots, 0 pass-through, 182 evaluations, 0.040723 s
[lifecycle_manager-19] [INFO] [1785623263.791989557] [lifecycle_manager_navigation]: Server docking_server connected with bond.
[lifecycle_manager-19] [INFO] [1785623263.792054339] [lifecycle_manager_navigation]: [34m[1mManaged nodes are active[0m[0m
[lifecycle_manager-19] [INFO] [1785623263.792071756] [lifecycle_manager_navigation]: [34m[1mCreating bond timer...[0m[0m
[smoother_server-10] [WARN] [1785623263.793309598] [smoother_server]: PSTMO returned the footprint-safe input path after both optimized outputs were rejected
[smoother_server-10] [INFO] [1785623263.793446656] [smoother_server]: PSTMO: 3 corners, 0 G2, 2 pivots, 1 pass-through, 80 evaluations, 0.032466 s
[smoother_server-10] [INFO] [1785623263.794491443] [smoother_server]: PSTMO LOS selector chose no-LOS (no-LOS=0.654625, LOS=1.330494, reason=no_los_quality_not_worse)
[batch_benchmark-5] [INFO] [1785623263.979976309] [planner_geometry_benchmark]: [2/5] NavFnDijkstra / diagonal_replenishment / repetition 1
[smoother_server-10] [INFO] [1785623264.765213516] [smoother_server]: Received a path to smooth.
[smoother_server-10] [INFO] [1785623264.825235811] [smoother_server]: PSTMO: 6 corners, 6 G2, 0 pivots, 0 pass-through, 240 evaluations, 0.059763 s
[smoother_server-10] [INFO] [1785623264.849410793] [smoother_server]: PSTMO: 2 corners, 2 G2, 0 pivots, 0 pass-through, 80 evaluations, 0.024048 s
[smoother_server-10] [INFO] [1785623264.850291877] [smoother_server]: PSTMO LOS selector chose no-LOS (no-LOS=0.624005, LOS=0.653064, reason=no_los_quality_not_worse)
[batch_benchmark-5] [INFO] [1785623265.108071025] [planner_geometry_benchmark]: [3/5] ThetaStar / diagonal_replenishment / repetition 1
[smoother_server-10] [INFO] [1785623265.843344879] [smoother_server]: Received a path to smooth.
[smoother_server-10] [INFO] [1785623265.890801557] [smoother_server]: PSTMO: 5 corners, 5 G2, 0 pivots, 0 pass-through, 200 evaluations, 0.047293 s
[smoother_server-10] [INFO] [1785623265.923574532] [smoother_server]: PSTMO: 3 corners, 0 G2, 3 pivots, 0 pass-through, 120 evaluations, 0.032644 s
[smoother_server-10] [INFO] [1785623265.924141574] [smoother_server]: PSTMO LOS selector chose LOS (no-LOS=0.629071, LOS=0.336977, reason=los_quality_improvement)
[batch_benchmark-5] [INFO] [1785623266.071341074] [planner_geometry_benchmark]: [4/5] Smac2D / diagonal_replenishment / repetition 1
[smoother_server-10] [INFO] [1785623266.780806182] [smoother_server]: Received a path to smooth.
[smoother_server-10] [INFO] [1785623266.836311570] [smoother_server]: PSTMO: 7 corners, 7 G2, 0 pivots, 0 pass-through, 280 evaluations, 0.055303 s
[smoother_server-10] [INFO] [1785623266.864379975] [smoother_server]: PSTMO: 3 corners, 3 G2, 0 pivots, 0 pass-through, 120 evaluations, 0.027892 s
[smoother_server-10] [INFO] [1785623266.865110988] [smoother_server]: PSTMO LOS selector chose no-LOS (no-LOS=0.631906, LOS=0.645621, reason=no_los_quality_not_worse)
[batch_benchmark-5] [INFO] [1785623267.080568284] [planner_geometry_benchmark]: [5/5] SmacHybrid / diagonal_replenishment / repetition 1
[smoother_server-10] [INFO] [1785623267.722032039] [smoother_server]: Received a path to smooth.
[smoother_server-10] [INFO] [1785623267.795264757] [smoother_server]: PSTMO: 8 corners, 8 G2, 0 pivots, 0 pass-through, 302 evaluations, 0.073085 s
[smoother_server-10] [INFO] [1785623267.820656320] [smoother_server]: PSTMO: 3 corners, 3 G2, 0 pivots, 0 pass-through, 120 evaluations, 0.025214 s
[smoother_server-10] [INFO] [1785623267.821302135] [smoother_server]: PSTMO LOS selector chose LOS (no-LOS=0.632995, LOS=0.600206, reason=los_quality_improvement)
[batch_benchmark-5] [INFO] [1785623267.968324652] [planner_geometry_benchmark]: Wrote 10 rows to /home/linh-pham/agv_nav2_research_ws_bao/results/pstmo_adaptive_los_joint_dq_smoke_20260802/warehouse_long_aisles.csv
[batch_benchmark-5] [INFO] [1785623267.968657540] [planner_geometry_benchmark]: Wrote aggregate summary to /home/linh-pham/agv_nav2_research_ws_bao/results/pstmo_adaptive_los_joint_dq_smoke_20260802/warehouse_long_aisles_summary.json
[INFO] [batch_benchmark-5]: process has finished cleanly [pid 153191]
[INFO] [lifecycle_manager-19]: sending signal 'SIGINT' to process[lifecycle_manager-19]
[INFO] [opennav_docking-18]: sending signal 'SIGINT' to process[opennav_docking-18]
[INFO] [collision_monitor-17]: sending signal 'SIGINT' to process[collision_monitor-17]
[INFO] [velocity_smoother-16]: sending signal 'SIGINT' to process[velocity_smoother-16]
[INFO] [waypoint_follower-15]: sending signal 'SIGINT' to process[waypoint_follower-15]
[INFO] [bt_navigator-14]: sending signal 'SIGINT' to process[bt_navigator-14]
[INFO] [behavior_server-13]: sending signal 'SIGINT' to process[behavior_server-13]
[INFO] [route_server-12]: sending signal 'SIGINT' to process[route_server-12]
[INFO] [planner_server-11]: sending signal 'SIGINT' to process[planner_server-11]
[INFO] [smoother_server-10]: sending signal 'SIGINT' to process[smoother_server-10]
[INFO] [controller_server-9]: sending signal 'SIGINT' to process[controller_server-9]
[INFO] [lifecycle_manager-8]: sending signal 'SIGINT' to process[lifecycle_manager-8]
[INFO] [amcl-7]: sending signal 'SIGINT' to process[amcl-7]
[INFO] [map_server-6]: sending signal 'SIGINT' to process[map_server-6]
[INFO] [robot_state_publisher-4]: sending signal 'SIGINT' to process[robot_state_publisher-4]
[INFO] [parameter_bridge-3]: sending signal 'SIGINT' to process[parameter_bridge-3]
[INFO] [gazebo-1]: sending signal 'SIGINT' to process[gazebo-1]
[lifecycle_manager-19] [INFO] [1785623268.253507104] [rclcpp]: signal_handler(SIGINT/SIGTERM)
[lifecycle_manager-19] [INFO] [1785623268.253693258] [lifecycle_manager_navigation]: Running Nav2 LifecycleManager rcl preshutdown (lifecycle_manager_navigation)
[lifecycle_manager-19] [INFO] [1785623268.253752060] [lifecycle_manager_navigation]: [34m[1mTerminating bond timer...[0m[0m
[opennav_docking-18] [INFO] [1785623268.261756663] [rclcpp]: signal_handler(SIGINT/SIGTERM)
[opennav_docking-18] [INFO] [1785623268.261899061] [docking_server]: Running Nav2 LifecycleNode rcl preshutdown (docking_server)
[opennav_docking-18] [INFO] [1785623268.261998230] [docking_server]: Deactivating docking_server
[collision_monitor-17] [INFO] [1785623268.268610618] [rclcpp]: signal_handler(SIGINT/SIGTERM)
[collision_monitor-17] [INFO] [1785623268.268798181] [collision_monitor]: Running Nav2 LifecycleNode rcl preshutdown (collision_monitor)
[collision_monitor-17] [INFO] [1785623268.268929910] [collision_monitor]: Deactivating
[collision_monitor-17] [INFO] [1785623268.269355195] [collision_monitor]: Destroying bond (collision_monitor) to lifecycle manager.
[velocity_smoother-16] [INFO] [1785623268.275793098] [rclcpp]: signal_handler(SIGINT/SIGTERM)
[velocity_smoother-16] [INFO] [1785623268.275966888] [velocity_smoother]: Running Nav2 LifecycleNode rcl preshutdown (velocity_smoother)
[velocity_smoother-16] [INFO] [1785623268.276069551] [velocity_smoother]: Deactivating
[velocity_smoother-16] [INFO] [1785623268.276099954] [velocity_smoother]: Destroying bond (velocity_smoother) to lifecycle manager.
[opennav_docking-18] [INFO] [1785623268.276460269] [docking_server]: Destroying bond (docking_server) to lifecycle manager.
[collision_monitor-17] [INFO] [1785623268.280289388] [collision_monitor]: Cleaning up
[waypoint_follower-15] [INFO] [1785623268.281463922] [rclcpp]: signal_handler(SIGINT/SIGTERM)
[waypoint_follower-15] [INFO] [1785623268.281611672] [waypoint_follower]: Running Nav2 LifecycleNode rcl preshutdown (waypoint_follower)
[waypoint_follower-15] [INFO] [1785623268.281712096] [waypoint_follower]: Deactivating
[waypoint_follower-15] [INFO] [1785623268.281762993] [waypoint_follower]: Destroying bond (waypoint_follower) to lifecycle manager.
[collision_monitor-17] [INFO] [1785623268.284367941] [collision_monitor]: [FootprintApproach]: Destroying Polygon
[collision_monitor-17] [INFO] [1785623268.284444418] [collision_monitor]: [scan]: Destroying Scan
[bt_navigator-14] [INFO] [1785623268.284987586] [rclcpp]: signal_handler(SIGINT/SIGTERM)
[bt_navigator-14] [INFO] [1785623268.285122879] [bt_navigator]: Running Nav2 LifecycleNode rcl preshutdown (bt_navigator)
[bt_navigator-14] [INFO] [1785623268.285199619] [bt_navigator]: Deactivating
[bt_navigator-14] [INFO] [1785623268.285231437] [bt_navigator]: Destroying bond (bt_navigator) to lifecycle manager.
[velocity_smoother-16] [INFO] [1785623268.286699926] [velocity_smoother]: Cleaning up
[velocity_smoother-16] [INFO] [1785623268.286752580] [velocity_smoother]: Destroying bond (velocity_smoother) to lifecycle manager.
[opennav_docking-18] [INFO] [1785623268.286894821] [docking_server]: Cleaning up docking_server
[collision_monitor-17] [INFO] [1785623268.287297252] [collision_monitor]: Destroying bond (collision_monitor) to lifecycle manager.
[behavior_server-13] [INFO] [1785623268.289317351] [rclcpp]: signal_handler(SIGINT/SIGTERM)
[behavior_server-13] [INFO] [1785623268.289474374] [behavior_server]: Running Nav2 LifecycleNode rcl preshutdown (behavior_server)
[behavior_server-13] [INFO] [1785623268.289554984] [behavior_server]: Deactivating
[behavior_server-13] [INFO] [1785623268.289589070] [behavior_server]: Destroying bond (behavior_server) to lifecycle manager.
[route_server-12] [INFO] [1785623268.292210977] [rclcpp]: signal_handler(SIGINT/SIGTERM)
[route_server-12] [INFO] [1785623268.292336400] [route_server]: Running Nav2 LifecycleNode rcl preshutdown (route_server)
[route_server-12] [INFO] [1785623268.292405838] [route_server]: Deactivating
[route_server-12] [INFO] [1785623268.292422589] [route_server]: Destroying bond (route_server) to lifecycle manager.
[waypoint_follower-15] [INFO] [1785623268.292259105] [waypoint_follower]: Cleaning up
[velocity_smoother-16] [INFO] [1785623268.294081308] [velocity_smoother]: Destroying
[planner_server-11] [INFO] [1785623268.295092513] [rclcpp]: signal_handler(SIGINT/SIGTERM)
[planner_server-11] [INFO] [1785623268.295168242] [planner_server]: Running Nav2 LifecycleNode rcl preshutdown (planner_server)
[planner_server-11] [INFO] [1785623268.295244131] [planner_server]: Deactivating
[planner_server-11] [INFO] [1785623268.295277062] [global_costmap.global_costmap]: Deactivating
[bt_navigator-14] [INFO] [1785623268.296522676] [bt_navigator]: Cleaning up
[collision_monitor-17] [INFO] [1785623268.297491544] [collision_monitor]: Destroying
[smoother_server-10] [INFO] [1785623268.298249298] [rclcpp]: signal_handler(SIGINT/SIGTERM)
[smoother_server-10] [INFO] [1785623268.298332789] [smoother_server]: Running Nav2 LifecycleNode rcl preshutdown (smoother_server)
[smoother_server-10] [INFO] [1785623268.298412312] [smoother_server]: Deactivating
[smoother_server-10] [INFO] [1785623268.298448213] [smoother_server]: Deactivating smoother: constrained of type nav2_constrained_smoother::ConstrainedSmoother
[smoother_server-10] [INFO] [1785623268.298460045] [smoother_server]: Destroying bond (smoother_server) to lifecycle manager.
[controller_server-9] [INFO] [1785623268.299717716] [rclcpp]: signal_handler(SIGINT/SIGTERM)
[controller_server-9] [INFO] [1785623268.299816178] [controller_server]: Running Nav2 LifecycleNode rcl preshutdown (controller_server)
[controller_server-9] [INFO] [1785623268.299867449] [controller_server]: Deactivating
[controller_server-9] [INFO] [1785623268.299876557] [controller_server]: Deactivating controller: FollowPath of type regulated_pure_pursuit_controller::RegulatedPurePursuitController
[controller_server-9] [INFO] [1785623268.299890007] [local_costmap.local_costmap]: Deactivating
[behavior_server-13] [INFO] [1785623268.300293335] [behavior_server]: Cleaning up
[lifecycle_manager-8] [INFO] [1785623268.302483335] [rclcpp]: signal_handler(SIGINT/SIGTERM)
[lifecycle_manager-8] [INFO] [1785623268.302614434] [lifecycle_manager_localization]: Running Nav2 LifecycleManager rcl preshutdown (lifecycle_manager_localization)
[lifecycle_manager-8] [INFO] [1785623268.302642034] [lifecycle_manager_localization]: [34m[1mTerminating bond timer...[0m[0m
[route_server-12] [INFO] [1785623268.303476021] [route_server]: Cleaning up
[amcl-7] [INFO] [1785623268.305421624] [rclcpp]: signal_handler(SIGINT/SIGTERM)
[amcl-7] [INFO] [1785623268.305557073] [amcl]: Running Nav2 LifecycleNode rcl preshutdown (amcl)
[amcl-7] [INFO] [1785623268.305628910] [amcl]: Deactivating
[amcl-7] [INFO] [1785623268.305658056] [amcl]: Destroying bond (amcl) to lifecycle manager.
[map_server-6] [INFO] [1785623268.308988843] [rclcpp]: signal_handler(SIGINT/SIGTERM)
[map_server-6] [INFO] [1785623268.309106442] [map_server]: Running Nav2 LifecycleNode rcl preshutdown (map_server)
[map_server-6] [INFO] [1785623268.309162612] [map_server]: Deactivating
[map_server-6] [INFO] [1785623268.309176237] [map_server]: Destroying bond (map_server) to lifecycle manager.
[smoother_server-10] [INFO] [1785623268.309016354] [smoother_server]: Cleaning up
[opennav_docking-18] [INFO] [1785623268.309342898] [docking_server]: Destroying bond (docking_server) to lifecycle manager.
[robot_state_publisher-4] [INFO] [1785623268.311659567] [rclcpp]: signal_handler(SIGINT/SIGTERM)
[parameter_bridge-3] [INFO] [1785623268.316230692] [rclcpp]: signal_handler(SIGINT/SIGTERM)
[amcl-7] [INFO] [1785623268.316256011] [amcl]: Cleaning up
[smoother_server-10] [INFO] [1785623268.317104409] [smoother_server]: Cleaning up smoother: constrained of type nav2_constrained_smoother::ConstrainedSmoother
[waypoint_follower-15] [INFO] [1785623268.319036021] [waypoint_follower]: Destroying bond (waypoint_follower) to lifecycle manager.
[map_server-6] [INFO] [1785623268.320019475] [map_server]: Cleaning up
[map_server-6] [INFO] [1785623268.320080947] [map_server]: Destroying bond (map_server) to lifecycle manager.
[behavior_server-13] [INFO] [1785623268.323151751] [behavior_server]: Destroying bond (behavior_server) to lifecycle manager.
[opennav_docking-18] [INFO] [1785623268.325070634] [docking_server]: Destroying
[map_server-6] [INFO] [1785623268.330082898] [map_server]: Destroying
[waypoint_follower-15] [INFO] [1785623268.332364527] [waypoint_follower]: Destroying
[smoother_server-10] [INFO] [1785623268.332946144] [smoother_server]: Destroying bond (smoother_server) to lifecycle manager.
[amcl-7] [INFO] [1785623268.338446423] [amcl]: Destroying bond (amcl) to lifecycle manager.
[lifecycle_manager-8] [INFO] [1785623268.341060615] [lifecycle_manager_localization]: Destroying lifecycle_manager_localization
[route_server-12] [INFO] [1785623268.350761867] [route_server]: Destroying bond (route_server) to lifecycle manager.
[smoother_server-10] [INFO] [1785623268.350932958] [smoother_server]: Destroying
[controller_server-9] [INFO] [1785623268.355913151] [controller_server]: Destroying bond (controller_server) to lifecycle manager.
[route_server-12] [INFO] [1785623268.359169681] [route_server]: Destroying
[amcl-7] [INFO] [1785623268.359707581] [amcl]: Destroying
[behavior_server-13] [INFO] [1785623268.360965324] [behavior_server]: Destroying
[controller_server-9] [INFO] [1785623268.366587970] [controller_server]: Cleaning up
[controller_server-9] [INFO] [1785623268.366753294] [controller_server]: Cleaning up controller: FollowPath of type regulated_pure_pursuit_controller::RegulatedPurePursuitController
[controller_server-9] [INFO] [1785623268.366811820] [local_costmap.local_costmap]: Cleaning up
[controller_server-9] [INFO] [1785623268.378928762] [controller_server]: Destroying bond (controller_server) to lifecycle manager.
[controller_server-9] [INFO] [1785623268.381865050] [local_costmap.local_costmap]: Destroying
[controller_server-9] [INFO] [1785623268.385637170] [controller_server]: Destroying
[bt_navigator-14] [INFO] [1785623268.393643655] [bt_navigator]: Completed Cleaning up
[bt_navigator-14] [INFO] [1785623268.393684769] [bt_navigator]: Destroying bond (bt_navigator) to lifecycle manager.
[bt_navigator-14] [INFO] [1785623268.396612697] [bt_navigator]: Destroying
[lifecycle_manager-19] [INFO] [1785623268.419710204] [lifecycle_manager_navigation]: Destroying lifecycle_manager_navigation
[INFO] [collision_monitor-17]: process has finished cleanly [pid 153414]
[INFO] [robot_state_publisher-4]: process has finished cleanly [pid 153189]
[INFO] [velocity_smoother-16]: process has finished cleanly [pid 153411]
[INFO] [parameter_bridge-3]: process has finished cleanly [pid 153188]
[INFO] [opennav_docking-18]: process has finished cleanly [pid 153417]
[INFO] [waypoint_follower-15]: process has finished cleanly [pid 153410]
[INFO] [map_server-6]: process has finished cleanly [pid 153399]
[INFO] [lifecycle_manager-8]: process has finished cleanly [pid 153401]
[INFO] [amcl-7]: process has finished cleanly [pid 153400]
[INFO] [smoother_server-10]: process has finished cleanly [pid 153403]
[INFO] [behavior_server-13]: process has finished cleanly [pid 153406]
[INFO] [route_server-12]: process has finished cleanly [pid 153405]
[INFO] [controller_server-9]: process has finished cleanly [pid 153402]
[INFO] [bt_navigator-14]: process has finished cleanly [pid 153407]
[INFO] [lifecycle_manager-19]: process has finished cleanly [pid 153418]
[planner_server-11] [INFO] [1785623268.750398632] [planner_server]: Deactivating plugin Smac2D of type SmacPlanner2D
[planner_server-11] [INFO] [1785623268.750478891] [planner_server]: Deactivating plugin ThetaStar of type nav2_theta_star_planner
[planner_server-11] [INFO] [1785623268.750504224] [planner_server]: Deactivating plugin SmacHybrid of type SmacPlannerHybrid
[planner_server-11] [INFO] [1785623268.750525109] [planner_server]: Deactivating plugin NavFnDijkstra of type NavfnPlanner
[planner_server-11] [INFO] [1785623268.750541416] [planner_server]: Deactivating plugin NavFnAStar of type NavfnPlanner
[planner_server-11] [INFO] [1785623268.750570013] [planner_server]: Destroying bond (planner_server) to lifecycle manager.
[planner_server-11] [INFO] [1785623268.760849621] [planner_server]: Cleaning up
[planner_server-11] [INFO] [1785623268.770614776] [global_costmap.global_costmap]: Cleaning up
[planner_server-11] [INFO] [1785623268.775006441] [planner_server]: Cleaning up plugin Smac2D of type SmacPlanner2D
[planner_server-11] [INFO] [1785623268.776435595] [planner_server]: CleaningUp plugin ThetaStar of type nav2_theta_star_planner
[planner_server-11] [INFO] [1785623268.776646827] [planner_server]: Cleaning up plugin SmacHybrid of type SmacPlannerHybrid
[planner_server-11] [INFO] [1785623268.777567182] [planner_server]: Cleaning up plugin NavFnDijkstra of type NavfnPlanner
[planner_server-11] [INFO] [1785623268.778034002] [planner_server]: Cleaning up plugin NavFnAStar of type NavfnPlanner
[planner_server-11] [INFO] [1785623268.778068445] [planner_server]: Destroying plugin Smac2D of type SmacPlanner2D
[planner_server-11] [INFO] [1785623268.778104401] [planner_server]: Destroying plugin SmacHybrid of type SmacPlannerHybrid
[planner_server-11] [INFO] [1785623268.778132090] [planner_server]: Destroying plugin NavFnDijkstra of type NavfnPlanner
[planner_server-11] [INFO] [1785623268.778148199] [planner_server]: Destroying plugin NavFnAStar of type NavfnPlanner
[planner_server-11] [INFO] [1785623268.788529806] [planner_server]: Destroying bond (planner_server) to lifecycle manager.
[planner_server-11] [INFO] [1785623268.793279376] [global_costmap.global_costmap]: Destroying
[planner_server-11] [INFO] [1785623268.796832234] [planner_server]: Destroying
[INFO] [planner_server-11]: process has finished cleanly [pid 153404]
[ERROR] [gazebo-1]: process[gazebo-1] failed to terminate '5' seconds after receiving 'SIGINT', escalating to 'SIGTERM'
[INFO] [gazebo-1]: sending signal 'SIGTERM' to process[gazebo-1]
[ERROR] [gazebo-1]: process has died [pid 153186, exit code -15, cmd 'ruby /opt/ros/jazzy/opt/gz_tools_vendor/bin/gz sim -r -s -v 3 --initial-sim-time 0.0 /home/linh-pham/agv_nav2_research_ws_bao/install/vacuum_robot_gazebo/share/vacuum_robot_gazebo/worlds/warehouse_long_aisles.sdf --force-version 8'].
