[INFO] [launch]: All log files can be found below /home/linh-pham/.ros/log/2026-08-02-04-49-02-149285-linh-pham-LOQ-15IAX9-109789
[INFO] [launch]: Default logging verbosity is set to INFO
[INFO] [gazebo-1]: process started with pid [109833]
[INFO] [create-2]: process started with pid [109834]
[INFO] [parameter_bridge-3]: process started with pid [109835]
[INFO] [robot_state_publisher-4]: process started with pid [109836]
[INFO] [batch_benchmark-5]: process started with pid [109838]
[robot_state_publisher-4] [INFO] [1785620942.811195584] [robot_state_publisher]: Robot initialized
[gazebo-1] [1;32m[Msg] [0m[1;32mGazebo Sim Server v[0m[1;32m8.11.0[0m[1;32m[0m
[gazebo-1] [1;32m[Msg] [0m[1;32mLoading SDF world file[[0m[1;32m/home/linh-pham/agv_nav2_research_ws_bao/install/vacuum_robot_gazebo/share/vacuum_robot_gazebo/worlds/office_maze.sdf[0m[1;32m].[0m
[gazebo-1] [1;32m[Msg] [0m[1;32mServing entity system service on [[0m[1;32m/[0m[1;32mentity/system/add[0m[1;32m][0m[1;32m[0m
[gazebo-1] [1;32m[Msg] [0m[1;32mCreate[0m[1;32m service on [[0m[1;32m/world/office_maze/create_multiple[0m[1;32m] (async)[0m[1;32m[0m
[gazebo-1] [1;32m[Msg] [0m[1;32mCreate[0m[1;32m service on [[0m[1;32m/world/office_maze/create_multiple/blocking[0m[1;32m] (blocking)[0m[1;32m[0m
[gazebo-1] [1;32m[Msg] [0m[1;32mRemove[0m[1;32m service on [[0m[1;32m/world/office_maze/remove[0m[1;32m] (async)[0m[1;32m[0m
[gazebo-1] [1;32m[Msg] [0m[1;32mRemove[0m[1;32m service on [[0m[1;32m/world/office_maze/remove/blocking[0m[1;32m] (blocking)[0m[1;32m[0m
[gazebo-1] [1;32m[Msg] [0m[1;32mPose[0m[1;32m service on [[0m[1;32m/world/office_maze/set_pose[0m[1;32m] (async)[0m[1;32m[0m
[gazebo-1] [1;32m[Msg] [0m[1;32mPose[0m[1;32m service on [[0m[1;32m/world/office_maze/set_pose/blocking[0m[1;32m] (blocking)[0m[1;32m[0m
[gazebo-1] [1;32m[Msg] [0m[1;32mPose[0m[1;32m service on [[0m[1;32m/world/office_maze/set_pose_vector[0m[1;32m] (async)[0m[1;32m[0m
[gazebo-1] [1;32m[Msg] [0m[1;32mPose[0m[1;32m service on [[0m[1;32m/world/office_maze/set_pose_vector/blocking[0m[1;32m] (blocking)[0m[1;32m[0m
[gazebo-1] [1;32m[Msg] [0m[1;32mLight configuration[0m[1;32m service on [[0m[1;32m/world/office_maze/light_config[0m[1;32m] (async)[0m[1;32m[0m
[gazebo-1] [1;32m[Msg] [0m[1;32mLight configuration[0m[1;32m service on [[0m[1;32m/world/office_maze/light_config/blocking[0m[1;32m] (blocking)[0m[1;32m[0m
[gazebo-1] [1;32m[Msg] [0m[1;32mPhysics[0m[1;32m service on [[0m[1;32m/world/office_maze/set_physics[0m[1;32m] (async)[0m[1;32m[0m
[gazebo-1] [1;32m[Msg] [0m[1;32mPhysics[0m[1;32m service on [[0m[1;32m/world/office_maze/set_physics/blocking[0m[1;32m] (blocking)[0m[1;32m[0m
[gazebo-1] [1;32m[Msg] [0m[1;32mSphericalCoordinates[0m[1;32m service on [[0m[1;32m/world/office_maze/set_spherical_coordinates[0m[1;32m] (async)[0m[1;32m[0m
[gazebo-1] [1;32m[Msg] [0m[1;32mSphericalCoordinates[0m[1;32m service on [[0m[1;32m/world/office_maze/set_spherical_coordinates/blocking[0m[1;32m] (blocking)[0m[1;32m[0m
[gazebo-1] [1;32m[Msg] [0m[1;32mEnable collision[0m[1;32m service on [[0m[1;32m/world/office_maze/enable_collision[0m[1;32m] (async)[0m[1;32m[0m
[gazebo-1] [1;32m[Msg] [0m[1;32mEnable collision[0m[1;32m service on [[0m[1;32m/world/office_maze/enable_collision/blocking[0m[1;32m] (blocking)[0m[1;32m[0m
[gazebo-1] [1;32m[Msg] [0m[1;32mDisable collision[0m[1;32m service on [[0m[1;32m/world/office_maze/disable_collision[0m[1;32m] (async)[0m[1;32m[0m
[gazebo-1] [1;32m[Msg] [0m[1;32mDisable collision[0m[1;32m service on [[0m[1;32m/world/office_maze/disable_collision/blocking[0m[1;32m] (blocking)[0m[1;32m[0m
[gazebo-1] [1;32m[Msg] [0m[1;32mMaterial[0m[1;32m service on [[0m[1;32m/world/office_maze/visual_config[0m[1;32m] (async)[0m[1;32m[0m
[gazebo-1] [1;32m[Msg] [0m[1;32mMaterial[0m[1;32m service on [[0m[1;32m/world/office_maze/visual_config/blocking[0m[1;32m] (blocking)[0m[1;32m[0m
[gazebo-1] [1;32m[Msg] [0m[1;32mMaterial[0m[1;32m service on [[0m[1;32m/world/office_maze/wheel_slip[0m[1;32m] (async)[0m[1;32m[0m
[gazebo-1] [1;32m[Msg] [0m[1;32mMaterial[0m[1;32m service on [[0m[1;32m/world/office_maze/wheel_slip/blocking[0m[1;32m] (blocking)[0m[1;32m[0m
[gazebo-1] [1;32m[Msg] [0m[1;32mLoaded level [[0m[1;32mdefault[0m[1;32m][0m[1;32m[0m
[gazebo-1] [1;32m[Msg] [0m[1;32mServing world controls on [[0m[1;32m/world/office_maze[0m[1;32m/control], [[0m[1;32m/world/office_maze[0m[1;32m/control/state] and [[0m[1;32m/world/office_maze[0m[1;32m/playback/control][0m[1;32m[0m
[gazebo-1] [1;32m[Msg] [0m[1;32mServing GUI information on [[0m[1;32m/world/office_maze[0m[1;32m/[0m[1;32mgui/info[0m[1;32m][0m[1;32m[0m
[create-2] [INFO] [1785620943.279707525] [spawn_vacuum_robot]: Entity creation successful.
[INFO] [create-2]: process has finished cleanly [pid 109834]
[parameter_bridge-3] [INFO] [1785620943.837814294] [ros_gz_bridge]: Creating GZ->ROS Bridge: [/clock (gz.msgs.Clock) -> /clock (rosgraph_msgs/msg/Clock)] (Lazy 0)
[parameter_bridge-3] [INFO] [1785620943.838888422] [ros_gz_bridge]: Creating GZ->ROS Bridge: [/joint_states (gz.msgs.Model) -> /joint_states (sensor_msgs/msg/JointState)] (Lazy 0)
[parameter_bridge-3] [INFO] [1785620943.842553730] [ros_gz_bridge]: Creating GZ->ROS Bridge: [/odom (gz.msgs.Odometry) -> /odom (nav_msgs/msg/Odometry)] (Lazy 0)
[parameter_bridge-3] [INFO] [1785620943.846736471] [ros_gz_bridge]: Creating GZ->ROS Bridge: [/tf (gz.msgs.Pose_V) -> /tf (tf2_msgs/msg/TFMessage)] (Lazy 0)
[parameter_bridge-3] [INFO] [1785620943.852362979] [ros_gz_bridge]: Creating GZ->ROS Bridge: [/scan (gz.msgs.LaserScan) -> /scan (sensor_msgs/msg/LaserScan)] (Lazy 0)
[parameter_bridge-3] [INFO] [1785620943.853291792] [ros_gz_bridge]: Creating GZ->ROS Bridge: [/imu/data (gz.msgs.IMU) -> /imu/data (sensor_msgs/msg/Imu)] (Lazy 0)
[parameter_bridge-3] [INFO] [1785620943.854545375] [ros_gz_bridge]: Creating ROS->GZ Bridge: [/cmd_vel (geometry_msgs/msg/Twist) -> /cmd_vel (gz.msgs.Twist)] (Lazy 0)
[parameter_bridge-3] [INFO] [1785620943.857044795] [ros_gz_bridge]: Creating GZ->ROS Bridge: [/ground_truth/odom (gz.msgs.Odometry) -> /ground_truth/odom (nav_msgs/msg/Odometry)] (Lazy 0)
[gazebo-1] [1;32m[Msg] [0m[1;32mWorld [[0m[1;32moffice_maze[0m[1;32m] initialized with [[0m[1;32mresearch_physics[0m[1;32m] physics profile.[0m[1;32m[0m
[gazebo-1] [1;32m[Msg] [0m[1;32mServing world SDF generation service on [[0m[1;32m/world/office_maze[0m[1;32m/[0m[1;32mgenerate_world_sdf[0m[1;32m][0m[1;32m[0m
[gazebo-1] [1;32m[Msg] [0m[1;32mServing world names on [[0m[1;32m/gazebo/worlds[0m[1;32m][0m[1;32m[0m
[gazebo-1] [1;32m[Msg] [0m[1;32mResource path add service on [[0m[1;32m/gazebo/resource_paths/add[0m[1;32m].[0m[1;32m[0m
[gazebo-1] [1;32m[Msg] [0m[1;32mResource path get service on [[0m[1;32m/gazebo/resource_paths/get[0m[1;32m].[0m[1;32m[0m
[gazebo-1] [1;32m[Msg] [0m[1;32mResource path resolve service on [[0m[1;32m/gazebo/resource_paths/resolve[0m[1;32m].[0m[1;32m[0m
[gazebo-1] [1;32m[Msg] [0m[1;32mResource paths published on [[0m[1;32m/gazebo/resource_paths[0m[1;32m].[0m[1;32m[0m
[gazebo-1] [1;32m[Msg] [0m[1;32mServer control service on [[0m[1;32m/server_control[0m[1;32m].[0m[1;32m[0m
[gazebo-1] [1;32m[Msg] [0m[1;32mFound no publishers on /stats, adding root stats topic[0m[1;32m[0m
[gazebo-1] [1;32m[Msg] [0m[1;32mFound no publishers on /clock, adding root clock topic[0m[1;32m[0m
[gazebo-1] [1;33mWarning [Utils.cc:132][0m [/sdf/model[@name="vacuum_robot"]/link[@name="base_link"]/sensor[@name="rplidar_a1m8"]/gz_frame_id:/home/linh-pham/agv_nav2_research_ws_bao/install/vacuum_robot_gazebo/share/vacuum_robot_gazebo/models/vacuum_robot/model.sdf:L107]: XML Element[gz_frame_id], child of element[sensor], not defined in SDF. Copying[gz_frame_id] as children of [sensor].
[gazebo-1] [1;33mWarning [Utils.cc:132][0m [/sdf/model[@name="vacuum_robot"]/link[@name="base_link"]/sensor[@name="bno055_imu"]/gz_frame_id:/home/linh-pham/agv_nav2_research_ws_bao/install/vacuum_robot_gazebo/share/vacuum_robot_gazebo/models/vacuum_robot/model.sdf:L128]: XML Element[gz_frame_id], child of element[sensor], not defined in SDF. Copying[gz_frame_id] as children of [sensor].
[gazebo-1] libEGL warning: pci id for fd 59: 10de:25ec, driver (null)
[gazebo-1] 
[gazebo-1] pci id for fd 60: 10de:25ec, driver (null)
[gazebo-1] pci id for fd 61: 10de:25ec, driver (null)
[gazebo-1] libEGL warning: egl: failed to create dri2 screen
[gazebo-1] libEGL warning: pci id for fd 59: 10de:25ec, driver (null)
[gazebo-1] 
[gazebo-1] pci id for fd 60: 10de:25ec, driver (null)
[gazebo-1] pci id for fd 61: 10de:25ec, driver (null)
[gazebo-1] libEGL warning: egl: failed to create dri2 screen
[gazebo-1] libEGL warning: pci id for fd 59: 10de:25ec, driver (null)
[gazebo-1] 
[INFO] [map_server-6]: process started with pid [110019]
[INFO] [amcl-7]: process started with pid [110020]
[INFO] [lifecycle_manager-8]: process started with pid [110021]
[INFO] [controller_server-9]: process started with pid [110022]
[INFO] [smoother_server-10]: process started with pid [110023]
[INFO] [planner_server-11]: process started with pid [110024]
[INFO] [route_server-12]: process started with pid [110025]
[INFO] [behavior_server-13]: process started with pid [110026]
[INFO] [bt_navigator-14]: process started with pid [110027]
[INFO] [waypoint_follower-15]: process started with pid [110030]
[INFO] [velocity_smoother-16]: process started with pid [110031]
[INFO] [collision_monitor-17]: process started with pid [110034]
[INFO] [opennav_docking-18]: process started with pid [110039]
[INFO] [lifecycle_manager-19]: process started with pid [110040]
[lifecycle_manager-8] [INFO] [1785620945.766932671] [lifecycle_manager_localization]: Creating
[lifecycle_manager-8] [INFO] [1785620945.777072818] [lifecycle_manager_localization]: [34m[1mCreating and initializing lifecycle service clients[0m[0m
[controller_server-9] [INFO] [1785620945.783717610] [controller_server]: 
[controller_server-9] 	controller_server lifecycle node launched. 
[controller_server-9] 	Waiting on external lifecycle transitions to activate
[controller_server-9] 	See https://design.ros2.org/articles/node_lifecycle.html for more information.
[waypoint_follower-15] [INFO] [1785620945.784782329] [waypoint_follower]: 
[waypoint_follower-15] 	waypoint_follower lifecycle node launched. 
[waypoint_follower-15] 	Waiting on external lifecycle transitions to activate
[waypoint_follower-15] 	See https://design.ros2.org/articles/node_lifecycle.html for more information.
[waypoint_follower-15] [INFO] [1785620945.785279958] [waypoint_follower]: Creating
[smoother_server-10] [INFO] [1785620945.791078189] [smoother_server]: 
[smoother_server-10] 	smoother_server lifecycle node launched. 
[smoother_server-10] 	Waiting on external lifecycle transitions to activate
[smoother_server-10] 	See https://design.ros2.org/articles/node_lifecycle.html for more information.
[smoother_server-10] [INFO] [1785620945.792408941] [smoother_server]: Creating smoother server
[controller_server-9] [INFO] [1785620945.792304744] [controller_server]: Creating controller server
[bt_navigator-14] [INFO] [1785620945.810566133] [bt_navigator]: 
[bt_navigator-14] 	bt_navigator lifecycle node launched. 
[bt_navigator-14] 	Waiting on external lifecycle transitions to activate
[bt_navigator-14] 	See https://design.ros2.org/articles/node_lifecycle.html for more information.
[controller_server-9] [INFO] [1785620945.811397398] [local_costmap.local_costmap]: 
[controller_server-9] 	local_costmap lifecycle node launched. 
[controller_server-9] 	Waiting on external lifecycle transitions to activate
[controller_server-9] 	See https://design.ros2.org/articles/node_lifecycle.html for more information.
[controller_server-9] [INFO] [1785620945.811688873] [local_costmap.local_costmap]: Creating Costmap
[bt_navigator-14] [INFO] [1785620945.812502138] [bt_navigator]: Creating
[velocity_smoother-16] [INFO] [1785620945.815399212] [velocity_smoother]: 
[velocity_smoother-16] 	velocity_smoother lifecycle node launched. 
[velocity_smoother-16] 	Waiting on external lifecycle transitions to activate
[velocity_smoother-16] 	See https://design.ros2.org/articles/node_lifecycle.html for more information.
[route_server-12] [INFO] [1785620945.820629465] [route_server]: 
[route_server-12] 	route_server lifecycle node launched. 
[route_server-12] 	Waiting on external lifecycle transitions to activate
[route_server-12] 	See https://design.ros2.org/articles/node_lifecycle.html for more information.
[amcl-7] [INFO] [1785620945.833460280] [amcl]: 
[amcl-7] 	amcl lifecycle node launched. 
[amcl-7] 	Waiting on external lifecycle transitions to activate
[amcl-7] 	See https://design.ros2.org/articles/node_lifecycle.html for more information.
[amcl-7] [INFO] [1785620945.834022721] [amcl]: Creating
[planner_server-11] [INFO] [1785620946.158577281] [planner_server]: 
[planner_server-11] 	planner_server lifecycle node launched. 
[planner_server-11] 	Waiting on external lifecycle transitions to activate
[planner_server-11] 	See https://design.ros2.org/articles/node_lifecycle.html for more information.
[planner_server-11] [INFO] [1785620946.162144631] [planner_server]: Creating
[planner_server-11] [INFO] [1785620946.192772181] [global_costmap.global_costmap]: 
[planner_server-11] 	global_costmap lifecycle node launched. 
[planner_server-11] 	Waiting on external lifecycle transitions to activate
[planner_server-11] 	See https://design.ros2.org/articles/node_lifecycle.html for more information.
[planner_server-11] [INFO] [1785620946.193915328] [global_costmap.global_costmap]: Creating Costmap
[lifecycle_manager-19] [INFO] [1785620946.248738130] [lifecycle_manager_navigation]: Creating
[lifecycle_manager-19] [INFO] [1785620946.255143980] [lifecycle_manager_navigation]: [34m[1mCreating and initializing lifecycle service clients[0m[0m
[behavior_server-13] [INFO] [1785620946.260953120] [behavior_server]: 
[behavior_server-13] 	behavior_server lifecycle node launched. 
[behavior_server-13] 	Waiting on external lifecycle transitions to activate
[behavior_server-13] 	See https://design.ros2.org/articles/node_lifecycle.html for more information.
[map_server-6] [INFO] [1785620946.262434888] [map_server]: 
[map_server-6] 	map_server lifecycle node launched. 
[map_server-6] 	Waiting on external lifecycle transitions to activate
[map_server-6] 	See https://design.ros2.org/articles/node_lifecycle.html for more information.
[map_server-6] [INFO] [1785620946.262537654] [map_server]: Creating
[collision_monitor-17] [INFO] [1785620946.269509420] [collision_monitor]: 
[collision_monitor-17] 	collision_monitor lifecycle node launched. 
[collision_monitor-17] 	Waiting on external lifecycle transitions to activate
[collision_monitor-17] 	See https://design.ros2.org/articles/node_lifecycle.html for more information.
[opennav_docking-18] [INFO] [1785620946.272115999] [docking_server]: 
[opennav_docking-18] 	docking_server lifecycle node launched. 
[opennav_docking-18] 	Waiting on external lifecycle transitions to activate
[opennav_docking-18] 	See https://design.ros2.org/articles/node_lifecycle.html for more information.
[opennav_docking-18] [INFO] [1785620946.272266409] [docking_server]: Creating docking_server
[lifecycle_manager-8] [INFO] [1785620946.343251681] [lifecycle_manager_localization]: [34m[1mStarting managed nodes bringup...[0m[0m
[lifecycle_manager-8] [INFO] [1785620946.343350579] [lifecycle_manager_localization]: [34m[1mConfiguring map_server[0m[0m
[map_server-6] [INFO] [1785620946.346550138] [map_server]: Configuring
[map_server-6] [INFO] [1785620946.346664187] [map_io]: Loading yaml file: /home/linh-pham/agv_nav2_research_ws_bao/install/vacuum_robot_gazebo/share/vacuum_robot_gazebo/maps/office_maze.yaml
[map_server-6] [INFO] [1785620946.347050348] [map_io]: resolution: 0.05
[map_server-6] [INFO] [1785620946.347061673] [map_io]: origin[0]: -6
[map_server-6] [INFO] [1785620946.347068489] [map_io]: origin[1]: -4
[map_server-6] [INFO] [1785620946.347073577] [map_io]: origin[2]: 0
[map_server-6] [INFO] [1785620946.347079014] [map_io]: free_thresh: 0.25
[map_server-6] [INFO] [1785620946.347084131] [map_io]: occupied_thresh: 0.65
[map_server-6] [INFO] [1785620946.347091869] [map_io]: mode: trinary
[map_server-6] [INFO] [1785620946.347100258] [map_io]: negate: 0
[map_server-6] [INFO] [1785620946.347419279] [map_io]: Loading image_file: /home/linh-pham/agv_nav2_research_ws_bao/install/vacuum_robot_gazebo/share/vacuum_robot_gazebo/maps/office_maze.pgm
[map_server-6] [INFO] [1785620946.349096979] [map_io]: Read map /home/linh-pham/agv_nav2_research_ws_bao/install/vacuum_robot_gazebo/share/vacuum_robot_gazebo/maps/office_maze.pgm: 240 X 160 map @ 0.05 m/cell
[lifecycle_manager-8] [INFO] [1785620946.372735060] [lifecycle_manager_localization]: [34m[1mConfiguring amcl[0m[0m
[amcl-7] [INFO] [1785620946.373180950] [amcl]: Configuring
[amcl-7] [INFO] [1785620946.373531927] [amcl]: initTransforms
[amcl-7] [INFO] [1785620946.394631463] [amcl]: initPubSub
[amcl-7] [INFO] [1785620946.403768182] [amcl]: Subscribed to map topic.
[lifecycle_manager-8] [INFO] [1785620946.409205583] [lifecycle_manager_localization]: [34m[1mActivating map_server[0m[0m
[map_server-6] [INFO] [1785620946.409378565] [map_server]: Activating
[map_server-6] [INFO] [1785620946.409597387] [map_server]: Creating bond (map_server) to lifecycle manager.
[lifecycle_manager-19] [INFO] [1785620946.510796943] [lifecycle_manager_navigation]: [34m[1mStarting managed nodes bringup...[0m[0m
[lifecycle_manager-19] [INFO] [1785620946.510867937] [lifecycle_manager_navigation]: [34m[1mConfiguring controller_server[0m[0m
[controller_server-9] [INFO] [1785620946.511325565] [controller_server]: Configuring controller interface
[controller_server-9] [INFO] [1785620946.511357166] [controller_server]: getting progress checker plugins..
[controller_server-9] [INFO] [1785620946.511649081] [controller_server]: getting goal checker plugins..
[controller_server-9] [INFO] [1785620946.511784100] [controller_server]: Controller frequency set to 20.0000Hz
[controller_server-9] [INFO] [1785620946.511822674] [local_costmap.local_costmap]: Configuring
[lifecycle_manager-8] [INFO] [1785620946.515283612] [lifecycle_manager_localization]: Server map_server connected with bond.
[lifecycle_manager-8] [INFO] [1785620946.515341543] [lifecycle_manager_localization]: [34m[1mActivating amcl[0m[0m
[amcl-7] [INFO] [1785620946.517259701] [amcl]: Activating
[amcl-7] [INFO] [1785620946.517326548] [amcl]: initialPoseReceived
[amcl-7] [INFO] [1785620946.517432745] [amcl]: Setting pose (1.023000): -5.200 -3.000 0.857
[amcl-7] [INFO] [1785620946.518114421] [amcl]: Creating bond (amcl) to lifecycle manager.
[amcl-7] [INFO] [1785620946.520577988] [amcl]: Received a 240 X 160 map @ 0.050 m/pix
[controller_server-9] [INFO] [1785620946.523906299] [local_costmap.local_costmap]: Using plugin "voxel_layer"
[controller_server-9] [INFO] [1785620946.527341396] [local_costmap.local_costmap]: Subscribed to Topics: scan
[controller_server-9] [INFO] [1785620946.537100942] [local_costmap.local_costmap]: Initialized plugin "voxel_layer"
[controller_server-9] [INFO] [1785620946.537140686] [local_costmap.local_costmap]: Using plugin "inflation_layer"
[controller_server-9] [INFO] [1785620946.537701455] [local_costmap.local_costmap]: Initialized plugin "inflation_layer"
[controller_server-9] [INFO] [1785620946.553603294] [controller_server]: Created progress_checker : progress_checker of type nav2_controller::PoseProgressChecker
[controller_server-9] [INFO] [1785620946.553990619] [controller_server]: Controller Server has progress_checker  progress checkers available.
[controller_server-9] [INFO] [1785620946.554449899] [controller_server]: Created goal checker : general_goal_checker of type nav2_controller::SimpleGoalChecker
[controller_server-9] [INFO] [1785620946.554694502] [controller_server]: Controller Server has general_goal_checker  goal checkers available.
[controller_server-9] [INFO] [1785620946.555518866] [controller_server]: Created controller : FollowPath of type nav2_regulated_pure_pursuit_controller::RegulatedPurePursuitController
[controller_server-9] [INFO] [1785620946.560129114] [controller_server]: Controller Server has FollowPath  controllers available.
[lifecycle_manager-19] [INFO] [1785620946.568715441] [lifecycle_manager_navigation]: [34m[1mConfiguring smoother_server[0m[0m
[smoother_server-10] [INFO] [1785620946.568923203] [smoother_server]: Configuring smoother server
[smoother_server-10] [INFO] [1785620946.584163306] [smoother_server]: Created smoother : simple_smoother of type nav2_smoother::SimpleSmoother
[smoother_server-10] [INFO] [1785620946.585818371] [smoother_server]: Created smoother : savitzky_golay of type nav2_smoother::SavitzkyGolaySmoother
[smoother_server-10] [INFO] [1785620946.590546391] [smoother_server]: Created smoother : constrained of type nav2_constrained_smoother/ConstrainedSmoother
[smoother_server-10] [INFO] [1785620946.594002015] [smoother_server]: Created smoother : pstmo of type adaptive_pivot_g2_nav2/AdaptivePivotG2Smoother
[smoother_server-10] [INFO] [1785620946.598535290] [smoother_server]: Configured PSTMO smoother 'pstmo' with adaptive radius search
[smoother_server-10] [INFO] [1785620946.599559119] [smoother_server]: Created smoother : adaptive_hybrid of type adaptive_pivot_g2_nav2/SafetyGatedHybridSmoother
[smoother_server-10] [INFO] [1785620946.603823703] [smoother_server]: Configured PSTMO smoother 'adaptive_hybrid.pivot' with adaptive radius search
[smoother_server-10] [INFO] [1785620946.605540464] [smoother_server]: Configured safety-gated hybrid smoother as 'adaptive_hybrid'
[smoother_server-10] [INFO] [1785620946.605578201] [smoother_server]: Smoother Server has simple_smoother savitzky_golay constrained pstmo adaptive_hybrid  smoothers available.
[amcl-7] [INFO] [1785620946.610956209] [amcl]: createLaserObject
[lifecycle_manager-19] [INFO] [1785620946.614419500] [lifecycle_manager_navigation]: [34m[1mConfiguring planner_server[0m[0m
[planner_server-11] [INFO] [1785620946.614718872] [planner_server]: Configuring
[planner_server-11] [INFO] [1785620946.614765468] [global_costmap.global_costmap]: Configuring
[lifecycle_manager-8] [INFO] [1785620946.623481082] [lifecycle_manager_localization]: Server amcl connected with bond.
[lifecycle_manager-8] [INFO] [1785620946.623511344] [lifecycle_manager_localization]: [34m[1mManaged nodes are active[0m[0m
[lifecycle_manager-8] [INFO] [1785620946.623517162] [lifecycle_manager_localization]: [34m[1mCreating bond timer...[0m[0m
[planner_server-11] [INFO] [1785620946.625053397] [global_costmap.global_costmap]: Using plugin "static_layer"
[planner_server-11] [INFO] [1785620946.628320129] [global_costmap.global_costmap]: Subscribing to the map topic (/map) with transient local durability
[planner_server-11] [INFO] [1785620946.629945689] [global_costmap.global_costmap]: Initialized plugin "static_layer"
[planner_server-11] [INFO] [1785620946.629976279] [global_costmap.global_costmap]: Using plugin "inflation_layer"
[planner_server-11] [INFO] [1785620946.630365638] [global_costmap.global_costmap]: Initialized plugin "inflation_layer"
[planner_server-11] [INFO] [1785620946.651044997] [global_costmap.global_costmap]: StaticLayer: Resizing costmap to 240 X 160 at 0.050000 m/pix
[planner_server-11] [INFO] [1785620946.651511518] [planner_server]: Created global planner plugin NavFnAStar of type nav2_navfn_planner::NavfnPlanner
[planner_server-11] [INFO] [1785620946.651536604] [planner_server]: Configuring plugin NavFnAStar of type NavfnPlanner
[planner_server-11] [INFO] [1785620946.652198310] [planner_server]: Created global planner plugin NavFnDijkstra of type nav2_navfn_planner::NavfnPlanner
[planner_server-11] [INFO] [1785620946.652225140] [planner_server]: Configuring plugin NavFnDijkstra of type NavfnPlanner
[planner_server-11] [INFO] [1785620946.653991765] [planner_server]: Created global planner plugin ThetaStar of type nav2_theta_star_planner::ThetaStarPlanner
[planner_server-11] [INFO] [1785620946.658467479] [planner_server]: Created global planner plugin Smac2D of type nav2_smac_planner::SmacPlanner2D
[planner_server-11] [INFO] [1785620946.658505259] [planner_server]: Configuring Smac2D of type SmacPlanner2D
[planner_server-11] [ERROR] [1785620946.658951151] [planner_server]: Inflation layer either not found or inflation is not set sufficiently for optimized non-circular collision checking capabilities. It is HIGHLY recommended to set the inflation radius to be at MINIMUM half of the robot's largest cross-section. See github.com/ros-planning/navigation2/tree/main/nav2_smac_planner#potential-fields for full instructions. This will substantially impact run-time performance.
[planner_server-11] [INFO] [1785620946.660475312] [planner_server]: Configured plugin Smac2D of type SmacPlanner2D with tolerance 0.10, maximum iterations 1000000, max on approach iterations 1000, and not allowing unknown traversal.
[planner_server-11] [INFO] [1785620946.662147819] [planner_server]: Created global planner plugin SmacHybrid of type nav2_smac_planner::SmacPlannerHybrid
[planner_server-11] [INFO] [1785620946.662194935] [planner_server]: Configuring SmacHybrid of type SmacPlannerHybrid
[planner_server-11] [INFO] [1785620946.663665764] [planner_server]: Even sized heuristic lookup table size set 160.000000, increasing size by 1 to make odd
[planner_server-11] [INFO] [1785620946.872102628] [planner_server]: Configured plugin SmacHybrid of type SmacPlannerHybrid with maximum iterations 1000000, max on approach iterations 1000, and not allowing unknown traversal. Tolerance 0.10.Using motion model: Dubin.
[planner_server-11] [INFO] [1785620946.872156956] [planner_server]: Planner Server has NavFnAStar NavFnDijkstra ThetaStar Smac2D SmacHybrid  planners available.
[lifecycle_manager-19] [INFO] [1785620946.883608759] [lifecycle_manager_navigation]: [34m[1mConfiguring route_server[0m[0m
[route_server-12] [INFO] [1785620946.883934276] [route_server]: Configuring
[route_server-12] [INFO] [1785620946.913640500] [route_server]: Created GraphFileLoader GeoJsonGraphFileLoader of type nav2_route::GeoJsonGraphFileLoader
[route_server-12] [INFO] [1785620946.913676718] [route_server]: Configuring geojson graph file loader
[route_server-12] [INFO] [1785620946.913683944] [route_server]: No graph file provided to load yet.
[route_server-12] [INFO] [1785620946.915233077] [route_server]: Created edge cost function plugin DistanceScorer of type nav2_route::DistanceScorer
[route_server-12] [INFO] [1785620946.915265216] [route_server]: Configuring distance scorer.
[route_server-12] [INFO] [1785620946.915441545] [route_server]: Created edge cost function plugin CostmapScorer of type nav2_route::CostmapScorer
[route_server-12] [INFO] [1785620946.915451967] [route_server]: Configuring costmap scorer.
[route_server-12] [INFO] [1785620946.918096885] [route_server]: Created route operation ReroutingService of type nav2_route::ReroutingService
[route_server-12] [INFO] [1785620946.918138299] [route_server]: Configuring Rerouting service operation.
[route_server-12] [INFO] [1785620946.920201068] [route_server]: Created route operation CollisionMonitor of type nav2_route::CollisionMonitor
[route_server-12] [INFO] [1785620946.920313116] [route_server]: Using costmap topic: local_costmap/costmap_raw instead of server costmap topic: global_costmap/costmap_raw for CollisionMonitor.
[lifecycle_manager-19] [INFO] [1785620946.924244515] [lifecycle_manager_navigation]: [34m[1mConfiguring behavior_server[0m[0m
[behavior_server-13] [INFO] [1785620946.924541808] [behavior_server]: Configuring
[behavior_server-13] [INFO] [1785620946.930346220] [behavior_server]: Creating behavior plugin spin of type nav2_behaviors::Spin
[behavior_server-13] [INFO] [1785620946.932137004] [behavior_server]: Creating behavior plugin backup of type nav2_behaviors::BackUp
[behavior_server-13] [INFO] [1785620946.933497661] [behavior_server]: Creating behavior plugin drive_on_heading of type nav2_behaviors::DriveOnHeading
[behavior_server-13] [INFO] [1785620946.934471008] [behavior_server]: Creating behavior plugin assisted_teleop of type nav2_behaviors::AssistedTeleop
[behavior_server-13] [INFO] [1785620946.936121023] [behavior_server]: Creating behavior plugin wait of type nav2_behaviors::Wait
[behavior_server-13] [INFO] [1785620946.943775479] [behavior_server]: Configuring spin
[behavior_server-13] [INFO] [1785620946.954920171] [behavior_server]: Configuring backup
[behavior_server-13] [INFO] [1785620946.960668479] [behavior_server]: Configuring drive_on_heading
[behavior_server-13] [INFO] [1785620946.967352228] [behavior_server]: Configuring assisted_teleop
[behavior_server-13] [INFO] [1785620946.975285611] [behavior_server]: Configuring wait
[lifecycle_manager-19] [INFO] [1785620946.982421768] [lifecycle_manager_navigation]: [34m[1mConfiguring velocity_smoother[0m[0m
[velocity_smoother-16] [INFO] [1785620946.982836686] [velocity_smoother]: Configuring velocity smoother
[lifecycle_manager-19] [INFO] [1785620946.990720049] [lifecycle_manager_navigation]: [34m[1mConfiguring collision_monitor[0m[0m
[collision_monitor-17] [INFO] [1785620946.990973485] [collision_monitor]: Configuring
[collision_monitor-17] [INFO] [1785620946.996505230] [collision_monitor]: [scan]: Creating Scan
[collision_monitor-17] [INFO] [1785620946.998735781] [collision_monitor]: [FootprintApproach]: Creating Polygon
[collision_monitor-17] [INFO] [1785620946.998861919] [collision_monitor]: [FootprintApproach]: Polygon points are not defined. Using dynamic subscription instead.
[collision_monitor-17] [INFO] [1785620946.999273618] [collision_monitor]: [FootprintApproach]: Making footprint subscriber on /local_costmap/published_footprint topic
[lifecycle_manager-19] [INFO] [1785620947.013504348] [lifecycle_manager_navigation]: [34m[1mConfiguring bt_navigator[0m[0m
[bt_navigator-14] [INFO] [1785620947.013739134] [bt_navigator]: Configuring
[bt_navigator-14] [INFO] [1785620947.043351434] [bt_navigator]: Creating navigator id navigate_to_pose of type nav2_bt_navigator::NavigateToPoseNavigator
[bt_navigator-14] [INFO] [1785620947.110148143] [bt_navigator]: Creating navigator id navigate_through_poses of type nav2_bt_navigator::NavigateThroughPosesNavigator
[lifecycle_manager-19] [INFO] [1785620947.142962476] [lifecycle_manager_navigation]: [34m[1mConfiguring waypoint_follower[0m[0m
[waypoint_follower-15] [INFO] [1785620947.143254218] [waypoint_follower]: Configuring
[waypoint_follower-15] [INFO] [1785620947.170927311] [waypoint_follower]: Created waypoint_task_executor : wait_at_waypoint of type nav2_waypoint_follower::WaitAtWaypoint
[lifecycle_manager-19] [INFO] [1785620947.172437017] [lifecycle_manager_navigation]: [34m[1mConfiguring docking_server[0m[0m
[opennav_docking-18] [INFO] [1785620947.172675420] [docking_server]: Configuring docking_server
[opennav_docking-18] [INFO] [1785620947.172719061] [docking_server]: Controller frequency set to 50.0000Hz
[opennav_docking-18] [INFO] [1785620947.205972850] [docking_server]: Created charging dock plugin simple_charging_dock of type opennav_docking::SimpleChargingDock
[opennav_docking-18] [WARN] [1785620947.208949565] [docking_server]: Dock database filepath nor dock parameters set. Docking actions can only be executed specifying the dock pose via the action request. Or update the dock database via the reload_database service.
[opennav_docking-18] [INFO] [1785620947.208998173] [docking_server]: Docking Server has 1 dock types and 0 dock instances available.
[lifecycle_manager-19] [INFO] [1785620947.212213790] [lifecycle_manager_navigation]: [34m[1mActivating controller_server[0m[0m
[controller_server-9] [INFO] [1785620947.212529119] [controller_server]: Activating
[controller_server-9] [INFO] [1785620947.212568811] [local_costmap.local_costmap]: Activating
[controller_server-9] [INFO] [1785620947.212579735] [local_costmap.local_costmap]: Checking transform
[controller_server-9] [INFO] [1785620947.212760976] [local_costmap.local_costmap]: start
[controller_server-9] [INFO] [1785620947.463832900] [controller_server]: Activating controller: FollowPath of type regulated_pure_pursuit_controller::RegulatedPurePursuitController
[controller_server-9] [INFO] [1785620947.463869566] [controller_server]: Creating bond (controller_server) to lifecycle manager.
[lifecycle_manager-19] [INFO] [1785620947.570601485] [lifecycle_manager_navigation]: Server controller_server connected with bond.
[lifecycle_manager-19] [INFO] [1785620947.570641957] [lifecycle_manager_navigation]: [34m[1mActivating smoother_server[0m[0m
[smoother_server-10] [INFO] [1785620947.570975555] [smoother_server]: Activating
[smoother_server-10] [INFO] [1785620947.571033624] [smoother_server]: Activating smoother: constrained of type nav2_constrained_smoother::ConstrainedSmoother
[smoother_server-10] [INFO] [1785620947.571049840] [smoother_server]: Creating bond (smoother_server) to lifecycle manager.
[lifecycle_manager-19] [INFO] [1785620947.676604225] [lifecycle_manager_navigation]: Server smoother_server connected with bond.
[lifecycle_manager-19] [INFO] [1785620947.676679114] [lifecycle_manager_navigation]: [34m[1mActivating planner_server[0m[0m
[planner_server-11] [INFO] [1785620947.677047950] [planner_server]: Activating
[planner_server-11] [INFO] [1785620947.677084975] [global_costmap.global_costmap]: Activating
[planner_server-11] [INFO] [1785620947.677091853] [global_costmap.global_costmap]: Checking transform
[planner_server-11] [INFO] [1785620947.677276531] [global_costmap.global_costmap]: start
[planner_server-11] [INFO] [1785620947.727464745] [planner_server]: Activating plugin Smac2D of type SmacPlanner2D
[planner_server-11] [INFO] [1785620947.727535984] [planner_server]: Activating plugin ThetaStar of type nav2_theta_star_planner
[planner_server-11] [INFO] [1785620947.727550662] [planner_server]: Activating plugin SmacHybrid of type SmacPlannerHybrid
[planner_server-11] [INFO] [1785620947.728554341] [planner_server]: Activating plugin NavFnDijkstra of type NavfnPlanner
[planner_server-11] [INFO] [1785620947.728590673] [planner_server]: Activating plugin NavFnAStar of type NavfnPlanner
[planner_server-11] [INFO] [1785620947.731019580] [planner_server]: Creating bond (planner_server) to lifecycle manager.
[batch_benchmark-5] [INFO] [1785620947.761479252] [planner_geometry_benchmark]: [1/5] NavFnAStar / office_long_diagonal / repetition 1
[lifecycle_manager-19] [INFO] [1785620947.843318326] [lifecycle_manager_navigation]: Server planner_server connected with bond.
[lifecycle_manager-19] [INFO] [1785620947.843379514] [lifecycle_manager_navigation]: [34m[1mActivating route_server[0m[0m
[route_server-12] [INFO] [1785620947.843857995] [route_server]: Activating
[route_server-12] [INFO] [1785620947.844152527] [route_server]: Creating bond (route_server) to lifecycle manager.
[lifecycle_manager-19] [INFO] [1785620947.950678069] [lifecycle_manager_navigation]: Server route_server connected with bond.
[lifecycle_manager-19] [INFO] [1785620947.950730034] [lifecycle_manager_navigation]: [34m[1mActivating behavior_server[0m[0m
[behavior_server-13] [INFO] [1785620947.951126286] [behavior_server]: Activating
[behavior_server-13] [INFO] [1785620947.951159628] [behavior_server]: Activating spin
[behavior_server-13] [INFO] [1785620947.951176429] [behavior_server]: Activating backup
[behavior_server-13] [INFO] [1785620947.951216341] [behavior_server]: Activating drive_on_heading
[behavior_server-13] [INFO] [1785620947.951230212] [behavior_server]: Activating assisted_teleop
[behavior_server-13] [INFO] [1785620947.951242447] [behavior_server]: Activating wait
[behavior_server-13] [INFO] [1785620947.951260609] [behavior_server]: Creating bond (behavior_server) to lifecycle manager.
[lifecycle_manager-19] [INFO] [1785620948.057780507] [lifecycle_manager_navigation]: Server behavior_server connected with bond.
[lifecycle_manager-19] [INFO] [1785620948.057821588] [lifecycle_manager_navigation]: [34m[1mActivating velocity_smoother[0m[0m
[velocity_smoother-16] [INFO] [1785620948.058131673] [velocity_smoother]: Activating
[velocity_smoother-16] [INFO] [1785620948.058178505] [velocity_smoother]: Creating bond (velocity_smoother) to lifecycle manager.
[lifecycle_manager-19] [INFO] [1785620948.164262152] [lifecycle_manager_navigation]: Server velocity_smoother connected with bond.
[lifecycle_manager-19] [INFO] [1785620948.164305070] [lifecycle_manager_navigation]: [34m[1mActivating collision_monitor[0m[0m
[collision_monitor-17] [INFO] [1785620948.164592412] [collision_monitor]: Activating
[collision_monitor-17] [INFO] [1785620948.164629444] [collision_monitor]: Creating bond (collision_monitor) to lifecycle manager.
[lifecycle_manager-19] [INFO] [1785620948.274315980] [lifecycle_manager_navigation]: Server collision_monitor connected with bond.
[lifecycle_manager-19] [INFO] [1785620948.274372780] [lifecycle_manager_navigation]: [34m[1mActivating bt_navigator[0m[0m
[bt_navigator-14] [INFO] [1785620948.274990268] [bt_navigator]: Activating
[bt_navigator-14] [INFO] [1785620948.351429400] [bt_navigator]: Creating bond (bt_navigator) to lifecycle manager.
[smoother_server-10] [INFO] [1785620948.368890180] [smoother_server]: Received a path to smooth.
[smoother_server-10] [INFO] [1785620948.420834747] [smoother_server]: PSTMO: 12 corners, 12 G2, 0 pivots, 0 pass-through, 240 evaluations, 0.051504 s
[lifecycle_manager-19] [INFO] [1785620948.458688237] [lifecycle_manager_navigation]: Server bt_navigator connected with bond.
[lifecycle_manager-19] [INFO] [1785620948.458754287] [lifecycle_manager_navigation]: [34m[1mActivating waypoint_follower[0m[0m
[waypoint_follower-15] [INFO] [1785620948.459233079] [waypoint_follower]: Activating
[waypoint_follower-15] [INFO] [1785620948.459290003] [waypoint_follower]: Creating bond (waypoint_follower) to lifecycle manager.
[lifecycle_manager-19] [INFO] [1785620948.568663258] [lifecycle_manager_navigation]: Server waypoint_follower connected with bond.
[lifecycle_manager-19] [INFO] [1785620948.568711393] [lifecycle_manager_navigation]: [34m[1mActivating docking_server[0m[0m
[opennav_docking-18] [INFO] [1785620948.569299692] [docking_server]: Activating docking_server
[opennav_docking-18] [INFO] [1785620948.589527712] [docking_server]: Creating bond (docking_server) to lifecycle manager.
[lifecycle_manager-19] [INFO] [1785620948.699519534] [lifecycle_manager_navigation]: Server docking_server connected with bond.
[lifecycle_manager-19] [INFO] [1785620948.699556461] [lifecycle_manager_navigation]: [34m[1mManaged nodes are active[0m[0m
[lifecycle_manager-19] [INFO] [1785620948.699562097] [lifecycle_manager_navigation]: [34m[1mCreating bond timer...[0m[0m
[batch_benchmark-5] [INFO] [1785620948.705507359] [planner_geometry_benchmark]: [2/5] NavFnDijkstra / office_long_diagonal / repetition 1
[smoother_server-10] [INFO] [1785620949.286992948] [smoother_server]: Received a path to smooth.
[smoother_server-10] [INFO] [1785620949.323117353] [smoother_server]: PSTMO: 9 corners, 9 G2, 0 pivots, 0 pass-through, 180 evaluations, 0.035963 s
[batch_benchmark-5] [INFO] [1785620949.550105160] [planner_geometry_benchmark]: [3/5] ThetaStar / office_long_diagonal / repetition 1
[smoother_server-10] [INFO] [1785620950.026929383] [smoother_server]: Received a path to smooth.
[smoother_server-10] [INFO] [1785620950.073841363] [smoother_server]: PSTMO: 10 corners, 10 G2, 0 pivots, 0 pass-through, 191 evaluations, 0.046721 s
[batch_benchmark-5] [INFO] [1785620950.275115300] [planner_geometry_benchmark]: [4/5] Smac2D / office_long_diagonal / repetition 1
[smoother_server-10] [INFO] [1785620950.741971728] [smoother_server]: Received a path to smooth.
[smoother_server-10] [INFO] [1785620950.790810686] [smoother_server]: PSTMO: 10 corners, 10 G2, 0 pivots, 0 pass-through, 200 evaluations, 0.048641 s
[batch_benchmark-5] [INFO] [1785620951.034138305] [planner_geometry_benchmark]: [5/5] SmacHybrid / office_long_diagonal / repetition 1
[smoother_server-10] [INFO] [1785620951.473996696] [smoother_server]: Received a path to smooth.
[smoother_server-10] [INFO] [1785620951.516808955] [smoother_server]: PSTMO: 10 corners, 10 G2, 0 pivots, 0 pass-through, 200 evaluations, 0.042629 s
[batch_benchmark-5] [INFO] [1785620951.732914717] [planner_geometry_benchmark]: Wrote 10 rows to /home/linh-pham/agv_nav2_research_ws_bao/results/ablation_pstmo_los_off_padding15_20260802/office_maze.csv
[batch_benchmark-5] [INFO] [1785620951.733271445] [planner_geometry_benchmark]: Wrote aggregate summary to /home/linh-pham/agv_nav2_research_ws_bao/results/ablation_pstmo_los_off_padding15_20260802/office_maze_summary.json
[INFO] [batch_benchmark-5]: process has finished cleanly [pid 109838]
[INFO] [lifecycle_manager-19]: sending signal 'SIGINT' to process[lifecycle_manager-19]
[INFO] [opennav_docking-18]: sending signal 'SIGINT' to process[opennav_docking-18]
[INFO] [collision_monitor-17]: sending signal 'SIGINT' to process[collision_monitor-17]
[INFO] [velocity_smoother-16]: sending signal 'SIGINT' to process[velocity_smoother-16]
[INFO] [waypoint_follower-15]: sending signal 'SIGINT' to process[waypoint_follower-15]
[INFO] [bt_navigator-14]: sending signal 'SIGINT' to process[bt_navigator-14]
[INFO] [behavior_server-13]: sending signal 'SIGINT' to process[behavior_server-13]
[INFO] [route_server-12]: sending signal 'SIGINT' to process[route_server-12]
[INFO] [planner_server-11]: sending signal 'SIGINT' to process[planner_server-11]
[INFO] [smoother_server-10]: sending signal 'SIGINT' to process[smoother_server-10]
[INFO] [controller_server-9]: sending signal 'SIGINT' to process[controller_server-9]
[INFO] [lifecycle_manager-8]: sending signal 'SIGINT' to process[lifecycle_manager-8]
[INFO] [amcl-7]: sending signal 'SIGINT' to process[amcl-7]
[INFO] [map_server-6]: sending signal 'SIGINT' to process[map_server-6]
[INFO] [robot_state_publisher-4]: sending signal 'SIGINT' to process[robot_state_publisher-4]
[INFO] [parameter_bridge-3]: sending signal 'SIGINT' to process[parameter_bridge-3]
[INFO] [gazebo-1]: sending signal 'SIGINT' to process[gazebo-1]
[lifecycle_manager-19] [INFO] [1785620951.991230355] [rclcpp]: signal_handler(SIGINT/SIGTERM)
[lifecycle_manager-19] [INFO] [1785620951.991312876] [lifecycle_manager_navigation]: Running Nav2 LifecycleManager rcl preshutdown (lifecycle_manager_navigation)
[lifecycle_manager-19] [INFO] [1785620951.991344781] [lifecycle_manager_navigation]: [34m[1mTerminating bond timer...[0m[0m
[opennav_docking-18] [INFO] [1785620951.993674140] [rclcpp]: signal_handler(SIGINT/SIGTERM)
[opennav_docking-18] [INFO] [1785620951.993796151] [docking_server]: Running Nav2 LifecycleNode rcl preshutdown (docking_server)
[opennav_docking-18] [INFO] [1785620951.993860942] [docking_server]: Deactivating docking_server
[collision_monitor-17] [INFO] [1785620951.996565510] [rclcpp]: signal_handler(SIGINT/SIGTERM)
[collision_monitor-17] [INFO] [1785620951.996891861] [collision_monitor]: Running Nav2 LifecycleNode rcl preshutdown (collision_monitor)
[collision_monitor-17] [INFO] [1785620951.996984800] [collision_monitor]: Deactivating
[collision_monitor-17] [INFO] [1785620951.997009770] [collision_monitor]: Destroying bond (collision_monitor) to lifecycle manager.
[velocity_smoother-16] [INFO] [1785620951.999466585] [rclcpp]: signal_handler(SIGINT/SIGTERM)
[velocity_smoother-16] [INFO] [1785620951.999659768] [velocity_smoother]: Running Nav2 LifecycleNode rcl preshutdown (velocity_smoother)
[velocity_smoother-16] [INFO] [1785620951.999714836] [velocity_smoother]: Deactivating
[velocity_smoother-16] [INFO] [1785620951.999746170] [velocity_smoother]: Destroying bond (velocity_smoother) to lifecycle manager.
[waypoint_follower-15] [INFO] [1785620952.002914792] [rclcpp]: signal_handler(SIGINT/SIGTERM)
[waypoint_follower-15] [INFO] [1785620952.003056357] [waypoint_follower]: Running Nav2 LifecycleNode rcl preshutdown (waypoint_follower)
[waypoint_follower-15] [INFO] [1785620952.003118195] [waypoint_follower]: Deactivating
[waypoint_follower-15] [INFO] [1785620952.003144362] [waypoint_follower]: Destroying bond (waypoint_follower) to lifecycle manager.
[bt_navigator-14] [INFO] [1785620952.005281216] [rclcpp]: signal_handler(SIGINT/SIGTERM)
[bt_navigator-14] [INFO] [1785620952.005415535] [bt_navigator]: Running Nav2 LifecycleNode rcl preshutdown (bt_navigator)
[bt_navigator-14] [INFO] [1785620952.005484043] [bt_navigator]: Deactivating
[bt_navigator-14] [INFO] [1785620952.005510189] [bt_navigator]: Destroying bond (bt_navigator) to lifecycle manager.
[behavior_server-13] [INFO] [1785620952.007245479] [rclcpp]: signal_handler(SIGINT/SIGTERM)
[behavior_server-13] [INFO] [1785620952.007364670] [behavior_server]: Running Nav2 LifecycleNode rcl preshutdown (behavior_server)
[behavior_server-13] [INFO] [1785620952.007442639] [behavior_server]: Deactivating
[behavior_server-13] [INFO] [1785620952.007480283] [behavior_server]: Destroying bond (behavior_server) to lifecycle manager.
[opennav_docking-18] [INFO] [1785620952.008301950] [docking_server]: Destroying bond (docking_server) to lifecycle manager.
[route_server-12] [INFO] [1785620952.009130132] [rclcpp]: signal_handler(SIGINT/SIGTERM)
[route_server-12] [INFO] [1785620952.009233361] [route_server]: Running Nav2 LifecycleNode rcl preshutdown (route_server)
[route_server-12] [INFO] [1785620952.009287889] [route_server]: Deactivating
[route_server-12] [INFO] [1785620952.009302581] [route_server]: Destroying bond (route_server) to lifecycle manager.
[planner_server-11] [INFO] [1785620952.011091354] [rclcpp]: signal_handler(SIGINT/SIGTERM)
[planner_server-11] [INFO] [1785620952.011151682] [planner_server]: Running Nav2 LifecycleNode rcl preshutdown (planner_server)
[planner_server-11] [INFO] [1785620952.011203961] [planner_server]: Deactivating
[planner_server-11] [INFO] [1785620952.011226119] [global_costmap.global_costmap]: Deactivating
[smoother_server-10] [INFO] [1785620952.013122415] [rclcpp]: signal_handler(SIGINT/SIGTERM)
[smoother_server-10] [INFO] [1785620952.013200643] [smoother_server]: Running Nav2 LifecycleNode rcl preshutdown (smoother_server)
[smoother_server-10] [INFO] [1785620952.013259826] [smoother_server]: Deactivating
[smoother_server-10] [INFO] [1785620952.013287506] [smoother_server]: Deactivating smoother: constrained of type nav2_constrained_smoother::ConstrainedSmoother
[smoother_server-10] [INFO] [1785620952.013297776] [smoother_server]: Destroying bond (smoother_server) to lifecycle manager.
[waypoint_follower-15] [INFO] [1785620952.013511505] [waypoint_follower]: Cleaning up
[bt_navigator-14] [INFO] [1785620952.015826901] [bt_navigator]: Cleaning up
[controller_server-9] [INFO] [1785620952.017065832] [rclcpp]: signal_handler(SIGINT/SIGTERM)
[controller_server-9] [INFO] [1785620952.017292411] [controller_server]: Running Nav2 LifecycleNode rcl preshutdown (controller_server)
[controller_server-9] [INFO] [1785620952.017382736] [controller_server]: Deactivating
[controller_server-9] [INFO] [1785620952.017408479] [controller_server]: Deactivating controller: FollowPath of type regulated_pure_pursuit_controller::RegulatedPurePursuitController
[controller_server-9] [INFO] [1785620952.017434979] [local_costmap.local_costmap]: Deactivating
[lifecycle_manager-8] [INFO] [1785620952.018721637] [rclcpp]: signal_handler(SIGINT/SIGTERM)
[lifecycle_manager-8] [INFO] [1785620952.018842405] [lifecycle_manager_localization]: Running Nav2 LifecycleManager rcl preshutdown (lifecycle_manager_localization)
[lifecycle_manager-8] [INFO] [1785620952.018875591] [lifecycle_manager_localization]: [34m[1mTerminating bond timer...[0m[0m
[opennav_docking-18] [INFO] [1785620952.018808656] [docking_server]: Cleaning up docking_server
[behavior_server-13] [INFO] [1785620952.018886385] [behavior_server]: Cleaning up
[route_server-12] [INFO] [1785620952.020797639] [route_server]: Cleaning up
[amcl-7] [INFO] [1785620952.022885665] [rclcpp]: signal_handler(SIGINT/SIGTERM)
[amcl-7] [INFO] [1785620952.022987005] [amcl]: Running Nav2 LifecycleNode rcl preshutdown (amcl)
[amcl-7] [INFO] [1785620952.023045416] [amcl]: Deactivating
[amcl-7] [INFO] [1785620952.023072617] [amcl]: Destroying bond (amcl) to lifecycle manager.
[smoother_server-10] [INFO] [1785620952.023617945] [smoother_server]: Cleaning up
[smoother_server-10] [INFO] [1785620952.023757752] [smoother_server]: Cleaning up smoother: constrained of type nav2_constrained_smoother::ConstrainedSmoother
[map_server-6] [INFO] [1785620952.024084540] [rclcpp]: signal_handler(SIGINT/SIGTERM)
[map_server-6] [INFO] [1785620952.024175076] [map_server]: Running Nav2 LifecycleNode rcl preshutdown (map_server)
[map_server-6] [INFO] [1785620952.024222531] [map_server]: Deactivating
[map_server-6] [INFO] [1785620952.024236259] [map_server]: Destroying bond (map_server) to lifecycle manager.
[robot_state_publisher-4] [INFO] [1785620952.026312975] [rclcpp]: signal_handler(SIGINT/SIGTERM)
[parameter_bridge-3] [INFO] [1785620952.029246125] [rclcpp]: signal_handler(SIGINT/SIGTERM)
[behavior_server-13] [INFO] [1785620952.029417063] [behavior_server]: Destroying bond (behavior_server) to lifecycle manager.
[map_server-6] [INFO] [1785620952.035273979] [map_server]: Cleaning up
[map_server-6] [INFO] [1785620952.035341655] [map_server]: Destroying bond (map_server) to lifecycle manager.
[amcl-7] [INFO] [1785620952.035933814] [amcl]: Cleaning up
[velocity_smoother-16] [INFO] [1785620952.038894462] [velocity_smoother]: Cleaning up
[velocity_smoother-16] [INFO] [1785620952.038941976] [velocity_smoother]: Destroying bond (velocity_smoother) to lifecycle manager.
[collision_monitor-17] [INFO] [1785620952.039634993] [collision_monitor]: Cleaning up
[collision_monitor-17] [INFO] [1785620952.039665384] [collision_monitor]: [FootprintApproach]: Destroying Polygon
[collision_monitor-17] [INFO] [1785620952.039674165] [collision_monitor]: [scan]: Destroying Scan
[velocity_smoother-16] [INFO] [1785620952.044148966] [velocity_smoother]: Destroying
[collision_monitor-17] [INFO] [1785620952.045404052] [collision_monitor]: Destroying bond (collision_monitor) to lifecycle manager.
[waypoint_follower-15] [INFO] [1785620952.047073412] [waypoint_follower]: Destroying bond (waypoint_follower) to lifecycle manager.
[waypoint_follower-15] [INFO] [1785620952.048364620] [waypoint_follower]: Destroying
[smoother_server-10] [INFO] [1785620952.056666195] [smoother_server]: Destroying bond (smoother_server) to lifecycle manager.
[route_server-12] [INFO] [1785620952.055847502] [route_server]: Destroying bond (route_server) to lifecycle manager.
[lifecycle_manager-8] [INFO] [1785620952.058933315] [lifecycle_manager_localization]: Destroying lifecycle_manager_localization
[map_server-6] [INFO] [1785620952.060428168] [map_server]: Destroying
[amcl-7] [INFO] [1785620952.061565589] [amcl]: Destroying bond (amcl) to lifecycle manager.
[opennav_docking-18] [INFO] [1785620952.066955092] [docking_server]: Destroying bond (docking_server) to lifecycle manager.
[route_server-12] [INFO] [1785620952.071356965] [route_server]: Destroying
[collision_monitor-17] [INFO] [1785620952.073527898] [collision_monitor]: Destroying
[opennav_docking-18] [INFO] [1785620952.075728453] [docking_server]: Destroying
[smoother_server-10] [INFO] [1785620952.079675295] [smoother_server]: Destroying
[amcl-7] [INFO] [1785620952.089084350] [amcl]: Destroying
[behavior_server-13] [INFO] [1785620952.106422424] [behavior_server]: Destroying
[bt_navigator-14] [INFO] [1785620952.134001391] [bt_navigator]: Completed Cleaning up
[bt_navigator-14] [INFO] [1785620952.134045330] [bt_navigator]: Destroying bond (bt_navigator) to lifecycle manager.
[bt_navigator-14] [INFO] [1785620952.137549470] [bt_navigator]: Destroying
[lifecycle_manager-19] [INFO] [1785620952.162392092] [lifecycle_manager_navigation]: Destroying lifecycle_manager_navigation
[INFO] [parameter_bridge-3]: process has finished cleanly [pid 109835]
[INFO] [robot_state_publisher-4]: process has finished cleanly [pid 109836]
[INFO] [velocity_smoother-16]: process has finished cleanly [pid 110031]
[INFO] [lifecycle_manager-8]: process has finished cleanly [pid 110021]
[INFO] [opennav_docking-18]: process has finished cleanly [pid 110039]
[controller_server-9] [INFO] [1785620952.213088475] [controller_server]: Destroying bond (controller_server) to lifecycle manager.
[INFO] [waypoint_follower-15]: process has finished cleanly [pid 110030]
[INFO] [route_server-12]: process has finished cleanly [pid 110025]
[INFO] [amcl-7]: process has finished cleanly [pid 110020]
[controller_server-9] [INFO] [1785620952.223642073] [controller_server]: Cleaning up
[controller_server-9] [INFO] [1785620952.223721058] [controller_server]: Cleaning up controller: FollowPath of type regulated_pure_pursuit_controller::RegulatedPurePursuitController
[controller_server-9] [INFO] [1785620952.223860074] [local_costmap.local_costmap]: Cleaning up
[INFO] [collision_monitor-17]: process has finished cleanly [pid 110034]
[INFO] [map_server-6]: process has finished cleanly [pid 110019]
[INFO] [smoother_server-10]: process has finished cleanly [pid 110023]
[INFO] [behavior_server-13]: process has finished cleanly [pid 110026]
[controller_server-9] [INFO] [1785620952.242840106] [controller_server]: Destroying bond (controller_server) to lifecycle manager.
[controller_server-9] [INFO] [1785620952.246011236] [local_costmap.local_costmap]: Destroying
[controller_server-9] [INFO] [1785620952.249364848] [controller_server]: Destroying
[INFO] [bt_navigator-14]: process has finished cleanly [pid 110027]
[INFO] [lifecycle_manager-19]: process has finished cleanly [pid 110040]
[INFO] [controller_server-9]: process has finished cleanly [pid 110022]
[planner_server-11] [INFO] [1785620952.677541867] [planner_server]: Deactivating plugin Smac2D of type SmacPlanner2D
[planner_server-11] [INFO] [1785620952.677588361] [planner_server]: Deactivating plugin ThetaStar of type nav2_theta_star_planner
[planner_server-11] [INFO] [1785620952.677597957] [planner_server]: Deactivating plugin SmacHybrid of type SmacPlannerHybrid
[planner_server-11] [INFO] [1785620952.677606636] [planner_server]: Deactivating plugin NavFnDijkstra of type NavfnPlanner
[planner_server-11] [INFO] [1785620952.677613744] [planner_server]: Deactivating plugin NavFnAStar of type NavfnPlanner
[planner_server-11] [INFO] [1785620952.677625972] [planner_server]: Destroying bond (planner_server) to lifecycle manager.
[planner_server-11] [INFO] [1785620952.687827957] [planner_server]: Cleaning up
[planner_server-11] [INFO] [1785620952.693617075] [global_costmap.global_costmap]: Cleaning up
[planner_server-11] [INFO] [1785620952.696811478] [planner_server]: Cleaning up plugin Smac2D of type SmacPlanner2D
[planner_server-11] [INFO] [1785620952.697731656] [planner_server]: CleaningUp plugin ThetaStar of type nav2_theta_star_planner
[planner_server-11] [INFO] [1785620952.697866879] [planner_server]: Cleaning up plugin SmacHybrid of type SmacPlannerHybrid
[planner_server-11] [INFO] [1785620952.698712772] [planner_server]: Cleaning up plugin NavFnDijkstra of type NavfnPlanner
[planner_server-11] [INFO] [1785620952.699136613] [planner_server]: Cleaning up plugin NavFnAStar of type NavfnPlanner
[planner_server-11] [INFO] [1785620952.699168409] [planner_server]: Destroying plugin Smac2D of type SmacPlanner2D
[planner_server-11] [INFO] [1785620952.699204093] [planner_server]: Destroying plugin SmacHybrid of type SmacPlannerHybrid
[planner_server-11] [INFO] [1785620952.699230965] [planner_server]: Destroying plugin NavFnDijkstra of type NavfnPlanner
[planner_server-11] [INFO] [1785620952.699244267] [planner_server]: Destroying plugin NavFnAStar of type NavfnPlanner
[planner_server-11] [INFO] [1785620952.703735537] [planner_server]: Destroying bond (planner_server) to lifecycle manager.
[planner_server-11] [INFO] [1785620952.706325279] [global_costmap.global_costmap]: Destroying
[planner_server-11] [INFO] [1785620952.708531315] [planner_server]: Destroying
[INFO] [planner_server-11]: process has finished cleanly [pid 110024]
[ERROR] [gazebo-1]: process[gazebo-1] failed to terminate '5' seconds after receiving 'SIGINT', escalating to 'SIGTERM'
[INFO] [gazebo-1]: sending signal 'SIGTERM' to process[gazebo-1]
[ERROR] [gazebo-1]: process has died [pid 109833, exit code -15, cmd 'ruby /opt/ros/jazzy/opt/gz_tools_vendor/bin/gz sim -r -s -v 3 --initial-sim-time 0.0 /home/linh-pham/agv_nav2_research_ws_bao/install/vacuum_robot_gazebo/share/vacuum_robot_gazebo/worlds/office_maze.sdf --force-version 8'].
