[INFO] [launch]: All log files can be found below /home/linh-pham/.ros/log/2026-08-02-04-49-30-697730-linh-pham-LOQ-15IAX9-111061
[INFO] [launch]: Default logging verbosity is set to INFO
[INFO] [gazebo-1]: process started with pid [111110]
[INFO] [create-2]: process started with pid [111111]
[INFO] [parameter_bridge-3]: process started with pid [111112]
[INFO] [robot_state_publisher-4]: process started with pid [111114]
[INFO] [batch_benchmark-5]: process started with pid [111115]
[robot_state_publisher-4] [INFO] [1785620971.269324562] [robot_state_publisher]: Robot initialized
[gazebo-1] [1;32m[Msg] [0m[1;32mGazebo Sim Server v[0m[1;32m8.11.0[0m[1;32m[0m
[gazebo-1] [1;32m[Msg] [0m[1;32mLoading SDF world file[[0m[1;32m/home/linh-pham/agv_nav2_research_ws_bao/install/vacuum_robot_gazebo/share/vacuum_robot_gazebo/worlds/warehouse_cross_aisles.sdf[0m[1;32m].[0m
[gazebo-1] [1;32m[Msg] [0m[1;32mServing entity system service on [[0m[1;32m/[0m[1;32mentity/system/add[0m[1;32m][0m[1;32m[0m
[gazebo-1] [1;32m[Msg] [0m[1;32mCreate[0m[1;32m service on [[0m[1;32m/world/warehouse_cross_aisles/create_multiple[0m[1;32m] (async)[0m[1;32m[0m
[gazebo-1] [1;32m[Msg] [0m[1;32mCreate[0m[1;32m service on [[0m[1;32m/world/warehouse_cross_aisles/create_multiple/blocking[0m[1;32m] (blocking)[0m[1;32m[0m
[gazebo-1] [1;32m[Msg] [0m[1;32mRemove[0m[1;32m service on [[0m[1;32m/world/warehouse_cross_aisles/remove[0m[1;32m] (async)[0m[1;32m[0m
[gazebo-1] [1;32m[Msg] [0m[1;32mRemove[0m[1;32m service on [[0m[1;32m/world/warehouse_cross_aisles/remove/blocking[0m[1;32m] (blocking)[0m[1;32m[0m
[gazebo-1] [1;32m[Msg] [0m[1;32mPose[0m[1;32m service on [[0m[1;32m/world/warehouse_cross_aisles/set_pose[0m[1;32m] (async)[0m[1;32m[0m
[gazebo-1] [1;32m[Msg] [0m[1;32mPose[0m[1;32m service on [[0m[1;32m/world/warehouse_cross_aisles/set_pose/blocking[0m[1;32m] (blocking)[0m[1;32m[0m
[gazebo-1] [1;32m[Msg] [0m[1;32mPose[0m[1;32m service on [[0m[1;32m/world/warehouse_cross_aisles/set_pose_vector[0m[1;32m] (async)[0m[1;32m[0m
[gazebo-1] [1;32m[Msg] [0m[1;32mPose[0m[1;32m service on [[0m[1;32m/world/warehouse_cross_aisles/set_pose_vector/blocking[0m[1;32m] (blocking)[0m[1;32m[0m
[gazebo-1] [1;32m[Msg] [0m[1;32mLight configuration[0m[1;32m service on [[0m[1;32m/world/warehouse_cross_aisles/light_config[0m[1;32m] (async)[0m[1;32m[0m
[gazebo-1] [1;32m[Msg] [0m[1;32mLight configuration[0m[1;32m service on [[0m[1;32m/world/warehouse_cross_aisles/light_config/blocking[0m[1;32m] (blocking)[0m[1;32m[0m
[gazebo-1] [1;32m[Msg] [0m[1;32mPhysics[0m[1;32m service on [[0m[1;32m/world/warehouse_cross_aisles/set_physics[0m[1;32m] (async)[0m[1;32m[0m
[gazebo-1] [1;32m[Msg] [0m[1;32mPhysics[0m[1;32m service on [[0m[1;32m/world/warehouse_cross_aisles/set_physics/blocking[0m[1;32m] (blocking)[0m[1;32m[0m
[gazebo-1] [1;32m[Msg] [0m[1;32mSphericalCoordinates[0m[1;32m service on [[0m[1;32m/world/warehouse_cross_aisles/set_spherical_coordinates[0m[1;32m] (async)[0m[1;32m[0m
[gazebo-1] [1;32m[Msg] [0m[1;32mSphericalCoordinates[0m[1;32m service on [[0m[1;32m/world/warehouse_cross_aisles/set_spherical_coordinates/blocking[0m[1;32m] (blocking)[0m[1;32m[0m
[gazebo-1] [1;32m[Msg] [0m[1;32mEnable collision[0m[1;32m service on [[0m[1;32m/world/warehouse_cross_aisles/enable_collision[0m[1;32m] (async)[0m[1;32m[0m
[gazebo-1] [1;32m[Msg] [0m[1;32mEnable collision[0m[1;32m service on [[0m[1;32m/world/warehouse_cross_aisles/enable_collision/blocking[0m[1;32m] (blocking)[0m[1;32m[0m
[gazebo-1] [1;32m[Msg] [0m[1;32mDisable collision[0m[1;32m service on [[0m[1;32m/world/warehouse_cross_aisles/disable_collision[0m[1;32m] (async)[0m[1;32m[0m
[gazebo-1] [1;32m[Msg] [0m[1;32mDisable collision[0m[1;32m service on [[0m[1;32m/world/warehouse_cross_aisles/disable_collision/blocking[0m[1;32m] (blocking)[0m[1;32m[0m
[gazebo-1] [1;32m[Msg] [0m[1;32mMaterial[0m[1;32m service on [[0m[1;32m/world/warehouse_cross_aisles/visual_config[0m[1;32m] (async)[0m[1;32m[0m
[gazebo-1] [1;32m[Msg] [0m[1;32mMaterial[0m[1;32m service on [[0m[1;32m/world/warehouse_cross_aisles/visual_config/blocking[0m[1;32m] (blocking)[0m[1;32m[0m
[gazebo-1] [1;32m[Msg] [0m[1;32mMaterial[0m[1;32m service on [[0m[1;32m/world/warehouse_cross_aisles/wheel_slip[0m[1;32m] (async)[0m[1;32m[0m
[gazebo-1] [1;32m[Msg] [0m[1;32mMaterial[0m[1;32m service on [[0m[1;32m/world/warehouse_cross_aisles/wheel_slip/blocking[0m[1;32m] (blocking)[0m[1;32m[0m
[gazebo-1] [1;32m[Msg] [0m[1;32mLoaded level [[0m[1;32mdefault[0m[1;32m][0m[1;32m[0m
[create-2] [INFO] [1785620971.717543709] [spawn_vacuum_robot]: Entity creation successful.
[INFO] [create-2]: process has finished cleanly [pid 111111]
[parameter_bridge-3] [INFO] [1785620972.282673429] [ros_gz_bridge]: Creating GZ->ROS Bridge: [/clock (gz.msgs.Clock) -> /clock (rosgraph_msgs/msg/Clock)] (Lazy 0)
[parameter_bridge-3] [INFO] [1785620972.328083153] [ros_gz_bridge]: Creating GZ->ROS Bridge: [/joint_states (gz.msgs.Model) -> /joint_states (sensor_msgs/msg/JointState)] (Lazy 0)
[parameter_bridge-3] [INFO] [1785620972.332851654] [ros_gz_bridge]: Creating GZ->ROS Bridge: [/odom (gz.msgs.Odometry) -> /odom (nav_msgs/msg/Odometry)] (Lazy 0)
[parameter_bridge-3] [INFO] [1785620972.335090310] [ros_gz_bridge]: Creating GZ->ROS Bridge: [/tf (gz.msgs.Pose_V) -> /tf (tf2_msgs/msg/TFMessage)] (Lazy 0)
[parameter_bridge-3] [INFO] [1785620972.337071806] [ros_gz_bridge]: Creating GZ->ROS Bridge: [/scan (gz.msgs.LaserScan) -> /scan (sensor_msgs/msg/LaserScan)] (Lazy 0)
[parameter_bridge-3] [INFO] [1785620972.337566081] [ros_gz_bridge]: Creating GZ->ROS Bridge: [/imu/data (gz.msgs.IMU) -> /imu/data (sensor_msgs/msg/Imu)] (Lazy 0)
[parameter_bridge-3] [INFO] [1785620972.337950039] [ros_gz_bridge]: Creating ROS->GZ Bridge: [/cmd_vel (geometry_msgs/msg/Twist) -> /cmd_vel (gz.msgs.Twist)] (Lazy 0)
[parameter_bridge-3] [INFO] [1785620972.338590239] [ros_gz_bridge]: Creating GZ->ROS Bridge: [/ground_truth/odom (gz.msgs.Odometry) -> /ground_truth/odom (nav_msgs/msg/Odometry)] (Lazy 0)
[gazebo-1] [1;32m[Msg] [0m[1;32mServing world controls on [[0m[1;32m/world/warehouse_cross_aisles[0m[1;32m/control], [[0m[1;32m/world/warehouse_cross_aisles[0m[1;32m/control/state] and [[0m[1;32m/world/warehouse_cross_aisles[0m[1;32m/playback/control][0m[1;32m[0m
[gazebo-1] [1;32m[Msg] [0m[1;32mServing GUI information on [[0m[1;32m/world/warehouse_cross_aisles[0m[1;32m/[0m[1;32mgui/info[0m[1;32m][0m[1;32m[0m
[gazebo-1] [1;32m[Msg] [0m[1;32mWorld [[0m[1;32mwarehouse_cross_aisles[0m[1;32m] initialized with [[0m[1;32mresearch_physics[0m[1;32m] physics profile.[0m[1;32m[0m
[gazebo-1] [1;32m[Msg] [0m[1;32mServing world SDF generation service on [[0m[1;32m/world/warehouse_cross_aisles[0m[1;32m/[0m[1;32mgenerate_world_sdf[0m[1;32m][0m[1;32m[0m
[gazebo-1] [1;32m[Msg] [0m[1;32mServing world names on [[0m[1;32m/gazebo/worlds[0m[1;32m][0m[1;32m[0m
[gazebo-1] [1;32m[Msg] [0m[1;32mResource path add service on [[0m[1;32m/gazebo/resource_paths/add[0m[1;32m].[0m[1;32m[0m
[gazebo-1] [1;32m[Msg] [0m[1;32mResource path get service on [[0m[1;32m/gazebo/resource_paths/get[0m[1;32m].[0m[1;32m[0m
[gazebo-1] [1;32m[Msg] [0m[1;32mResource path resolve service on [[0m[1;32m/gazebo/resource_paths/resolve[0m[1;32m].[0m[1;32m[0m
[gazebo-1] [1;32m[Msg] [0m[1;32mResource paths published on [[0m[1;32m/gazebo/resource_paths[0m[1;32m].[0m[1;32m[0m
[gazebo-1] [1;32m[Msg] [0m[1;32mServer control service on [[0m[1;32m/server_control[0m[1;32m].[0m[1;32m[0m
[gazebo-1] [1;32m[Msg] [0m[1;32mFound no publishers on /stats, adding root stats topic[0m[1;32m[0m
[gazebo-1] [1;32m[Msg] [0m[1;32mFound no publishers on /clock, adding root clock topic[0m[1;32m[0m
[gazebo-1] [1;33mWarning [Utils.cc:132][0m [/sdf/model[@name="vacuum_robot"]/link[@name="base_link"]/sensor[@name="rplidar_a1m8"]/gz_frame_id:/home/linh-pham/agv_nav2_research_ws_bao/install/vacuum_robot_gazebo/share/vacuum_robot_gazebo/models/vacuum_robot/model.sdf:L107]: XML Element[gz_frame_id], child of element[sensor], not defined in SDF. Copying[gz_frame_id] as children of [sensor].
[gazebo-1] [1;33mWarning [Utils.cc:132][0m [/sdf/model[@name="vacuum_robot"]/link[@name="base_link"]/sensor[@name="bno055_imu"]/gz_frame_id:/home/linh-pham/agv_nav2_research_ws_bao/install/vacuum_robot_gazebo/share/vacuum_robot_gazebo/models/vacuum_robot/model.sdf:L128]: XML Element[gz_frame_id], child of element[sensor], not defined in SDF. Copying[gz_frame_id] as children of [sensor].
[gazebo-1] libEGL warning: pci id for fd 63: 10de:25ec, driver (null)
[gazebo-1] 
[gazebo-1] pci id for fd 64: 10de:25ec, driver (null)
[gazebo-1] pci id for fd 65: 10de:25ec, driver (null)
[gazebo-1] libEGL warning: egl: failed to create dri2 screen
[gazebo-1] libEGL warning: pci id for fd 63: 10de:25ec, driver (null)
[gazebo-1] 
[gazebo-1] pci id for fd 64: 10de:25ec, driver (null)
[gazebo-1] pci id for fd 65: 10de:25ec, driver (null)
[gazebo-1] libEGL warning: egl: failed to create dri2 screen
[gazebo-1] libEGL warning: pci id for fd 63: 10de:25ec, driver (null)
[gazebo-1] 
[INFO] [map_server-6]: process started with pid [111447]
[INFO] [amcl-7]: process started with pid [111448]
[INFO] [lifecycle_manager-8]: process started with pid [111449]
[INFO] [controller_server-9]: process started with pid [111450]
[INFO] [smoother_server-10]: process started with pid [111451]
[INFO] [planner_server-11]: process started with pid [111452]
[INFO] [route_server-12]: process started with pid [111453]
[INFO] [behavior_server-13]: process started with pid [111456]
[INFO] [bt_navigator-14]: process started with pid [111459]
[INFO] [waypoint_follower-15]: process started with pid [111462]
[INFO] [velocity_smoother-16]: process started with pid [111463]
[INFO] [collision_monitor-17]: process started with pid [111464]
[INFO] [opennav_docking-18]: process started with pid [111467]
[INFO] [lifecycle_manager-19]: process started with pid [111470]
[controller_server-9] [INFO] [1785620974.323645128] [controller_server]: 
[controller_server-9] 	controller_server lifecycle node launched. 
[controller_server-9] 	Waiting on external lifecycle transitions to activate
[controller_server-9] 	See https://design.ros2.org/articles/node_lifecycle.html for more information.
[controller_server-9] [INFO] [1785620974.326599487] [controller_server]: Creating controller server
[velocity_smoother-16] [INFO] [1785620974.339987497] [velocity_smoother]: 
[velocity_smoother-16] 	velocity_smoother lifecycle node launched. 
[velocity_smoother-16] 	Waiting on external lifecycle transitions to activate
[velocity_smoother-16] 	See https://design.ros2.org/articles/node_lifecycle.html for more information.
[controller_server-9] [INFO] [1785620974.340384041] [local_costmap.local_costmap]: 
[controller_server-9] 	local_costmap lifecycle node launched. 
[controller_server-9] 	Waiting on external lifecycle transitions to activate
[controller_server-9] 	See https://design.ros2.org/articles/node_lifecycle.html for more information.
[controller_server-9] [INFO] [1785620974.340724956] [local_costmap.local_costmap]: Creating Costmap
[planner_server-11] [INFO] [1785620974.361142525] [planner_server]: 
[planner_server-11] 	planner_server lifecycle node launched. 
[planner_server-11] 	Waiting on external lifecycle transitions to activate
[planner_server-11] 	See https://design.ros2.org/articles/node_lifecycle.html for more information.
[planner_server-11] [INFO] [1785620974.363981261] [planner_server]: Creating
[route_server-12] [INFO] [1785620974.364499101] [route_server]: 
[route_server-12] 	route_server lifecycle node launched. 
[route_server-12] 	Waiting on external lifecycle transitions to activate
[route_server-12] 	See https://design.ros2.org/articles/node_lifecycle.html for more information.
[planner_server-11] [INFO] [1785620974.373421786] [global_costmap.global_costmap]: 
[planner_server-11] 	global_costmap lifecycle node launched. 
[planner_server-11] 	Waiting on external lifecycle transitions to activate
[planner_server-11] 	See https://design.ros2.org/articles/node_lifecycle.html for more information.
[waypoint_follower-15] [INFO] [1785620974.373737239] [waypoint_follower]: 
[waypoint_follower-15] 	waypoint_follower lifecycle node launched. 
[waypoint_follower-15] 	Waiting on external lifecycle transitions to activate
[waypoint_follower-15] 	See https://design.ros2.org/articles/node_lifecycle.html for more information.
[planner_server-11] [INFO] [1785620974.373801534] [global_costmap.global_costmap]: Creating Costmap
[waypoint_follower-15] [INFO] [1785620974.374074601] [waypoint_follower]: Creating
[opennav_docking-18] [INFO] [1785620974.390843509] [docking_server]: 
[opennav_docking-18] 	docking_server lifecycle node launched. 
[opennav_docking-18] 	Waiting on external lifecycle transitions to activate
[opennav_docking-18] 	See https://design.ros2.org/articles/node_lifecycle.html for more information.
[opennav_docking-18] [INFO] [1785620974.391608141] [docking_server]: Creating docking_server
[lifecycle_manager-8] [INFO] [1785620974.396681586] [lifecycle_manager_localization]: Creating
[lifecycle_manager-8] [INFO] [1785620974.401510893] [lifecycle_manager_localization]: [34m[1mCreating and initializing lifecycle service clients[0m[0m
[amcl-7] [INFO] [1785620974.403072753] [amcl]: 
[amcl-7] 	amcl lifecycle node launched. 
[amcl-7] 	Waiting on external lifecycle transitions to activate
[amcl-7] 	See https://design.ros2.org/articles/node_lifecycle.html for more information.
[amcl-7] [INFO] [1785620974.403531333] [amcl]: Creating
[map_server-6] [INFO] [1785620974.414048682] [map_server]: 
[map_server-6] 	map_server lifecycle node launched. 
[map_server-6] 	Waiting on external lifecycle transitions to activate
[map_server-6] 	See https://design.ros2.org/articles/node_lifecycle.html for more information.
[map_server-6] [INFO] [1785620974.414201753] [map_server]: Creating
[behavior_server-13] [INFO] [1785620974.425910443] [behavior_server]: 
[behavior_server-13] 	behavior_server lifecycle node launched. 
[behavior_server-13] 	Waiting on external lifecycle transitions to activate
[behavior_server-13] 	See https://design.ros2.org/articles/node_lifecycle.html for more information.
[lifecycle_manager-19] [INFO] [1785620974.428974197] [lifecycle_manager_navigation]: Creating
[lifecycle_manager-19] [INFO] [1785620974.435436250] [lifecycle_manager_navigation]: [34m[1mCreating and initializing lifecycle service clients[0m[0m
[smoother_server-10] [INFO] [1785620974.456116134] [smoother_server]: 
[smoother_server-10] 	smoother_server lifecycle node launched. 
[smoother_server-10] 	Waiting on external lifecycle transitions to activate
[smoother_server-10] 	See https://design.ros2.org/articles/node_lifecycle.html for more information.
[bt_navigator-14] [INFO] [1785620974.459470809] [bt_navigator]: 
[bt_navigator-14] 	bt_navigator lifecycle node launched. 
[bt_navigator-14] 	Waiting on external lifecycle transitions to activate
[bt_navigator-14] 	See https://design.ros2.org/articles/node_lifecycle.html for more information.
[bt_navigator-14] [INFO] [1785620974.460919803] [bt_navigator]: Creating
[smoother_server-10] [INFO] [1785620974.467171028] [smoother_server]: Creating smoother server
[collision_monitor-17] [INFO] [1785620974.479859167] [collision_monitor]: 
[collision_monitor-17] 	collision_monitor lifecycle node launched. 
[collision_monitor-17] 	Waiting on external lifecycle transitions to activate
[collision_monitor-17] 	See https://design.ros2.org/articles/node_lifecycle.html for more information.
[lifecycle_manager-8] [INFO] [1785620974.532648331] [lifecycle_manager_localization]: [34m[1mStarting managed nodes bringup...[0m[0m
[lifecycle_manager-8] [INFO] [1785620974.532703270] [lifecycle_manager_localization]: [34m[1mConfiguring map_server[0m[0m
[map_server-6] [INFO] [1785620974.533519434] [map_server]: Configuring
[map_server-6] [INFO] [1785620974.533606439] [map_io]: Loading yaml file: /home/linh-pham/agv_nav2_research_ws_bao/install/vacuum_robot_gazebo/share/vacuum_robot_gazebo/maps/warehouse_cross_aisles.yaml
[map_server-6] [INFO] [1785620974.533920277] [map_io]: resolution: 0.05
[map_server-6] [INFO] [1785620974.533934427] [map_io]: origin[0]: -6
[map_server-6] [INFO] [1785620974.533941572] [map_io]: origin[1]: -4
[map_server-6] [INFO] [1785620974.533946267] [map_io]: origin[2]: 0
[map_server-6] [INFO] [1785620974.533951103] [map_io]: free_thresh: 0.25
[map_server-6] [INFO] [1785620974.533956375] [map_io]: occupied_thresh: 0.65
[map_server-6] [INFO] [1785620974.533962894] [map_io]: mode: trinary
[map_server-6] [INFO] [1785620974.533968793] [map_io]: negate: 0
[map_server-6] [INFO] [1785620974.534218820] [map_io]: Loading image_file: /home/linh-pham/agv_nav2_research_ws_bao/install/vacuum_robot_gazebo/share/vacuum_robot_gazebo/maps/warehouse_cross_aisles.pgm
[map_server-6] [INFO] [1785620974.535329647] [map_io]: Read map /home/linh-pham/agv_nav2_research_ws_bao/install/vacuum_robot_gazebo/share/vacuum_robot_gazebo/maps/warehouse_cross_aisles.pgm: 240 X 160 map @ 0.05 m/cell
[lifecycle_manager-8] [INFO] [1785620974.545701164] [lifecycle_manager_localization]: [34m[1mConfiguring amcl[0m[0m
[amcl-7] [INFO] [1785620974.546003860] [amcl]: Configuring
[amcl-7] [INFO] [1785620974.546073075] [amcl]: initTransforms
[amcl-7] [INFO] [1785620974.558554442] [amcl]: initPubSub
[amcl-7] [INFO] [1785620974.570115355] [amcl]: Subscribed to map topic.
[lifecycle_manager-8] [INFO] [1785620974.581195325] [lifecycle_manager_localization]: [34m[1mActivating map_server[0m[0m
[map_server-6] [INFO] [1785620974.583156732] [map_server]: Activating
[map_server-6] [INFO] [1785620974.583395116] [map_server]: Creating bond (map_server) to lifecycle manager.
[amcl-7] [INFO] [1785620974.583944629] [amcl]: Received a 240 X 160 map @ 0.050 m/pix
[lifecycle_manager-8] [INFO] [1785620974.694677535] [lifecycle_manager_localization]: Server map_server connected with bond.
[lifecycle_manager-8] [INFO] [1785620974.694729793] [lifecycle_manager_localization]: [34m[1mActivating amcl[0m[0m
[amcl-7] [INFO] [1785620974.695382452] [amcl]: Activating
[amcl-7] [INFO] [1785620974.695439291] [amcl]: initialPoseReceived
[amcl-7] [INFO] [1785620974.695571430] [amcl]: Setting pose (0.732000): -5.000 0.000 0.000
[lifecycle_manager-19] [INFO] [1785620974.695581310] [lifecycle_manager_navigation]: [34m[1mStarting managed nodes bringup...[0m[0m
[lifecycle_manager-19] [INFO] [1785620974.695623765] [lifecycle_manager_navigation]: [34m[1mConfiguring controller_server[0m[0m
[controller_server-9] [INFO] [1785620974.696051485] [controller_server]: Configuring controller interface
[controller_server-9] [INFO] [1785620974.696082157] [controller_server]: getting progress checker plugins..
[controller_server-9] [INFO] [1785620974.696318557] [controller_server]: getting goal checker plugins..
[controller_server-9] [INFO] [1785620974.696406445] [controller_server]: Controller frequency set to 20.0000Hz
[controller_server-9] [INFO] [1785620974.696457153] [local_costmap.local_costmap]: Configuring
[amcl-7] [INFO] [1785620974.696714860] [amcl]: Creating bond (amcl) to lifecycle manager.
[controller_server-9] [INFO] [1785620974.710703296] [local_costmap.local_costmap]: Using plugin "voxel_layer"
[controller_server-9] [INFO] [1785620974.714509086] [local_costmap.local_costmap]: Subscribed to Topics: scan
[amcl-7] [INFO] [1785620974.719299287] [amcl]: createLaserObject
[controller_server-9] [INFO] [1785620974.728341068] [local_costmap.local_costmap]: Initialized plugin "voxel_layer"
[controller_server-9] [INFO] [1785620974.728386941] [local_costmap.local_costmap]: Using plugin "inflation_layer"
[controller_server-9] [INFO] [1785620974.730267913] [local_costmap.local_costmap]: Initialized plugin "inflation_layer"
[controller_server-9] [INFO] [1785620974.762621059] [controller_server]: Created progress_checker : progress_checker of type nav2_controller::PoseProgressChecker
[controller_server-9] [INFO] [1785620974.764629550] [controller_server]: Controller Server has progress_checker  progress checkers available.
[controller_server-9] [INFO] [1785620974.765923295] [controller_server]: Created goal checker : general_goal_checker of type nav2_controller::SimpleGoalChecker
[controller_server-9] [INFO] [1785620974.767037770] [controller_server]: Controller Server has general_goal_checker  goal checkers available.
[controller_server-9] [INFO] [1785620974.769248981] [controller_server]: Created controller : FollowPath of type nav2_regulated_pure_pursuit_controller::RegulatedPurePursuitController
[controller_server-9] [INFO] [1785620974.778257746] [controller_server]: Controller Server has FollowPath  controllers available.
[lifecycle_manager-19] [INFO] [1785620974.793521416] [lifecycle_manager_navigation]: [34m[1mConfiguring smoother_server[0m[0m
[smoother_server-10] [INFO] [1785620974.794325930] [smoother_server]: Configuring smoother server
[lifecycle_manager-8] [INFO] [1785620974.807578965] [lifecycle_manager_localization]: Server amcl connected with bond.
[lifecycle_manager-8] [INFO] [1785620974.807632977] [lifecycle_manager_localization]: [34m[1mManaged nodes are active[0m[0m
[lifecycle_manager-8] [INFO] [1785620974.807641412] [lifecycle_manager_localization]: [34m[1mCreating bond timer...[0m[0m
[smoother_server-10] [INFO] [1785620974.812285949] [smoother_server]: Created smoother : simple_smoother of type nav2_smoother::SimpleSmoother
[smoother_server-10] [INFO] [1785620974.813910562] [smoother_server]: Created smoother : savitzky_golay of type nav2_smoother::SavitzkyGolaySmoother
[smoother_server-10] [INFO] [1785620974.818429482] [smoother_server]: Created smoother : constrained of type nav2_constrained_smoother/ConstrainedSmoother
[smoother_server-10] [INFO] [1785620974.821357221] [smoother_server]: Created smoother : pstmo of type adaptive_pivot_g2_nav2/AdaptivePivotG2Smoother
[smoother_server-10] [INFO] [1785620974.823999892] [smoother_server]: Configured PSTMO smoother 'pstmo' with adaptive radius search
[smoother_server-10] [INFO] [1785620974.824610202] [smoother_server]: Created smoother : adaptive_hybrid of type adaptive_pivot_g2_nav2/SafetyGatedHybridSmoother
[smoother_server-10] [INFO] [1785620974.828877553] [smoother_server]: Configured PSTMO smoother 'adaptive_hybrid.pivot' with adaptive radius search
[smoother_server-10] [INFO] [1785620974.829615058] [smoother_server]: Configured safety-gated hybrid smoother as 'adaptive_hybrid'
[smoother_server-10] [INFO] [1785620974.829653684] [smoother_server]: Smoother Server has simple_smoother savitzky_golay constrained pstmo adaptive_hybrid  smoothers available.
[lifecycle_manager-19] [INFO] [1785620974.838124635] [lifecycle_manager_navigation]: [34m[1mConfiguring planner_server[0m[0m
[planner_server-11] [INFO] [1785620974.838349773] [planner_server]: Configuring
[planner_server-11] [INFO] [1785620974.838380383] [global_costmap.global_costmap]: Configuring
[planner_server-11] [INFO] [1785620974.848376640] [global_costmap.global_costmap]: Using plugin "static_layer"
[planner_server-11] [INFO] [1785620974.851376506] [global_costmap.global_costmap]: Subscribing to the map topic (/map) with transient local durability
[planner_server-11] [INFO] [1785620974.853086295] [global_costmap.global_costmap]: Initialized plugin "static_layer"
[planner_server-11] [INFO] [1785620974.853121158] [global_costmap.global_costmap]: Using plugin "inflation_layer"
[planner_server-11] [INFO] [1785620974.853966912] [global_costmap.global_costmap]: Initialized plugin "inflation_layer"
[planner_server-11] [INFO] [1785620974.883169052] [global_costmap.global_costmap]: StaticLayer: Resizing costmap to 240 X 160 at 0.050000 m/pix
[planner_server-11] [INFO] [1785620974.884773716] [planner_server]: Created global planner plugin NavFnAStar of type nav2_navfn_planner::NavfnPlanner
[planner_server-11] [INFO] [1785620974.884829953] [planner_server]: Configuring plugin NavFnAStar of type NavfnPlanner
[planner_server-11] [INFO] [1785620974.886000713] [planner_server]: Created global planner plugin NavFnDijkstra of type nav2_navfn_planner::NavfnPlanner
[planner_server-11] [INFO] [1785620974.886035055] [planner_server]: Configuring plugin NavFnDijkstra of type NavfnPlanner
[planner_server-11] [INFO] [1785620974.887254596] [planner_server]: Created global planner plugin ThetaStar of type nav2_theta_star_planner::ThetaStarPlanner
[planner_server-11] [INFO] [1785620974.892309729] [planner_server]: Created global planner plugin Smac2D of type nav2_smac_planner::SmacPlanner2D
[planner_server-11] [INFO] [1785620974.892350126] [planner_server]: Configuring Smac2D of type SmacPlanner2D
[planner_server-11] [INFO] [1785620974.894393705] [planner_server]: Configured plugin Smac2D of type SmacPlanner2D with tolerance 0.10, maximum iterations 1000000, max on approach iterations 1000, and not allowing unknown traversal.
[planner_server-11] [INFO] [1785620974.896795820] [planner_server]: Created global planner plugin SmacHybrid of type nav2_smac_planner::SmacPlannerHybrid
[planner_server-11] [INFO] [1785620974.896856135] [planner_server]: Configuring SmacHybrid of type SmacPlannerHybrid
[planner_server-11] [INFO] [1785620974.899960575] [planner_server]: Even sized heuristic lookup table size set 160.000000, increasing size by 1 to make odd
[planner_server-11] [INFO] [1785620975.127245364] [planner_server]: Configured plugin SmacHybrid of type SmacPlannerHybrid with maximum iterations 1000000, max on approach iterations 1000, and not allowing unknown traversal. Tolerance 0.10.Using motion model: Dubin.
[planner_server-11] [INFO] [1785620975.127288469] [planner_server]: Planner Server has NavFnAStar NavFnDijkstra ThetaStar Smac2D SmacHybrid  planners available.
[lifecycle_manager-19] [INFO] [1785620975.139358322] [lifecycle_manager_navigation]: [34m[1mConfiguring route_server[0m[0m
[route_server-12] [INFO] [1785620975.139717106] [route_server]: Configuring
[route_server-12] [INFO] [1785620975.171755403] [route_server]: Created GraphFileLoader GeoJsonGraphFileLoader of type nav2_route::GeoJsonGraphFileLoader
[route_server-12] [INFO] [1785620975.171799995] [route_server]: Configuring geojson graph file loader
[route_server-12] [INFO] [1785620975.171808047] [route_server]: No graph file provided to load yet.
[route_server-12] [INFO] [1785620975.174476564] [route_server]: Created edge cost function plugin DistanceScorer of type nav2_route::DistanceScorer
[route_server-12] [INFO] [1785620975.174535061] [route_server]: Configuring distance scorer.
[route_server-12] [INFO] [1785620975.174955587] [route_server]: Created edge cost function plugin CostmapScorer of type nav2_route::CostmapScorer
[route_server-12] [INFO] [1785620975.174983295] [route_server]: Configuring costmap scorer.
[route_server-12] [INFO] [1785620975.177414515] [route_server]: Created route operation ReroutingService of type nav2_route::ReroutingService
[route_server-12] [INFO] [1785620975.177466228] [route_server]: Configuring Rerouting service operation.
[route_server-12] [INFO] [1785620975.179523838] [route_server]: Created route operation CollisionMonitor of type nav2_route::CollisionMonitor
[route_server-12] [INFO] [1785620975.179652926] [route_server]: Using costmap topic: local_costmap/costmap_raw instead of server costmap topic: global_costmap/costmap_raw for CollisionMonitor.
[lifecycle_manager-19] [INFO] [1785620975.184815872] [lifecycle_manager_navigation]: [34m[1mConfiguring behavior_server[0m[0m
[behavior_server-13] [INFO] [1785620975.185125902] [behavior_server]: Configuring
[behavior_server-13] [INFO] [1785620975.191923900] [behavior_server]: Creating behavior plugin spin of type nav2_behaviors::Spin
[behavior_server-13] [INFO] [1785620975.193627659] [behavior_server]: Creating behavior plugin backup of type nav2_behaviors::BackUp
[behavior_server-13] [INFO] [1785620975.195300806] [behavior_server]: Creating behavior plugin drive_on_heading of type nav2_behaviors::DriveOnHeading
[behavior_server-13] [INFO] [1785620975.197650168] [behavior_server]: Creating behavior plugin assisted_teleop of type nav2_behaviors::AssistedTeleop
[behavior_server-13] [INFO] [1785620975.200019633] [behavior_server]: Creating behavior plugin wait of type nav2_behaviors::Wait
[behavior_server-13] [INFO] [1785620975.208113056] [behavior_server]: Configuring spin
[behavior_server-13] [INFO] [1785620975.218261516] [behavior_server]: Configuring backup
[behavior_server-13] [INFO] [1785620975.224391891] [behavior_server]: Configuring drive_on_heading
[behavior_server-13] [INFO] [1785620975.229868809] [behavior_server]: Configuring assisted_teleop
[behavior_server-13] [INFO] [1785620975.239218517] [behavior_server]: Configuring wait
[lifecycle_manager-19] [INFO] [1785620975.247213833] [lifecycle_manager_navigation]: [34m[1mConfiguring velocity_smoother[0m[0m
[velocity_smoother-16] [INFO] [1785620975.247491997] [velocity_smoother]: Configuring velocity smoother
[lifecycle_manager-19] [INFO] [1785620975.254343351] [lifecycle_manager_navigation]: [34m[1mConfiguring collision_monitor[0m[0m
[collision_monitor-17] [INFO] [1785620975.254608792] [collision_monitor]: Configuring
[collision_monitor-17] [INFO] [1785620975.260154739] [collision_monitor]: [scan]: Creating Scan
[collision_monitor-17] [INFO] [1785620975.262558390] [collision_monitor]: [FootprintApproach]: Creating Polygon
[collision_monitor-17] [INFO] [1785620975.262695935] [collision_monitor]: [FootprintApproach]: Polygon points are not defined. Using dynamic subscription instead.
[collision_monitor-17] [INFO] [1785620975.263025635] [collision_monitor]: [FootprintApproach]: Making footprint subscriber on /local_costmap/published_footprint topic
[lifecycle_manager-19] [INFO] [1785620975.275824319] [lifecycle_manager_navigation]: [34m[1mConfiguring bt_navigator[0m[0m
[bt_navigator-14] [INFO] [1785620975.276080849] [bt_navigator]: Configuring
[bt_navigator-14] [INFO] [1785620975.284998059] [bt_navigator]: Creating navigator id navigate_to_pose of type nav2_bt_navigator::NavigateToPoseNavigator
[bt_navigator-14] [INFO] [1785620975.362434314] [bt_navigator]: Creating navigator id navigate_through_poses of type nav2_bt_navigator::NavigateThroughPosesNavigator
[lifecycle_manager-19] [INFO] [1785620975.400536493] [lifecycle_manager_navigation]: [34m[1mConfiguring waypoint_follower[0m[0m
[waypoint_follower-15] [INFO] [1785620975.400868459] [waypoint_follower]: Configuring
[waypoint_follower-15] [INFO] [1785620975.436233443] [waypoint_follower]: Created waypoint_task_executor : wait_at_waypoint of type nav2_waypoint_follower::WaitAtWaypoint
[lifecycle_manager-19] [INFO] [1785620975.437591937] [lifecycle_manager_navigation]: [34m[1mConfiguring docking_server[0m[0m
[opennav_docking-18] [INFO] [1785620975.437966865] [docking_server]: Configuring docking_server
[opennav_docking-18] [INFO] [1785620975.438006804] [docking_server]: Controller frequency set to 50.0000Hz
[opennav_docking-18] [INFO] [1785620975.471337348] [docking_server]: Created charging dock plugin simple_charging_dock of type opennav_docking::SimpleChargingDock
[opennav_docking-18] [WARN] [1785620975.476803572] [docking_server]: Dock database filepath nor dock parameters set. Docking actions can only be executed specifying the dock pose via the action request. Or update the dock database via the reload_database service.
[opennav_docking-18] [INFO] [1785620975.476838829] [docking_server]: Docking Server has 1 dock types and 0 dock instances available.
[lifecycle_manager-19] [INFO] [1785620975.479151491] [lifecycle_manager_navigation]: [34m[1mActivating controller_server[0m[0m
[controller_server-9] [INFO] [1785620975.479444603] [controller_server]: Activating
[controller_server-9] [INFO] [1785620975.479490962] [local_costmap.local_costmap]: Activating
[controller_server-9] [INFO] [1785620975.479503200] [local_costmap.local_costmap]: Checking transform
[controller_server-9] [INFO] [1785620975.479690886] [local_costmap.local_costmap]: start
[controller_server-9] [INFO] [1785620975.681618958] [controller_server]: Activating controller: FollowPath of type regulated_pure_pursuit_controller::RegulatedPurePursuitController
[controller_server-9] [INFO] [1785620975.681690799] [controller_server]: Creating bond (controller_server) to lifecycle manager.
[lifecycle_manager-19] [INFO] [1785620975.789440386] [lifecycle_manager_navigation]: Server controller_server connected with bond.
[lifecycle_manager-19] [INFO] [1785620975.789493079] [lifecycle_manager_navigation]: [34m[1mActivating smoother_server[0m[0m
[smoother_server-10] [INFO] [1785620975.790625804] [smoother_server]: Activating
[smoother_server-10] [INFO] [1785620975.790757711] [smoother_server]: Activating smoother: constrained of type nav2_constrained_smoother::ConstrainedSmoother
[smoother_server-10] [INFO] [1785620975.790778984] [smoother_server]: Creating bond (smoother_server) to lifecycle manager.
[lifecycle_manager-19] [INFO] [1785620975.901581055] [lifecycle_manager_navigation]: Server smoother_server connected with bond.
[lifecycle_manager-19] [INFO] [1785620975.901631378] [lifecycle_manager_navigation]: [34m[1mActivating planner_server[0m[0m
[planner_server-11] [INFO] [1785620975.902005069] [planner_server]: Activating
[planner_server-11] [INFO] [1785620975.902033537] [global_costmap.global_costmap]: Activating
[planner_server-11] [INFO] [1785620975.902039015] [global_costmap.global_costmap]: Checking transform
[planner_server-11] [INFO] [1785620975.902166173] [global_costmap.global_costmap]: start
[planner_server-11] [INFO] [1785620975.952346663] [planner_server]: Activating plugin Smac2D of type SmacPlanner2D
[planner_server-11] [INFO] [1785620975.952410097] [planner_server]: Activating plugin ThetaStar of type nav2_theta_star_planner
[planner_server-11] [INFO] [1785620975.952425838] [planner_server]: Activating plugin SmacHybrid of type SmacPlannerHybrid
[planner_server-11] [INFO] [1785620975.954361033] [planner_server]: Activating plugin NavFnDijkstra of type NavfnPlanner
[planner_server-11] [INFO] [1785620975.954410871] [planner_server]: Activating plugin NavFnAStar of type NavfnPlanner
[planner_server-11] [INFO] [1785620975.956985601] [planner_server]: Creating bond (planner_server) to lifecycle manager.
[batch_benchmark-5] [INFO] [1785620975.989871934] [planner_geometry_benchmark]: [1/5] NavFnAStar / cross_aisle_transfer / repetition 1
[lifecycle_manager-19] [INFO] [1785620976.069546551] [lifecycle_manager_navigation]: Server planner_server connected with bond.
[lifecycle_manager-19] [INFO] [1785620976.069596524] [lifecycle_manager_navigation]: [34m[1mActivating route_server[0m[0m
[route_server-12] [INFO] [1785620976.069927146] [route_server]: Activating
[route_server-12] [INFO] [1785620976.070048838] [route_server]: Creating bond (route_server) to lifecycle manager.
[lifecycle_manager-19] [INFO] [1785620976.177212601] [lifecycle_manager_navigation]: Server route_server connected with bond.
[lifecycle_manager-19] [INFO] [1785620976.177260594] [lifecycle_manager_navigation]: [34m[1mActivating behavior_server[0m[0m
[behavior_server-13] [INFO] [1785620976.177684784] [behavior_server]: Activating
[behavior_server-13] [INFO] [1785620976.177709396] [behavior_server]: Activating spin
[behavior_server-13] [INFO] [1785620976.177717837] [behavior_server]: Activating backup
[behavior_server-13] [INFO] [1785620976.177723279] [behavior_server]: Activating drive_on_heading
[behavior_server-13] [INFO] [1785620976.177728699] [behavior_server]: Activating assisted_teleop
[behavior_server-13] [INFO] [1785620976.177734089] [behavior_server]: Activating wait
[behavior_server-13] [INFO] [1785620976.177743128] [behavior_server]: Creating bond (behavior_server) to lifecycle manager.
[smoother_server-10] [INFO] [1785620976.273810231] [smoother_server]: Received a path to smooth.
[lifecycle_manager-19] [INFO] [1785620976.284252210] [lifecycle_manager_navigation]: Server behavior_server connected with bond.
[lifecycle_manager-19] [INFO] [1785620976.284298859] [lifecycle_manager_navigation]: [34m[1mActivating velocity_smoother[0m[0m
[velocity_smoother-16] [INFO] [1785620976.284658451] [velocity_smoother]: Activating
[velocity_smoother-16] [INFO] [1785620976.284730096] [velocity_smoother]: Creating bond (velocity_smoother) to lifecycle manager.
[smoother_server-10] [INFO] [1785620976.307045310] [smoother_server]: PSTMO: 6 corners, 6 G2, 0 pivots, 0 pass-through, 120 evaluations, 0.032895 s
[lifecycle_manager-19] [INFO] [1785620976.393066577] [lifecycle_manager_navigation]: Server velocity_smoother connected with bond.
[lifecycle_manager-19] [INFO] [1785620976.393108031] [lifecycle_manager_navigation]: [34m[1mActivating collision_monitor[0m[0m
[collision_monitor-17] [INFO] [1785620976.393413271] [collision_monitor]: Activating
[collision_monitor-17] [INFO] [1785620976.393455756] [collision_monitor]: Creating bond (collision_monitor) to lifecycle manager.
[batch_benchmark-5] [INFO] [1785620976.451688757] [planner_geometry_benchmark]: [2/5] NavFnDijkstra / cross_aisle_transfer / repetition 1
[lifecycle_manager-19] [INFO] [1785620976.500223843] [lifecycle_manager_navigation]: Server collision_monitor connected with bond.
[lifecycle_manager-19] [INFO] [1785620976.500291472] [lifecycle_manager_navigation]: [34m[1mActivating bt_navigator[0m[0m
[bt_navigator-14] [INFO] [1785620976.501124900] [bt_navigator]: Activating
[bt_navigator-14] [INFO] [1785620976.586942929] [bt_navigator]: Creating bond (bt_navigator) to lifecycle manager.
[lifecycle_manager-19] [INFO] [1785620976.694536794] [lifecycle_manager_navigation]: Server bt_navigator connected with bond.
[lifecycle_manager-19] [INFO] [1785620976.694604969] [lifecycle_manager_navigation]: [34m[1mActivating waypoint_follower[0m[0m
[waypoint_follower-15] [INFO] [1785620976.694949345] [waypoint_follower]: Activating
[waypoint_follower-15] [INFO] [1785620976.694986967] [waypoint_follower]: Creating bond (waypoint_follower) to lifecycle manager.
[lifecycle_manager-19] [INFO] [1785620976.807542075] [lifecycle_manager_navigation]: Server waypoint_follower connected with bond.
[lifecycle_manager-19] [INFO] [1785620976.807599301] [lifecycle_manager_navigation]: [34m[1mActivating docking_server[0m[0m
[opennav_docking-18] [INFO] [1785620976.808390890] [docking_server]: Activating docking_server
[smoother_server-10] [INFO] [1785620976.810375580] [smoother_server]: Received a path to smooth.
[opennav_docking-18] [INFO] [1785620976.826765531] [docking_server]: Creating bond (docking_server) to lifecycle manager.
[smoother_server-10] [INFO] [1785620976.832142946] [smoother_server]: PSTMO: 3 corners, 3 G2, 0 pivots, 0 pass-through, 60 evaluations, 0.021572 s
[lifecycle_manager-19] [INFO] [1785620976.937912740] [lifecycle_manager_navigation]: Server docking_server connected with bond.
[lifecycle_manager-19] [INFO] [1785620976.937964643] [lifecycle_manager_navigation]: [34m[1mManaged nodes are active[0m[0m
[lifecycle_manager-19] [INFO] [1785620976.937971575] [lifecycle_manager_navigation]: [34m[1mCreating bond timer...[0m[0m
[batch_benchmark-5] [INFO] [1785620976.959098714] [planner_geometry_benchmark]: [3/5] ThetaStar / cross_aisle_transfer / repetition 1
[smoother_server-10] [INFO] [1785620977.231392893] [smoother_server]: Received a path to smooth.
[smoother_server-10] [INFO] [1785620977.252149109] [smoother_server]: PSTMO: 4 corners, 4 G2, 0 pivots, 0 pass-through, 80 evaluations, 0.020534 s
[batch_benchmark-5] [INFO] [1785620977.375135133] [planner_geometry_benchmark]: [4/5] Smac2D / cross_aisle_transfer / repetition 1
[smoother_server-10] [INFO] [1785620977.647388756] [smoother_server]: Received a path to smooth.
[smoother_server-10] [INFO] [1785620977.680098264] [smoother_server]: PSTMO: 6 corners, 5 G2, 1 pivots, 0 pass-through, 120 evaluations, 0.032537 s
[batch_benchmark-5] [INFO] [1785620977.827569614] [planner_geometry_benchmark]: [5/5] SmacHybrid / cross_aisle_transfer / repetition 1
[smoother_server-10] [INFO] [1785620978.028593568] [smoother_server]: Received a path to smooth.
[smoother_server-10] [INFO] [1785620978.049310648] [smoother_server]: PSTMO: 5 corners, 5 G2, 0 pivots, 0 pass-through, 100 evaluations, 0.020543 s
[batch_benchmark-5] [INFO] [1785620978.167849667] [planner_geometry_benchmark]: Wrote 10 rows to /home/linh-pham/agv_nav2_research_ws_bao/results/ablation_pstmo_los_off_padding15_20260802/warehouse_cross_aisles.csv
[batch_benchmark-5] [INFO] [1785620978.168261137] [planner_geometry_benchmark]: Wrote aggregate summary to /home/linh-pham/agv_nav2_research_ws_bao/results/ablation_pstmo_los_off_padding15_20260802/warehouse_cross_aisles_summary.json
[INFO] [batch_benchmark-5]: process has finished cleanly [pid 111115]
[INFO] [lifecycle_manager-19]: sending signal 'SIGINT' to process[lifecycle_manager-19]
[INFO] [opennav_docking-18]: sending signal 'SIGINT' to process[opennav_docking-18]
[INFO] [collision_monitor-17]: sending signal 'SIGINT' to process[collision_monitor-17]
[INFO] [velocity_smoother-16]: sending signal 'SIGINT' to process[velocity_smoother-16]
[INFO] [waypoint_follower-15]: sending signal 'SIGINT' to process[waypoint_follower-15]
[INFO] [bt_navigator-14]: sending signal 'SIGINT' to process[bt_navigator-14]
[INFO] [behavior_server-13]: sending signal 'SIGINT' to process[behavior_server-13]
[INFO] [route_server-12]: sending signal 'SIGINT' to process[route_server-12]
[INFO] [planner_server-11]: sending signal 'SIGINT' to process[planner_server-11]
[INFO] [smoother_server-10]: sending signal 'SIGINT' to process[smoother_server-10]
[INFO] [controller_server-9]: sending signal 'SIGINT' to process[controller_server-9]
[INFO] [lifecycle_manager-8]: sending signal 'SIGINT' to process[lifecycle_manager-8]
[INFO] [amcl-7]: sending signal 'SIGINT' to process[amcl-7]
[INFO] [map_server-6]: sending signal 'SIGINT' to process[map_server-6]
[INFO] [robot_state_publisher-4]: sending signal 'SIGINT' to process[robot_state_publisher-4]
[INFO] [parameter_bridge-3]: sending signal 'SIGINT' to process[parameter_bridge-3]
[INFO] [gazebo-1]: sending signal 'SIGINT' to process[gazebo-1]
[lifecycle_manager-19] [INFO] [1785620978.422388419] [rclcpp]: signal_handler(SIGINT/SIGTERM)
[lifecycle_manager-19] [INFO] [1785620978.422488144] [lifecycle_manager_navigation]: Running Nav2 LifecycleManager rcl preshutdown (lifecycle_manager_navigation)
[lifecycle_manager-19] [INFO] [1785620978.422528609] [lifecycle_manager_navigation]: [34m[1mTerminating bond timer...[0m[0m
[opennav_docking-18] [INFO] [1785620978.425767896] [rclcpp]: signal_handler(SIGINT/SIGTERM)
[opennav_docking-18] [INFO] [1785620978.425887591] [docking_server]: Running Nav2 LifecycleNode rcl preshutdown (docking_server)
[opennav_docking-18] [INFO] [1785620978.425957111] [docking_server]: Deactivating docking_server
[collision_monitor-17] [INFO] [1785620978.429046758] [rclcpp]: signal_handler(SIGINT/SIGTERM)
[collision_monitor-17] [INFO] [1785620978.429150199] [collision_monitor]: Running Nav2 LifecycleNode rcl preshutdown (collision_monitor)
[collision_monitor-17] [INFO] [1785620978.429216331] [collision_monitor]: Deactivating
[collision_monitor-17] [INFO] [1785620978.429232198] [collision_monitor]: Destroying bond (collision_monitor) to lifecycle manager.
[velocity_smoother-16] [INFO] [1785620978.431433116] [rclcpp]: signal_handler(SIGINT/SIGTERM)
[velocity_smoother-16] [INFO] [1785620978.431546678] [velocity_smoother]: Running Nav2 LifecycleNode rcl preshutdown (velocity_smoother)
[velocity_smoother-16] [INFO] [1785620978.431974706] [velocity_smoother]: Deactivating
[velocity_smoother-16] [INFO] [1785620978.432000833] [velocity_smoother]: Destroying bond (velocity_smoother) to lifecycle manager.
[waypoint_follower-15] [INFO] [1785620978.433194147] [rclcpp]: signal_handler(SIGINT/SIGTERM)
[waypoint_follower-15] [INFO] [1785620978.433315075] [waypoint_follower]: Running Nav2 LifecycleNode rcl preshutdown (waypoint_follower)
[waypoint_follower-15] [INFO] [1785620978.433391089] [waypoint_follower]: Deactivating
[waypoint_follower-15] [INFO] [1785620978.433416486] [waypoint_follower]: Destroying bond (waypoint_follower) to lifecycle manager.
[bt_navigator-14] [INFO] [1785620978.435390967] [rclcpp]: signal_handler(SIGINT/SIGTERM)
[bt_navigator-14] [INFO] [1785620978.435534348] [bt_navigator]: Running Nav2 LifecycleNode rcl preshutdown (bt_navigator)
[bt_navigator-14] [INFO] [1785620978.435607327] [bt_navigator]: Deactivating
[bt_navigator-14] [INFO] [1785620978.435643095] [bt_navigator]: Destroying bond (bt_navigator) to lifecycle manager.
[behavior_server-13] [INFO] [1785620978.437575909] [rclcpp]: signal_handler(SIGINT/SIGTERM)
[behavior_server-13] [INFO] [1785620978.437692211] [behavior_server]: Running Nav2 LifecycleNode rcl preshutdown (behavior_server)
[behavior_server-13] [INFO] [1785620978.437757910] [behavior_server]: Deactivating
[behavior_server-13] [INFO] [1785620978.437793796] [behavior_server]: Destroying bond (behavior_server) to lifecycle manager.
[collision_monitor-17] [INFO] [1785620978.439695883] [collision_monitor]: Cleaning up
[collision_monitor-17] [INFO] [1785620978.439754206] [collision_monitor]: [FootprintApproach]: Destroying Polygon
[collision_monitor-17] [INFO] [1785620978.439767519] [collision_monitor]: [scan]: Destroying Scan
[route_server-12] [INFO] [1785620978.440250664] [rclcpp]: signal_handler(SIGINT/SIGTERM)
[route_server-12] [INFO] [1785620978.440384989] [route_server]: Running Nav2 LifecycleNode rcl preshutdown (route_server)
[route_server-12] [INFO] [1785620978.440459698] [route_server]: Deactivating
[route_server-12] [INFO] [1785620978.440485478] [route_server]: Destroying bond (route_server) to lifecycle manager.
[planner_server-11] [INFO] [1785620978.442203076] [rclcpp]: signal_handler(SIGINT/SIGTERM)
[planner_server-11] [INFO] [1785620978.442313267] [planner_server]: Running Nav2 LifecycleNode rcl preshutdown (planner_server)
[planner_server-11] [INFO] [1785620978.442372955] [planner_server]: Deactivating
[planner_server-11] [INFO] [1785620978.442398196] [global_costmap.global_costmap]: Deactivating
[velocity_smoother-16] [INFO] [1785620978.442731670] [velocity_smoother]: Cleaning up
[velocity_smoother-16] [INFO] [1785620978.442781795] [velocity_smoother]: Destroying bond (velocity_smoother) to lifecycle manager.
[waypoint_follower-15] [INFO] [1785620978.443747171] [waypoint_follower]: Cleaning up
[bt_navigator-14] [INFO] [1785620978.446278147] [bt_navigator]: Cleaning up
[velocity_smoother-16] [INFO] [1785620978.447103323] [velocity_smoother]: Destroying
[controller_server-9] [INFO] [1785620978.447208620] [rclcpp]: signal_handler(SIGINT/SIGTERM)
[controller_server-9] [INFO] [1785620978.447309844] [controller_server]: Running Nav2 LifecycleNode rcl preshutdown (controller_server)
[controller_server-9] [INFO] [1785620978.447355700] [controller_server]: Deactivating
[controller_server-9] [INFO] [1785620978.447368727] [controller_server]: Deactivating controller: FollowPath of type regulated_pure_pursuit_controller::RegulatedPurePursuitController
[controller_server-9] [INFO] [1785620978.447387657] [local_costmap.local_costmap]: Deactivating
[smoother_server-10] [INFO] [1785620978.447226500] [rclcpp]: signal_handler(SIGINT/SIGTERM)
[smoother_server-10] [INFO] [1785620978.447281150] [smoother_server]: Running Nav2 LifecycleNode rcl preshutdown (smoother_server)
[smoother_server-10] [INFO] [1785620978.447351863] [smoother_server]: Deactivating
[smoother_server-10] [INFO] [1785620978.447381961] [smoother_server]: Deactivating smoother: constrained of type nav2_constrained_smoother::ConstrainedSmoother
[smoother_server-10] [INFO] [1785620978.447392649] [smoother_server]: Destroying bond (smoother_server) to lifecycle manager.
[behavior_server-13] [INFO] [1785620978.448319001] [behavior_server]: Cleaning up
[opennav_docking-18] [INFO] [1785620978.448914587] [docking_server]: Destroying bond (docking_server) to lifecycle manager.
[lifecycle_manager-8] [INFO] [1785620978.450295842] [rclcpp]: signal_handler(SIGINT/SIGTERM)
[lifecycle_manager-8] [INFO] [1785620978.450425713] [lifecycle_manager_localization]: Running Nav2 LifecycleManager rcl preshutdown (lifecycle_manager_localization)
[lifecycle_manager-8] [INFO] [1785620978.450466622] [lifecycle_manager_localization]: [34m[1mTerminating bond timer...[0m[0m
[route_server-12] [INFO] [1785620978.450906629] [route_server]: Cleaning up
[amcl-7] [INFO] [1785620978.451493011] [rclcpp]: signal_handler(SIGINT/SIGTERM)
[amcl-7] [INFO] [1785620978.451563125] [amcl]: Running Nav2 LifecycleNode rcl preshutdown (amcl)
[amcl-7] [INFO] [1785620978.451611012] [amcl]: Deactivating
[amcl-7] [INFO] [1785620978.451628984] [amcl]: Destroying bond (amcl) to lifecycle manager.
[map_server-6] [INFO] [1785620978.454006769] [rclcpp]: signal_handler(SIGINT/SIGTERM)
[map_server-6] [INFO] [1785620978.454135770] [map_server]: Running Nav2 LifecycleNode rcl preshutdown (map_server)
[map_server-6] [INFO] [1785620978.454221846] [map_server]: Deactivating
[map_server-6] [INFO] [1785620978.454237003] [map_server]: Destroying bond (map_server) to lifecycle manager.
[smoother_server-10] [INFO] [1785620978.457795995] [smoother_server]: Cleaning up
[smoother_server-10] [INFO] [1785620978.457916326] [smoother_server]: Cleaning up smoother: constrained of type nav2_constrained_smoother::ConstrainedSmoother
[robot_state_publisher-4] [INFO] [1785620978.458113859] [rclcpp]: signal_handler(SIGINT/SIGTERM)
[parameter_bridge-3] [INFO] [1785620978.458874880] [rclcpp]: signal_handler(SIGINT/SIGTERM)
[collision_monitor-17] [INFO] [1785620978.459942411] [collision_monitor]: Destroying bond (collision_monitor) to lifecycle manager.
[opennav_docking-18] [INFO] [1785620978.461936984] [docking_server]: Cleaning up docking_server
[amcl-7] [INFO] [1785620978.462100803] [amcl]: Cleaning up
[smoother_server-10] [INFO] [1785620978.464167717] [smoother_server]: Destroying bond (smoother_server) to lifecycle manager.
[map_server-6] [INFO] [1785620978.465205663] [map_server]: Cleaning up
[map_server-6] [INFO] [1785620978.465262823] [map_server]: Destroying bond (map_server) to lifecycle manager.
[collision_monitor-17] [INFO] [1785620978.473516196] [collision_monitor]: Destroying
[amcl-7] [INFO] [1785620978.476918402] [amcl]: Destroying bond (amcl) to lifecycle manager.
[opennav_docking-18] [INFO] [1785620978.479001311] [docking_server]: Destroying bond (docking_server) to lifecycle manager.
[controller_server-9] [INFO] [1785620978.482196100] [controller_server]: Destroying bond (controller_server) to lifecycle manager.
[smoother_server-10] [INFO] [1785620978.483353114] [smoother_server]: Destroying
[behavior_server-13] [INFO] [1785620978.485220255] [behavior_server]: Destroying bond (behavior_server) to lifecycle manager.
[map_server-6] [INFO] [1785620978.488637517] [map_server]: Destroying
[controller_server-9] [INFO] [1785620978.502672178] [controller_server]: Cleaning up
[controller_server-9] [INFO] [1785620978.502727185] [controller_server]: Cleaning up controller: FollowPath of type regulated_pure_pursuit_controller::RegulatedPurePursuitController
[controller_server-9] [INFO] [1785620978.502814635] [local_costmap.local_costmap]: Cleaning up
[amcl-7] [INFO] [1785620978.506866444] [amcl]: Destroying
[waypoint_follower-15] [INFO] [1785620978.509133409] [waypoint_follower]: Destroying bond (waypoint_follower) to lifecycle manager.
[route_server-12] [INFO] [1785620978.511685445] [route_server]: Destroying bond (route_server) to lifecycle manager.
[waypoint_follower-15] [INFO] [1785620978.515964863] [waypoint_follower]: Destroying
[lifecycle_manager-8] [INFO] [1785620978.518954398] [lifecycle_manager_localization]: Destroying lifecycle_manager_localization
[opennav_docking-18] [INFO] [1785620978.521458845] [docking_server]: Destroying
[route_server-12] [INFO] [1785620978.550795150] [route_server]: Destroying
[behavior_server-13] [INFO] [1785620978.553813511] [behavior_server]: Destroying
[controller_server-9] [INFO] [1785620978.571514256] [controller_server]: Destroying bond (controller_server) to lifecycle manager.
[controller_server-9] [INFO] [1785620978.574354912] [local_costmap.local_costmap]: Destroying
[controller_server-9] [INFO] [1785620978.579953898] [controller_server]: Destroying
[lifecycle_manager-19] [INFO] [1785620978.592011842] [lifecycle_manager_navigation]: Destroying lifecycle_manager_navigation
[bt_navigator-14] [INFO] [1785620978.597827638] [bt_navigator]: Completed Cleaning up
[bt_navigator-14] [INFO] [1785620978.597890179] [bt_navigator]: Destroying bond (bt_navigator) to lifecycle manager.
[INFO] [velocity_smoother-16]: process has finished cleanly [pid 111463]
[bt_navigator-14] [INFO] [1785620978.603013229] [bt_navigator]: Destroying
[INFO] [parameter_bridge-3]: process has finished cleanly [pid 111112]
[INFO] [collision_monitor-17]: process has finished cleanly [pid 111464]
[INFO] [smoother_server-10]: process has finished cleanly [pid 111451]
[INFO] [map_server-6]: process has finished cleanly [pid 111447]
[INFO] [waypoint_follower-15]: process has finished cleanly [pid 111462]
[INFO] [lifecycle_manager-8]: process has finished cleanly [pid 111449]
[INFO] [robot_state_publisher-4]: process has finished cleanly [pid 111114]
[INFO] [opennav_docking-18]: process has finished cleanly [pid 111467]
[INFO] [route_server-12]: process has finished cleanly [pid 111453]
[INFO] [amcl-7]: process has finished cleanly [pid 111448]
[INFO] [behavior_server-13]: process has finished cleanly [pid 111456]
[INFO] [controller_server-9]: process has finished cleanly [pid 111450]
[INFO] [lifecycle_manager-19]: process has finished cleanly [pid 111470]
[INFO] [bt_navigator-14]: process has finished cleanly [pid 111459]
[planner_server-11] [INFO] [1785620978.903222851] [planner_server]: Deactivating plugin Smac2D of type SmacPlanner2D
[planner_server-11] [INFO] [1785620978.903288508] [planner_server]: Deactivating plugin ThetaStar of type nav2_theta_star_planner
[planner_server-11] [INFO] [1785620978.903299669] [planner_server]: Deactivating plugin SmacHybrid of type SmacPlannerHybrid
[planner_server-11] [INFO] [1785620978.903310855] [planner_server]: Deactivating plugin NavFnDijkstra of type NavfnPlanner
[planner_server-11] [INFO] [1785620978.903319847] [planner_server]: Deactivating plugin NavFnAStar of type NavfnPlanner
[planner_server-11] [INFO] [1785620978.903335878] [planner_server]: Destroying bond (planner_server) to lifecycle manager.
[planner_server-11] [INFO] [1785620978.913586302] [planner_server]: Cleaning up
[planner_server-11] [INFO] [1785620978.921276839] [global_costmap.global_costmap]: Cleaning up
[planner_server-11] [INFO] [1785620978.923057337] [planner_server]: Cleaning up plugin Smac2D of type SmacPlanner2D
[planner_server-11] [INFO] [1785620978.923522618] [planner_server]: CleaningUp plugin ThetaStar of type nav2_theta_star_planner
[planner_server-11] [INFO] [1785620978.923586086] [planner_server]: Cleaning up plugin SmacHybrid of type SmacPlannerHybrid
[planner_server-11] [INFO] [1785620978.923962404] [planner_server]: Cleaning up plugin NavFnDijkstra of type NavfnPlanner
[planner_server-11] [INFO] [1785620978.924277022] [planner_server]: Cleaning up plugin NavFnAStar of type NavfnPlanner
[planner_server-11] [INFO] [1785620978.924304396] [planner_server]: Destroying plugin Smac2D of type SmacPlanner2D
[planner_server-11] [INFO] [1785620978.924321911] [planner_server]: Destroying plugin SmacHybrid of type SmacPlannerHybrid
[planner_server-11] [INFO] [1785620978.924334755] [planner_server]: Destroying plugin NavFnDijkstra of type NavfnPlanner
[planner_server-11] [INFO] [1785620978.924339908] [planner_server]: Destroying plugin NavFnAStar of type NavfnPlanner
[planner_server-11] [INFO] [1785620978.929208222] [planner_server]: Destroying bond (planner_server) to lifecycle manager.
[planner_server-11] [INFO] [1785620978.931630216] [global_costmap.global_costmap]: Destroying
[planner_server-11] [INFO] [1785620978.934693741] [planner_server]: Destroying
[INFO] [planner_server-11]: process has finished cleanly [pid 111452]
[ERROR] [gazebo-1]: process[gazebo-1] failed to terminate '5' seconds after receiving 'SIGINT', escalating to 'SIGTERM'
[INFO] [gazebo-1]: sending signal 'SIGTERM' to process[gazebo-1]
[ERROR] [gazebo-1]: process has died [pid 111110, exit code -15, cmd 'ruby /opt/ros/jazzy/opt/gz_tools_vendor/bin/gz sim -r -s -v 3 --initial-sim-time 0.0 /home/linh-pham/agv_nav2_research_ws_bao/install/vacuum_robot_gazebo/share/vacuum_robot_gazebo/worlds/warehouse_cross_aisles.sdf --force-version 8'].
