=== infrastructure attempt 1 ===
[INFO] [launch]: All log files can be found below /home/linh-pham/.ros/log/2026-08-03-03-13-10-714526-linh-pham-LOQ-15IAX9-149155
[INFO] [launch]: Default logging verbosity is set to INFO
[INFO] [gazebo-1]: process started with pid [149184]
[INFO] [create-2]: process started with pid [149185]
[INFO] [parameter_bridge-3]: process started with pid [149186]
[INFO] [robot_state_publisher-4]: process started with pid [149188]
[INFO] [execution_trial-5]: process started with pid [149189]
[robot_state_publisher-4] [INFO] [1785701591.416004417] [robot_state_publisher]: Robot initialized
[gazebo-1] [1;32m[Msg] [0m[1;32mGazebo Sim Server v[0m[1;32m8.11.0[0m[1;32m[0m
[gazebo-1] [1;32m[Msg] [0m[1;32mLoading SDF world file[[0m[1;32m/home/linh-pham/agv_nav2_research_ws_bao/install/vacuum_robot_gazebo/share/vacuum_robot_gazebo/worlds/warehouse_dispatch.sdf[0m[1;32m].[0m
[gazebo-1] [1;32m[Msg] [0m[1;32mServing entity system service on [[0m[1;32m/[0m[1;32mentity/system/add[0m[1;32m][0m[1;32m[0m
[gazebo-1] [1;32m[Msg] [0m[1;32mCreate[0m[1;32m service on [[0m[1;32m/world/warehouse_dispatch/create_multiple[0m[1;32m] (async)[0m[1;32m[0m
[gazebo-1] [1;32m[Msg] [0m[1;32mCreate[0m[1;32m service on [[0m[1;32m/world/warehouse_dispatch/create_multiple/blocking[0m[1;32m] (blocking)[0m[1;32m[0m
[gazebo-1] [1;32m[Msg] [0m[1;32mRemove[0m[1;32m service on [[0m[1;32m/world/warehouse_dispatch/remove[0m[1;32m] (async)[0m[1;32m[0m
[gazebo-1] [1;32m[Msg] [0m[1;32mRemove[0m[1;32m service on [[0m[1;32m/world/warehouse_dispatch/remove/blocking[0m[1;32m] (blocking)[0m[1;32m[0m
[gazebo-1] [1;32m[Msg] [0m[1;32mPose[0m[1;32m service on [[0m[1;32m/world/warehouse_dispatch/set_pose[0m[1;32m] (async)[0m[1;32m[0m
[gazebo-1] [1;32m[Msg] [0m[1;32mPose[0m[1;32m service on [[0m[1;32m/world/warehouse_dispatch/set_pose/blocking[0m[1;32m] (blocking)[0m[1;32m[0m
[gazebo-1] [1;32m[Msg] [0m[1;32mPose[0m[1;32m service on [[0m[1;32m/world/warehouse_dispatch/set_pose_vector[0m[1;32m] (async)[0m[1;32m[0m
[gazebo-1] [1;32m[Msg] [0m[1;32mPose[0m[1;32m service on [[0m[1;32m/world/warehouse_dispatch/set_pose_vector/blocking[0m[1;32m] (blocking)[0m[1;32m[0m
[gazebo-1] [1;32m[Msg] [0m[1;32mLight configuration[0m[1;32m service on [[0m[1;32m/world/warehouse_dispatch/light_config[0m[1;32m] (async)[0m[1;32m[0m
[gazebo-1] [1;32m[Msg] [0m[1;32mLight configuration[0m[1;32m service on [[0m[1;32m/world/warehouse_dispatch/light_config/blocking[0m[1;32m] (blocking)[0m[1;32m[0m
[gazebo-1] [1;32m[Msg] [0m[1;32mPhysics[0m[1;32m service on [[0m[1;32m/world/warehouse_dispatch/set_physics[0m[1;32m] (async)[0m[1;32m[0m
[gazebo-1] [1;32m[Msg] [0m[1;32mPhysics[0m[1;32m service on [[0m[1;32m/world/warehouse_dispatch/set_physics/blocking[0m[1;32m] (blocking)[0m[1;32m[0m
[gazebo-1] [1;32m[Msg] [0m[1;32mSphericalCoordinates[0m[1;32m service on [[0m[1;32m/world/warehouse_dispatch/set_spherical_coordinates[0m[1;32m] (async)[0m[1;32m[0m
[gazebo-1] [1;32m[Msg] [0m[1;32mSphericalCoordinates[0m[1;32m service on [[0m[1;32m/world/warehouse_dispatch/set_spherical_coordinates/blocking[0m[1;32m] (blocking)[0m[1;32m[0m
[gazebo-1] [1;32m[Msg] [0m[1;32mEnable collision[0m[1;32m service on [[0m[1;32m/world/warehouse_dispatch/enable_collision[0m[1;32m] (async)[0m[1;32m[0m
[gazebo-1] [1;32m[Msg] [0m[1;32mEnable collision[0m[1;32m service on [[0m[1;32m/world/warehouse_dispatch/enable_collision/blocking[0m[1;32m] (blocking)[0m[1;32m[0m
[gazebo-1] [1;32m[Msg] [0m[1;32mDisable collision[0m[1;32m service on [[0m[1;32m/world/warehouse_dispatch/disable_collision[0m[1;32m] (async)[0m[1;32m[0m
[gazebo-1] [1;32m[Msg] [0m[1;32mDisable collision[0m[1;32m service on [[0m[1;32m/world/warehouse_dispatch/disable_collision/blocking[0m[1;32m] (blocking)[0m[1;32m[0m
[gazebo-1] [1;32m[Msg] [0m[1;32mMaterial[0m[1;32m service on [[0m[1;32m/world/warehouse_dispatch/visual_config[0m[1;32m] (async)[0m[1;32m[0m
[gazebo-1] [1;32m[Msg] [0m[1;32mMaterial[0m[1;32m service on [[0m[1;32m/world/warehouse_dispatch/visual_config/blocking[0m[1;32m] (blocking)[0m[1;32m[0m
[gazebo-1] [1;32m[Msg] [0m[1;32mMaterial[0m[1;32m service on [[0m[1;32m/world/warehouse_dispatch/wheel_slip[0m[1;32m] (async)[0m[1;32m[0m
[gazebo-1] [1;32m[Msg] [0m[1;32mMaterial[0m[1;32m service on [[0m[1;32m/world/warehouse_dispatch/wheel_slip/blocking[0m[1;32m] (blocking)[0m[1;32m[0m
[gazebo-1] [1;32m[Msg] [0m[1;32mLoaded level [[0m[1;32mdefault[0m[1;32m][0m[1;32m[0m
[gazebo-1] [1;32m[Msg] [0m[1;32mServing world controls on [[0m[1;32m/world/warehouse_dispatch[0m[1;32m/control], [[0m[1;32m/world/warehouse_dispatch[0m[1;32m/control/state] and [[0m[1;32m/world/warehouse_dispatch[0m[1;32m/playback/control][0m[1;32m[0m
[create-2] [INFO] [1785701591.871283270] [spawn_vacuum_robot]: Entity creation successful.
[INFO] [create-2]: process has finished cleanly [pid 149185]
[parameter_bridge-3] [INFO] [1785701592.433603526] [ros_gz_bridge]: Creating GZ->ROS Bridge: [/clock (gz.msgs.Clock) -> /clock (rosgraph_msgs/msg/Clock)] (Lazy 0)
[parameter_bridge-3] [INFO] [1785701592.434352234] [ros_gz_bridge]: Creating GZ->ROS Bridge: [/joint_states (gz.msgs.Model) -> /joint_states (sensor_msgs/msg/JointState)] (Lazy 0)
[parameter_bridge-3] [INFO] [1785701592.436322394] [ros_gz_bridge]: Creating GZ->ROS Bridge: [/odom (gz.msgs.Odometry) -> /odom (nav_msgs/msg/Odometry)] (Lazy 0)
[parameter_bridge-3] [INFO] [1785701592.437801498] [ros_gz_bridge]: Creating GZ->ROS Bridge: [/tf (gz.msgs.Pose_V) -> /tf (tf2_msgs/msg/TFMessage)] (Lazy 0)
[parameter_bridge-3] [INFO] [1785701592.439086477] [ros_gz_bridge]: Creating GZ->ROS Bridge: [/scan (gz.msgs.LaserScan) -> /scan (sensor_msgs/msg/LaserScan)] (Lazy 0)
[parameter_bridge-3] [INFO] [1785701592.439555646] [ros_gz_bridge]: Creating GZ->ROS Bridge: [/imu/data (gz.msgs.IMU) -> /imu/data (sensor_msgs/msg/Imu)] (Lazy 0)
[parameter_bridge-3] [INFO] [1785701592.439959805] [ros_gz_bridge]: Creating ROS->GZ Bridge: [/cmd_vel (geometry_msgs/msg/Twist) -> /cmd_vel (gz.msgs.Twist)] (Lazy 0)
[parameter_bridge-3] [INFO] [1785701592.440563629] [ros_gz_bridge]: Creating GZ->ROS Bridge: [/ground_truth/odom (gz.msgs.Odometry) -> /ground_truth/odom (nav_msgs/msg/Odometry)] (Lazy 0)
[gazebo-1] [1;32m[Msg] [0m[1;32mServing GUI information on [[0m[1;32m/world/warehouse_dispatch[0m[1;32m/[0m[1;32mgui/info[0m[1;32m][0m[1;32m[0m
[gazebo-1] [1;32m[Msg] [0m[1;32mWorld [[0m[1;32mwarehouse_dispatch[0m[1;32m] initialized with [[0m[1;32mresearch_physics[0m[1;32m] physics profile.[0m[1;32m[0m
[gazebo-1] [1;32m[Msg] [0m[1;32mServing world SDF generation service on [[0m[1;32m/world/warehouse_dispatch[0m[1;32m/[0m[1;32mgenerate_world_sdf[0m[1;32m][0m[1;32m[0m
[gazebo-1] [1;32m[Msg] [0m[1;32mServing world names on [[0m[1;32m/gazebo/worlds[0m[1;32m][0m[1;32m[0m
[gazebo-1] [1;32m[Msg] [0m[1;32mResource path add service on [[0m[1;32m/gazebo/resource_paths/add[0m[1;32m].[0m[1;32m[0m
[gazebo-1] [1;32m[Msg] [0m[1;32mResource path get service on [[0m[1;32m/gazebo/resource_paths/get[0m[1;32m].[0m[1;32m[0m
[gazebo-1] [1;32m[Msg] [0m[1;32mResource path resolve service on [[0m[1;32m/gazebo/resource_paths/resolve[0m[1;32m].[0m[1;32m[0m
[gazebo-1] [1;32m[Msg] [0m[1;32mResource paths published on [[0m[1;32m/gazebo/resource_paths[0m[1;32m].[0m[1;32m[0m
[gazebo-1] [1;32m[Msg] [0m[1;32mServer control service on [[0m[1;32m/server_control[0m[1;32m].[0m[1;32m[0m
[gazebo-1] [1;32m[Msg] [0m[1;32mFound no publishers on /stats, adding root stats topic[0m[1;32m[0m
[gazebo-1] [1;32m[Msg] [0m[1;32mFound no publishers on /clock, adding root clock topic[0m[1;32m[0m
[gazebo-1] [1;33mWarning [Utils.cc:132][0m [/sdf/model[@name="vacuum_robot"]/link[@name="base_link"]/sensor[@name="rplidar_a1m8"]/gz_frame_id:/home/linh-pham/agv_nav2_research_ws_bao/install/vacuum_robot_gazebo/share/vacuum_robot_gazebo/models/vacuum_robot/model.sdf:L107]: XML Element[gz_frame_id], child of element[sensor], not defined in SDF. Copying[gz_frame_id] as children of [sensor].
[gazebo-1] [1;33mWarning [Utils.cc:132][0m [/sdf/model[@name="vacuum_robot"]/link[@name="base_link"]/sensor[@name="bno055_imu"]/gz_frame_id:/home/linh-pham/agv_nav2_research_ws_bao/install/vacuum_robot_gazebo/share/vacuum_robot_gazebo/models/vacuum_robot/model.sdf:L128]: XML Element[gz_frame_id], child of element[sensor], not defined in SDF. Copying[gz_frame_id] as children of [sensor].
[gazebo-1] libEGL warning: pci id for fd 55: 10de:25ec, driver (null)
[gazebo-1] 
[gazebo-1] pci id for fd 56: 10de:25ec, driver (null)
[gazebo-1] pci id for fd 57: 10de:25ec, driver (null)
[gazebo-1] libEGL warning: egl: failed to create dri2 screen
[gazebo-1] libEGL warning: pci id for fd 55: 10de:25ec, driver (null)
[gazebo-1] 
[gazebo-1] pci id for fd 56: 10de:25ec, driver (null)
[gazebo-1] pci id for fd 57: 10de:25ec, driver (null)
[gazebo-1] libEGL warning: egl: failed to create dri2 screen
[gazebo-1] libEGL warning: pci id for fd 55: 10de:25ec, driver (null)
[gazebo-1] 
[INFO] [map_server-6]: process started with pid [149385]
[INFO] [amcl-7]: process started with pid [149386]
[INFO] [lifecycle_manager-8]: process started with pid [149387]
[INFO] [controller_server-9]: process started with pid [149388]
[INFO] [smoother_server-10]: process started with pid [149389]
[INFO] [planner_server-11]: process started with pid [149390]
[INFO] [route_server-12]: process started with pid [149391]
[INFO] [behavior_server-13]: process started with pid [149392]
[INFO] [bt_navigator-14]: process started with pid [149393]
[INFO] [waypoint_follower-15]: process started with pid [149394]
[INFO] [velocity_smoother-16]: process started with pid [149395]
[INFO] [collision_monitor-17]: process started with pid [149399]
[INFO] [opennav_docking-18]: process started with pid [149402]
[INFO] [lifecycle_manager-19]: process started with pid [149405]
[amcl-7] [INFO] [1785701594.336743419] [amcl]: 
[amcl-7] 	amcl lifecycle node launched. 
[amcl-7] 	Waiting on external lifecycle transitions to activate
[amcl-7] 	See https://design.ros2.org/articles/node_lifecycle.html for more information.
[amcl-7] [INFO] [1785701594.337154277] [amcl]: Creating
[lifecycle_manager-8] [INFO] [1785701594.340179751] [lifecycle_manager_localization]: Creating
[controller_server-9] [INFO] [1785701594.341586527] [controller_server]: 
[controller_server-9] 	controller_server lifecycle node launched. 
[controller_server-9] 	Waiting on external lifecycle transitions to activate
[controller_server-9] 	See https://design.ros2.org/articles/node_lifecycle.html for more information.
[lifecycle_manager-8] [INFO] [1785701594.347097253] [lifecycle_manager_localization]: [34m[1mCreating and initializing lifecycle service clients[0m[0m
[controller_server-9] [INFO] [1785701594.347661275] [controller_server]: Creating controller server
[route_server-12] [INFO] [1785701594.374717550] [route_server]: 
[route_server-12] 	route_server lifecycle node launched. 
[route_server-12] 	Waiting on external lifecycle transitions to activate
[route_server-12] 	See https://design.ros2.org/articles/node_lifecycle.html for more information.
[controller_server-9] [INFO] [1785701594.382616876] [local_costmap.local_costmap]: 
[controller_server-9] 	local_costmap lifecycle node launched. 
[controller_server-9] 	Waiting on external lifecycle transitions to activate
[controller_server-9] 	See https://design.ros2.org/articles/node_lifecycle.html for more information.
[controller_server-9] [INFO] [1785701594.383736323] [local_costmap.local_costmap]: Creating Costmap
[opennav_docking-18] [INFO] [1785701594.391939181] [docking_server]: 
[opennav_docking-18] 	docking_server lifecycle node launched. 
[opennav_docking-18] 	Waiting on external lifecycle transitions to activate
[opennav_docking-18] 	See https://design.ros2.org/articles/node_lifecycle.html for more information.
[opennav_docking-18] [INFO] [1785701594.392445987] [docking_server]: Creating docking_server
[smoother_server-10] [INFO] [1785701594.402700680] [smoother_server]: 
[smoother_server-10] 	smoother_server lifecycle node launched. 
[smoother_server-10] 	Waiting on external lifecycle transitions to activate
[smoother_server-10] 	See https://design.ros2.org/articles/node_lifecycle.html for more information.
[map_server-6] [INFO] [1785701594.403000744] [map_server]: 
[map_server-6] 	map_server lifecycle node launched. 
[map_server-6] 	Waiting on external lifecycle transitions to activate
[map_server-6] 	See https://design.ros2.org/articles/node_lifecycle.html for more information.
[map_server-6] [INFO] [1785701594.403115960] [map_server]: Creating
[waypoint_follower-15] [INFO] [1785701594.403261403] [waypoint_follower]: 
[waypoint_follower-15] 	waypoint_follower lifecycle node launched. 
[waypoint_follower-15] 	Waiting on external lifecycle transitions to activate
[waypoint_follower-15] 	See https://design.ros2.org/articles/node_lifecycle.html for more information.
[waypoint_follower-15] [INFO] [1785701594.403848830] [waypoint_follower]: Creating
[smoother_server-10] [INFO] [1785701594.408058331] [smoother_server]: Creating smoother server
[lifecycle_manager-8] [INFO] [1785701594.410467291] [lifecycle_manager_localization]: [34m[1mStarting managed nodes bringup...[0m[0m
[lifecycle_manager-8] [INFO] [1785701594.410523063] [lifecycle_manager_localization]: [34m[1mConfiguring map_server[0m[0m
[bt_navigator-14] [INFO] [1785701594.416509797] [bt_navigator]: 
[bt_navigator-14] 	bt_navigator lifecycle node launched. 
[bt_navigator-14] 	Waiting on external lifecycle transitions to activate
[bt_navigator-14] 	See https://design.ros2.org/articles/node_lifecycle.html for more information.
[bt_navigator-14] [INFO] [1785701594.418324972] [bt_navigator]: Creating
[behavior_server-13] [INFO] [1785701594.751167719] [behavior_server]: 
[behavior_server-13] 	behavior_server lifecycle node launched. 
[behavior_server-13] 	Waiting on external lifecycle transitions to activate
[behavior_server-13] 	See https://design.ros2.org/articles/node_lifecycle.html for more information.
[collision_monitor-17] [INFO] [1785701594.755935580] [collision_monitor]: 
[collision_monitor-17] 	collision_monitor lifecycle node launched. 
[collision_monitor-17] 	Waiting on external lifecycle transitions to activate
[collision_monitor-17] 	See https://design.ros2.org/articles/node_lifecycle.html for more information.
[velocity_smoother-16] [INFO] [1785701594.779014912] [velocity_smoother]: 
[velocity_smoother-16] 	velocity_smoother lifecycle node launched. 
[velocity_smoother-16] 	Waiting on external lifecycle transitions to activate
[velocity_smoother-16] 	See https://design.ros2.org/articles/node_lifecycle.html for more information.
[lifecycle_manager-19] [INFO] [1785701594.795054714] [lifecycle_manager_navigation]: Creating
[planner_server-11] [INFO] [1785701594.804893817] [planner_server]: 
[planner_server-11] 	planner_server lifecycle node launched. 
[planner_server-11] 	Waiting on external lifecycle transitions to activate
[planner_server-11] 	See https://design.ros2.org/articles/node_lifecycle.html for more information.
[lifecycle_manager-19] [INFO] [1785701594.809306531] [lifecycle_manager_navigation]: [34m[1mCreating and initializing lifecycle service clients[0m[0m
[planner_server-11] [INFO] [1785701594.810318112] [planner_server]: Creating
[planner_server-11] [INFO] [1785701594.828129802] [global_costmap.global_costmap]: 
[planner_server-11] 	global_costmap lifecycle node launched. 
[planner_server-11] 	Waiting on external lifecycle transitions to activate
[planner_server-11] 	See https://design.ros2.org/articles/node_lifecycle.html for more information.
[planner_server-11] [INFO] [1785701594.828507205] [global_costmap.global_costmap]: Creating Costmap
[map_server-6] [INFO] [1785701594.868763203] [map_server]: Configuring
[map_server-6] [INFO] [1785701594.868863805] [map_io]: Loading yaml file: /home/linh-pham/agv_nav2_research_ws_bao/install/vacuum_robot_gazebo/share/vacuum_robot_gazebo/maps/warehouse_dispatch.yaml
[map_server-6] [INFO] [1785701594.869126011] [map_io]: resolution: 0.05
[map_server-6] [INFO] [1785701594.869133483] [map_io]: origin[0]: -6
[map_server-6] [INFO] [1785701594.869136808] [map_io]: origin[1]: -4
[map_server-6] [INFO] [1785701594.869139110] [map_io]: origin[2]: 0
[map_server-6] [INFO] [1785701594.869141756] [map_io]: free_thresh: 0.25
[map_server-6] [INFO] [1785701594.869144133] [map_io]: occupied_thresh: 0.65
[map_server-6] [INFO] [1785701594.869147755] [map_io]: mode: trinary
[map_server-6] [INFO] [1785701594.869151165] [map_io]: negate: 0
[map_server-6] [INFO] [1785701594.869324249] [map_io]: Loading image_file: /home/linh-pham/agv_nav2_research_ws_bao/install/vacuum_robot_gazebo/share/vacuum_robot_gazebo/maps/warehouse_dispatch.pgm
[map_server-6] [INFO] [1785701594.871429803] [map_io]: Read map /home/linh-pham/agv_nav2_research_ws_bao/install/vacuum_robot_gazebo/share/vacuum_robot_gazebo/maps/warehouse_dispatch.pgm: 240 X 160 map @ 0.05 m/cell
[map_server-6] [WARN] [1785701594.986372357] [map_server.rclcpp]: failed to send response to /map_server/change_state (timeout): client will not receive response, at ./src/rmw_response.cpp:153, at ./src/rcl/service.c:400
[lifecycle_manager-19] [INFO] [1785701595.171097843] [lifecycle_manager_navigation]: [34m[1mStarting managed nodes bringup...[0m[0m
[lifecycle_manager-19] [INFO] [1785701595.171181265] [lifecycle_manager_navigation]: [34m[1mConfiguring controller_server[0m[0m
[controller_server-9] [INFO] [1785701595.172092304] [controller_server]: Configuring controller interface
[controller_server-9] [INFO] [1785701595.172137950] [controller_server]: getting progress checker plugins..
[controller_server-9] [INFO] [1785701595.172856961] [controller_server]: getting goal checker plugins..
[controller_server-9] [INFO] [1785701595.173077168] [controller_server]: Controller frequency set to 20.0000Hz
[controller_server-9] [INFO] [1785701595.173156628] [local_costmap.local_costmap]: Configuring
[controller_server-9] [INFO] [1785701595.193215033] [local_costmap.local_costmap]: Using plugin "voxel_layer"
[controller_server-9] [INFO] [1785701595.198173090] [local_costmap.local_costmap]: Subscribed to Topics: scan
[controller_server-9] [INFO] [1785701595.211024560] [local_costmap.local_costmap]: Initialized plugin "voxel_layer"
[controller_server-9] [INFO] [1785701595.211053813] [local_costmap.local_costmap]: Using plugin "inflation_layer"
[controller_server-9] [INFO] [1785701595.211962684] [local_costmap.local_costmap]: Initialized plugin "inflation_layer"
[controller_server-9] [INFO] [1785701595.228065798] [controller_server]: Created progress_checker : progress_checker of type nav2_controller::PoseProgressChecker
[controller_server-9] [INFO] [1785701595.228388912] [controller_server]: Controller Server has progress_checker  progress checkers available.
[controller_server-9] [INFO] [1785701595.228819015] [controller_server]: Created goal checker : general_goal_checker of type nav2_controller::SimpleGoalChecker
[controller_server-9] [INFO] [1785701595.229092633] [controller_server]: Controller Server has general_goal_checker  goal checkers available.
[controller_server-9] [INFO] [1785701595.230120649] [controller_server]: Created controller : FollowPath of type nav2_regulated_pure_pursuit_controller::RegulatedPurePursuitController
[controller_server-9] [INFO] [1785701595.234874409] [controller_server]: Controller Server has FollowPath  controllers available.
[lifecycle_manager-19] [INFO] [1785701595.244158278] [lifecycle_manager_navigation]: [34m[1mConfiguring smoother_server[0m[0m
[smoother_server-10] [INFO] [1785701595.244411556] [smoother_server]: Configuring smoother server
[smoother_server-10] [INFO] [1785701595.258968968] [smoother_server]: Created smoother : simple_smoother of type nav2_smoother::SimpleSmoother
[smoother_server-10] [INFO] [1785701595.260104324] [smoother_server]: Created smoother : savitzky_golay of type nav2_smoother::SavitzkyGolaySmoother
[smoother_server-10] [INFO] [1785701595.264754529] [smoother_server]: Created smoother : constrained of type nav2_constrained_smoother/ConstrainedSmoother
[smoother_server-10] [INFO] [1785701595.267549928] [smoother_server]: Created smoother : pstmo of type adaptive_pivot_g2_nav2/AdaptivePivotG2Smoother
[smoother_server-10] [INFO] [1785701595.271111431] [smoother_server]: Configured PSTMO smoother 'pstmo' with hierarchical_alpha_two_trim search and condition_only preprocessing
[smoother_server-10] [INFO] [1785701595.271319365] [smoother_server]: Created smoother : adaptive_hybrid of type adaptive_pivot_g2_nav2/SafetyGatedHybridSmoother
[smoother_server-10] [INFO] [1785701595.276679109] [smoother_server]: Configured PSTMO smoother 'adaptive_hybrid.pivot' with legacy_joint_d_q search and condition_only preprocessing
[smoother_server-10] [INFO] [1785701595.277151512] [smoother_server]: Configured safety-gated hybrid smoother as 'adaptive_hybrid'
[smoother_server-10] [INFO] [1785701595.277176095] [smoother_server]: Smoother Server has simple_smoother savitzky_golay constrained pstmo adaptive_hybrid  smoothers available.
[smoother_server-10] [WARN] [1785701595.384096918] [smoother_server.rclcpp]: failed to send response to /smoother_server/change_state (timeout): client will not receive response, at ./src/rmw_response.cpp:153, at ./src/rcl/service.c:400
[execution_trial-5] [ERROR] [1785701655.047780456] [execution_trial]: Execution trial failed: Nav2 did not reach the fully active state
[execution_trial-5] Traceback (most recent call last):
[execution_trial-5]   File "/home/linh-pham/agv_nav2_research_ws_bao/install/adaptive_pivot_g2_benchmark/lib/adaptive_pivot_g2_benchmark/execution_trial", line 33, in <module>
[execution_trial-5]     sys.exit(load_entry_point('adaptive-pivot-g2-benchmark', 'console_scripts', 'execution_trial')())
[execution_trial-5]              ^^^^^^^^^^^^^^^^^^^^^^^^^^^^^^^^^^^^^^^^^^^^^^^^^^^^^^^^^^^^^^^^^^^^^^^^^^^^^^^^^^^^^^^
[execution_trial-5]   File "/home/linh-pham/agv_nav2_research_ws_bao/build/adaptive_pivot_g2_benchmark/adaptive_pivot_g2_benchmark/execution_trial.py", line 1166, in main
[execution_trial-5]     node.run()
[execution_trial-5]   File "/home/linh-pham/agv_nav2_research_ws_bao/build/adaptive_pivot_g2_benchmark/adaptive_pivot_g2_benchmark/execution_trial.py", line 680, in run
[execution_trial-5]     self._wait_for_system()
[execution_trial-5]   File "/home/linh-pham/agv_nav2_research_ws_bao/build/adaptive_pivot_g2_benchmark/adaptive_pivot_g2_benchmark/execution_trial.py", line 426, in _wait_for_system
[execution_trial-5]     raise RuntimeError('Nav2 did not reach the fully active state')
[execution_trial-5] RuntimeError: Nav2 did not reach the fully active state
[ERROR] [execution_trial-5]: process has died [pid 149189, exit code 1, cmd '/home/linh-pham/agv_nav2_research_ws_bao/install/adaptive_pivot_g2_benchmark/lib/adaptive_pivot_g2_benchmark/execution_trial --ros-args -r __node:=execution_trial --params-file /tmp/launch_params_no2l5jup'].
[INFO] [lifecycle_manager-19]: sending signal 'SIGINT' to process[lifecycle_manager-19]
[INFO] [opennav_docking-18]: sending signal 'SIGINT' to process[opennav_docking-18]
[INFO] [collision_monitor-17]: sending signal 'SIGINT' to process[collision_monitor-17]
[INFO] [velocity_smoother-16]: sending signal 'SIGINT' to process[velocity_smoother-16]
[INFO] [waypoint_follower-15]: sending signal 'SIGINT' to process[waypoint_follower-15]
[INFO] [bt_navigator-14]: sending signal 'SIGINT' to process[bt_navigator-14]
[INFO] [behavior_server-13]: sending signal 'SIGINT' to process[behavior_server-13]
[INFO] [route_server-12]: sending signal 'SIGINT' to process[route_server-12]
[INFO] [planner_server-11]: sending signal 'SIGINT' to process[planner_server-11]
[INFO] [smoother_server-10]: sending signal 'SIGINT' to process[smoother_server-10]
[INFO] [controller_server-9]: sending signal 'SIGINT' to process[controller_server-9]
[INFO] [lifecycle_manager-8]: sending signal 'SIGINT' to process[lifecycle_manager-8]
[INFO] [amcl-7]: sending signal 'SIGINT' to process[amcl-7]
[INFO] [map_server-6]: sending signal 'SIGINT' to process[map_server-6]
[INFO] [robot_state_publisher-4]: sending signal 'SIGINT' to process[robot_state_publisher-4]
[INFO] [parameter_bridge-3]: sending signal 'SIGINT' to process[parameter_bridge-3]
[INFO] [gazebo-1]: sending signal 'SIGINT' to process[gazebo-1]
[lifecycle_manager-19] [INFO] [1785701655.357022155] [rclcpp]: signal_handler(SIGINT/SIGTERM)
[lifecycle_manager-19] [INFO] [1785701655.357166328] [lifecycle_manager_navigation]: Running Nav2 LifecycleManager rcl preshutdown (lifecycle_manager_navigation)
[opennav_docking-18] [INFO] [1785701655.361302996] [rclcpp]: signal_handler(SIGINT/SIGTERM)
[opennav_docking-18] [INFO] [1785701655.361402509] [docking_server]: Running Nav2 LifecycleNode rcl preshutdown (docking_server)
[opennav_docking-18] [INFO] [1785701655.361439548] [docking_server]: Destroying bond (docking_server) to lifecycle manager.
[opennav_docking-18] [INFO] [1785701655.363059901] [docking_server]: Destroying
[collision_monitor-17] [INFO] [1785701655.366276975] [rclcpp]: signal_handler(SIGINT/SIGTERM)
[collision_monitor-17] [INFO] [1785701655.366568587] [collision_monitor]: Running Nav2 LifecycleNode rcl preshutdown (collision_monitor)
[collision_monitor-17] [INFO] [1785701655.366692540] [collision_monitor]: Destroying bond (collision_monitor) to lifecycle manager.
[collision_monitor-17] [INFO] [1785701655.371753069] [collision_monitor]: Destroying
[velocity_smoother-16] [INFO] [1785701655.375804912] [rclcpp]: signal_handler(SIGINT/SIGTERM)
[velocity_smoother-16] [INFO] [1785701655.376043766] [velocity_smoother]: Running Nav2 LifecycleNode rcl preshutdown (velocity_smoother)
[velocity_smoother-16] [INFO] [1785701655.376127667] [velocity_smoother]: Destroying bond (velocity_smoother) to lifecycle manager.
[velocity_smoother-16] [INFO] [1785701655.379807697] [velocity_smoother]: Destroying
[waypoint_follower-15] [INFO] [1785701655.384450546] [rclcpp]: signal_handler(SIGINT/SIGTERM)
[waypoint_follower-15] [INFO] [1785701655.384619408] [waypoint_follower]: Running Nav2 LifecycleNode rcl preshutdown (waypoint_follower)
[waypoint_follower-15] [INFO] [1785701655.384696658] [waypoint_follower]: Destroying bond (waypoint_follower) to lifecycle manager.
[waypoint_follower-15] [INFO] [1785701655.390334035] [waypoint_follower]: Destroying
[bt_navigator-14] [INFO] [1785701655.390787592] [rclcpp]: signal_handler(SIGINT/SIGTERM)
[bt_navigator-14] [INFO] [1785701655.390914567] [bt_navigator]: Running Nav2 LifecycleNode rcl preshutdown (bt_navigator)
[bt_navigator-14] [INFO] [1785701655.390984425] [bt_navigator]: Destroying bond (bt_navigator) to lifecycle manager.
[behavior_server-13] [INFO] [1785701655.396148805] [rclcpp]: signal_handler(SIGINT/SIGTERM)
[behavior_server-13] [INFO] [1785701655.396299498] [behavior_server]: Running Nav2 LifecycleNode rcl preshutdown (behavior_server)
[behavior_server-13] [INFO] [1785701655.396363789] [behavior_server]: Destroying bond (behavior_server) to lifecycle manager.
[behavior_server-13] [INFO] [1785701655.399270710] [behavior_server]: Destroying
[bt_navigator-14] [INFO] [1785701655.400841835] [bt_navigator]: Destroying
[route_server-12] [INFO] [1785701655.403501089] [rclcpp]: signal_handler(SIGINT/SIGTERM)
[route_server-12] [INFO] [1785701655.403606833] [route_server]: Running Nav2 LifecycleNode rcl preshutdown (route_server)
[route_server-12] [INFO] [1785701655.403655028] [route_server]: Destroying bond (route_server) to lifecycle manager.
[planner_server-11] [INFO] [1785701655.406147654] [rclcpp]: signal_handler(SIGINT/SIGTERM)
[planner_server-11] [INFO] [1785701655.406283843] [planner_server]: Running Nav2 LifecycleNode rcl preshutdown (planner_server)
[planner_server-11] [INFO] [1785701655.406337283] [planner_server]: Destroying bond (planner_server) to lifecycle manager.
[smoother_server-10] [INFO] [1785701655.409270608] [rclcpp]: signal_handler(SIGINT/SIGTERM)
[smoother_server-10] [INFO] [1785701655.409376318] [smoother_server]: Running Nav2 LifecycleNode rcl preshutdown (smoother_server)
[smoother_server-10] [INFO] [1785701655.409544982] [smoother_server]: Cleaning up
[smoother_server-10] [INFO] [1785701655.409669419] [smoother_server]: Cleaning up smoother: constrained of type nav2_constrained_smoother::ConstrainedSmoother
[route_server-12] [INFO] [1785701655.410411374] [route_server]: Destroying
[planner_server-11] [INFO] [1785701655.412432347] [global_costmap.global_costmap]: Destroying
[controller_server-9] [INFO] [1785701655.414397037] [rclcpp]: signal_handler(SIGINT/SIGTERM)
[controller_server-9] [INFO] [1785701655.414574311] [controller_server]: Running Nav2 LifecycleNode rcl preshutdown (controller_server)
[controller_server-9] [INFO] [1785701655.414655133] [controller_server]: Cleaning up
[controller_server-9] [INFO] [1785701655.415720220] [controller_server]: Cleaning up controller: FollowPath of type regulated_pure_pursuit_controller::RegulatedPurePursuitController
[controller_server-9] [INFO] [1785701655.416008380] [local_costmap.local_costmap]: Cleaning up
[lifecycle_manager-8] [INFO] [1785701655.417561715] [rclcpp]: signal_handler(SIGINT/SIGTERM)
[lifecycle_manager-8] [INFO] [1785701655.417710158] [lifecycle_manager_localization]: Running Nav2 LifecycleManager rcl preshutdown (lifecycle_manager_localization)
[amcl-7] [INFO] [1785701655.419730189] [rclcpp]: signal_handler(SIGINT/SIGTERM)
[amcl-7] [INFO] [1785701655.419828874] [amcl]: Running Nav2 LifecycleNode rcl preshutdown (amcl)
[amcl-7] [INFO] [1785701655.419869345] [amcl]: Destroying bond (amcl) to lifecycle manager.
[smoother_server-10] [INFO] [1785701655.419887295] [smoother_server]: Destroying bond (smoother_server) to lifecycle manager.
[amcl-7] [INFO] [1785701655.421041582] [amcl]: Destroying
[map_server-6] [INFO] [1785701655.422913777] [rclcpp]: signal_handler(SIGINT/SIGTERM)
[map_server-6] [INFO] [1785701655.423028678] [map_server]: Running Nav2 LifecycleNode rcl preshutdown (map_server)
[map_server-6] [INFO] [1785701655.423208673] [map_server]: Cleaning up
[map_server-6] [INFO] [1785701655.423243582] [map_server]: Destroying bond (map_server) to lifecycle manager.
[map_server-6] [INFO] [1785701655.426499749] [map_server]: Destroying
[robot_state_publisher-4] [INFO] [1785701655.427579637] [rclcpp]: signal_handler(SIGINT/SIGTERM)
[parameter_bridge-3] [INFO] [1785701655.428306104] [rclcpp]: signal_handler(SIGINT/SIGTERM)
[smoother_server-10] [INFO] [1785701655.429032899] [smoother_server]: Destroying
[planner_server-11] [INFO] [1785701655.433451887] [planner_server]: Destroying
[controller_server-9] [INFO] [1785701655.450143202] [controller_server]: Destroying bond (controller_server) to lifecycle manager.
[controller_server-9] [INFO] [1785701655.451815921] [local_costmap.local_costmap]: Destroying
[controller_server-9] [INFO] [1785701655.454363807] [controller_server]: Destroying
[INFO] [opennav_docking-18]: process has finished cleanly [pid 149402]
[INFO] [collision_monitor-17]: process has finished cleanly [pid 149399]
[INFO] [velocity_smoother-16]: process has finished cleanly [pid 149395]
[INFO] [waypoint_follower-15]: process has finished cleanly [pid 149394]
[INFO] [robot_state_publisher-4]: process has finished cleanly [pid 149188]
[INFO] [bt_navigator-14]: process has finished cleanly [pid 149393]
[INFO] [parameter_bridge-3]: process has finished cleanly [pid 149186]
[INFO] [route_server-12]: process has finished cleanly [pid 149391]
[INFO] [behavior_server-13]: process has finished cleanly [pid 149392]
[INFO] [planner_server-11]: process has finished cleanly [pid 149390]
[INFO] [amcl-7]: process has finished cleanly [pid 149386]
[INFO] [map_server-6]: process has finished cleanly [pid 149385]
[INFO] [smoother_server-10]: process has finished cleanly [pid 149389]
[INFO] [controller_server-9]: process has finished cleanly [pid 149388]
[ERROR] [lifecycle_manager-19]: process[lifecycle_manager-19] failed to terminate '5' seconds after receiving 'SIGINT', escalating to 'SIGTERM'
[ERROR] [lifecycle_manager-8]: process[lifecycle_manager-8] failed to terminate '5' seconds after receiving 'SIGINT', escalating to 'SIGTERM'
[ERROR] [gazebo-1]: process[gazebo-1] failed to terminate '5' seconds after receiving 'SIGINT', escalating to 'SIGTERM'
[INFO] [lifecycle_manager-19]: sending signal 'SIGTERM' to process[lifecycle_manager-19]
[INFO] [lifecycle_manager-8]: sending signal 'SIGTERM' to process[lifecycle_manager-8]
[INFO] [gazebo-1]: sending signal 'SIGTERM' to process[gazebo-1]
[ERROR] [gazebo-1]: process has died [pid 149184, exit code -15, cmd 'ruby /opt/ros/jazzy/opt/gz_tools_vendor/bin/gz sim -r -s -v 3 --initial-sim-time 0.0 /home/linh-pham/agv_nav2_research_ws_bao/install/vacuum_robot_gazebo/share/vacuum_robot_gazebo/worlds/warehouse_dispatch.sdf --force-version 8'].
[ERROR] [lifecycle_manager-19]: process[lifecycle_manager-19] failed to terminate '10.0' seconds after receiving 'SIGTERM', escalating to 'SIGKILL'
[ERROR] [lifecycle_manager-8]: process[lifecycle_manager-8] failed to terminate '10.0' seconds after receiving 'SIGTERM', escalating to 'SIGKILL'
[INFO] [lifecycle_manager-19]: sending signal 'SIGKILL' to process[lifecycle_manager-19]
[INFO] [lifecycle_manager-8]: sending signal 'SIGKILL' to process[lifecycle_manager-8]
[ERROR] [lifecycle_manager-19]: process has died [pid 149405, exit code -9, cmd '/opt/ros/jazzy/lib/nav2_lifecycle_manager/lifecycle_manager --ros-args --log-level info --ros-args -r __node:=lifecycle_manager_navigation -p use_sim_time:=True --params-file /tmp/launch_params_hgwvndj4 --params-file /tmp/launch_params_m28i2lyc'].
[ERROR] [lifecycle_manager-8]: process has died [pid 149387, exit code -9, cmd '/opt/ros/jazzy/lib/nav2_lifecycle_manager/lifecycle_manager --ros-args --log-level info --ros-args -r __node:=lifecycle_manager_localization -p use_sim_time:=True --params-file /tmp/launch_params_8mof9xas --params-file /tmp/launch_params__ybm1d2w'].
=== infrastructure attempt 2 ===
[INFO] [launch]: All log files can be found below /home/linh-pham/.ros/log/2026-08-03-03-14-26-165543-linh-pham-LOQ-15IAX9-150227
[INFO] [launch]: Default logging verbosity is set to INFO
[INFO] [gazebo-1]: process started with pid [150256]
[INFO] [create-2]: process started with pid [150257]
[INFO] [parameter_bridge-3]: process started with pid [150258]
[INFO] [robot_state_publisher-4]: process started with pid [150260]
[INFO] [execution_trial-5]: process started with pid [150261]
[robot_state_publisher-4] [INFO] [1785701666.875390312] [robot_state_publisher]: Robot initialized
[gazebo-1] [1;32m[Msg] [0m[1;32mGazebo Sim Server v[0m[1;32m8.11.0[0m[1;32m[0m
[gazebo-1] [1;32m[Msg] [0m[1;32mLoading SDF world file[[0m[1;32m/home/linh-pham/agv_nav2_research_ws_bao/install/vacuum_robot_gazebo/share/vacuum_robot_gazebo/worlds/warehouse_dispatch.sdf[0m[1;32m].[0m
[gazebo-1] [1;32m[Msg] [0m[1;32mServing entity system service on [[0m[1;32m/[0m[1;32mentity/system/add[0m[1;32m][0m[1;32m[0m
[gazebo-1] [1;32m[Msg] [0m[1;32mCreate[0m[1;32m service on [[0m[1;32m/world/warehouse_dispatch/create_multiple[0m[1;32m] (async)[0m[1;32m[0m
[gazebo-1] [1;32m[Msg] [0m[1;32mCreate[0m[1;32m service on [[0m[1;32m/world/warehouse_dispatch/create_multiple/blocking[0m[1;32m] (blocking)[0m[1;32m[0m
[gazebo-1] [1;32m[Msg] [0m[1;32mRemove[0m[1;32m service on [[0m[1;32m/world/warehouse_dispatch/remove[0m[1;32m] (async)[0m[1;32m[0m
[gazebo-1] [1;32m[Msg] [0m[1;32mRemove[0m[1;32m service on [[0m[1;32m/world/warehouse_dispatch/remove/blocking[0m[1;32m] (blocking)[0m[1;32m[0m
[gazebo-1] [1;32m[Msg] [0m[1;32mPose[0m[1;32m service on [[0m[1;32m/world/warehouse_dispatch/set_pose[0m[1;32m] (async)[0m[1;32m[0m
[gazebo-1] [1;32m[Msg] [0m[1;32mPose[0m[1;32m service on [[0m[1;32m/world/warehouse_dispatch/set_pose/blocking[0m[1;32m] (blocking)[0m[1;32m[0m
[gazebo-1] [1;32m[Msg] [0m[1;32mPose[0m[1;32m service on [[0m[1;32m/world/warehouse_dispatch/set_pose_vector[0m[1;32m] (async)[0m[1;32m[0m
[gazebo-1] [1;32m[Msg] [0m[1;32mPose[0m[1;32m service on [[0m[1;32m/world/warehouse_dispatch/set_pose_vector/blocking[0m[1;32m] (blocking)[0m[1;32m[0m
[gazebo-1] [1;32m[Msg] [0m[1;32mLight configuration[0m[1;32m service on [[0m[1;32m/world/warehouse_dispatch/light_config[0m[1;32m] (async)[0m[1;32m[0m
[gazebo-1] [1;32m[Msg] [0m[1;32mLight configuration[0m[1;32m service on [[0m[1;32m/world/warehouse_dispatch/light_config/blocking[0m[1;32m] (blocking)[0m[1;32m[0m
[gazebo-1] [1;32m[Msg] [0m[1;32mPhysics[0m[1;32m service on [[0m[1;32m/world/warehouse_dispatch/set_physics[0m[1;32m] (async)[0m[1;32m[0m
[gazebo-1] [1;32m[Msg] [0m[1;32mPhysics[0m[1;32m service on [[0m[1;32m/world/warehouse_dispatch/set_physics/blocking[0m[1;32m] (blocking)[0m[1;32m[0m
[gazebo-1] [1;32m[Msg] [0m[1;32mSphericalCoordinates[0m[1;32m service on [[0m[1;32m/world/warehouse_dispatch/set_spherical_coordinates[0m[1;32m] (async)[0m[1;32m[0m
[gazebo-1] [1;32m[Msg] [0m[1;32mSphericalCoordinates[0m[1;32m service on [[0m[1;32m/world/warehouse_dispatch/set_spherical_coordinates/blocking[0m[1;32m] (blocking)[0m[1;32m[0m
[gazebo-1] [1;32m[Msg] [0m[1;32mEnable collision[0m[1;32m service on [[0m[1;32m/world/warehouse_dispatch/enable_collision[0m[1;32m] (async)[0m[1;32m[0m
[gazebo-1] [1;32m[Msg] [0m[1;32mEnable collision[0m[1;32m service on [[0m[1;32m/world/warehouse_dispatch/enable_collision/blocking[0m[1;32m] (blocking)[0m[1;32m[0m
[gazebo-1] [1;32m[Msg] [0m[1;32mDisable collision[0m[1;32m service on [[0m[1;32m/world/warehouse_dispatch/disable_collision[0m[1;32m] (async)[0m[1;32m[0m
[gazebo-1] [1;32m[Msg] [0m[1;32mDisable collision[0m[1;32m service on [[0m[1;32m/world/warehouse_dispatch/disable_collision/blocking[0m[1;32m] (blocking)[0m[1;32m[0m
[gazebo-1] [1;32m[Msg] [0m[1;32mMaterial[0m[1;32m service on [[0m[1;32m/world/warehouse_dispatch/visual_config[0m[1;32m] (async)[0m[1;32m[0m
[gazebo-1] [1;32m[Msg] [0m[1;32mMaterial[0m[1;32m service on [[0m[1;32m/world/warehouse_dispatch/visual_config/blocking[0m[1;32m] (blocking)[0m[1;32m[0m
[gazebo-1] [1;32m[Msg] [0m[1;32mMaterial[0m[1;32m service on [[0m[1;32m/world/warehouse_dispatch/wheel_slip[0m[1;32m] (async)[0m[1;32m[0m
[gazebo-1] [1;32m[Msg] [0m[1;32mMaterial[0m[1;32m service on [[0m[1;32m/world/warehouse_dispatch/wheel_slip/blocking[0m[1;32m] (blocking)[0m[1;32m[0m
[gazebo-1] [1;32m[Msg] [0m[1;32mLoaded level [[0m[1;32mdefault[0m[1;32m][0m[1;32m[0m
[gazebo-1] [1;32m[Msg] [0m[1;32mServing world controls on [[0m[1;32m/world/warehouse_dispatch[0m[1;32m/control], [[0m[1;32m/world/warehouse_dispatch[0m[1;32m/control/state] and [[0m[1;32m/world/warehouse_dispatch[0m[1;32m/playback/control][0m[1;32m[0m
[create-2] [INFO] [1785701667.330396568] [spawn_vacuum_robot]: Entity creation successful.
[INFO] [create-2]: process has finished cleanly [pid 150257]
[parameter_bridge-3] [INFO] [1785701667.893417360] [ros_gz_bridge]: Creating GZ->ROS Bridge: [/clock (gz.msgs.Clock) -> /clock (rosgraph_msgs/msg/Clock)] (Lazy 0)
[parameter_bridge-3] [INFO] [1785701667.894220955] [ros_gz_bridge]: Creating GZ->ROS Bridge: [/joint_states (gz.msgs.Model) -> /joint_states (sensor_msgs/msg/JointState)] (Lazy 0)
[parameter_bridge-3] [INFO] [1785701667.896093048] [ros_gz_bridge]: Creating GZ->ROS Bridge: [/odom (gz.msgs.Odometry) -> /odom (nav_msgs/msg/Odometry)] (Lazy 0)
[parameter_bridge-3] [INFO] [1785701667.897380634] [ros_gz_bridge]: Creating GZ->ROS Bridge: [/tf (gz.msgs.Pose_V) -> /tf (tf2_msgs/msg/TFMessage)] (Lazy 0)
[parameter_bridge-3] [INFO] [1785701667.898535811] [ros_gz_bridge]: Creating GZ->ROS Bridge: [/scan (gz.msgs.LaserScan) -> /scan (sensor_msgs/msg/LaserScan)] (Lazy 0)
[parameter_bridge-3] [INFO] [1785701667.898924844] [ros_gz_bridge]: Creating GZ->ROS Bridge: [/imu/data (gz.msgs.IMU) -> /imu/data (sensor_msgs/msg/Imu)] (Lazy 0)
[parameter_bridge-3] [INFO] [1785701667.899270161] [ros_gz_bridge]: Creating ROS->GZ Bridge: [/cmd_vel (geometry_msgs/msg/Twist) -> /cmd_vel (gz.msgs.Twist)] (Lazy 0)
[parameter_bridge-3] [INFO] [1785701667.899867573] [ros_gz_bridge]: Creating GZ->ROS Bridge: [/ground_truth/odom (gz.msgs.Odometry) -> /ground_truth/odom (nav_msgs/msg/Odometry)] (Lazy 0)
[gazebo-1] [1;32m[Msg] [0m[1;32mServing GUI information on [[0m[1;32m/world/warehouse_dispatch[0m[1;32m/[0m[1;32mgui/info[0m[1;32m][0m[1;32m[0m
[gazebo-1] [1;32m[Msg] [0m[1;32mWorld [[0m[1;32mwarehouse_dispatch[0m[1;32m] initialized with [[0m[1;32mresearch_physics[0m[1;32m] physics profile.[0m[1;32m[0m
[gazebo-1] [1;32m[Msg] [0m[1;32mServing world SDF generation service on [[0m[1;32m/world/warehouse_dispatch[0m[1;32m/[0m[1;32mgenerate_world_sdf[0m[1;32m][0m[1;32m[0m
[gazebo-1] [1;32m[Msg] [0m[1;32mServing world names on [[0m[1;32m/gazebo/worlds[0m[1;32m][0m[1;32m[0m
[gazebo-1] [1;32m[Msg] [0m[1;32mResource path add service on [[0m[1;32m/gazebo/resource_paths/add[0m[1;32m].[0m[1;32m[0m
[gazebo-1] [1;32m[Msg] [0m[1;32mResource path get service on [[0m[1;32m/gazebo/resource_paths/get[0m[1;32m].[0m[1;32m[0m
[gazebo-1] [1;32m[Msg] [0m[1;32mResource path resolve service on [[0m[1;32m/gazebo/resource_paths/resolve[0m[1;32m].[0m[1;32m[0m
[gazebo-1] [1;32m[Msg] [0m[1;32mResource paths published on [[0m[1;32m/gazebo/resource_paths[0m[1;32m].[0m[1;32m[0m
[gazebo-1] [1;32m[Msg] [0m[1;32mServer control service on [[0m[1;32m/server_control[0m[1;32m].[0m[1;32m[0m
[gazebo-1] [1;32m[Msg] [0m[1;32mFound no publishers on /stats, adding root stats topic[0m[1;32m[0m
[gazebo-1] [1;32m[Msg] [0m[1;32mFound no publishers on /clock, adding root clock topic[0m[1;32m[0m
[gazebo-1] [1;33mWarning [Utils.cc:132][0m [/sdf/model[@name="vacuum_robot"]/link[@name="base_link"]/sensor[@name="rplidar_a1m8"]/gz_frame_id:/home/linh-pham/agv_nav2_research_ws_bao/install/vacuum_robot_gazebo/share/vacuum_robot_gazebo/models/vacuum_robot/model.sdf:L107]: XML Element[gz_frame_id], child of element[sensor], not defined in SDF. Copying[gz_frame_id] as children of [sensor].
[gazebo-1] [1;33mWarning [Utils.cc:132][0m [/sdf/model[@name="vacuum_robot"]/link[@name="base_link"]/sensor[@name="bno055_imu"]/gz_frame_id:/home/linh-pham/agv_nav2_research_ws_bao/install/vacuum_robot_gazebo/share/vacuum_robot_gazebo/models/vacuum_robot/model.sdf:L128]: XML Element[gz_frame_id], child of element[sensor], not defined in SDF. Copying[gz_frame_id] as children of [sensor].
[gazebo-1] libEGL warning: pci id for fd 55: 10de:25ec, driver (null)
[gazebo-1] 
[gazebo-1] pci id for fd 56: 10de:25ec, driver (null)
[gazebo-1] pci id for fd 57: 10de:25ec, driver (null)
[gazebo-1] libEGL warning: egl: failed to create dri2 screen
[gazebo-1] libEGL warning: pci id for fd 55: 10de:25ec, driver (null)
[gazebo-1] 
[gazebo-1] pci id for fd 56: 10de:25ec, driver (null)
[gazebo-1] pci id for fd 57: 10de:25ec, driver (null)
[gazebo-1] libEGL warning: egl: failed to create dri2 screen
[gazebo-1] libEGL warning: pci id for fd 55: 10de:25ec, driver (null)
[gazebo-1] 
[INFO] [map_server-6]: process started with pid [150463]
[INFO] [amcl-7]: process started with pid [150464]
[INFO] [lifecycle_manager-8]: process started with pid [150465]
[INFO] [controller_server-9]: process started with pid [150466]
[INFO] [smoother_server-10]: process started with pid [150467]
[INFO] [planner_server-11]: process started with pid [150468]
[INFO] [route_server-12]: process started with pid [150469]
[INFO] [behavior_server-13]: process started with pid [150470]
[INFO] [bt_navigator-14]: process started with pid [150471]
[INFO] [waypoint_follower-15]: process started with pid [150474]
[INFO] [velocity_smoother-16]: process started with pid [150475]
[INFO] [collision_monitor-17]: process started with pid [150478]
[INFO] [opennav_docking-18]: process started with pid [150481]
[INFO] [lifecycle_manager-19]: process started with pid [150482]
[lifecycle_manager-8] [INFO] [1785701669.772637019] [lifecycle_manager_localization]: Creating
[lifecycle_manager-8] [INFO] [1785701669.778763753] [lifecycle_manager_localization]: [34m[1mCreating and initializing lifecycle service clients[0m[0m
[planner_server-11] [INFO] [1785701669.785698309] [planner_server]: 
[planner_server-11] 	planner_server lifecycle node launched. 
[planner_server-11] 	Waiting on external lifecycle transitions to activate
[planner_server-11] 	See https://design.ros2.org/articles/node_lifecycle.html for more information.
[controller_server-9] [INFO] [1785701669.785994262] [controller_server]: 
[controller_server-9] 	controller_server lifecycle node launched. 
[controller_server-9] 	Waiting on external lifecycle transitions to activate
[controller_server-9] 	See https://design.ros2.org/articles/node_lifecycle.html for more information.
[planner_server-11] [INFO] [1785701669.787233805] [planner_server]: Creating
[controller_server-9] [INFO] [1785701669.794203964] [controller_server]: Creating controller server
[amcl-7] [INFO] [1785701669.794658099] [amcl]: 
[amcl-7] 	amcl lifecycle node launched. 
[amcl-7] 	Waiting on external lifecycle transitions to activate
[amcl-7] 	See https://design.ros2.org/articles/node_lifecycle.html for more information.
[amcl-7] [INFO] [1785701669.795052071] [amcl]: Creating
[planner_server-11] [INFO] [1785701669.807836112] [global_costmap.global_costmap]: 
[planner_server-11] 	global_costmap lifecycle node launched. 
[planner_server-11] 	Waiting on external lifecycle transitions to activate
[planner_server-11] 	See https://design.ros2.org/articles/node_lifecycle.html for more information.
[planner_server-11] [INFO] [1785701669.808321615] [global_costmap.global_costmap]: Creating Costmap
[controller_server-9] [INFO] [1785701669.815622127] [local_costmap.local_costmap]: 
[controller_server-9] 	local_costmap lifecycle node launched. 
[controller_server-9] 	Waiting on external lifecycle transitions to activate
[controller_server-9] 	See https://design.ros2.org/articles/node_lifecycle.html for more information.
[controller_server-9] [INFO] [1785701669.816090112] [local_costmap.local_costmap]: Creating Costmap
[behavior_server-13] [INFO] [1785701669.826717997] [behavior_server]: 
[behavior_server-13] 	behavior_server lifecycle node launched. 
[behavior_server-13] 	Waiting on external lifecycle transitions to activate
[behavior_server-13] 	See https://design.ros2.org/articles/node_lifecycle.html for more information.
[bt_navigator-14] [INFO] [1785701669.828671860] [bt_navigator]: 
[bt_navigator-14] 	bt_navigator lifecycle node launched. 
[bt_navigator-14] 	Waiting on external lifecycle transitions to activate
[bt_navigator-14] 	See https://design.ros2.org/articles/node_lifecycle.html for more information.
[bt_navigator-14] [INFO] [1785701669.829998492] [bt_navigator]: Creating
[smoother_server-10] [INFO] [1785701669.835101227] [smoother_server]: 
[smoother_server-10] 	smoother_server lifecycle node launched. 
[smoother_server-10] 	Waiting on external lifecycle transitions to activate
[smoother_server-10] 	See https://design.ros2.org/articles/node_lifecycle.html for more information.
[smoother_server-10] [INFO] [1785701669.836415847] [smoother_server]: Creating smoother server
[route_server-12] [INFO] [1785701669.838998228] [route_server]: 
[route_server-12] 	route_server lifecycle node launched. 
[route_server-12] 	Waiting on external lifecycle transitions to activate
[route_server-12] 	See https://design.ros2.org/articles/node_lifecycle.html for more information.
[velocity_smoother-16] [INFO] [1785701669.843139460] [velocity_smoother]: 
[velocity_smoother-16] 	velocity_smoother lifecycle node launched. 
[velocity_smoother-16] 	Waiting on external lifecycle transitions to activate
[velocity_smoother-16] 	See https://design.ros2.org/articles/node_lifecycle.html for more information.
[lifecycle_manager-19] [INFO] [1785701669.854227647] [lifecycle_manager_navigation]: Creating
[lifecycle_manager-19] [INFO] [1785701669.858725829] [lifecycle_manager_navigation]: [34m[1mCreating and initializing lifecycle service clients[0m[0m
[map_server-6] [INFO] [1785701670.232170259] [map_server]: 
[map_server-6] 	map_server lifecycle node launched. 
[map_server-6] 	Waiting on external lifecycle transitions to activate
[map_server-6] 	See https://design.ros2.org/articles/node_lifecycle.html for more information.
[map_server-6] [INFO] [1785701670.233427405] [map_server]: Creating
[collision_monitor-17] [INFO] [1785701670.252373064] [collision_monitor]: 
[collision_monitor-17] 	collision_monitor lifecycle node launched. 
[collision_monitor-17] 	Waiting on external lifecycle transitions to activate
[collision_monitor-17] 	See https://design.ros2.org/articles/node_lifecycle.html for more information.
[lifecycle_manager-8] [INFO] [1785701670.254081550] [lifecycle_manager_localization]: [34m[1mStarting managed nodes bringup...[0m[0m
[lifecycle_manager-8] [INFO] [1785701670.254162147] [lifecycle_manager_localization]: [34m[1mConfiguring map_server[0m[0m
[waypoint_follower-15] [INFO] [1785701670.261608599] [waypoint_follower]: 
[waypoint_follower-15] 	waypoint_follower lifecycle node launched. 
[waypoint_follower-15] 	Waiting on external lifecycle transitions to activate
[waypoint_follower-15] 	See https://design.ros2.org/articles/node_lifecycle.html for more information.
[waypoint_follower-15] [INFO] [1785701670.262382496] [waypoint_follower]: Creating
[opennav_docking-18] [INFO] [1785701670.268111560] [docking_server]: 
[opennav_docking-18] 	docking_server lifecycle node launched. 
[opennav_docking-18] 	Waiting on external lifecycle transitions to activate
[opennav_docking-18] 	See https://design.ros2.org/articles/node_lifecycle.html for more information.
[opennav_docking-18] [INFO] [1785701670.268211915] [docking_server]: Creating docking_server
[map_server-6] [INFO] [1785701670.428733806] [map_server]: Configuring
[map_server-6] [INFO] [1785701670.428878116] [map_io]: Loading yaml file: /home/linh-pham/agv_nav2_research_ws_bao/install/vacuum_robot_gazebo/share/vacuum_robot_gazebo/maps/warehouse_dispatch.yaml
[map_server-6] [INFO] [1785701670.429529303] [map_io]: resolution: 0.05
[map_server-6] [INFO] [1785701670.429550281] [map_io]: origin[0]: -6
[map_server-6] [INFO] [1785701670.429565843] [map_io]: origin[1]: -4
[map_server-6] [INFO] [1785701670.429577109] [map_io]: origin[2]: 0
[map_server-6] [INFO] [1785701670.429590182] [map_io]: free_thresh: 0.25
[map_server-6] [INFO] [1785701670.429602652] [map_io]: occupied_thresh: 0.65
[map_server-6] [INFO] [1785701670.429617132] [map_io]: mode: trinary
[map_server-6] [INFO] [1785701670.429629888] [map_io]: negate: 0
[map_server-6] [INFO] [1785701670.430043043] [map_io]: Loading image_file: /home/linh-pham/agv_nav2_research_ws_bao/install/vacuum_robot_gazebo/share/vacuum_robot_gazebo/maps/warehouse_dispatch.pgm
[map_server-6] [INFO] [1785701670.432934427] [map_io]: Read map /home/linh-pham/agv_nav2_research_ws_bao/install/vacuum_robot_gazebo/share/vacuum_robot_gazebo/maps/warehouse_dispatch.pgm: 240 X 160 map @ 0.05 m/cell
[lifecycle_manager-8] [INFO] [1785701670.461395239] [lifecycle_manager_localization]: [34m[1mConfiguring amcl[0m[0m
[amcl-7] [INFO] [1785701670.546084660] [amcl]: Configuring
[amcl-7] [INFO] [1785701670.546314609] [amcl]: initTransforms
[amcl-7] [INFO] [1785701670.573831997] [amcl]: initPubSub
[amcl-7] [INFO] [1785701670.587126097] [amcl]: Subscribed to map topic.
[lifecycle_manager-8] [INFO] [1785701670.593983749] [lifecycle_manager_localization]: [34m[1mActivating map_server[0m[0m
[map_server-6] [INFO] [1785701670.594246096] [map_server]: Activating
[map_server-6] [INFO] [1785701670.594612680] [map_server]: Creating bond (map_server) to lifecycle manager.
[amcl-7] [INFO] [1785701670.594766473] [amcl]: Received a 240 X 160 map @ 0.050 m/pix
[lifecycle_manager-8] [INFO] [1785701670.701025436] [lifecycle_manager_localization]: Server map_server connected with bond.
[lifecycle_manager-8] [INFO] [1785701670.701098364] [lifecycle_manager_localization]: [34m[1mActivating amcl[0m[0m
[amcl-7] [INFO] [1785701670.701565416] [amcl]: Activating
[amcl-7] [INFO] [1785701670.701600103] [amcl]: initialPoseReceived
[amcl-7] [INFO] [1785701670.701670401] [amcl]: Setting pose (1.176000): -5.200 3.200 0.759
[amcl-7] [INFO] [1785701670.702537336] [amcl]: Creating bond (amcl) to lifecycle manager.
[lifecycle_manager-8] [INFO] [1785701670.812321113] [lifecycle_manager_localization]: Server amcl connected with bond.
[lifecycle_manager-8] [INFO] [1785701670.812386403] [lifecycle_manager_localization]: [34m[1mManaged nodes are active[0m[0m
[lifecycle_manager-8] [INFO] [1785701670.812406047] [lifecycle_manager_localization]: [34m[1mCreating bond timer...[0m[0m
[amcl-7] [INFO] [1785701670.822492300] [amcl]: createLaserObject
[lifecycle_manager-19] [INFO] [1785701670.981881567] [lifecycle_manager_navigation]: [34m[1mStarting managed nodes bringup...[0m[0m
[lifecycle_manager-19] [INFO] [1785701670.982005844] [lifecycle_manager_navigation]: [34m[1mConfiguring controller_server[0m[0m
[controller_server-9] [INFO] [1785701670.982851804] [controller_server]: Configuring controller interface
[controller_server-9] [INFO] [1785701670.982903855] [controller_server]: getting progress checker plugins..
[controller_server-9] [INFO] [1785701670.983265388] [controller_server]: getting goal checker plugins..
[controller_server-9] [INFO] [1785701670.983473617] [controller_server]: Controller frequency set to 20.0000Hz
[controller_server-9] [INFO] [1785701670.983549995] [local_costmap.local_costmap]: Configuring
[controller_server-9] [INFO] [1785701671.004683334] [local_costmap.local_costmap]: Using plugin "voxel_layer"
[controller_server-9] [INFO] [1785701671.009872030] [local_costmap.local_costmap]: Subscribed to Topics: scan
[controller_server-9] [INFO] [1785701671.020408131] [local_costmap.local_costmap]: Initialized plugin "voxel_layer"
[controller_server-9] [INFO] [1785701671.020440875] [local_costmap.local_costmap]: Using plugin "inflation_layer"
[controller_server-9] [INFO] [1785701671.020985457] [local_costmap.local_costmap]: Initialized plugin "inflation_layer"
[controller_server-9] [INFO] [1785701671.034931000] [controller_server]: Created progress_checker : progress_checker of type nav2_controller::PoseProgressChecker
[controller_server-9] [INFO] [1785701671.035180694] [controller_server]: Controller Server has progress_checker  progress checkers available.
[controller_server-9] [INFO] [1785701671.035725375] [controller_server]: Created goal checker : general_goal_checker of type nav2_controller::SimpleGoalChecker
[controller_server-9] [INFO] [1785701671.036061199] [controller_server]: Controller Server has general_goal_checker  goal checkers available.
[controller_server-9] [INFO] [1785701671.036771771] [controller_server]: Created controller : FollowPath of type nav2_regulated_pure_pursuit_controller::RegulatedPurePursuitController
[controller_server-9] [INFO] [1785701671.042261091] [controller_server]: Controller Server has FollowPath  controllers available.
[lifecycle_manager-19] [INFO] [1785701671.050587892] [lifecycle_manager_navigation]: [34m[1mConfiguring smoother_server[0m[0m
[smoother_server-10] [INFO] [1785701671.050826706] [smoother_server]: Configuring smoother server
[smoother_server-10] [INFO] [1785701671.063027317] [smoother_server]: Created smoother : simple_smoother of type nav2_smoother::SimpleSmoother
[smoother_server-10] [INFO] [1785701671.063894520] [smoother_server]: Created smoother : savitzky_golay of type nav2_smoother::SavitzkyGolaySmoother
[smoother_server-10] [INFO] [1785701671.067952993] [smoother_server]: Created smoother : constrained of type nav2_constrained_smoother/ConstrainedSmoother
[smoother_server-10] [INFO] [1785701671.070776640] [smoother_server]: Created smoother : pstmo of type adaptive_pivot_g2_nav2/AdaptivePivotG2Smoother
[smoother_server-10] [INFO] [1785701671.073935151] [smoother_server]: Configured PSTMO smoother 'pstmo' with hierarchical_alpha_two_trim search and condition_only preprocessing
[smoother_server-10] [INFO] [1785701671.074204219] [smoother_server]: Created smoother : adaptive_hybrid of type adaptive_pivot_g2_nav2/SafetyGatedHybridSmoother
[smoother_server-10] [INFO] [1785701671.077040957] [smoother_server]: Configured PSTMO smoother 'adaptive_hybrid.pivot' with legacy_joint_d_q search and condition_only preprocessing
[smoother_server-10] [INFO] [1785701671.078113103] [smoother_server]: Configured safety-gated hybrid smoother as 'adaptive_hybrid'
[smoother_server-10] [INFO] [1785701671.078141508] [smoother_server]: Smoother Server has simple_smoother savitzky_golay constrained pstmo adaptive_hybrid  smoothers available.
[lifecycle_manager-19] [INFO] [1785701671.085543393] [lifecycle_manager_navigation]: [34m[1mConfiguring planner_server[0m[0m
[planner_server-11] [INFO] [1785701671.085840286] [planner_server]: Configuring
[planner_server-11] [INFO] [1785701671.085871070] [global_costmap.global_costmap]: Configuring
[planner_server-11] [INFO] [1785701671.094288149] [global_costmap.global_costmap]: Using plugin "static_layer"
[planner_server-11] [INFO] [1785701671.097040664] [global_costmap.global_costmap]: Subscribing to the map topic (/map) with transient local durability
[planner_server-11] [INFO] [1785701671.099180635] [global_costmap.global_costmap]: Initialized plugin "static_layer"
[planner_server-11] [INFO] [1785701671.099220755] [global_costmap.global_costmap]: Using plugin "inflation_layer"
[planner_server-11] [INFO] [1785701671.099779320] [global_costmap.global_costmap]: Initialized plugin "inflation_layer"
[planner_server-11] [INFO] [1785701671.120224777] [planner_server]: Created global planner plugin NavFnAStar of type nav2_navfn_planner::NavfnPlanner
[planner_server-11] [INFO] [1785701671.120262582] [planner_server]: Configuring plugin NavFnAStar of type NavfnPlanner
[planner_server-11] [INFO] [1785701671.120671019] [planner_server]: Created global planner plugin NavFnDijkstra of type nav2_navfn_planner::NavfnPlanner
[planner_server-11] [INFO] [1785701671.120688642] [planner_server]: Configuring plugin NavFnDijkstra of type NavfnPlanner
[planner_server-11] [INFO] [1785701671.121850267] [planner_server]: Created global planner plugin ThetaStar of type nav2_theta_star_planner::ThetaStarPlanner
[planner_server-11] [INFO] [1785701671.126510556] [planner_server]: Created global planner plugin Smac2D of type nav2_smac_planner::SmacPlanner2D
[planner_server-11] [INFO] [1785701671.126555314] [planner_server]: Configuring Smac2D of type SmacPlanner2D
[planner_server-11] [ERROR] [1785701671.127183600] [planner_server]: Inflation layer either not found or inflation is not set sufficiently for optimized non-circular collision checking capabilities. It is HIGHLY recommended to set the inflation radius to be at MINIMUM half of the robot's largest cross-section. See github.com/ros-planning/navigation2/tree/main/nav2_smac_planner#potential-fields for full instructions. This will substantially impact run-time performance.
[planner_server-11] [INFO] [1785701671.128856010] [planner_server]: Configured plugin Smac2D of type SmacPlanner2D with tolerance 0.10, maximum iterations 1000000, max on approach iterations 1000, and not allowing unknown traversal.
[planner_server-11] [INFO] [1785701671.130115506] [planner_server]: Created global planner plugin SmacHybrid of type nav2_smac_planner::SmacPlannerHybrid
[planner_server-11] [INFO] [1785701671.130146274] [planner_server]: Configuring SmacHybrid of type SmacPlannerHybrid
[planner_server-11] [INFO] [1785701671.132322340] [planner_server]: Even sized heuristic lookup table size set 160.000000, increasing size by 1 to make odd
[planner_server-11] [INFO] [1785701671.302601209] [global_costmap.global_costmap]: StaticLayer: Resizing costmap to 240 X 160 at 0.050000 m/pix
[planner_server-11] [INFO] [1785701671.383003691] [planner_server]: Configured plugin SmacHybrid of type SmacPlannerHybrid with maximum iterations 1000000, max on approach iterations 1000, and not allowing unknown traversal. Tolerance 0.10.Using motion model: Dubin.
[planner_server-11] [INFO] [1785701671.383068093] [planner_server]: Planner Server has NavFnAStar NavFnDijkstra ThetaStar Smac2D SmacHybrid  planners available.
[lifecycle_manager-19] [INFO] [1785701671.397316629] [lifecycle_manager_navigation]: [34m[1mConfiguring route_server[0m[0m
[route_server-12] [INFO] [1785701671.397727120] [route_server]: Configuring
[route_server-12] [INFO] [1785701671.434128308] [route_server]: Created GraphFileLoader GeoJsonGraphFileLoader of type nav2_route::GeoJsonGraphFileLoader
[route_server-12] [INFO] [1785701671.434191377] [route_server]: Configuring geojson graph file loader
[route_server-12] [INFO] [1785701671.434203695] [route_server]: No graph file provided to load yet.
[route_server-12] [INFO] [1785701671.436743277] [route_server]: Created edge cost function plugin DistanceScorer of type nav2_route::DistanceScorer
[route_server-12] [INFO] [1785701671.436780388] [route_server]: Configuring distance scorer.
[route_server-12] [INFO] [1785701671.437232715] [route_server]: Created edge cost function plugin CostmapScorer of type nav2_route::CostmapScorer
[route_server-12] [INFO] [1785701671.437246037] [route_server]: Configuring costmap scorer.
[route_server-12] [INFO] [1785701671.439559834] [route_server]: Created route operation ReroutingService of type nav2_route::ReroutingService
[route_server-12] [INFO] [1785701671.439596685] [route_server]: Configuring Rerouting service operation.
[route_server-12] [INFO] [1785701671.441435262] [route_server]: Created route operation CollisionMonitor of type nav2_route::CollisionMonitor
[route_server-12] [INFO] [1785701671.441592221] [route_server]: Using costmap topic: local_costmap/costmap_raw instead of server costmap topic: global_costmap/costmap_raw for CollisionMonitor.
[lifecycle_manager-19] [INFO] [1785701671.445527195] [lifecycle_manager_navigation]: [34m[1mConfiguring behavior_server[0m[0m
[behavior_server-13] [INFO] [1785701671.445828202] [behavior_server]: Configuring
[behavior_server-13] [INFO] [1785701671.451599125] [behavior_server]: Creating behavior plugin spin of type nav2_behaviors::Spin
[behavior_server-13] [INFO] [1785701671.452710433] [behavior_server]: Creating behavior plugin backup of type nav2_behaviors::BackUp
[behavior_server-13] [INFO] [1785701671.453590445] [behavior_server]: Creating behavior plugin drive_on_heading of type nav2_behaviors::DriveOnHeading
[behavior_server-13] [INFO] [1785701671.454824914] [behavior_server]: Creating behavior plugin assisted_teleop of type nav2_behaviors::AssistedTeleop
[behavior_server-13] [INFO] [1785701671.456410321] [behavior_server]: Creating behavior plugin wait of type nav2_behaviors::Wait
[behavior_server-13] [INFO] [1785701671.464507376] [behavior_server]: Configuring spin
[behavior_server-13] [INFO] [1785701671.474155359] [behavior_server]: Configuring backup
[behavior_server-13] [INFO] [1785701671.479929461] [behavior_server]: Configuring drive_on_heading
[behavior_server-13] [INFO] [1785701671.485077338] [behavior_server]: Configuring assisted_teleop
[behavior_server-13] [INFO] [1785701671.493281275] [behavior_server]: Configuring wait
[lifecycle_manager-19] [INFO] [1785701671.498640079] [lifecycle_manager_navigation]: [34m[1mConfiguring velocity_smoother[0m[0m
[velocity_smoother-16] [INFO] [1785701671.498892829] [velocity_smoother]: Configuring velocity smoother
[lifecycle_manager-19] [INFO] [1785701671.507727384] [lifecycle_manager_navigation]: [34m[1mConfiguring collision_monitor[0m[0m
[collision_monitor-17] [INFO] [1785701671.508067797] [collision_monitor]: Configuring
[collision_monitor-17] [INFO] [1785701671.513636278] [collision_monitor]: [scan]: Creating Scan
[collision_monitor-17] [INFO] [1785701671.516408501] [collision_monitor]: [FootprintApproach]: Creating Polygon
[collision_monitor-17] [INFO] [1785701671.516549746] [collision_monitor]: [FootprintApproach]: Polygon points are not defined. Using dynamic subscription instead.
[collision_monitor-17] [INFO] [1785701671.517471666] [collision_monitor]: [FootprintApproach]: Making footprint subscriber on /local_costmap/published_footprint topic
[lifecycle_manager-19] [INFO] [1785701671.530783019] [lifecycle_manager_navigation]: [34m[1mConfiguring bt_navigator[0m[0m
[bt_navigator-14] [INFO] [1785701671.530964724] [bt_navigator]: Configuring
[bt_navigator-14] [INFO] [1785701671.537678653] [bt_navigator]: Creating navigator id navigate_to_pose of type nav2_bt_navigator::NavigateToPoseNavigator
[bt_navigator-14] [INFO] [1785701671.604427564] [bt_navigator]: Creating navigator id navigate_through_poses of type nav2_bt_navigator::NavigateThroughPosesNavigator
[lifecycle_manager-19] [INFO] [1785701671.630570850] [lifecycle_manager_navigation]: [34m[1mConfiguring waypoint_follower[0m[0m
[waypoint_follower-15] [INFO] [1785701671.630846134] [waypoint_follower]: Configuring
[waypoint_follower-15] [INFO] [1785701671.658942859] [waypoint_follower]: Created waypoint_task_executor : wait_at_waypoint of type nav2_waypoint_follower::WaitAtWaypoint
[lifecycle_manager-19] [INFO] [1785701671.660413008] [lifecycle_manager_navigation]: [34m[1mConfiguring docking_server[0m[0m
[opennav_docking-18] [INFO] [1785701671.660795441] [docking_server]: Configuring docking_server
[opennav_docking-18] [INFO] [1785701671.660831469] [docking_server]: Controller frequency set to 50.0000Hz
[opennav_docking-18] [INFO] [1785701671.687390927] [docking_server]: Created charging dock plugin simple_charging_dock of type opennav_docking::SimpleChargingDock
[opennav_docking-18] [WARN] [1785701671.692213195] [docking_server]: Dock database filepath nor dock parameters set. Docking actions can only be executed specifying the dock pose via the action request. Or update the dock database via the reload_database service.
[opennav_docking-18] [INFO] [1785701671.692253611] [docking_server]: Docking Server has 1 dock types and 0 dock instances available.
[lifecycle_manager-19] [INFO] [1785701671.694357354] [lifecycle_manager_navigation]: [34m[1mActivating controller_server[0m[0m
[controller_server-9] [INFO] [1785701671.694654664] [controller_server]: Activating
[controller_server-9] [INFO] [1785701671.694691179] [local_costmap.local_costmap]: Activating
[controller_server-9] [INFO] [1785701671.694698200] [local_costmap.local_costmap]: Checking transform
[controller_server-9] [INFO] [1785701671.694873468] [local_costmap.local_costmap]: start
[controller_server-9] [INFO] [1785701671.945947002] [controller_server]: Activating controller: FollowPath of type regulated_pure_pursuit_controller::RegulatedPurePursuitController
[controller_server-9] [INFO] [1785701671.945998967] [controller_server]: Creating bond (controller_server) to lifecycle manager.
[lifecycle_manager-19] [INFO] [1785701672.061209162] [lifecycle_manager_navigation]: Server controller_server connected with bond.
[lifecycle_manager-19] [INFO] [1785701672.061249982] [lifecycle_manager_navigation]: [34m[1mActivating smoother_server[0m[0m
[smoother_server-10] [INFO] [1785701672.061603344] [smoother_server]: Activating
[smoother_server-10] [INFO] [1785701672.061658683] [smoother_server]: Activating smoother: constrained of type nav2_constrained_smoother::ConstrainedSmoother
[smoother_server-10] [INFO] [1785701672.061674086] [smoother_server]: Creating bond (smoother_server) to lifecycle manager.
[lifecycle_manager-19] [INFO] [1785701672.168803895] [lifecycle_manager_navigation]: Server smoother_server connected with bond.
[lifecycle_manager-19] [INFO] [1785701672.168882378] [lifecycle_manager_navigation]: [34m[1mActivating planner_server[0m[0m
[planner_server-11] [INFO] [1785701672.169517218] [planner_server]: Activating
[planner_server-11] [INFO] [1785701672.169658987] [global_costmap.global_costmap]: Activating
[planner_server-11] [INFO] [1785701672.169723462] [global_costmap.global_costmap]: Checking transform
[planner_server-11] [INFO] [1785701672.169942746] [global_costmap.global_costmap]: Timed out waiting for transform from base_link to map to become available, tf error: Lookup would require extrapolation into the past.  Requested time 2.628000 but the earliest data is at time 2.632000, when looking up transform from frame [base_link] to frame [map]
[planner_server-11] [INFO] [1785701672.670065301] [global_costmap.global_costmap]: start
[planner_server-11] [INFO] [1785701672.720360833] [planner_server]: Activating plugin Smac2D of type SmacPlanner2D
[planner_server-11] [INFO] [1785701672.720437708] [planner_server]: Activating plugin ThetaStar of type nav2_theta_star_planner
[planner_server-11] [INFO] [1785701672.720457062] [planner_server]: Activating plugin SmacHybrid of type SmacPlannerHybrid
[planner_server-11] [INFO] [1785701672.722797753] [planner_server]: Activating plugin NavFnDijkstra of type NavfnPlanner
[planner_server-11] [INFO] [1785701672.722886653] [planner_server]: Activating plugin NavFnAStar of type NavfnPlanner
[planner_server-11] [INFO] [1785701672.726719787] [planner_server]: Creating bond (planner_server) to lifecycle manager.
[lifecycle_manager-19] [INFO] [1785701672.843160868] [lifecycle_manager_navigation]: Server planner_server connected with bond.
[lifecycle_manager-19] [INFO] [1785701672.843224703] [lifecycle_manager_navigation]: [34m[1mActivating route_server[0m[0m
[route_server-12] [INFO] [1785701672.843991591] [route_server]: Activating
[route_server-12] [INFO] [1785701672.844415378] [route_server]: Creating bond (route_server) to lifecycle manager.
[lifecycle_manager-19] [INFO] [1785701672.958505056] [lifecycle_manager_navigation]: Server route_server connected with bond.
[lifecycle_manager-19] [INFO] [1785701672.958548701] [lifecycle_manager_navigation]: [34m[1mActivating behavior_server[0m[0m
[behavior_server-13] [INFO] [1785701672.958933445] [behavior_server]: Activating
[behavior_server-13] [INFO] [1785701672.958966133] [behavior_server]: Activating spin
[behavior_server-13] [INFO] [1785701672.958979249] [behavior_server]: Activating backup
[behavior_server-13] [INFO] [1785701672.958989373] [behavior_server]: Activating drive_on_heading
[behavior_server-13] [INFO] [1785701672.958998951] [behavior_server]: Activating assisted_teleop
[behavior_server-13] [INFO] [1785701672.959007984] [behavior_server]: Activating wait
[behavior_server-13] [INFO] [1785701672.959021532] [behavior_server]: Creating bond (behavior_server) to lifecycle manager.
[lifecycle_manager-19] [INFO] [1785701673.070864085] [lifecycle_manager_navigation]: Server behavior_server connected with bond.
[lifecycle_manager-19] [INFO] [1785701673.070928325] [lifecycle_manager_navigation]: [34m[1mActivating velocity_smoother[0m[0m
[velocity_smoother-16] [INFO] [1785701673.071409643] [velocity_smoother]: Activating
[velocity_smoother-16] [INFO] [1785701673.071481782] [velocity_smoother]: Creating bond (velocity_smoother) to lifecycle manager.
[lifecycle_manager-19] [INFO] [1785701673.181544027] [lifecycle_manager_navigation]: Server velocity_smoother connected with bond.
[lifecycle_manager-19] [INFO] [1785701673.181592926] [lifecycle_manager_navigation]: [34m[1mActivating collision_monitor[0m[0m
[collision_monitor-17] [INFO] [1785701673.181961816] [collision_monitor]: Activating
[collision_monitor-17] [INFO] [1785701673.182020161] [collision_monitor]: Creating bond (collision_monitor) to lifecycle manager.
[lifecycle_manager-19] [INFO] [1785701673.300331945] [lifecycle_manager_navigation]: Server collision_monitor connected with bond.
[lifecycle_manager-19] [INFO] [1785701673.300393877] [lifecycle_manager_navigation]: [34m[1mActivating bt_navigator[0m[0m
[bt_navigator-14] [INFO] [1785701673.300729782] [bt_navigator]: Activating
[bt_navigator-14] [INFO] [1785701673.402173307] [bt_navigator]: Creating bond (bt_navigator) to lifecycle manager.
[lifecycle_manager-19] [INFO] [1785701673.508705173] [lifecycle_manager_navigation]: Server bt_navigator connected with bond.
[lifecycle_manager-19] [INFO] [1785701673.508748252] [lifecycle_manager_navigation]: [34m[1mActivating waypoint_follower[0m[0m
[waypoint_follower-15] [INFO] [1785701673.509311996] [waypoint_follower]: Activating
[waypoint_follower-15] [INFO] [1785701673.509376520] [waypoint_follower]: Creating bond (waypoint_follower) to lifecycle manager.
[lifecycle_manager-19] [INFO] [1785701673.625857182] [lifecycle_manager_navigation]: Server waypoint_follower connected with bond.
[lifecycle_manager-19] [INFO] [1785701673.625918094] [lifecycle_manager_navigation]: [34m[1mActivating docking_server[0m[0m
[opennav_docking-18] [INFO] [1785701673.627190619] [docking_server]: Activating docking_server
[opennav_docking-18] [INFO] [1785701673.657762504] [docking_server]: Creating bond (docking_server) to lifecycle manager.
[lifecycle_manager-19] [INFO] [1785701673.773017912] [lifecycle_manager_navigation]: Server docking_server connected with bond.
[lifecycle_manager-19] [INFO] [1785701673.773087928] [lifecycle_manager_navigation]: [34m[1mManaged nodes are active[0m[0m
[lifecycle_manager-19] [INFO] [1785701673.773106754] [lifecycle_manager_navigation]: [34m[1mCreating bond timer...[0m[0m
[amcl-7] [INFO] [1785701673.775926055] [amcl]: initialPoseReceived
[amcl-7] [INFO] [1785701673.775983026] [amcl]: Setting pose (4.248000): -5.200 3.200 0.759
[amcl-7] [INFO] [1785701673.778176884] [amcl]: initialPoseReceived
[amcl-7] [WARN] [1785701673.778278813] [amcl]: Failed to transform initial pose in time (Lookup would require extrapolation into the future.  Requested time 4.251000 but the latest data is at time 4.248000, when looking up transform from frame [base_link] to frame [odom])
[amcl-7] [INFO] [1785701673.778298606] [amcl]: Setting pose (4.251000): -5.200 3.200 0.759
[planner_server-11] [INFO] [1785701675.777973169] [global_costmap.global_costmap]: Received request to clear entirely the global_costmap
[controller_server-9] [INFO] [1785701675.778784977] [local_costmap.local_costmap]: Received request to clear entirely the local_costmap
[planner_server-11] [WARN] [1785701676.689194245] [planner_server]: Planner loop missed its desired rate of 5.0000 Hz. Current loop rate is 2.4691 Hz
[smoother_server-10] [INFO] [1785701676.746312085] [smoother_server]: Received a path to smooth.
[smoother_server-10] [INFO] [1785701676.829182242] [smoother_server]: PSTMO: 8 corners, 7 G2, 0 pivots, 1 pass-through, 182 evaluations, 0.082621 s
[controller_server-9] [INFO] [1785701676.925995796] [controller_server]: Received a goal, begin computing control effort.
[parameter_bridge-3] [INFO] [1785701676.942760541] [ros_gz_bridge]: Passing message from ROS geometry_msgs/msg/Twist to Gazebo gz.msgs.Twist (showing msg only once per type)
[controller_server-9] [INFO] [1785701751.826439477] [controller_server]: Reached the goal!
[execution_trial-5] [INFO] [1785701754.084428929] [execution_trial]: Execution trial finished: method=pstmo, success=True, time=76.221s, output=/home/linh-pham/agv_nav2_research_ws_bao/results/pstmo_execution_full_20260803/warehouse_dispatch/full_replenishment_smac2d_pstmo.json
[INFO] [execution_trial-5]: process has finished cleanly [pid 150261]
[INFO] [lifecycle_manager-19]: sending signal 'SIGINT' to process[lifecycle_manager-19]
[INFO] [opennav_docking-18]: sending signal 'SIGINT' to process[opennav_docking-18]
[INFO] [collision_monitor-17]: sending signal 'SIGINT' to process[collision_monitor-17]
[INFO] [velocity_smoother-16]: sending signal 'SIGINT' to process[velocity_smoother-16]
[INFO] [waypoint_follower-15]: sending signal 'SIGINT' to process[waypoint_follower-15]
[INFO] [bt_navigator-14]: sending signal 'SIGINT' to process[bt_navigator-14]
[INFO] [behavior_server-13]: sending signal 'SIGINT' to process[behavior_server-13]
[INFO] [route_server-12]: sending signal 'SIGINT' to process[route_server-12]
[INFO] [planner_server-11]: sending signal 'SIGINT' to process[planner_server-11]
[INFO] [smoother_server-10]: sending signal 'SIGINT' to process[smoother_server-10]
[INFO] [controller_server-9]: sending signal 'SIGINT' to process[controller_server-9]
[INFO] [lifecycle_manager-8]: sending signal 'SIGINT' to process[lifecycle_manager-8]
[INFO] [amcl-7]: sending signal 'SIGINT' to process[amcl-7]
[INFO] [map_server-6]: sending signal 'SIGINT' to process[map_server-6]
[INFO] [robot_state_publisher-4]: sending signal 'SIGINT' to process[robot_state_publisher-4]
[INFO] [parameter_bridge-3]: sending signal 'SIGINT' to process[parameter_bridge-3]
[INFO] [gazebo-1]: sending signal 'SIGINT' to process[gazebo-1]
[lifecycle_manager-19] [INFO] [1785701754.330020330] [rclcpp]: signal_handler(SIGINT/SIGTERM)
[lifecycle_manager-19] [INFO] [1785701754.330100673] [lifecycle_manager_navigation]: Running Nav2 LifecycleManager rcl preshutdown (lifecycle_manager_navigation)
[lifecycle_manager-19] [INFO] [1785701754.330127611] [lifecycle_manager_navigation]: [34m[1mTerminating bond timer...[0m[0m
[opennav_docking-18] [INFO] [1785701754.332798967] [rclcpp]: signal_handler(SIGINT/SIGTERM)
[opennav_docking-18] [INFO] [1785701754.332933244] [docking_server]: Running Nav2 LifecycleNode rcl preshutdown (docking_server)
[opennav_docking-18] [INFO] [1785701754.333013383] [docking_server]: Deactivating docking_server
[collision_monitor-17] [INFO] [1785701754.339107366] [rclcpp]: signal_handler(SIGINT/SIGTERM)
[collision_monitor-17] [INFO] [1785701754.339291292] [collision_monitor]: Running Nav2 LifecycleNode rcl preshutdown (collision_monitor)
[collision_monitor-17] [INFO] [1785701754.339471039] [collision_monitor]: Deactivating
[collision_monitor-17] [INFO] [1785701754.339514919] [collision_monitor]: Destroying bond (collision_monitor) to lifecycle manager.
[velocity_smoother-16] [INFO] [1785701754.345188462] [rclcpp]: signal_handler(SIGINT/SIGTERM)
[velocity_smoother-16] [INFO] [1785701754.345452637] [velocity_smoother]: Running Nav2 LifecycleNode rcl preshutdown (velocity_smoother)
[velocity_smoother-16] [INFO] [1785701754.345530527] [velocity_smoother]: Deactivating
[velocity_smoother-16] [INFO] [1785701754.345552907] [velocity_smoother]: Destroying bond (velocity_smoother) to lifecycle manager.
[collision_monitor-17] [INFO] [1785701754.349939223] [collision_monitor]: Cleaning up
[collision_monitor-17] [INFO] [1785701754.349986003] [collision_monitor]: [FootprintApproach]: Destroying Polygon
[collision_monitor-17] [INFO] [1785701754.350001445] [collision_monitor]: [scan]: Destroying Scan
[waypoint_follower-15] [INFO] [1785701754.350271366] [rclcpp]: signal_handler(SIGINT/SIGTERM)
[waypoint_follower-15] [INFO] [1785701754.350427807] [waypoint_follower]: Running Nav2 LifecycleNode rcl preshutdown (waypoint_follower)
[waypoint_follower-15] [INFO] [1785701754.350519214] [waypoint_follower]: Deactivating
[waypoint_follower-15] [INFO] [1785701754.350558564] [waypoint_follower]: Destroying bond (waypoint_follower) to lifecycle manager.
[bt_navigator-14] [INFO] [1785701754.354452785] [rclcpp]: signal_handler(SIGINT/SIGTERM)
[bt_navigator-14] [INFO] [1785701754.354597125] [bt_navigator]: Running Nav2 LifecycleNode rcl preshutdown (bt_navigator)
[bt_navigator-14] [INFO] [1785701754.354669631] [bt_navigator]: Deactivating
[bt_navigator-14] [INFO] [1785701754.354697680] [bt_navigator]: Destroying bond (bt_navigator) to lifecycle manager.
[velocity_smoother-16] [INFO] [1785701754.357905627] [velocity_smoother]: Cleaning up
[velocity_smoother-16] [INFO] [1785701754.357960786] [velocity_smoother]: Destroying bond (velocity_smoother) to lifecycle manager.
[behavior_server-13] [INFO] [1785701754.360409597] [rclcpp]: signal_handler(SIGINT/SIGTERM)
[behavior_server-13] [INFO] [1785701754.360531091] [behavior_server]: Running Nav2 LifecycleNode rcl preshutdown (behavior_server)
[behavior_server-13] [INFO] [1785701754.360634828] [behavior_server]: Deactivating
[behavior_server-13] [INFO] [1785701754.360682361] [behavior_server]: Destroying bond (behavior_server) to lifecycle manager.
[opennav_docking-18] [INFO] [1785701754.360461142] [docking_server]: Destroying bond (docking_server) to lifecycle manager.
[waypoint_follower-15] [INFO] [1785701754.360943503] [waypoint_follower]: Cleaning up
[collision_monitor-17] [INFO] [1785701754.359651067] [collision_monitor]: Destroying bond (collision_monitor) to lifecycle manager.
[route_server-12] [INFO] [1785701754.364254716] [rclcpp]: signal_handler(SIGINT/SIGTERM)
[route_server-12] [INFO] [1785701754.364376063] [route_server]: Running Nav2 LifecycleNode rcl preshutdown (route_server)
[route_server-12] [INFO] [1785701754.364436015] [route_server]: Deactivating
[route_server-12] [INFO] [1785701754.364452661] [route_server]: Destroying bond (route_server) to lifecycle manager.
[bt_navigator-14] [INFO] [1785701754.365090992] [bt_navigator]: Cleaning up
[planner_server-11] [INFO] [1785701754.367110704] [rclcpp]: signal_handler(SIGINT/SIGTERM)
[planner_server-11] [INFO] [1785701754.367175453] [planner_server]: Running Nav2 LifecycleNode rcl preshutdown (planner_server)
[planner_server-11] [INFO] [1785701754.367238864] [planner_server]: Deactivating
[planner_server-11] [INFO] [1785701754.367268713] [global_costmap.global_costmap]: Deactivating
[velocity_smoother-16] [INFO] [1785701754.369050025] [velocity_smoother]: Destroying
[collision_monitor-17] [INFO] [1785701754.369780135] [collision_monitor]: Destroying
[smoother_server-10] [INFO] [1785701754.370629081] [rclcpp]: signal_handler(SIGINT/SIGTERM)
[smoother_server-10] [INFO] [1785701754.370687083] [smoother_server]: Running Nav2 LifecycleNode rcl preshutdown (smoother_server)
[smoother_server-10] [INFO] [1785701754.370739022] [smoother_server]: Deactivating
[smoother_server-10] [INFO] [1785701754.370978626] [smoother_server]: Deactivating smoother: constrained of type nav2_constrained_smoother::ConstrainedSmoother
[smoother_server-10] [INFO] [1785701754.370995162] [smoother_server]: Destroying bond (smoother_server) to lifecycle manager.
[behavior_server-13] [INFO] [1785701754.371042820] [behavior_server]: Cleaning up
[opennav_docking-18] [INFO] [1785701754.372777113] [docking_server]: Cleaning up docking_server
[controller_server-9] [INFO] [1785701754.374391767] [rclcpp]: signal_handler(SIGINT/SIGTERM)
[controller_server-9] [INFO] [1785701754.374453662] [controller_server]: Running Nav2 LifecycleNode rcl preshutdown (controller_server)
[controller_server-9] [INFO] [1785701754.374519047] [controller_server]: Deactivating
[controller_server-9] [INFO] [1785701754.374537101] [controller_server]: Deactivating controller: FollowPath of type regulated_pure_pursuit_controller::RegulatedPurePursuitController
[controller_server-9] [INFO] [1785701754.374554524] [local_costmap.local_costmap]: Deactivating
[route_server-12] [INFO] [1785701754.375880448] [route_server]: Cleaning up
[lifecycle_manager-8] [INFO] [1785701754.376469246] [rclcpp]: signal_handler(SIGINT/SIGTERM)
[lifecycle_manager-8] [INFO] [1785701754.376600167] [lifecycle_manager_localization]: Running Nav2 LifecycleManager rcl preshutdown (lifecycle_manager_localization)
[lifecycle_manager-8] [INFO] [1785701754.376632526] [lifecycle_manager_localization]: [34m[1mTerminating bond timer...[0m[0m
[behavior_server-13] [INFO] [1785701754.376785094] [behavior_server]: Destroying bond (behavior_server) to lifecycle manager.
[amcl-7] [INFO] [1785701754.379987672] [rclcpp]: signal_handler(SIGINT/SIGTERM)
[amcl-7] [INFO] [1785701754.380082616] [amcl]: Running Nav2 LifecycleNode rcl preshutdown (amcl)
[amcl-7] [INFO] [1785701754.380134765] [amcl]: Deactivating
[amcl-7] [INFO] [1785701754.380153834] [amcl]: Destroying bond (amcl) to lifecycle manager.
[smoother_server-10] [INFO] [1785701754.381284210] [smoother_server]: Cleaning up
[smoother_server-10] [INFO] [1785701754.381433824] [smoother_server]: Cleaning up smoother: constrained of type nav2_constrained_smoother::ConstrainedSmoother
[map_server-6] [INFO] [1785701754.383703138] [rclcpp]: signal_handler(SIGINT/SIGTERM)
[map_server-6] [INFO] [1785701754.383805525] [map_server]: Running Nav2 LifecycleNode rcl preshutdown (map_server)
[map_server-6] [INFO] [1785701754.383866166] [map_server]: Deactivating
[map_server-6] [INFO] [1785701754.383879303] [map_server]: Destroying bond (map_server) to lifecycle manager.
[robot_state_publisher-4] [INFO] [1785701754.386260744] [rclcpp]: signal_handler(SIGINT/SIGTERM)
[parameter_bridge-3] [INFO] [1785701754.387893933] [rclcpp]: signal_handler(SIGINT/SIGTERM)
[amcl-7] [INFO] [1785701754.391318823] [amcl]: Cleaning up
[map_server-6] [INFO] [1785701754.394169111] [map_server]: Cleaning up
[map_server-6] [INFO] [1785701754.394244702] [map_server]: Destroying bond (map_server) to lifecycle manager.
[opennav_docking-18] [INFO] [1785701754.395153702] [docking_server]: Destroying bond (docking_server) to lifecycle manager.
[waypoint_follower-15] [INFO] [1785701754.402394770] [waypoint_follower]: Destroying bond (waypoint_follower) to lifecycle manager.
[waypoint_follower-15] [INFO] [1785701754.404057010] [waypoint_follower]: Destroying
[smoother_server-10] [INFO] [1785701754.406055164] [smoother_server]: Destroying bond (smoother_server) to lifecycle manager.
[route_server-12] [INFO] [1785701754.406074968] [route_server]: Destroying bond (route_server) to lifecycle manager.
[map_server-6] [INFO] [1785701754.407373574] [map_server]: Destroying
[smoother_server-10] [INFO] [1785701754.410353245] [smoother_server]: Destroying
[amcl-7] [INFO] [1785701754.411471523] [amcl]: Destroying bond (amcl) to lifecycle manager.
[opennav_docking-18] [INFO] [1785701754.415635191] [docking_server]: Destroying
[route_server-12] [INFO] [1785701754.417049660] [route_server]: Destroying
[lifecycle_manager-8] [INFO] [1785701754.417717953] [lifecycle_manager_localization]: Destroying lifecycle_manager_localization
[amcl-7] [INFO] [1785701754.431595959] [amcl]: Destroying
[behavior_server-13] [INFO] [1785701754.434121533] [behavior_server]: Destroying
[bt_navigator-14] [INFO] [1785701754.465571569] [bt_navigator]: Completed Cleaning up
[bt_navigator-14] [INFO] [1785701754.465611782] [bt_navigator]: Destroying bond (bt_navigator) to lifecycle manager.
[bt_navigator-14] [INFO] [1785701754.471389427] [bt_navigator]: Destroying
[controller_server-9] [INFO] [1785701754.495197579] [controller_server]: Destroying bond (controller_server) to lifecycle manager.
[controller_server-9] [INFO] [1785701754.505437074] [controller_server]: Cleaning up
[controller_server-9] [INFO] [1785701754.505469234] [controller_server]: Cleaning up controller: FollowPath of type regulated_pure_pursuit_controller::RegulatedPurePursuitController
[controller_server-9] [INFO] [1785701754.505518100] [local_costmap.local_costmap]: Cleaning up
[lifecycle_manager-19] [INFO] [1785701754.513800400] [lifecycle_manager_navigation]: Destroying lifecycle_manager_navigation
[INFO] [collision_monitor-17]: process has finished cleanly [pid 150478]
[INFO] [velocity_smoother-16]: process has finished cleanly [pid 150475]
[controller_server-9] [INFO] [1785701754.528153998] [controller_server]: Destroying bond (controller_server) to lifecycle manager.
[INFO] [robot_state_publisher-4]: process has finished cleanly [pid 150260]
[controller_server-9] [INFO] [1785701754.536737097] [local_costmap.local_costmap]: Destroying
[INFO] [parameter_bridge-3]: process has finished cleanly [pid 150258]
[INFO] [waypoint_follower-15]: process has finished cleanly [pid 150474]
[INFO] [lifecycle_manager-8]: process has finished cleanly [pid 150465]
[controller_server-9] [INFO] [1785701754.546843111] [controller_server]: Destroying
[INFO] [map_server-6]: process has finished cleanly [pid 150463]
[INFO] [smoother_server-10]: process has finished cleanly [pid 150467]
[INFO] [opennav_docking-18]: process has finished cleanly [pid 150481]
[INFO] [route_server-12]: process has finished cleanly [pid 150469]
[INFO] [behavior_server-13]: process has finished cleanly [pid 150470]
[INFO] [amcl-7]: process has finished cleanly [pid 150464]
[INFO] [bt_navigator-14]: process has finished cleanly [pid 150471]
[INFO] [lifecycle_manager-19]: process has finished cleanly [pid 150482]
[INFO] [controller_server-9]: process has finished cleanly [pid 150466]
[planner_server-11] [INFO] [1785701754.670361199] [planner_server]: Deactivating plugin Smac2D of type SmacPlanner2D
[planner_server-11] [INFO] [1785701754.670434667] [planner_server]: Deactivating plugin ThetaStar of type nav2_theta_star_planner
[planner_server-11] [INFO] [1785701754.670453896] [planner_server]: Deactivating plugin SmacHybrid of type SmacPlannerHybrid
[planner_server-11] [INFO] [1785701754.670470376] [planner_server]: Deactivating plugin NavFnDijkstra of type NavfnPlanner
[planner_server-11] [INFO] [1785701754.670484667] [planner_server]: Deactivating plugin NavFnAStar of type NavfnPlanner
[planner_server-11] [INFO] [1785701754.670504604] [planner_server]: Destroying bond (planner_server) to lifecycle manager.
[planner_server-11] [INFO] [1785701754.680743439] [planner_server]: Cleaning up
[planner_server-11] [INFO] [1785701754.689220320] [global_costmap.global_costmap]: Cleaning up
[planner_server-11] [INFO] [1785701754.692275577] [planner_server]: Cleaning up plugin Smac2D of type SmacPlanner2D
[planner_server-11] [INFO] [1785701754.693159806] [planner_server]: CleaningUp plugin ThetaStar of type nav2_theta_star_planner
[planner_server-11] [INFO] [1785701754.693205230] [planner_server]: Cleaning up plugin SmacHybrid of type SmacPlannerHybrid
[planner_server-11] [INFO] [1785701754.693416752] [planner_server]: Cleaning up plugin NavFnDijkstra of type NavfnPlanner
[planner_server-11] [INFO] [1785701754.693818341] [planner_server]: Cleaning up plugin NavFnAStar of type NavfnPlanner
[planner_server-11] [INFO] [1785701754.693838489] [planner_server]: Destroying plugin Smac2D of type SmacPlanner2D
[planner_server-11] [INFO] [1785701754.693857711] [planner_server]: Destroying plugin SmacHybrid of type SmacPlannerHybrid
[planner_server-11] [INFO] [1785701754.693875045] [planner_server]: Destroying plugin NavFnDijkstra of type NavfnPlanner
[planner_server-11] [INFO] [1785701754.693881077] [planner_server]: Destroying plugin NavFnAStar of type NavfnPlanner
[planner_server-11] [INFO] [1785701754.699848020] [planner_server]: Destroying bond (planner_server) to lifecycle manager.
[planner_server-11] [INFO] [1785701754.703523589] [global_costmap.global_costmap]: Destroying
[planner_server-11] [INFO] [1785701754.707912252] [planner_server]: Destroying
[INFO] [planner_server-11]: process has finished cleanly [pid 150468]
[ERROR] [gazebo-1]: process[gazebo-1] failed to terminate '5' seconds after receiving 'SIGINT', escalating to 'SIGTERM'
[INFO] [gazebo-1]: sending signal 'SIGTERM' to process[gazebo-1]
[ERROR] [gazebo-1]: process has died [pid 150256, exit code -15, cmd 'ruby /opt/ros/jazzy/opt/gz_tools_vendor/bin/gz sim -r -s -v 3 --initial-sim-time 0.0 /home/linh-pham/agv_nav2_research_ws_bao/install/vacuum_robot_gazebo/share/vacuum_robot_gazebo/worlds/warehouse_dispatch.sdf --force-version 8'].
