=== infrastructure attempt 1 ===
[INFO] [launch]: All log files can be found below /home/linh-pham/.ros/log/2026-10-03-10-53-05-680924-linh-pham-LOQ-15IAX9-53507
[INFO] [launch]: Default logging verbosity is set to INFO
[INFO] [gazebo-1]: process started with pid [53514]
[INFO] [create-2]: process started with pid [53515]
[INFO] [parameter_bridge-3]: process started with pid [53516]
[INFO] [robot_state_publisher-4]: process started with pid [53518]
[INFO] [execution_trial-5]: process started with pid [53519]
[robot_state_publisher-4] [INFO] [1790999586.279857219] [robot_state_publisher]: Robot initialized
[gazebo-1] [1;32m[Msg] [0m[1;32mGazebo Sim Server v[0m[1;32m8.15.0[0m[1;32m[0m
[gazebo-1] [1;32m[Msg] [0m[1;32mLoading SDF world file[[0m[1;32m/home/linh-pham/agv_nav2_research_ws_bao/install/vacuum_robot_gazebo/share/vacuum_robot_gazebo/worlds/warehouse_cross_aisles.sdf[0m[1;32m].[0m
[gazebo-1] [1;32m[Msg] [0m[1;32mServing entity system service on [[0m[1;32m/[0m[1;32mentity/system/add[0m[1;32m][0m[1;32m[0m
[gazebo-1] [1;32m[Msg] [0m[1;32mCreate[0m[1;32m service on [[0m[1;32m/world/warehouse_cross_aisles/create_multiple[0m[1;32m] (async)[0m[1;32m[0m
[gazebo-1] [1;32m[Msg] [0m[1;32mCreate[0m[1;32m service on [[0m[1;32m/world/warehouse_cross_aisles/create_multiple/blocking[0m[1;32m] (blocking)[0m[1;32m[0m
[gazebo-1] [1;32m[Msg] [0m[1;32mRemove[0m[1;32m service on [[0m[1;32m/world/warehouse_cross_aisles/remove[0m[1;32m] (async)[0m[1;32m[0m
[gazebo-1] [1;32m[Msg] [0m[1;32mRemove[0m[1;32m service on [[0m[1;32m/world/warehouse_cross_aisles/remove/blocking[0m[1;32m] (blocking)[0m[1;32m[0m
[gazebo-1] [1;32m[Msg] [0m[1;32mPose[0m[1;32m service on [[0m[1;32m/world/warehouse_cross_aisles/set_pose[0m[1;32m] (async)[0m[1;32m[0m
[gazebo-1] [1;32m[Msg] [0m[1;32mPose[0m[1;32m service on [[0m[1;32m/world/warehouse_cross_aisles/set_pose/blocking[0m[1;32m] (blocking)[0m[1;32m[0m
[gazebo-1] [1;32m[Msg] [0m[1;32mPose[0m[1;32m service on [[0m[1;32m/world/warehouse_cross_aisles/set_pose_vector[0m[1;32m] (async)[0m[1;32m[0m
[gazebo-1] [1;32m[Msg] [0m[1;32mPose[0m[1;32m service on [[0m[1;32m/world/warehouse_cross_aisles/set_pose_vector/blocking[0m[1;32m] (blocking)[0m[1;32m[0m
[gazebo-1] [1;32m[Msg] [0m[1;32mLight configuration[0m[1;32m service on [[0m[1;32m/world/warehouse_cross_aisles/light_config[0m[1;32m] (async)[0m[1;32m[0m
[gazebo-1] [1;32m[Msg] [0m[1;32mLight configuration[0m[1;32m service on [[0m[1;32m/world/warehouse_cross_aisles/light_config/blocking[0m[1;32m] (blocking)[0m[1;32m[0m
[gazebo-1] [1;32m[Msg] [0m[1;32mPhysics[0m[1;32m service on [[0m[1;32m/world/warehouse_cross_aisles/set_physics[0m[1;32m] (async)[0m[1;32m[0m
[gazebo-1] [1;32m[Msg] [0m[1;32mPhysics[0m[1;32m service on [[0m[1;32m/world/warehouse_cross_aisles/set_physics/blocking[0m[1;32m] (blocking)[0m[1;32m[0m
[gazebo-1] [1;32m[Msg] [0m[1;32mSphericalCoordinates[0m[1;32m service on [[0m[1;32m/world/warehouse_cross_aisles/set_spherical_coordinates[0m[1;32m] (async)[0m[1;32m[0m
[gazebo-1] [1;32m[Msg] [0m[1;32mSphericalCoordinates[0m[1;32m service on [[0m[1;32m/world/warehouse_cross_aisles/set_spherical_coordinates/blocking[0m[1;32m] (blocking)[0m[1;32m[0m
[gazebo-1] [1;32m[Msg] [0m[1;32mEnable collision[0m[1;32m service on [[0m[1;32m/world/warehouse_cross_aisles/enable_collision[0m[1;32m] (async)[0m[1;32m[0m
[gazebo-1] [1;32m[Msg] [0m[1;32mEnable collision[0m[1;32m service on [[0m[1;32m/world/warehouse_cross_aisles/enable_collision/blocking[0m[1;32m] (blocking)[0m[1;32m[0m
[gazebo-1] [1;32m[Msg] [0m[1;32mDisable collision[0m[1;32m service on [[0m[1;32m/world/warehouse_cross_aisles/disable_collision[0m[1;32m] (async)[0m[1;32m[0m
[gazebo-1] [1;32m[Msg] [0m[1;32mDisable collision[0m[1;32m service on [[0m[1;32m/world/warehouse_cross_aisles/disable_collision/blocking[0m[1;32m] (blocking)[0m[1;32m[0m
[gazebo-1] [1;32m[Msg] [0m[1;32mMaterial[0m[1;32m service on [[0m[1;32m/world/warehouse_cross_aisles/visual_config[0m[1;32m] (async)[0m[1;32m[0m
[gazebo-1] [1;32m[Msg] [0m[1;32mMaterial[0m[1;32m service on [[0m[1;32m/world/warehouse_cross_aisles/visual_config/blocking[0m[1;32m] (blocking)[0m[1;32m[0m
[gazebo-1] [1;32m[Msg] [0m[1;32mMaterial[0m[1;32m service on [[0m[1;32m/world/warehouse_cross_aisles/wheel_slip[0m[1;32m] (async)[0m[1;32m[0m
[gazebo-1] [1;32m[Msg] [0m[1;32mMaterial[0m[1;32m service on [[0m[1;32m/world/warehouse_cross_aisles/wheel_slip/blocking[0m[1;32m] (blocking)[0m[1;32m[0m
[gazebo-1] [1;32m[Msg] [0m[1;32mLoaded level [[0m[1;32mdefault[0m[1;32m][0m[1;32m[0m
[create-2] [INFO] [1790999586.966249826] [spawn_vacuum_robot]: Entity creation successful.
[INFO] [create-2]: process has finished cleanly [pid 53515]
[parameter_bridge-3] [INFO] [1790999587.334560176] [ros_gz_bridge]: Creating GZ->ROS Bridge: [/clock (gz.msgs.Clock) -> /clock (rosgraph_msgs/msg/Clock)] (Lazy 0)
[parameter_bridge-3] [INFO] [1790999587.336828691] [ros_gz_bridge]: Creating GZ->ROS Bridge: [/joint_states (gz.msgs.Model) -> /joint_states (sensor_msgs/msg/JointState)] (Lazy 0)
[parameter_bridge-3] [INFO] [1790999587.342271795] [ros_gz_bridge]: Creating GZ->ROS Bridge: [/odom (gz.msgs.Odometry) -> /odom (nav_msgs/msg/Odometry)] (Lazy 0)
[parameter_bridge-3] [INFO] [1790999587.346889899] [ros_gz_bridge]: Creating GZ->ROS Bridge: [/tf (gz.msgs.Pose_V) -> /tf (tf2_msgs/msg/TFMessage)] (Lazy 0)
[parameter_bridge-3] [INFO] [1790999587.350321399] [ros_gz_bridge]: Creating GZ->ROS Bridge: [/scan (gz.msgs.LaserScan) -> /scan (sensor_msgs/msg/LaserScan)] (Lazy 0)
[parameter_bridge-3] [INFO] [1790999587.353225993] [ros_gz_bridge]: Creating GZ->ROS Bridge: [/imu/data (gz.msgs.IMU) -> /imu/data (sensor_msgs/msg/Imu)] (Lazy 0)
[parameter_bridge-3] [INFO] [1790999587.354791483] [ros_gz_bridge]: Creating ROS->GZ Bridge: [/cmd_vel (geometry_msgs/msg/Twist) -> /cmd_vel (gz.msgs.Twist)] (Lazy 0)
[parameter_bridge-3] [INFO] [1790999587.356875782] [ros_gz_bridge]: Creating GZ->ROS Bridge: [/ground_truth/odom (gz.msgs.Odometry) -> /ground_truth/odom (nav_msgs/msg/Odometry)] (Lazy 0)
[gazebo-1] [1;32m[Msg] [0m[1;32mServing world controls on [[0m[1;32m/world/warehouse_cross_aisles[0m[1;32m/control], [[0m[1;32m/world/warehouse_cross_aisles[0m[1;32m/control/state] and [[0m[1;32m/world/warehouse_cross_aisles[0m[1;32m/playback/control][0m[1;32m[0m
[gazebo-1] [1;32m[Msg] [0m[1;32mServing GUI information on [[0m[1;32m/world/warehouse_cross_aisles[0m[1;32m/[0m[1;32mgui/info[0m[1;32m][0m[1;32m[0m
[gazebo-1] [1;32m[Msg] [0m[1;32mWorld [[0m[1;32mwarehouse_cross_aisles[0m[1;32m] initialized with [[0m[1;32mresearch_physics[0m[1;32m] physics profile.[0m[1;32m[0m
[gazebo-1] [1;32m[Msg] [0m[1;32mServing world SDF generation service on [[0m[1;32m/world/warehouse_cross_aisles[0m[1;32m/[0m[1;32mgenerate_world_sdf[0m[1;32m][0m[1;32m[0m
[gazebo-1] [1;32m[Msg] [0m[1;32mServing world names on [[0m[1;32m/gazebo/worlds[0m[1;32m][0m[1;32m[0m
[gazebo-1] [1;32m[Msg] [0m[1;32mResource path add service on [[0m[1;32m/gazebo/resource_paths/add[0m[1;32m].[0m[1;32m[0m
[gazebo-1] [1;32m[Msg] [0m[1;32mResource path get service on [[0m[1;32m/gazebo/resource_paths/get[0m[1;32m].[0m[1;32m[0m
[gazebo-1] [1;32m[Msg] [0m[1;32mResource path resolve service on [[0m[1;32m/gazebo/resource_paths/resolve[0m[1;32m].[0m[1;32m[0m
[gazebo-1] [1;32m[Msg] [0m[1;32mResource paths published on [[0m[1;32m/gazebo/resource_paths[0m[1;32m].[0m[1;32m[0m
[gazebo-1] [1;32m[Msg] [0m[1;32mServer control service on [[0m[1;32m/server_control[0m[1;32m].[0m[1;32m[0m
[gazebo-1] [1;32m[Msg] [0m[1;32mFound no publishers on /stats, adding root stats topic[0m[1;32m[0m
[gazebo-1] [1;32m[Msg] [0m[1;32mFound no publishers on /clock, adding root clock topic[0m[1;32m[0m
[gazebo-1] [1;33mWarning [Utils.cc:132][0m [/sdf/model[@name="vacuum_robot"]/link[@name="base_link"]/sensor[@name="rplidar_a1m8"]/gz_frame_id:/home/linh-pham/agv_nav2_research_ws_bao/install/vacuum_robot_gazebo/share/vacuum_robot_gazebo/models/vacuum_robot/model.sdf:L107]: XML Element[gz_frame_id], child of element[sensor], not defined in SDF. Copying[gz_frame_id] as children of [sensor].
[gazebo-1] [1;33mWarning [Utils.cc:132][0m [/sdf/model[@name="vacuum_robot"]/link[@name="base_link"]/sensor[@name="bno055_imu"]/gz_frame_id:/home/linh-pham/agv_nav2_research_ws_bao/install/vacuum_robot_gazebo/share/vacuum_robot_gazebo/models/vacuum_robot/model.sdf:L128]: XML Element[gz_frame_id], child of element[sensor], not defined in SDF. Copying[gz_frame_id] as children of [sensor].
[gazebo-1] libEGL warning: pci id for fd 61: 10de:25ec, driver (null)
[gazebo-1] 
[gazebo-1] pci id for fd 62: 10de:25ec, driver (null)
[gazebo-1] pci id for fd 63: 10de:25ec, driver (null)
[gazebo-1] libEGL warning: egl: failed to create dri2 screen
[gazebo-1] libEGL warning: pci id for fd 61: 10de:25ec, driver (null)
[gazebo-1] 
[gazebo-1] pci id for fd 62: 10de:25ec, driver (null)
[gazebo-1] pci id for fd 63: 10de:25ec, driver (null)
[gazebo-1] libEGL warning: egl: failed to create dri2 screen
[gazebo-1] libEGL warning: pci id for fd 61: 10de:25ec, driver (null)
[gazebo-1] 
[INFO] [map_server-6]: process started with pid [53717]
[INFO] [amcl-7]: process started with pid [53718]
[INFO] [lifecycle_manager-8]: process started with pid [53719]
[INFO] [controller_server-9]: process started with pid [53720]
[INFO] [smoother_server-10]: process started with pid [53721]
[INFO] [planner_server-11]: process started with pid [53722]
[INFO] [route_server-12]: process started with pid [53723]
[INFO] [behavior_server-13]: process started with pid [53724]
[INFO] [bt_navigator-14]: process started with pid [53725]
[INFO] [waypoint_follower-15]: process started with pid [53730]
[INFO] [velocity_smoother-16]: process started with pid [53731]
[INFO] [collision_monitor-17]: process started with pid [53732]
[INFO] [opennav_docking-18]: process started with pid [53733]
[INFO] [lifecycle_manager-19]: process started with pid [53736]
[lifecycle_manager-8] [INFO] [1790999589.622000658] [lifecycle_manager_localization]: Creating
[lifecycle_manager-8] [INFO] [1790999589.627890924] [lifecycle_manager_localization]: [34m[1mCreating and initializing lifecycle service clients[0m[0m
[waypoint_follower-15] [INFO] [1790999589.653919393] [waypoint_follower]: 
[waypoint_follower-15] 	waypoint_follower lifecycle node launched. 
[waypoint_follower-15] 	Waiting on external lifecycle transitions to activate
[waypoint_follower-15] 	See https://design.ros2.org/articles/node_lifecycle.html for more information.
[waypoint_follower-15] [INFO] [1790999589.655388102] [waypoint_follower]: Creating
[route_server-12] [INFO] [1790999589.790820650] [route_server]: 
[route_server-12] 	route_server lifecycle node launched. 
[route_server-12] 	Waiting on external lifecycle transitions to activate
[route_server-12] 	See https://design.ros2.org/articles/node_lifecycle.html for more information.
[controller_server-9] [INFO] [1790999589.799213003] [controller_server]: 
[controller_server-9] 	controller_server lifecycle node launched. 
[controller_server-9] 	Waiting on external lifecycle transitions to activate
[controller_server-9] 	See https://design.ros2.org/articles/node_lifecycle.html for more information.
[controller_server-9] [INFO] [1790999589.807400053] [controller_server]: Creating controller server
[opennav_docking-18] [INFO] [1790999589.813208410] [docking_server]: 
[opennav_docking-18] 	docking_server lifecycle node launched. 
[opennav_docking-18] 	Waiting on external lifecycle transitions to activate
[opennav_docking-18] 	See https://design.ros2.org/articles/node_lifecycle.html for more information.
[opennav_docking-18] [INFO] [1790999589.813353274] [docking_server]: Creating docking_server
[lifecycle_manager-19] [INFO] [1790999589.813249386] [lifecycle_manager_navigation]: Creating
[planner_server-11] [INFO] [1790999589.826467912] [planner_server]: 
[planner_server-11] 	planner_server lifecycle node launched. 
[planner_server-11] 	Waiting on external lifecycle transitions to activate
[planner_server-11] 	See https://design.ros2.org/articles/node_lifecycle.html for more information.
[planner_server-11] [INFO] [1790999589.828201928] [planner_server]: Creating
[lifecycle_manager-19] [INFO] [1790999589.828930393] [lifecycle_manager_navigation]: [34m[1mCreating and initializing lifecycle service clients[0m[0m
[velocity_smoother-16] [INFO] [1790999589.855146294] [velocity_smoother]: 
[velocity_smoother-16] 	velocity_smoother lifecycle node launched. 
[velocity_smoother-16] 	Waiting on external lifecycle transitions to activate
[velocity_smoother-16] 	See https://design.ros2.org/articles/node_lifecycle.html for more information.
[controller_server-9] [INFO] [1790999589.878013096] [local_costmap.local_costmap]: 
[controller_server-9] 	local_costmap lifecycle node launched. 
[controller_server-9] 	Waiting on external lifecycle transitions to activate
[controller_server-9] 	See https://design.ros2.org/articles/node_lifecycle.html for more information.
[controller_server-9] [INFO] [1790999589.878588684] [local_costmap.local_costmap]: Creating Costmap
[planner_server-11] [INFO] [1790999589.892775684] [global_costmap.global_costmap]: 
[planner_server-11] 	global_costmap lifecycle node launched. 
[planner_server-11] 	Waiting on external lifecycle transitions to activate
[planner_server-11] 	See https://design.ros2.org/articles/node_lifecycle.html for more information.
[planner_server-11] [INFO] [1790999589.895874951] [global_costmap.global_costmap]: Creating Costmap
[amcl-7] [INFO] [1790999589.912210879] [amcl]: 
[amcl-7] 	amcl lifecycle node launched. 
[amcl-7] 	Waiting on external lifecycle transitions to activate
[amcl-7] 	See https://design.ros2.org/articles/node_lifecycle.html for more information.
[amcl-7] [INFO] [1790999589.912757046] [amcl]: Creating
[smoother_server-10] [INFO] [1790999589.915599846] [smoother_server]: 
[smoother_server-10] 	smoother_server lifecycle node launched. 
[smoother_server-10] 	Waiting on external lifecycle transitions to activate
[smoother_server-10] 	See https://design.ros2.org/articles/node_lifecycle.html for more information.
[smoother_server-10] [INFO] [1790999589.917290323] [smoother_server]: Creating smoother server
[bt_navigator-14] [INFO] [1790999589.925436133] [bt_navigator]: 
[bt_navigator-14] 	bt_navigator lifecycle node launched. 
[bt_navigator-14] 	Waiting on external lifecycle transitions to activate
[bt_navigator-14] 	See https://design.ros2.org/articles/node_lifecycle.html for more information.
[bt_navigator-14] [INFO] [1790999589.933693055] [bt_navigator]: Creating
[collision_monitor-17] [INFO] [1790999589.944363756] [collision_monitor]: 
[collision_monitor-17] 	collision_monitor lifecycle node launched. 
[collision_monitor-17] 	Waiting on external lifecycle transitions to activate
[collision_monitor-17] 	See https://design.ros2.org/articles/node_lifecycle.html for more information.
[behavior_server-13] [INFO] [1790999589.945007276] [behavior_server]: 
[behavior_server-13] 	behavior_server lifecycle node launched. 
[behavior_server-13] 	Waiting on external lifecycle transitions to activate
[behavior_server-13] 	See https://design.ros2.org/articles/node_lifecycle.html for more information.
[lifecycle_manager-8] [INFO] [1790999589.979598631] [lifecycle_manager_localization]: [34m[1mStarting managed nodes bringup...[0m[0m
[lifecycle_manager-8] [INFO] [1790999589.979649600] [lifecycle_manager_localization]: [34m[1mConfiguring map_server[0m[0m
[map_server-6] [INFO] [1790999589.993431203] [map_server]: 
[map_server-6] 	map_server lifecycle node launched. 
[map_server-6] 	Waiting on external lifecycle transitions to activate
[map_server-6] 	See https://design.ros2.org/articles/node_lifecycle.html for more information.
[map_server-6] [INFO] [1790999589.993613852] [map_server]: Creating
[map_server-6] [INFO] [1790999589.998601856] [map_server]: Configuring
[map_server-6] [INFO] [1790999589.998800650] [map_io]: Loading yaml file: /home/linh-pham/agv_nav2_research_ws_bao/install/vacuum_robot_gazebo/share/vacuum_robot_gazebo/maps/warehouse_cross_aisles.yaml
[map_server-6] [INFO] [1790999589.999215997] [map_io]: resolution: 0.05
[map_server-6] [INFO] [1790999589.999233608] [map_io]: origin[0]: -6
[map_server-6] [INFO] [1790999589.999237283] [map_io]: origin[1]: -4
[map_server-6] [INFO] [1790999589.999239506] [map_io]: origin[2]: 0
[map_server-6] [INFO] [1790999589.999241984] [map_io]: free_thresh: 0.25
[map_server-6] [INFO] [1790999589.999244229] [map_io]: occupied_thresh: 0.65
[map_server-6] [INFO] [1790999589.999248402] [map_io]: mode: trinary
[map_server-6] [INFO] [1790999589.999252081] [map_io]: negate: 0
[map_server-6] [INFO] [1790999589.999436058] [map_io]: Loading image_file: /home/linh-pham/agv_nav2_research_ws_bao/install/vacuum_robot_gazebo/share/vacuum_robot_gazebo/maps/warehouse_cross_aisles.pgm
[map_server-6] [INFO] [1790999590.000612458] [map_io]: Read map /home/linh-pham/agv_nav2_research_ws_bao/install/vacuum_robot_gazebo/share/vacuum_robot_gazebo/maps/warehouse_cross_aisles.pgm: 240 X 160 map @ 0.05 m/cell
[lifecycle_manager-8] [INFO] [1790999590.018704264] [lifecycle_manager_localization]: [34m[1mConfiguring amcl[0m[0m
[amcl-7] [INFO] [1790999590.019193022] [amcl]: Configuring
[amcl-7] [INFO] [1790999590.019304874] [amcl]: initTransforms
[amcl-7] [INFO] [1790999590.047389438] [amcl]: initPubSub
[amcl-7] [INFO] [1790999590.073956884] [amcl]: Subscribed to map topic.
[lifecycle_manager-8] [INFO] [1790999590.089768598] [lifecycle_manager_localization]: [34m[1mActivating map_server[0m[0m
[map_server-6] [INFO] [1790999590.090675234] [map_server]: Activating
[map_server-6] [INFO] [1790999590.092780360] [map_server]: Creating bond (map_server) to lifecycle manager.
[lifecycle_manager-19] [INFO] [1790999590.174289212] [lifecycle_manager_navigation]: [34m[1mStarting managed nodes bringup...[0m[0m
[lifecycle_manager-19] [INFO] [1790999590.174344221] [lifecycle_manager_navigation]: [34m[1mConfiguring controller_server[0m[0m
[controller_server-9] [INFO] [1790999590.174738563] [controller_server]: Configuring controller interface
[controller_server-9] [INFO] [1790999590.174763749] [controller_server]: getting progress checker plugins..
[controller_server-9] [INFO] [1790999590.175870911] [controller_server]: getting goal checker plugins..
[controller_server-9] [INFO] [1790999590.176174930] [controller_server]: Controller frequency set to 20.0000Hz
[controller_server-9] [INFO] [1790999590.176233118] [local_costmap.local_costmap]: Configuring
[controller_server-9] [INFO] [1790999590.197650622] [local_costmap.local_costmap]: Using plugin "voxel_layer"
[controller_server-9] [INFO] [1790999590.202585552] [local_costmap.local_costmap]: Subscribed to Topics: scan
[lifecycle_manager-8] [INFO] [1790999590.208456845] [lifecycle_manager_localization]: Server map_server connected with bond.
[lifecycle_manager-8] [INFO] [1790999590.208523353] [lifecycle_manager_localization]: [34m[1mActivating amcl[0m[0m
[amcl-7] [INFO] [1790999590.209317864] [amcl]: Activating
[amcl-7] [INFO] [1790999590.209382413] [amcl]: initialPoseReceived
[amcl-7] [INFO] [1790999590.209514836] [amcl]: Setting pose (0.996000): -5.000 0.000 0.000
[amcl-7] [INFO] [1790999590.210190212] [amcl]: Creating bond (amcl) to lifecycle manager.
[controller_server-9] [INFO] [1790999590.223977286] [local_costmap.local_costmap]: Initialized plugin "voxel_layer"
[controller_server-9] [INFO] [1790999590.224012943] [local_costmap.local_costmap]: Using plugin "inflation_layer"
[controller_server-9] [INFO] [1790999590.226970642] [local_costmap.local_costmap]: Initialized plugin "inflation_layer"
[controller_server-9] [INFO] [1790999590.278736438] [controller_server]: Created progress_checker : progress_checker of type nav2_controller::PoseProgressChecker
[controller_server-9] [INFO] [1790999590.281380302] [controller_server]: Controller Server has progress_checker  progress checkers available.
[controller_server-9] [INFO] [1790999590.283264707] [controller_server]: Created goal checker : general_goal_checker of type nav2_controller::SimpleGoalChecker
[controller_server-9] [INFO] [1790999590.283754879] [controller_server]: Controller Server has general_goal_checker  goal checkers available.
[controller_server-9] [INFO] [1790999590.286302634] [controller_server]: Created controller : FollowPath of type nav2_regulated_pure_pursuit_controller::RegulatedPurePursuitController
[controller_server-9] [INFO] [1790999590.307862677] [controller_server]: Controller Server has FollowPath  controllers available.
[lifecycle_manager-8] [INFO] [1790999590.325817852] [lifecycle_manager_localization]: Server amcl connected with bond.
[lifecycle_manager-8] [INFO] [1790999590.325862655] [lifecycle_manager_localization]: [34m[1mManaged nodes are active[0m[0m
[lifecycle_manager-8] [INFO] [1790999590.325871624] [lifecycle_manager_localization]: [34m[1mCreating bond timer...[0m[0m
[lifecycle_manager-19] [INFO] [1790999590.339867201] [lifecycle_manager_navigation]: [34m[1mConfiguring smoother_server[0m[0m
[smoother_server-10] [INFO] [1790999590.340279632] [smoother_server]: Configuring smoother server
[smoother_server-10] [INFO] [1790999590.367308990] [smoother_server]: Created smoother : simple_smoother of type nav2_smoother::SimpleSmoother
[smoother_server-10] [INFO] [1790999590.369095736] [smoother_server]: Created smoother : savitzky_golay of type nav2_smoother::SavitzkyGolaySmoother
[smoother_server-10] [INFO] [1790999590.375916773] [smoother_server]: Created smoother : constrained of type nav2_constrained_smoother/ConstrainedSmoother
[smoother_server-10] [INFO] [1790999590.380318610] [smoother_server]: Created smoother : pstmo of type adaptive_pivot_g2_nav2/AdaptivePivotG2Smoother
[smoother_server-10] [INFO] [1790999590.387095180] [smoother_server]: Configured PSTMO smoother 'pstmo' with hierarchical_alpha_two_trim search and condition_only preprocessing
[smoother_server-10] [INFO] [1790999590.388353280] [smoother_server]: Created smoother : adaptive_hybrid of type adaptive_pivot_g2_nav2/SafetyGatedHybridSmoother
[smoother_server-10] [INFO] [1790999590.395835848] [smoother_server]: Configured PSTMO smoother 'adaptive_hybrid.pivot' with legacy_joint_d_q search and condition_only preprocessing
[smoother_server-10] [INFO] [1790999590.397680010] [smoother_server]: Configured safety-gated hybrid smoother as 'adaptive_hybrid'
[smoother_server-10] [INFO] [1790999590.397729927] [smoother_server]: Smoother Server has simple_smoother savitzky_golay constrained pstmo adaptive_hybrid  smoothers available.
[lifecycle_manager-19] [INFO] [1790999590.426515451] [lifecycle_manager_navigation]: [34m[1mConfiguring planner_server[0m[0m
[planner_server-11] [INFO] [1790999590.428483449] [planner_server]: Configuring
[planner_server-11] [INFO] [1790999590.428544685] [global_costmap.global_costmap]: Configuring
[planner_server-11] [INFO] [1790999590.462183430] [global_costmap.global_costmap]: Using plugin "static_layer"
[planner_server-11] [INFO] [1790999590.479997548] [global_costmap.global_costmap]: Subscribing to the map topic (/map) with transient local durability
[planner_server-11] [INFO] [1790999590.486921512] [global_costmap.global_costmap]: Initialized plugin "static_layer"
[planner_server-11] [INFO] [1790999590.486986889] [global_costmap.global_costmap]: Using plugin "inflation_layer"
[planner_server-11] [INFO] [1790999590.490884206] [global_costmap.global_costmap]: Initialized plugin "inflation_layer"
[planner_server-11] [INFO] [1790999590.526106542] [planner_server]: Created global planner plugin NavFnAStar of type nav2_navfn_planner::NavfnPlanner
[planner_server-11] [INFO] [1790999590.526161299] [planner_server]: Configuring plugin NavFnAStar of type NavfnPlanner
[planner_server-11] [INFO] [1790999590.526471256] [global_costmap.global_costmap]: StaticLayer: Resizing costmap to 240 X 160 at 0.050000 m/pix
[planner_server-11] [INFO] [1790999590.526566163] [planner_server]: Created global planner plugin NavFnDijkstra of type nav2_navfn_planner::NavfnPlanner
[planner_server-11] [INFO] [1790999590.526583514] [planner_server]: Configuring plugin NavFnDijkstra of type NavfnPlanner
[planner_server-11] [INFO] [1790999590.527654373] [planner_server]: Created global planner plugin ThetaStar of type nav2_theta_star_planner::ThetaStarPlanner
[planner_server-11] [INFO] [1790999590.533897847] [planner_server]: Created global planner plugin Smac2D of type nav2_smac_planner::SmacPlanner2D
[planner_server-11] [INFO] [1790999590.533951180] [planner_server]: Configuring Smac2D of type SmacPlanner2D
[planner_server-11] [ERROR] [1790999590.534456373] [planner_server]: Inflation layer either not found or inflation is not set sufficiently for optimized non-circular collision checking capabilities. It is HIGHLY recommended to set the inflation radius to be at MINIMUM half of the robot's largest cross-section. See github.com/ros-planning/navigation2/tree/main/nav2_smac_planner#potential-fields for full instructions. This will substantially impact run-time performance.
[planner_server-11] [INFO] [1790999590.535843690] [planner_server]: Configured plugin Smac2D of type SmacPlanner2D with tolerance 0.10, maximum iterations 1000000, max on approach iterations 1000, and not allowing unknown traversal.
[planner_server-11] [INFO] [1790999590.539064996] [planner_server]: Created global planner plugin SmacHybrid of type nav2_smac_planner::SmacPlannerHybrid
[planner_server-11] [INFO] [1790999590.539123618] [planner_server]: Configuring SmacHybrid of type SmacPlannerHybrid
[planner_server-11] [INFO] [1790999590.539880379] [planner_server]: Even sized heuristic lookup table size set 160.000000, increasing size by 1 to make odd
[planner_server-11] [INFO] [1790999590.839937932] [planner_server]: Configured plugin SmacHybrid of type SmacPlannerHybrid with maximum iterations 1000000, max on approach iterations 1000, and not allowing unknown traversal. Tolerance 0.10.Using motion model: Dubin.
[planner_server-11] [INFO] [1790999590.840033237] [planner_server]: Planner Server has NavFnAStar NavFnDijkstra ThetaStar Smac2D SmacHybrid  planners available.
[lifecycle_manager-19] [INFO] [1790999590.872319582] [lifecycle_manager_navigation]: [34m[1mConfiguring route_server[0m[0m
[route_server-12] [INFO] [1790999590.872718424] [route_server]: Configuring
[route_server-12] [INFO] [1790999590.905396692] [route_server]: Created GraphFileLoader GeoJsonGraphFileLoader of type nav2_route::GeoJsonGraphFileLoader
[route_server-12] [INFO] [1790999590.905427997] [route_server]: Configuring geojson graph file loader
[route_server-12] [INFO] [1790999590.905434023] [route_server]: No graph file provided to load yet.
[route_server-12] [INFO] [1790999590.907260109] [route_server]: Created edge cost function plugin DistanceScorer of type nav2_route::DistanceScorer
[route_server-12] [INFO] [1790999590.907287396] [route_server]: Configuring distance scorer.
[route_server-12] [INFO] [1790999590.907452671] [route_server]: Created edge cost function plugin CostmapScorer of type nav2_route::CostmapScorer
[route_server-12] [INFO] [1790999590.907463847] [route_server]: Configuring costmap scorer.
[route_server-12] [INFO] [1790999590.909936335] [route_server]: Created route operation ReroutingService of type nav2_route::ReroutingService
[route_server-12] [INFO] [1790999590.909981002] [route_server]: Configuring Rerouting service operation.
[route_server-12] [INFO] [1790999590.912018266] [route_server]: Created route operation CollisionMonitor of type nav2_route::CollisionMonitor
[route_server-12] [INFO] [1790999590.912204084] [route_server]: Using costmap topic: local_costmap/costmap_raw instead of server costmap topic: global_costmap/costmap_raw for CollisionMonitor.
[lifecycle_manager-19] [INFO] [1790999590.917542928] [lifecycle_manager_navigation]: [34m[1mConfiguring behavior_server[0m[0m
[behavior_server-13] [INFO] [1790999590.918118285] [behavior_server]: Configuring
[amcl-7] [INFO] [1790999590.918252138] [amcl]: Received a 240 X 160 map @ 0.050 m/pix
[behavior_server-13] [INFO] [1790999590.923765978] [behavior_server]: Creating behavior plugin spin of type nav2_behaviors::Spin
[behavior_server-13] [INFO] [1790999590.924889984] [behavior_server]: Creating behavior plugin backup of type nav2_behaviors::BackUp
[behavior_server-13] [INFO] [1790999590.926122590] [behavior_server]: Creating behavior plugin drive_on_heading of type nav2_behaviors::DriveOnHeading
[behavior_server-13] [INFO] [1790999590.927407784] [behavior_server]: Creating behavior plugin assisted_teleop of type nav2_behaviors::AssistedTeleop
[behavior_server-13] [INFO] [1790999590.929726818] [behavior_server]: Creating behavior plugin wait of type nav2_behaviors::Wait
[behavior_server-13] [INFO] [1790999590.938418665] [behavior_server]: Configuring spin
[behavior_server-13] [INFO] [1790999590.948374251] [behavior_server]: Configuring backup
[behavior_server-13] [INFO] [1790999590.955203147] [behavior_server]: Configuring drive_on_heading
[behavior_server-13] [INFO] [1790999590.961239517] [behavior_server]: Configuring assisted_teleop
[behavior_server-13] [INFO] [1790999590.970678316] [behavior_server]: Configuring wait
[lifecycle_manager-19] [INFO] [1790999590.977599104] [lifecycle_manager_navigation]: [34m[1mConfiguring velocity_smoother[0m[0m
[velocity_smoother-16] [INFO] [1790999590.977925959] [velocity_smoother]: Configuring velocity smoother
[lifecycle_manager-19] [INFO] [1790999590.994080628] [lifecycle_manager_navigation]: [34m[1mConfiguring collision_monitor[0m[0m
[collision_monitor-17] [INFO] [1790999590.994531201] [collision_monitor]: Configuring
[amcl-7] [INFO] [1790999590.996161753] [amcl]: createLaserObject
[collision_monitor-17] [INFO] [1790999591.020884275] [collision_monitor]: [scan]: Creating Scan
[collision_monitor-17] [INFO] [1790999591.026877215] [collision_monitor]: [FootprintApproach]: Creating Polygon
[collision_monitor-17] [INFO] [1790999591.027018529] [collision_monitor]: [FootprintApproach]: Polygon points are not defined. Using dynamic subscription instead.
[collision_monitor-17] [INFO] [1790999591.027450306] [collision_monitor]: [FootprintApproach]: Making footprint subscriber on /local_costmap/published_footprint topic
[lifecycle_manager-19] [INFO] [1790999591.066062287] [lifecycle_manager_navigation]: [34m[1mConfiguring bt_navigator[0m[0m
[bt_navigator-14] [INFO] [1790999591.066469971] [bt_navigator]: Configuring
[bt_navigator-14] [INFO] [1790999591.081611449] [bt_navigator]: Creating navigator id navigate_to_pose of type nav2_bt_navigator::NavigateToPoseNavigator
[bt_navigator-14] [INFO] [1790999591.240130839] [bt_navigator]: Creating navigator id navigate_through_poses of type nav2_bt_navigator::NavigateThroughPosesNavigator
[lifecycle_manager-19] [INFO] [1790999591.308014209] [lifecycle_manager_navigation]: [34m[1mConfiguring waypoint_follower[0m[0m
[waypoint_follower-15] [INFO] [1790999591.308478180] [waypoint_follower]: Configuring
[waypoint_follower-15] [INFO] [1790999591.371447650] [waypoint_follower]: Created waypoint_task_executor : wait_at_waypoint of type nav2_waypoint_follower::WaitAtWaypoint
[lifecycle_manager-19] [INFO] [1790999591.375071098] [lifecycle_manager_navigation]: [34m[1mConfiguring docking_server[0m[0m
[opennav_docking-18] [INFO] [1790999591.376781438] [docking_server]: Configuring docking_server
[opennav_docking-18] [INFO] [1790999591.376866791] [docking_server]: Controller frequency set to 50.0000Hz
[opennav_docking-18] [INFO] [1790999591.440879388] [docking_server]: Created charging dock plugin simple_charging_dock of type opennav_docking::SimpleChargingDock
[opennav_docking-18] [WARN] [1790999591.450584732] [docking_server]: Dock database filepath nor dock parameters set. Docking actions can only be executed specifying the dock pose via the action request. Or update the dock database via the reload_database service.
[opennav_docking-18] [INFO] [1790999591.450639149] [docking_server]: Docking Server has 1 dock types and 0 dock instances available.
[lifecycle_manager-19] [INFO] [1790999591.456309420] [lifecycle_manager_navigation]: [34m[1mActivating controller_server[0m[0m
[controller_server-9] [INFO] [1790999591.457096180] [controller_server]: Activating
[controller_server-9] [INFO] [1790999591.457140573] [local_costmap.local_costmap]: Activating
[controller_server-9] [INFO] [1790999591.457150405] [local_costmap.local_costmap]: Checking transform
[controller_server-9] [INFO] [1790999591.457318779] [local_costmap.local_costmap]: start
[controller_server-9] [INFO] [1790999591.661287942] [controller_server]: Activating controller: FollowPath of type regulated_pure_pursuit_controller::RegulatedPurePursuitController
[controller_server-9] [INFO] [1790999591.661456173] [controller_server]: Creating bond (controller_server) to lifecycle manager.
[lifecycle_manager-19] [INFO] [1790999591.779525541] [lifecycle_manager_navigation]: Server controller_server connected with bond.
[lifecycle_manager-19] [INFO] [1790999591.779575729] [lifecycle_manager_navigation]: [34m[1mActivating smoother_server[0m[0m
[smoother_server-10] [INFO] [1790999591.779994037] [smoother_server]: Activating
[smoother_server-10] [INFO] [1790999591.780145730] [smoother_server]: Activating smoother: constrained of type nav2_constrained_smoother::ConstrainedSmoother
[smoother_server-10] [INFO] [1790999591.780166777] [smoother_server]: Creating bond (smoother_server) to lifecycle manager.
[lifecycle_manager-19] [INFO] [1790999591.895338126] [lifecycle_manager_navigation]: Server smoother_server connected with bond.
[lifecycle_manager-19] [INFO] [1790999591.895393799] [lifecycle_manager_navigation]: [34m[1mActivating planner_server[0m[0m
[planner_server-11] [INFO] [1790999591.895891401] [planner_server]: Activating
[planner_server-11] [INFO] [1790999591.895930140] [global_costmap.global_costmap]: Activating
[planner_server-11] [INFO] [1790999591.895937157] [global_costmap.global_costmap]: Checking transform
[planner_server-11] [INFO] [1790999591.896037442] [global_costmap.global_costmap]: Timed out waiting for transform from base_link to map to become available, tf error: Lookup would require extrapolation into the past.  Requested time 2.520000 but the earliest data is at time 2.632000, when looking up transform from frame [base_link] to frame [map]
[planner_server-11] [INFO] [1790999592.396195774] [global_costmap.global_costmap]: start
[planner_server-11] [INFO] [1790999592.446410304] [planner_server]: Activating plugin Smac2D of type SmacPlanner2D
[planner_server-11] [INFO] [1790999592.446467870] [planner_server]: Activating plugin ThetaStar of type nav2_theta_star_planner
[planner_server-11] [INFO] [1790999592.446482303] [planner_server]: Activating plugin SmacHybrid of type SmacPlannerHybrid
[planner_server-11] [INFO] [1790999592.448142838] [planner_server]: Activating plugin NavFnDijkstra of type NavfnPlanner
[planner_server-11] [INFO] [1790999592.448183306] [planner_server]: Activating plugin NavFnAStar of type NavfnPlanner
[planner_server-11] [INFO] [1790999592.454046225] [planner_server]: Creating bond (planner_server) to lifecycle manager.
[lifecycle_manager-19] [INFO] [1790999592.568199402] [lifecycle_manager_navigation]: Server planner_server connected with bond.
[lifecycle_manager-19] [INFO] [1790999592.568258163] [lifecycle_manager_navigation]: [34m[1mActivating route_server[0m[0m
[route_server-12] [INFO] [1790999592.568599494] [route_server]: Activating
[route_server-12] [INFO] [1790999592.568743248] [route_server]: Creating bond (route_server) to lifecycle manager.
[lifecycle_manager-19] [INFO] [1790999592.680127646] [lifecycle_manager_navigation]: Server route_server connected with bond.
[lifecycle_manager-19] [INFO] [1790999592.680825532] [lifecycle_manager_navigation]: [34m[1mActivating behavior_server[0m[0m
[behavior_server-13] [INFO] [1790999592.681885905] [behavior_server]: Activating
[behavior_server-13] [INFO] [1790999592.681917595] [behavior_server]: Activating spin
[behavior_server-13] [INFO] [1790999592.681932398] [behavior_server]: Activating backup
[behavior_server-13] [INFO] [1790999592.681943900] [behavior_server]: Activating drive_on_heading
[behavior_server-13] [INFO] [1790999592.681953742] [behavior_server]: Activating assisted_teleop
[behavior_server-13] [INFO] [1790999592.681972359] [behavior_server]: Activating wait
[behavior_server-13] [INFO] [1790999592.681988238] [behavior_server]: Creating bond (behavior_server) to lifecycle manager.
[lifecycle_manager-19] [INFO] [1790999592.794071578] [lifecycle_manager_navigation]: Server behavior_server connected with bond.
[lifecycle_manager-19] [INFO] [1790999592.794129828] [lifecycle_manager_navigation]: [34m[1mActivating velocity_smoother[0m[0m
[velocity_smoother-16] [INFO] [1790999592.796800049] [velocity_smoother]: Activating
[velocity_smoother-16] [INFO] [1790999592.796896298] [velocity_smoother]: Creating bond (velocity_smoother) to lifecycle manager.
[lifecycle_manager-19] [INFO] [1790999592.911363353] [lifecycle_manager_navigation]: Server velocity_smoother connected with bond.
[lifecycle_manager-19] [INFO] [1790999592.911431274] [lifecycle_manager_navigation]: [34m[1mActivating collision_monitor[0m[0m
[collision_monitor-17] [INFO] [1790999592.912180015] [collision_monitor]: Activating
[collision_monitor-17] [INFO] [1790999592.912237339] [collision_monitor]: Creating bond (collision_monitor) to lifecycle manager.
[lifecycle_manager-19] [INFO] [1790999593.028785996] [lifecycle_manager_navigation]: Server collision_monitor connected with bond.
[lifecycle_manager-19] [INFO] [1790999593.028844990] [lifecycle_manager_navigation]: [34m[1mActivating bt_navigator[0m[0m
[bt_navigator-14] [INFO] [1790999593.029906841] [bt_navigator]: Activating
[bt_navigator-14] [INFO] [1790999593.184338131] [bt_navigator]: Creating bond (bt_navigator) to lifecycle manager.
[lifecycle_manager-19] [INFO] [1790999593.292470592] [lifecycle_manager_navigation]: Server bt_navigator connected with bond.
[lifecycle_manager-19] [INFO] [1790999593.292542069] [lifecycle_manager_navigation]: [34m[1mActivating waypoint_follower[0m[0m
[waypoint_follower-15] [INFO] [1790999593.293920398] [waypoint_follower]: Activating
[waypoint_follower-15] [INFO] [1790999593.293978817] [waypoint_follower]: Creating bond (waypoint_follower) to lifecycle manager.
[lifecycle_manager-19] [INFO] [1790999593.408733620] [lifecycle_manager_navigation]: Server waypoint_follower connected with bond.
[lifecycle_manager-19] [INFO] [1790999593.408803135] [lifecycle_manager_navigation]: [34m[1mActivating docking_server[0m[0m
[opennav_docking-18] [INFO] [1790999593.409442087] [docking_server]: Activating docking_server
[opennav_docking-18] [INFO] [1790999593.460832488] [docking_server]: Creating bond (docking_server) to lifecycle manager.
[lifecycle_manager-19] [INFO] [1790999593.574867837] [lifecycle_manager_navigation]: Server docking_server connected with bond.
[lifecycle_manager-19] [INFO] [1790999593.574940295] [lifecycle_manager_navigation]: [34m[1mManaged nodes are active[0m[0m
[lifecycle_manager-19] [INFO] [1790999593.574952117] [lifecycle_manager_navigation]: [34m[1mCreating bond timer...[0m[0m
[amcl-7] [INFO] [1790999593.576785139] [amcl]: initialPoseReceived
[amcl-7] [WARN] [1790999593.576896390] [amcl]: Failed to transform initial pose in time (Lookup would require extrapolation into the future.  Requested time 4.173000 but the latest data is at time 4.140000, when looking up transform from frame [base_link] to frame [odom])
[amcl-7] [INFO] [1790999593.577441771] [amcl]: Setting pose (4.173000): -5.000 0.000 0.000
[amcl-7] [INFO] [1790999593.578453758] [amcl]: initialPoseReceived
[amcl-7] [WARN] [1790999593.578549046] [amcl]: Failed to transform initial pose in time (Lookup would require extrapolation into the future.  Requested time 4.173000 but the latest data is at time 4.140000, when looking up transform from frame [base_link] to frame [odom])
[amcl-7] [INFO] [1790999593.578560418] [amcl]: Setting pose (4.173000): -5.000 0.000 0.000
[planner_server-11] [INFO] [1790999595.583121837] [global_costmap.global_costmap]: Received request to clear entirely the global_costmap
[controller_server-9] [INFO] [1790999595.588344148] [local_costmap.local_costmap]: Received request to clear entirely the local_costmap
[planner_server-11] [WARN] [1790999596.408227810] [planner_server]: Planner loop missed its desired rate of 5.0000 Hz. Current loop rate is 3.3003 Hz
[smoother_server-10] [INFO] [1790999596.512158761] [smoother_server]: Received a path to smooth.
[controller_server-9] [INFO] [1790999596.577221027] [controller_server]: Received a goal, begin computing control effort.
[parameter_bridge-3] [INFO] [1790999596.600688896] [ros_gz_bridge]: Passing message from ROS geometry_msgs/msg/Twist to Gazebo gz.msgs.Twist (showing msg only once per type)
[controller_server-9] [INFO] [1790999637.777528278] [controller_server]: Reached the goal!
[execution_trial-5] [INFO] [1790999639.783678710] [execution_trial]: Execution trial finished: method=savitzky_golay, success=True, time=41.121s, output=/home/linh-pham/agv_nav2_research_ws_bao/docs/warehouse_cross_aisles_5_routes/execution/cross_to_picking_turn/cross_to_picking_turn_navfndijkstra_savitzky_golay.json
[INFO] [execution_trial-5]: process has finished cleanly [pid 53519]
[INFO] [lifecycle_manager-19]: sending signal 'SIGINT' to process[lifecycle_manager-19]
[INFO] [opennav_docking-18]: sending signal 'SIGINT' to process[opennav_docking-18]
[INFO] [collision_monitor-17]: sending signal 'SIGINT' to process[collision_monitor-17]
[INFO] [velocity_smoother-16]: sending signal 'SIGINT' to process[velocity_smoother-16]
[INFO] [waypoint_follower-15]: sending signal 'SIGINT' to process[waypoint_follower-15]
[INFO] [bt_navigator-14]: sending signal 'SIGINT' to process[bt_navigator-14]
[INFO] [behavior_server-13]: sending signal 'SIGINT' to process[behavior_server-13]
[INFO] [route_server-12]: sending signal 'SIGINT' to process[route_server-12]
[INFO] [planner_server-11]: sending signal 'SIGINT' to process[planner_server-11]
[INFO] [smoother_server-10]: sending signal 'SIGINT' to process[smoother_server-10]
[INFO] [controller_server-9]: sending signal 'SIGINT' to process[controller_server-9]
[INFO] [lifecycle_manager-8]: sending signal 'SIGINT' to process[lifecycle_manager-8]
[INFO] [amcl-7]: sending signal 'SIGINT' to process[amcl-7]
[INFO] [map_server-6]: sending signal 'SIGINT' to process[map_server-6]
[INFO] [robot_state_publisher-4]: sending signal 'SIGINT' to process[robot_state_publisher-4]
[INFO] [parameter_bridge-3]: sending signal 'SIGINT' to process[parameter_bridge-3]
[INFO] [gazebo-1]: sending signal 'SIGINT' to process[gazebo-1]
[lifecycle_manager-19] [INFO] [1790999640.226360057] [rclcpp]: signal_handler(SIGINT/SIGTERM)
[lifecycle_manager-19] [INFO] [1790999640.226551488] [lifecycle_manager_navigation]: Running Nav2 LifecycleManager rcl preshutdown (lifecycle_manager_navigation)
[lifecycle_manager-19] [INFO] [1790999640.226625237] [lifecycle_manager_navigation]: [34m[1mTerminating bond timer...[0m[0m
[opennav_docking-18] [INFO] [1790999640.245697566] [rclcpp]: signal_handler(SIGINT/SIGTERM)
[opennav_docking-18] [INFO] [1790999640.245855911] [docking_server]: Running Nav2 LifecycleNode rcl preshutdown (docking_server)
[opennav_docking-18] [INFO] [1790999640.245943533] [docking_server]: Deactivating docking_server
[collision_monitor-17] [INFO] [1790999640.262625890] [rclcpp]: signal_handler(SIGINT/SIGTERM)
[collision_monitor-17] [INFO] [1790999640.262762757] [collision_monitor]: Running Nav2 LifecycleNode rcl preshutdown (collision_monitor)
[collision_monitor-17] [INFO] [1790999640.262829922] [collision_monitor]: Deactivating
[collision_monitor-17] [INFO] [1790999640.262848581] [collision_monitor]: Destroying bond (collision_monitor) to lifecycle manager.
[collision_monitor-17] [INFO] [1790999640.273212417] [collision_monitor]: Cleaning up
[collision_monitor-17] [INFO] [1790999640.273258188] [collision_monitor]: [FootprintApproach]: Destroying Polygon
[collision_monitor-17] [INFO] [1790999640.273271012] [collision_monitor]: [scan]: Destroying Scan
[collision_monitor-17] [INFO] [1790999640.278114704] [collision_monitor]: Destroying bond (collision_monitor) to lifecycle manager.
[velocity_smoother-16] [INFO] [1790999640.293085650] [rclcpp]: signal_handler(SIGINT/SIGTERM)
[velocity_smoother-16] [INFO] [1790999640.293217693] [velocity_smoother]: Running Nav2 LifecycleNode rcl preshutdown (velocity_smoother)
[velocity_smoother-16] [INFO] [1790999640.293282235] [velocity_smoother]: Deactivating
[velocity_smoother-16] [INFO] [1790999640.293304641] [velocity_smoother]: Destroying bond (velocity_smoother) to lifecycle manager.
[opennav_docking-18] [INFO] [1790999640.294575577] [docking_server]: Destroying bond (docking_server) to lifecycle manager.
[waypoint_follower-15] [INFO] [1790999640.299427677] [rclcpp]: signal_handler(SIGINT/SIGTERM)
[waypoint_follower-15] [INFO] [1790999640.299562570] [waypoint_follower]: Running Nav2 LifecycleNode rcl preshutdown (waypoint_follower)
[waypoint_follower-15] [INFO] [1790999640.299641303] [waypoint_follower]: Deactivating
[waypoint_follower-15] [INFO] [1790999640.300400259] [waypoint_follower]: Destroying bond (waypoint_follower) to lifecycle manager.
[bt_navigator-14] [INFO] [1790999640.303274619] [rclcpp]: signal_handler(SIGINT/SIGTERM)
[bt_navigator-14] [INFO] [1790999640.303468549] [bt_navigator]: Running Nav2 LifecycleNode rcl preshutdown (bt_navigator)
[bt_navigator-14] [INFO] [1790999640.303582489] [bt_navigator]: Deactivating
[bt_navigator-14] [INFO] [1790999640.303623453] [bt_navigator]: Destroying bond (bt_navigator) to lifecycle manager.
[behavior_server-13] [INFO] [1790999640.304244100] [rclcpp]: signal_handler(SIGINT/SIGTERM)
[behavior_server-13] [INFO] [1790999640.304369415] [behavior_server]: Running Nav2 LifecycleNode rcl preshutdown (behavior_server)
[behavior_server-13] [INFO] [1790999640.304432921] [behavior_server]: Deactivating
[behavior_server-13] [INFO] [1790999640.304474916] [behavior_server]: Destroying bond (behavior_server) to lifecycle manager.
[route_server-12] [INFO] [1790999640.307718360] [rclcpp]: signal_handler(SIGINT/SIGTERM)
[route_server-12] [INFO] [1790999640.307836728] [route_server]: Running Nav2 LifecycleNode rcl preshutdown (route_server)
[route_server-12] [INFO] [1790999640.307886159] [route_server]: Deactivating
[route_server-12] [INFO] [1790999640.307901478] [route_server]: Destroying bond (route_server) to lifecycle manager.
[collision_monitor-17] [INFO] [1790999640.308169414] [collision_monitor]: Destroying
[planner_server-11] [INFO] [1790999640.309195624] [rclcpp]: signal_handler(SIGINT/SIGTERM)
[planner_server-11] [INFO] [1790999640.309265152] [planner_server]: Running Nav2 LifecycleNode rcl preshutdown (planner_server)
[planner_server-11] [INFO] [1790999640.309307448] [planner_server]: Deactivating
[planner_server-11] [INFO] [1790999640.309332985] [global_costmap.global_costmap]: Deactivating
[smoother_server-10] [INFO] [1790999640.310503342] [rclcpp]: signal_handler(SIGINT/SIGTERM)
[smoother_server-10] [INFO] [1790999640.310593034] [smoother_server]: Running Nav2 LifecycleNode rcl preshutdown (smoother_server)
[smoother_server-10] [INFO] [1790999640.310675680] [smoother_server]: Deactivating
[smoother_server-10] [INFO] [1790999640.310856020] [smoother_server]: Deactivating smoother: constrained of type nav2_constrained_smoother::ConstrainedSmoother
[smoother_server-10] [INFO] [1790999640.310871142] [smoother_server]: Destroying bond (smoother_server) to lifecycle manager.
[controller_server-9] [INFO] [1790999640.313066798] [rclcpp]: signal_handler(SIGINT/SIGTERM)
[controller_server-9] [INFO] [1790999640.313152304] [controller_server]: Running Nav2 LifecycleNode rcl preshutdown (controller_server)
[controller_server-9] [INFO] [1790999640.313215563] [controller_server]: Deactivating
[controller_server-9] [INFO] [1790999640.313234819] [controller_server]: Deactivating controller: FollowPath of type regulated_pure_pursuit_controller::RegulatedPurePursuitController
[controller_server-9] [INFO] [1790999640.313253026] [local_costmap.local_costmap]: Deactivating
[velocity_smoother-16] [INFO] [1790999640.314593324] [velocity_smoother]: Cleaning up
[velocity_smoother-16] [INFO] [1790999640.314644354] [velocity_smoother]: Destroying bond (velocity_smoother) to lifecycle manager.
[opennav_docking-18] [INFO] [1790999640.314925131] [docking_server]: Cleaning up docking_server
[lifecycle_manager-8] [INFO] [1790999640.324266959] [rclcpp]: signal_handler(SIGINT/SIGTERM)
[lifecycle_manager-8] [INFO] [1790999640.324396951] [lifecycle_manager_localization]: Running Nav2 LifecycleManager rcl preshutdown (lifecycle_manager_localization)
[lifecycle_manager-8] [INFO] [1790999640.324424975] [lifecycle_manager_localization]: [34m[1mTerminating bond timer...[0m[0m
[bt_navigator-14] [INFO] [1790999640.324372265] [bt_navigator]: Cleaning up
[waypoint_follower-15] [INFO] [1790999640.326210695] [waypoint_follower]: Cleaning up
[behavior_server-13] [INFO] [1790999640.326976513] [behavior_server]: Cleaning up
[route_server-12] [INFO] [1790999640.328712161] [route_server]: Cleaning up
[amcl-7] [INFO] [1790999640.332048570] [rclcpp]: signal_handler(SIGINT/SIGTERM)
[amcl-7] [INFO] [1790999640.332165189] [amcl]: Running Nav2 LifecycleNode rcl preshutdown (amcl)
[amcl-7] [INFO] [1790999640.332224311] [amcl]: Deactivating
[amcl-7] [INFO] [1790999640.332244506] [amcl]: Destroying bond (amcl) to lifecycle manager.
[smoother_server-10] [INFO] [1790999640.332712964] [smoother_server]: Cleaning up
[smoother_server-10] [INFO] [1790999640.332904481] [smoother_server]: Cleaning up smoother: constrained of type nav2_constrained_smoother::ConstrainedSmoother
[behavior_server-13] [INFO] [1790999640.335564822] [behavior_server]: Destroying bond (behavior_server) to lifecycle manager.
[parameter_bridge-3] [INFO] [1790999640.339927537] [rclcpp]: signal_handler(SIGINT/SIGTERM)
[robot_state_publisher-4] [INFO] [1790999640.340094238] [rclcpp]: signal_handler(SIGINT/SIGTERM)
[map_server-6] [INFO] [1790999640.341809145] [rclcpp]: signal_handler(SIGINT/SIGTERM)
[map_server-6] [INFO] [1790999640.341925712] [map_server]: Running Nav2 LifecycleNode rcl preshutdown (map_server)
[map_server-6] [INFO] [1790999640.341993912] [map_server]: Deactivating
[map_server-6] [INFO] [1790999640.342006124] [map_server]: Destroying bond (map_server) to lifecycle manager.
[map_server-6] [INFO] [1790999640.352701195] [map_server]: Cleaning up
[map_server-6] [INFO] [1790999640.352767727] [map_server]: Destroying bond (map_server) to lifecycle manager.
[amcl-7] [INFO] [1790999640.353351628] [amcl]: Cleaning up
[velocity_smoother-16] [INFO] [1790999640.356504089] [velocity_smoother]: Destroying
[map_server-6] [INFO] [1790999640.369117371] [map_server]: Destroying
[opennav_docking-18] [INFO] [1790999640.377958923] [docking_server]: Destroying bond (docking_server) to lifecycle manager.
[waypoint_follower-15] [ERROR] [1790999640.384345776] [rcl]: Failed to remove timer jump callback
[waypoint_follower-15] [INFO] [1790999640.385119085] [waypoint_follower]: Destroying bond (waypoint_follower) to lifecycle manager.
[route_server-12] [INFO] [1790999640.391520127] [route_server]: Destroying bond (route_server) to lifecycle manager.
[waypoint_follower-15] [INFO] [1790999640.393129849] [waypoint_follower]: Destroying
[amcl-7] [INFO] [1790999640.393281993] [amcl]: Destroying bond (amcl) to lifecycle manager.
[planner_server-11] [INFO] [1790999640.397059322] [planner_server]: Deactivating plugin Smac2D of type SmacPlanner2D
[planner_server-11] [INFO] [1790999640.397118441] [planner_server]: Deactivating plugin ThetaStar of type nav2_theta_star_planner
[planner_server-11] [INFO] [1790999640.397130000] [planner_server]: Deactivating plugin SmacHybrid of type SmacPlannerHybrid
[planner_server-11] [INFO] [1790999640.397139710] [planner_server]: Deactivating plugin NavFnDijkstra of type NavfnPlanner
[planner_server-11] [INFO] [1790999640.397146971] [planner_server]: Deactivating plugin NavFnAStar of type NavfnPlanner
[planner_server-11] [INFO] [1790999640.397164174] [planner_server]: Destroying bond (planner_server) to lifecycle manager.
[planner_server-11] [INFO] [1790999640.409644025] [planner_server]: Cleaning up
[controller_server-9] [INFO] [1790999640.457668120] [controller_server]: Destroying bond (controller_server) to lifecycle manager.
[controller_server-9] [INFO] [1790999640.467893350] [controller_server]: Cleaning up
[controller_server-9] [INFO] [1790999640.468873488] [controller_server]: Cleaning up controller: FollowPath of type regulated_pure_pursuit_controller::RegulatedPurePursuitController
[controller_server-9] [INFO] [1790999640.468951153] [local_costmap.local_costmap]: Cleaning up
[INFO] [parameter_bridge-3]: process has finished cleanly [pid 53516]
[INFO] [velocity_smoother-16]: process has finished cleanly [pid 53731]
[INFO] [collision_monitor-17]: process has finished cleanly [pid 53732]
[opennav_docking-18] [INFO] [1790999642.677201470] [docking_server]: Destroying
[lifecycle_manager-8] [INFO] [1790999642.708140379] [lifecycle_manager_localization]: Destroying lifecycle_manager_localization
[route_server-12] [INFO] [1790999642.709818991] [route_server]: Destroying
[smoother_server-10] [INFO] [1790999642.719088744] [smoother_server]: Destroying bond (smoother_server) to lifecycle manager.
[amcl-7] [INFO] [1790999642.760353463] [amcl]: Destroying
[smoother_server-10] [INFO] [1790999642.761915977] [smoother_server]: Destroying
[lifecycle_manager-19] [INFO] [1790999642.817327494] [lifecycle_manager_navigation]: Destroying lifecycle_manager_navigation
[INFO] [robot_state_publisher-4]: process has finished cleanly [pid 53518]
[planner_server-11] [INFO] [1790999642.871533254] [global_costmap.global_costmap]: Cleaning up
[behavior_server-13] [INFO] [1790999642.875186264] [behavior_server]: Destroying
[INFO] [map_server-6]: process has finished cleanly [pid 53717]
[planner_server-11] [INFO] [1790999642.999173034] [planner_server]: Cleaning up plugin Smac2D of type SmacPlanner2D
[planner_server-11] [INFO] [1790999642.999938965] [planner_server]: CleaningUp plugin ThetaStar of type nav2_theta_star_planner
[planner_server-11] [INFO] [1790999642.999989216] [planner_server]: Cleaning up plugin SmacHybrid of type SmacPlannerHybrid
[planner_server-11] [INFO] [1790999643.000132655] [planner_server]: Cleaning up plugin NavFnDijkstra of type NavfnPlanner
[planner_server-11] [INFO] [1790999643.000293218] [planner_server]: Cleaning up plugin NavFnAStar of type NavfnPlanner
[planner_server-11] [INFO] [1790999643.000339568] [planner_server]: Destroying plugin Smac2D of type SmacPlanner2D
[planner_server-11] [INFO] [1790999643.000371173] [planner_server]: Destroying plugin SmacHybrid of type SmacPlannerHybrid
[planner_server-11] [INFO] [1790999643.000394440] [planner_server]: Destroying plugin NavFnDijkstra of type NavfnPlanner
[planner_server-11] [INFO] [1790999643.000401459] [planner_server]: Destroying plugin NavFnAStar of type NavfnPlanner
[controller_server-9] [INFO] [1790999643.013459570] [controller_server]: Destroying bond (controller_server) to lifecycle manager.
[INFO] [lifecycle_manager-8]: process has finished cleanly [pid 53719]
[controller_server-9] [INFO] [1790999643.044588518] [local_costmap.local_costmap]: Destroying
[INFO] [amcl-7]: process has finished cleanly [pid 53718]
[planner_server-11] [INFO] [1790999643.060356829] [planner_server]: Destroying bond (planner_server) to lifecycle manager.
[INFO] [opennav_docking-18]: process has finished cleanly [pid 53733]
[INFO] [route_server-12]: process has finished cleanly [pid 53723]
[INFO] [smoother_server-10]: process has finished cleanly [pid 53721]
[planner_server-11] [INFO] [1790999643.113625276] [global_costmap.global_costmap]: Destroying
[INFO] [lifecycle_manager-19]: process has finished cleanly [pid 53736]
[controller_server-9] [INFO] [1790999643.120251255] [controller_server]: Destroying
[INFO] [behavior_server-13]: process has finished cleanly [pid 53724]
[bt_navigator-14] [INFO] [1790999643.173714554] [bt_navigator]: Completed Cleaning up
[bt_navigator-14] [INFO] [1790999643.173795684] [bt_navigator]: Destroying bond (bt_navigator) to lifecycle manager.
[planner_server-11] [INFO] [1790999643.188830157] [planner_server]: Destroying
[bt_navigator-14] [INFO] [1790999643.243587209] [bt_navigator]: Destroying
[INFO] [controller_server-9]: process has finished cleanly [pid 53720]
[INFO] [planner_server-11]: process has finished cleanly [pid 53722]
[INFO] [bt_navigator-14]: process has finished cleanly [pid 53725]
[ERROR] [waypoint_follower-15]: process[waypoint_follower-15] failed to terminate '5' seconds after receiving 'SIGINT', escalating to 'SIGTERM'
[ERROR] [gazebo-1]: process[gazebo-1] failed to terminate '5' seconds after receiving 'SIGINT', escalating to 'SIGTERM'
[INFO] [waypoint_follower-15]: sending signal 'SIGTERM' to process[waypoint_follower-15]
[INFO] [gazebo-1]: sending signal 'SIGTERM' to process[gazebo-1]
[ERROR] [gazebo-1]: process has died [pid 53514, exit code -15, cmd 'ruby /opt/ros/jazzy/opt/gz_tools_vendor/bin/gz sim -r -s -v 3 --initial-sim-time 0.0 /home/linh-pham/agv_nav2_research_ws_bao/install/vacuum_robot_gazebo/share/vacuum_robot_gazebo/worlds/warehouse_cross_aisles.sdf --force-version 8'].
[ERROR] [waypoint_follower-15]: process[waypoint_follower-15] failed to terminate '10.0' seconds after receiving 'SIGTERM', escalating to 'SIGKILL'
[INFO] [waypoint_follower-15]: sending signal 'SIGKILL' to process[waypoint_follower-15]
[ERROR] [waypoint_follower-15]: process has died [pid 53730, exit code -9, cmd '/opt/ros/jazzy/lib/nav2_waypoint_follower/waypoint_follower --ros-args --log-level info --ros-args -r __node:=waypoint_follower -p use_sim_time:=True --params-file /tmp/launch_params_fybm9vez -r /tf:=tf -r /tf_static:=tf_static'].
