[INFO] [launch]: All log files can be found below /home/linh-pham/.ros/log/2026-08-02-04-35-46-851093-linh-pham-LOQ-15IAX9-94653
[INFO] [launch]: Default logging verbosity is set to INFO
[INFO] [gazebo-1]: process started with pid [94688]
[INFO] [create-2]: process started with pid [94689]
[INFO] [parameter_bridge-3]: process started with pid [94690]
[INFO] [robot_state_publisher-4]: process started with pid [94692]
[INFO] [batch_benchmark-5]: process started with pid [94693]
[robot_state_publisher-4] [INFO] [1785620147.634202841] [robot_state_publisher]: Robot initialized
[gazebo-1] [1;32m[Msg] [0m[1;32mGazebo Sim Server v[0m[1;32m8.11.0[0m[1;32m[0m
[gazebo-1] [1;32m[Msg] [0m[1;32mLoading SDF world file[[0m[1;32m/home/linh-pham/agv_nav2_research_ws_bao/install/vacuum_robot_gazebo/share/vacuum_robot_gazebo/worlds/narrow_aisles.sdf[0m[1;32m].[0m
[gazebo-1] [1;32m[Msg] [0m[1;32mServing entity system service on [[0m[1;32m/[0m[1;32mentity/system/add[0m[1;32m][0m[1;32m[0m
[gazebo-1] [1;32m[Msg] [0m[1;32mCreate[0m[1;32m service on [[0m[1;32m/world/narrow_aisles/create_multiple[0m[1;32m] (async)[0m[1;32m[0m
[gazebo-1] [1;32m[Msg] [0m[1;32mCreate[0m[1;32m service on [[0m[1;32m/world/narrow_aisles/create_multiple/blocking[0m[1;32m] (blocking)[0m[1;32m[0m
[gazebo-1] [1;32m[Msg] [0m[1;32mRemove[0m[1;32m service on [[0m[1;32m/world/narrow_aisles/remove[0m[1;32m] (async)[0m[1;32m[0m
[gazebo-1] [1;32m[Msg] [0m[1;32mRemove[0m[1;32m service on [[0m[1;32m/world/narrow_aisles/remove/blocking[0m[1;32m] (blocking)[0m[1;32m[0m
[gazebo-1] [1;32m[Msg] [0m[1;32mPose[0m[1;32m service on [[0m[1;32m/world/narrow_aisles/set_pose[0m[1;32m] (async)[0m[1;32m[0m
[gazebo-1] [1;32m[Msg] [0m[1;32mPose[0m[1;32m service on [[0m[1;32m/world/narrow_aisles/set_pose/blocking[0m[1;32m] (blocking)[0m[1;32m[0m
[gazebo-1] [1;32m[Msg] [0m[1;32mPose[0m[1;32m service on [[0m[1;32m/world/narrow_aisles/set_pose_vector[0m[1;32m] (async)[0m[1;32m[0m
[gazebo-1] [1;32m[Msg] [0m[1;32mPose[0m[1;32m service on [[0m[1;32m/world/narrow_aisles/set_pose_vector/blocking[0m[1;32m] (blocking)[0m[1;32m[0m
[gazebo-1] [1;32m[Msg] [0m[1;32mLight configuration[0m[1;32m service on [[0m[1;32m/world/narrow_aisles/light_config[0m[1;32m] (async)[0m[1;32m[0m
[gazebo-1] [1;32m[Msg] [0m[1;32mLight configuration[0m[1;32m service on [[0m[1;32m/world/narrow_aisles/light_config/blocking[0m[1;32m] (blocking)[0m[1;32m[0m
[gazebo-1] [1;32m[Msg] [0m[1;32mPhysics[0m[1;32m service on [[0m[1;32m/world/narrow_aisles/set_physics[0m[1;32m] (async)[0m[1;32m[0m
[gazebo-1] [1;32m[Msg] [0m[1;32mPhysics[0m[1;32m service on [[0m[1;32m/world/narrow_aisles/set_physics/blocking[0m[1;32m] (blocking)[0m[1;32m[0m
[gazebo-1] [1;32m[Msg] [0m[1;32mSphericalCoordinates[0m[1;32m service on [[0m[1;32m/world/narrow_aisles/set_spherical_coordinates[0m[1;32m] (async)[0m[1;32m[0m
[gazebo-1] [1;32m[Msg] [0m[1;32mSphericalCoordinates[0m[1;32m service on [[0m[1;32m/world/narrow_aisles/set_spherical_coordinates/blocking[0m[1;32m] (blocking)[0m[1;32m[0m
[gazebo-1] [1;32m[Msg] [0m[1;32mEnable collision[0m[1;32m service on [[0m[1;32m/world/narrow_aisles/enable_collision[0m[1;32m] (async)[0m[1;32m[0m
[gazebo-1] [1;32m[Msg] [0m[1;32mEnable collision[0m[1;32m service on [[0m[1;32m/world/narrow_aisles/enable_collision/blocking[0m[1;32m] (blocking)[0m[1;32m[0m
[gazebo-1] [1;32m[Msg] [0m[1;32mDisable collision[0m[1;32m service on [[0m[1;32m/world/narrow_aisles/disable_collision[0m[1;32m] (async)[0m[1;32m[0m
[gazebo-1] [1;32m[Msg] [0m[1;32mDisable collision[0m[1;32m service on [[0m[1;32m/world/narrow_aisles/disable_collision/blocking[0m[1;32m] (blocking)[0m[1;32m[0m
[gazebo-1] [1;32m[Msg] [0m[1;32mMaterial[0m[1;32m service on [[0m[1;32m/world/narrow_aisles/visual_config[0m[1;32m] (async)[0m[1;32m[0m
[gazebo-1] [1;32m[Msg] [0m[1;32mMaterial[0m[1;32m service on [[0m[1;32m/world/narrow_aisles/visual_config/blocking[0m[1;32m] (blocking)[0m[1;32m[0m
[gazebo-1] [1;32m[Msg] [0m[1;32mMaterial[0m[1;32m service on [[0m[1;32m/world/narrow_aisles/wheel_slip[0m[1;32m] (async)[0m[1;32m[0m
[gazebo-1] [1;32m[Msg] [0m[1;32mMaterial[0m[1;32m service on [[0m[1;32m/world/narrow_aisles/wheel_slip/blocking[0m[1;32m] (blocking)[0m[1;32m[0m
[gazebo-1] [1;32m[Msg] [0m[1;32mLoaded level [[0m[1;32mdefault[0m[1;32m][0m[1;32m[0m
[gazebo-1] [1;32m[Msg] [0m[1;32mServing world controls on [[0m[1;32m/world/narrow_aisles[0m[1;32m/control], [[0m[1;32m/world/narrow_aisles[0m[1;32m/control/state] and [[0m[1;32m/world/narrow_aisles[0m[1;32m/playback/control][0m[1;32m[0m
[gazebo-1] [1;32m[Msg] [0m[1;32mServing GUI information on [[0m[1;32m/world/narrow_aisles[0m[1;32m/[0m[1;32mgui/info[0m[1;32m][0m[1;32m[0m
[create-2] [INFO] [1785620148.208620281] [spawn_vacuum_robot]: Entity creation successful.
[INFO] [create-2]: process has finished cleanly [pid 94689]
[parameter_bridge-3] [INFO] [1785620148.677567636] [ros_gz_bridge]: Creating GZ->ROS Bridge: [/clock (gz.msgs.Clock) -> /clock (rosgraph_msgs/msg/Clock)] (Lazy 0)
[parameter_bridge-3] [INFO] [1785620148.679816982] [ros_gz_bridge]: Creating GZ->ROS Bridge: [/joint_states (gz.msgs.Model) -> /joint_states (sensor_msgs/msg/JointState)] (Lazy 0)
[parameter_bridge-3] [INFO] [1785620148.687059924] [ros_gz_bridge]: Creating GZ->ROS Bridge: [/odom (gz.msgs.Odometry) -> /odom (nav_msgs/msg/Odometry)] (Lazy 0)
[parameter_bridge-3] [INFO] [1785620148.691926058] [ros_gz_bridge]: Creating GZ->ROS Bridge: [/tf (gz.msgs.Pose_V) -> /tf (tf2_msgs/msg/TFMessage)] (Lazy 0)
[parameter_bridge-3] [INFO] [1785620148.696657750] [ros_gz_bridge]: Creating GZ->ROS Bridge: [/scan (gz.msgs.LaserScan) -> /scan (sensor_msgs/msg/LaserScan)] (Lazy 0)
[parameter_bridge-3] [INFO] [1785620148.698072928] [ros_gz_bridge]: Creating GZ->ROS Bridge: [/imu/data (gz.msgs.IMU) -> /imu/data (sensor_msgs/msg/Imu)] (Lazy 0)
[parameter_bridge-3] [INFO] [1785620148.699705677] [ros_gz_bridge]: Creating ROS->GZ Bridge: [/cmd_vel (geometry_msgs/msg/Twist) -> /cmd_vel (gz.msgs.Twist)] (Lazy 0)
[parameter_bridge-3] [INFO] [1785620148.702231700] [ros_gz_bridge]: Creating GZ->ROS Bridge: [/ground_truth/odom (gz.msgs.Odometry) -> /ground_truth/odom (nav_msgs/msg/Odometry)] (Lazy 0)
[gazebo-1] [1;32m[Msg] [0m[1;32mWorld [[0m[1;32mnarrow_aisles[0m[1;32m] initialized with [[0m[1;32mresearch_physics[0m[1;32m] physics profile.[0m[1;32m[0m
[gazebo-1] [1;32m[Msg] [0m[1;32mServing world SDF generation service on [[0m[1;32m/world/narrow_aisles[0m[1;32m/[0m[1;32mgenerate_world_sdf[0m[1;32m][0m[1;32m[0m
[gazebo-1] [1;32m[Msg] [0m[1;32mServing world names on [[0m[1;32m/gazebo/worlds[0m[1;32m][0m[1;32m[0m
[gazebo-1] [1;32m[Msg] [0m[1;32mResource path add service on [[0m[1;32m/gazebo/resource_paths/add[0m[1;32m].[0m[1;32m[0m
[gazebo-1] [1;32m[Msg] [0m[1;32mResource path get service on [[0m[1;32m/gazebo/resource_paths/get[0m[1;32m].[0m[1;32m[0m
[gazebo-1] [1;32m[Msg] [0m[1;32mResource path resolve service on [[0m[1;32m/gazebo/resource_paths/resolve[0m[1;32m].[0m[1;32m[0m
[gazebo-1] [1;32m[Msg] [0m[1;32mResource paths published on [[0m[1;32m/gazebo/resource_paths[0m[1;32m].[0m[1;32m[0m
[gazebo-1] [1;32m[Msg] [0m[1;32mServer control service on [[0m[1;32m/server_control[0m[1;32m].[0m[1;32m[0m
[gazebo-1] [1;32m[Msg] [0m[1;32mFound no publishers on /stats, adding root stats topic[0m[1;32m[0m
[gazebo-1] [1;32m[Msg] [0m[1;32mFound no publishers on /clock, adding root clock topic[0m[1;32m[0m
[gazebo-1] [1;33mWarning [Utils.cc:132][0m [/sdf/model[@name="vacuum_robot"]/link[@name="base_link"]/sensor[@name="rplidar_a1m8"]/gz_frame_id:/home/linh-pham/agv_nav2_research_ws_bao/install/vacuum_robot_gazebo/share/vacuum_robot_gazebo/models/vacuum_robot/model.sdf:L107]: XML Element[gz_frame_id], child of element[sensor], not defined in SDF. Copying[gz_frame_id] as children of [sensor].
[gazebo-1] [1;33mWarning [Utils.cc:132][0m [/sdf/model[@name="vacuum_robot"]/link[@name="base_link"]/sensor[@name="bno055_imu"]/gz_frame_id:/home/linh-pham/agv_nav2_research_ws_bao/install/vacuum_robot_gazebo/share/vacuum_robot_gazebo/models/vacuum_robot/model.sdf:L128]: XML Element[gz_frame_id], child of element[sensor], not defined in SDF. Copying[gz_frame_id] as children of [sensor].
[gazebo-1] libEGL warning: pci id for fd 57: 10de:25ec, driver (null)
[gazebo-1] 
[gazebo-1] pci id for fd 58: 10de:25ec, driver (null)
[gazebo-1] pci id for fd 59: 10de:25ec, driver (null)
[gazebo-1] libEGL warning: egl: failed to create dri2 screen
[gazebo-1] libEGL warning: pci id for fd 57: 10de:25ec, driver (null)
[gazebo-1] 
[gazebo-1] pci id for fd 58: 10de:25ec, driver (null)
[gazebo-1] pci id for fd 59: 10de:25ec, driver (null)
[gazebo-1] libEGL warning: egl: failed to create dri2 screen
[gazebo-1] libEGL warning: pci id for fd 57: 10de:25ec, driver (null)
[gazebo-1] 
[INFO] [map_server-6]: process started with pid [94916]
[INFO] [amcl-7]: process started with pid [94917]
[INFO] [lifecycle_manager-8]: process started with pid [94918]
[INFO] [controller_server-9]: process started with pid [94919]
[INFO] [smoother_server-10]: process started with pid [94920]
[INFO] [planner_server-11]: process started with pid [94921]
[INFO] [route_server-12]: process started with pid [94922]
[INFO] [behavior_server-13]: process started with pid [94923]
[INFO] [bt_navigator-14]: process started with pid [94924]
[INFO] [waypoint_follower-15]: process started with pid [94925]
[INFO] [velocity_smoother-16]: process started with pid [94926]
[INFO] [collision_monitor-17]: process started with pid [94927]
[INFO] [opennav_docking-18]: process started with pid [94930]
[INFO] [lifecycle_manager-19]: process started with pid [94937]
[planner_server-11] [INFO] [1785620150.690091751] [planner_server]: 
[planner_server-11] 	planner_server lifecycle node launched. 
[planner_server-11] 	Waiting on external lifecycle transitions to activate
[planner_server-11] 	See https://design.ros2.org/articles/node_lifecycle.html for more information.
[planner_server-11] [INFO] [1785620150.693273768] [planner_server]: Creating
[bt_navigator-14] [INFO] [1785620150.694153251] [bt_navigator]: 
[bt_navigator-14] 	bt_navigator lifecycle node launched. 
[bt_navigator-14] 	Waiting on external lifecycle transitions to activate
[bt_navigator-14] 	See https://design.ros2.org/articles/node_lifecycle.html for more information.
[bt_navigator-14] [INFO] [1785620150.696123663] [bt_navigator]: Creating
[smoother_server-10] [INFO] [1785620150.706837536] [smoother_server]: 
[smoother_server-10] 	smoother_server lifecycle node launched. 
[smoother_server-10] 	Waiting on external lifecycle transitions to activate
[smoother_server-10] 	See https://design.ros2.org/articles/node_lifecycle.html for more information.
[controller_server-9] [INFO] [1785620150.708904819] [controller_server]: 
[controller_server-9] 	controller_server lifecycle node launched. 
[controller_server-9] 	Waiting on external lifecycle transitions to activate
[controller_server-9] 	See https://design.ros2.org/articles/node_lifecycle.html for more information.
[smoother_server-10] [INFO] [1785620150.712164211] [smoother_server]: Creating smoother server
[lifecycle_manager-8] [INFO] [1785620150.713438273] [lifecycle_manager_localization]: Creating
[controller_server-9] [INFO] [1785620150.714035150] [controller_server]: Creating controller server
[route_server-12] [INFO] [1785620150.716664519] [route_server]: 
[route_server-12] 	route_server lifecycle node launched. 
[route_server-12] 	Waiting on external lifecycle transitions to activate
[route_server-12] 	See https://design.ros2.org/articles/node_lifecycle.html for more information.
[behavior_server-13] [INFO] [1785620150.726985600] [behavior_server]: 
[behavior_server-13] 	behavior_server lifecycle node launched. 
[behavior_server-13] 	Waiting on external lifecycle transitions to activate
[behavior_server-13] 	See https://design.ros2.org/articles/node_lifecycle.html for more information.
[lifecycle_manager-8] [INFO] [1785620150.727795369] [lifecycle_manager_localization]: [34m[1mCreating and initializing lifecycle service clients[0m[0m
[controller_server-9] [INFO] [1785620150.730262460] [local_costmap.local_costmap]: 
[controller_server-9] 	local_costmap lifecycle node launched. 
[controller_server-9] 	Waiting on external lifecycle transitions to activate
[controller_server-9] 	See https://design.ros2.org/articles/node_lifecycle.html for more information.
[controller_server-9] [INFO] [1785620150.730712774] [local_costmap.local_costmap]: Creating Costmap
[collision_monitor-17] [INFO] [1785620150.742183236] [collision_monitor]: 
[collision_monitor-17] 	collision_monitor lifecycle node launched. 
[collision_monitor-17] 	Waiting on external lifecycle transitions to activate
[collision_monitor-17] 	See https://design.ros2.org/articles/node_lifecycle.html for more information.
[velocity_smoother-16] [INFO] [1785620150.746423902] [velocity_smoother]: 
[velocity_smoother-16] 	velocity_smoother lifecycle node launched. 
[velocity_smoother-16] 	Waiting on external lifecycle transitions to activate
[velocity_smoother-16] 	See https://design.ros2.org/articles/node_lifecycle.html for more information.
[map_server-6] [INFO] [1785620150.750335209] [map_server]: 
[map_server-6] 	map_server lifecycle node launched. 
[map_server-6] 	Waiting on external lifecycle transitions to activate
[map_server-6] 	See https://design.ros2.org/articles/node_lifecycle.html for more information.
[map_server-6] [INFO] [1785620150.750511819] [map_server]: Creating
[planner_server-11] [INFO] [1785620150.751585721] [global_costmap.global_costmap]: 
[planner_server-11] 	global_costmap lifecycle node launched. 
[planner_server-11] 	Waiting on external lifecycle transitions to activate
[planner_server-11] 	See https://design.ros2.org/articles/node_lifecycle.html for more information.
[lifecycle_manager-19] [INFO] [1785620150.752046496] [lifecycle_manager_navigation]: Creating
[planner_server-11] [INFO] [1785620150.752143527] [global_costmap.global_costmap]: Creating Costmap
[waypoint_follower-15] [INFO] [1785620150.756149664] [waypoint_follower]: 
[waypoint_follower-15] 	waypoint_follower lifecycle node launched. 
[waypoint_follower-15] 	Waiting on external lifecycle transitions to activate
[waypoint_follower-15] 	See https://design.ros2.org/articles/node_lifecycle.html for more information.
[waypoint_follower-15] [INFO] [1785620150.756940587] [waypoint_follower]: Creating
[lifecycle_manager-19] [INFO] [1785620150.757507150] [lifecycle_manager_navigation]: [34m[1mCreating and initializing lifecycle service clients[0m[0m
[amcl-7] [INFO] [1785620150.759812153] [amcl]: 
[amcl-7] 	amcl lifecycle node launched. 
[amcl-7] 	Waiting on external lifecycle transitions to activate
[amcl-7] 	See https://design.ros2.org/articles/node_lifecycle.html for more information.
[amcl-7] [INFO] [1785620150.760308689] [amcl]: Creating
[opennav_docking-18] [INFO] [1785620150.762260251] [docking_server]: 
[opennav_docking-18] 	docking_server lifecycle node launched. 
[opennav_docking-18] 	Waiting on external lifecycle transitions to activate
[opennav_docking-18] 	See https://design.ros2.org/articles/node_lifecycle.html for more information.
[opennav_docking-18] [INFO] [1785620150.762420667] [docking_server]: Creating docking_server
[lifecycle_manager-8] [INFO] [1785620150.884976705] [lifecycle_manager_localization]: [34m[1mStarting managed nodes bringup...[0m[0m
[lifecycle_manager-8] [INFO] [1785620150.885061969] [lifecycle_manager_localization]: [34m[1mConfiguring map_server[0m[0m
[map_server-6] [INFO] [1785620151.025443854] [map_server]: Configuring
[map_server-6] [INFO] [1785620151.025525432] [map_io]: Loading yaml file: /home/linh-pham/agv_nav2_research_ws_bao/install/vacuum_robot_gazebo/share/vacuum_robot_gazebo/maps/narrow_aisles.yaml
[map_server-6] [INFO] [1785620151.025912297] [map_io]: resolution: 0.05
[map_server-6] [INFO] [1785620151.025929380] [map_io]: origin[0]: -6
[map_server-6] [INFO] [1785620151.025937351] [map_io]: origin[1]: -4
[map_server-6] [INFO] [1785620151.025942834] [map_io]: origin[2]: 0
[map_server-6] [INFO] [1785620151.025948468] [map_io]: free_thresh: 0.25
[map_server-6] [INFO] [1785620151.025954324] [map_io]: occupied_thresh: 0.65
[map_server-6] [INFO] [1785620151.025961402] [map_io]: mode: trinary
[map_server-6] [INFO] [1785620151.025968571] [map_io]: negate: 0
[map_server-6] [INFO] [1785620151.026252830] [map_io]: Loading image_file: /home/linh-pham/agv_nav2_research_ws_bao/install/vacuum_robot_gazebo/share/vacuum_robot_gazebo/maps/narrow_aisles.pgm
[map_server-6] [INFO] [1785620151.027583358] [map_io]: Read map /home/linh-pham/agv_nav2_research_ws_bao/install/vacuum_robot_gazebo/share/vacuum_robot_gazebo/maps/narrow_aisles.pgm: 240 X 160 map @ 0.05 m/cell
[lifecycle_manager-8] [INFO] [1785620151.038166323] [lifecycle_manager_localization]: [34m[1mConfiguring amcl[0m[0m
[amcl-7] [INFO] [1785620151.038564389] [amcl]: Configuring
[amcl-7] [INFO] [1785620151.038650351] [amcl]: initTransforms
[amcl-7] [INFO] [1785620151.052523545] [amcl]: initPubSub
[lifecycle_manager-19] [INFO] [1785620151.060668434] [lifecycle_manager_navigation]: [34m[1mStarting managed nodes bringup...[0m[0m
[lifecycle_manager-19] [INFO] [1785620151.060724083] [lifecycle_manager_navigation]: [34m[1mConfiguring controller_server[0m[0m
[controller_server-9] [INFO] [1785620151.061196615] [controller_server]: Configuring controller interface
[controller_server-9] [INFO] [1785620151.061232367] [controller_server]: getting progress checker plugins..
[controller_server-9] [INFO] [1785620151.061519797] [controller_server]: getting goal checker plugins..
[controller_server-9] [INFO] [1785620151.061615402] [controller_server]: Controller frequency set to 20.0000Hz
[controller_server-9] [INFO] [1785620151.061672449] [local_costmap.local_costmap]: Configuring
[amcl-7] [INFO] [1785620151.061463344] [amcl]: Subscribed to map topic.
[lifecycle_manager-8] [INFO] [1785620151.066621869] [lifecycle_manager_localization]: [34m[1mActivating map_server[0m[0m
[map_server-6] [INFO] [1785620151.066858384] [map_server]: Activating
[map_server-6] [INFO] [1785620151.067097518] [map_server]: Creating bond (map_server) to lifecycle manager.
[amcl-7] [INFO] [1785620151.067679648] [amcl]: Received a 240 X 160 map @ 0.050 m/pix
[controller_server-9] [INFO] [1785620151.071994519] [local_costmap.local_costmap]: Using plugin "voxel_layer"
[controller_server-9] [INFO] [1785620151.075246246] [local_costmap.local_costmap]: Subscribed to Topics: scan
[controller_server-9] [INFO] [1785620151.084402221] [local_costmap.local_costmap]: Initialized plugin "voxel_layer"
[controller_server-9] [INFO] [1785620151.084427975] [local_costmap.local_costmap]: Using plugin "inflation_layer"
[controller_server-9] [INFO] [1785620151.084849383] [local_costmap.local_costmap]: Initialized plugin "inflation_layer"
[controller_server-9] [INFO] [1785620151.097619168] [controller_server]: Created progress_checker : progress_checker of type nav2_controller::PoseProgressChecker
[controller_server-9] [INFO] [1785620151.097936552] [controller_server]: Controller Server has progress_checker  progress checkers available.
[controller_server-9] [INFO] [1785620151.098419805] [controller_server]: Created goal checker : general_goal_checker of type nav2_controller::SimpleGoalChecker
[controller_server-9] [INFO] [1785620151.098707210] [controller_server]: Controller Server has general_goal_checker  goal checkers available.
[controller_server-9] [INFO] [1785620151.099508756] [controller_server]: Created controller : FollowPath of type nav2_regulated_pure_pursuit_controller::RegulatedPurePursuitController
[controller_server-9] [INFO] [1785620151.104199952] [controller_server]: Controller Server has FollowPath  controllers available.
[lifecycle_manager-19] [INFO] [1785620151.111733712] [lifecycle_manager_navigation]: [34m[1mConfiguring smoother_server[0m[0m
[smoother_server-10] [INFO] [1785620151.111949423] [smoother_server]: Configuring smoother server
[smoother_server-10] [INFO] [1785620151.123393590] [smoother_server]: Created smoother : simple_smoother of type nav2_smoother::SimpleSmoother
[smoother_server-10] [INFO] [1785620151.124981615] [smoother_server]: Created smoother : savitzky_golay of type nav2_smoother::SavitzkyGolaySmoother
[smoother_server-10] [INFO] [1785620151.128890476] [smoother_server]: Created smoother : constrained of type nav2_constrained_smoother/ConstrainedSmoother
[smoother_server-10] [INFO] [1785620151.131630264] [smoother_server]: Created smoother : pstmo of type adaptive_pivot_g2_nav2/AdaptivePivotG2Smoother
[smoother_server-10] [INFO] [1785620151.135871963] [smoother_server]: Configured PSTMO smoother 'pstmo' with adaptive radius search
[smoother_server-10] [INFO] [1785620151.136067681] [smoother_server]: Created smoother : adaptive_hybrid of type adaptive_pivot_g2_nav2/SafetyGatedHybridSmoother
[smoother_server-10] [INFO] [1785620151.141675883] [smoother_server]: Configured PSTMO smoother 'adaptive_hybrid.pivot' with adaptive radius search
[smoother_server-10] [INFO] [1785620151.142156063] [smoother_server]: Configured safety-gated hybrid smoother as 'adaptive_hybrid'
[smoother_server-10] [INFO] [1785620151.142180344] [smoother_server]: Smoother Server has simple_smoother savitzky_golay constrained pstmo adaptive_hybrid  smoothers available.
[lifecycle_manager-19] [INFO] [1785620151.148740848] [lifecycle_manager_navigation]: [34m[1mConfiguring planner_server[0m[0m
[planner_server-11] [INFO] [1785620151.148921024] [planner_server]: Configuring
[planner_server-11] [INFO] [1785620151.148945675] [global_costmap.global_costmap]: Configuring
[planner_server-11] [INFO] [1785620151.155523569] [global_costmap.global_costmap]: Using plugin "static_layer"
[planner_server-11] [INFO] [1785620151.159820258] [global_costmap.global_costmap]: Subscribing to the map topic (/map) with transient local durability
[planner_server-11] [INFO] [1785620151.161587076] [global_costmap.global_costmap]: Initialized plugin "static_layer"
[planner_server-11] [INFO] [1785620151.161617099] [global_costmap.global_costmap]: Using plugin "inflation_layer"
[planner_server-11] [INFO] [1785620151.162063765] [global_costmap.global_costmap]: Initialized plugin "inflation_layer"
[lifecycle_manager-8] [INFO] [1785620151.172590252] [lifecycle_manager_localization]: Server map_server connected with bond.
[lifecycle_manager-8] [INFO] [1785620151.172633712] [lifecycle_manager_localization]: [34m[1mActivating amcl[0m[0m
[amcl-7] [INFO] [1785620151.172914761] [amcl]: Activating
[amcl-7] [INFO] [1785620151.172955157] [amcl]: initialPoseReceived
[amcl-7] [INFO] [1785620151.173064699] [amcl]: Setting pose (0.870000): -5.000 0.000 0.785
[amcl-7] [INFO] [1785620151.173680269] [amcl]: Creating bond (amcl) to lifecycle manager.
[planner_server-11] [INFO] [1785620151.181362939] [global_costmap.global_costmap]: StaticLayer: Resizing costmap to 240 X 160 at 0.050000 m/pix
[planner_server-11] [INFO] [1785620151.181812873] [planner_server]: Created global planner plugin NavFnAStar of type nav2_navfn_planner::NavfnPlanner
[planner_server-11] [INFO] [1785620151.181841738] [planner_server]: Configuring plugin NavFnAStar of type NavfnPlanner
[planner_server-11] [INFO] [1785620151.182441273] [planner_server]: Created global planner plugin NavFnDijkstra of type nav2_navfn_planner::NavfnPlanner
[planner_server-11] [INFO] [1785620151.182465238] [planner_server]: Configuring plugin NavFnDijkstra of type NavfnPlanner
[planner_server-11] [INFO] [1785620151.183379893] [planner_server]: Created global planner plugin ThetaStar of type nav2_theta_star_planner::ThetaStarPlanner
[planner_server-11] [INFO] [1785620151.187823779] [planner_server]: Created global planner plugin Smac2D of type nav2_smac_planner::SmacPlanner2D
[planner_server-11] [INFO] [1785620151.187865002] [planner_server]: Configuring Smac2D of type SmacPlanner2D
[planner_server-11] [INFO] [1785620151.189770503] [planner_server]: Configured plugin Smac2D of type SmacPlanner2D with tolerance 0.10, maximum iterations 1000000, max on approach iterations 1000, and not allowing unknown traversal.
[planner_server-11] [INFO] [1785620151.191048821] [planner_server]: Created global planner plugin SmacHybrid of type nav2_smac_planner::SmacPlannerHybrid
[planner_server-11] [INFO] [1785620151.191081129] [planner_server]: Configuring SmacHybrid of type SmacPlannerHybrid
[planner_server-11] [INFO] [1785620151.193092663] [planner_server]: Even sized heuristic lookup table size set 160.000000, increasing size by 1 to make odd
[amcl-7] [INFO] [1785620151.237058979] [amcl]: createLaserObject
[lifecycle_manager-8] [INFO] [1785620151.278418567] [lifecycle_manager_localization]: Server amcl connected with bond.
[lifecycle_manager-8] [INFO] [1785620151.278472010] [lifecycle_manager_localization]: [34m[1mManaged nodes are active[0m[0m
[lifecycle_manager-8] [INFO] [1785620151.278481041] [lifecycle_manager_localization]: [34m[1mCreating bond timer...[0m[0m
[planner_server-11] [INFO] [1785620151.407318292] [planner_server]: Configured plugin SmacHybrid of type SmacPlannerHybrid with maximum iterations 1000000, max on approach iterations 1000, and not allowing unknown traversal. Tolerance 0.10.Using motion model: Dubin.
[planner_server-11] [INFO] [1785620151.407373380] [planner_server]: Planner Server has NavFnAStar NavFnDijkstra ThetaStar Smac2D SmacHybrid  planners available.
[lifecycle_manager-19] [INFO] [1785620151.418542097] [lifecycle_manager_navigation]: [34m[1mConfiguring route_server[0m[0m
[route_server-12] [INFO] [1785620151.418804585] [route_server]: Configuring
[route_server-12] [INFO] [1785620151.442966052] [route_server]: Created GraphFileLoader GeoJsonGraphFileLoader of type nav2_route::GeoJsonGraphFileLoader
[route_server-12] [INFO] [1785620151.443010036] [route_server]: Configuring geojson graph file loader
[route_server-12] [INFO] [1785620151.443018037] [route_server]: No graph file provided to load yet.
[route_server-12] [INFO] [1785620151.444604922] [route_server]: Created edge cost function plugin DistanceScorer of type nav2_route::DistanceScorer
[route_server-12] [INFO] [1785620151.444636336] [route_server]: Configuring distance scorer.
[route_server-12] [INFO] [1785620151.444876615] [route_server]: Created edge cost function plugin CostmapScorer of type nav2_route::CostmapScorer
[route_server-12] [INFO] [1785620151.444888856] [route_server]: Configuring costmap scorer.
[route_server-12] [INFO] [1785620151.446877824] [route_server]: Created route operation ReroutingService of type nav2_route::ReroutingService
[route_server-12] [INFO] [1785620151.446910514] [route_server]: Configuring Rerouting service operation.
[route_server-12] [INFO] [1785620151.448172850] [route_server]: Created route operation CollisionMonitor of type nav2_route::CollisionMonitor
[route_server-12] [INFO] [1785620151.448303175] [route_server]: Using costmap topic: local_costmap/costmap_raw instead of server costmap topic: global_costmap/costmap_raw for CollisionMonitor.
[lifecycle_manager-19] [INFO] [1785620151.451400882] [lifecycle_manager_navigation]: [34m[1mConfiguring behavior_server[0m[0m
[behavior_server-13] [INFO] [1785620151.451723938] [behavior_server]: Configuring
[behavior_server-13] [INFO] [1785620151.456097787] [behavior_server]: Creating behavior plugin spin of type nav2_behaviors::Spin
[behavior_server-13] [INFO] [1785620151.457134018] [behavior_server]: Creating behavior plugin backup of type nav2_behaviors::BackUp
[behavior_server-13] [INFO] [1785620151.458226560] [behavior_server]: Creating behavior plugin drive_on_heading of type nav2_behaviors::DriveOnHeading
[behavior_server-13] [INFO] [1785620151.459301236] [behavior_server]: Creating behavior plugin assisted_teleop of type nav2_behaviors::AssistedTeleop
[behavior_server-13] [INFO] [1785620151.460899135] [behavior_server]: Creating behavior plugin wait of type nav2_behaviors::Wait
[behavior_server-13] [INFO] [1785620151.467472310] [behavior_server]: Configuring spin
[behavior_server-13] [INFO] [1785620151.474559700] [behavior_server]: Configuring backup
[behavior_server-13] [INFO] [1785620151.479259833] [behavior_server]: Configuring drive_on_heading
[behavior_server-13] [INFO] [1785620151.483738607] [behavior_server]: Configuring assisted_teleop
[behavior_server-13] [INFO] [1785620151.490298269] [behavior_server]: Configuring wait
[lifecycle_manager-19] [INFO] [1785620151.495486599] [lifecycle_manager_navigation]: [34m[1mConfiguring velocity_smoother[0m[0m
[velocity_smoother-16] [INFO] [1785620151.495719469] [velocity_smoother]: Configuring velocity smoother
[lifecycle_manager-19] [INFO] [1785620151.502161988] [lifecycle_manager_navigation]: [34m[1mConfiguring collision_monitor[0m[0m
[collision_monitor-17] [INFO] [1785620151.502441166] [collision_monitor]: Configuring
[collision_monitor-17] [INFO] [1785620151.507797694] [collision_monitor]: [scan]: Creating Scan
[collision_monitor-17] [INFO] [1785620151.510115796] [collision_monitor]: [FootprintApproach]: Creating Polygon
[collision_monitor-17] [INFO] [1785620151.510253750] [collision_monitor]: [FootprintApproach]: Polygon points are not defined. Using dynamic subscription instead.
[collision_monitor-17] [INFO] [1785620151.510818091] [collision_monitor]: [FootprintApproach]: Making footprint subscriber on /local_costmap/published_footprint topic
[lifecycle_manager-19] [INFO] [1785620151.522548193] [lifecycle_manager_navigation]: [34m[1mConfiguring bt_navigator[0m[0m
[bt_navigator-14] [INFO] [1785620151.522739264] [bt_navigator]: Configuring
[bt_navigator-14] [INFO] [1785620151.529499577] [bt_navigator]: Creating navigator id navigate_to_pose of type nav2_bt_navigator::NavigateToPoseNavigator
[bt_navigator-14] [INFO] [1785620151.590078373] [bt_navigator]: Creating navigator id navigate_through_poses of type nav2_bt_navigator::NavigateThroughPosesNavigator
[lifecycle_manager-19] [INFO] [1785620151.614056789] [lifecycle_manager_navigation]: [34m[1mConfiguring waypoint_follower[0m[0m
[waypoint_follower-15] [INFO] [1785620151.614305253] [waypoint_follower]: Configuring
[waypoint_follower-15] [INFO] [1785620151.636447772] [waypoint_follower]: Created waypoint_task_executor : wait_at_waypoint of type nav2_waypoint_follower::WaitAtWaypoint
[lifecycle_manager-19] [INFO] [1785620151.637363676] [lifecycle_manager_navigation]: [34m[1mConfiguring docking_server[0m[0m
[opennav_docking-18] [INFO] [1785620151.637748192] [docking_server]: Configuring docking_server
[opennav_docking-18] [INFO] [1785620151.637795816] [docking_server]: Controller frequency set to 50.0000Hz
[opennav_docking-18] [INFO] [1785620151.664592340] [docking_server]: Created charging dock plugin simple_charging_dock of type opennav_docking::SimpleChargingDock
[opennav_docking-18] [WARN] [1785620151.668659814] [docking_server]: Dock database filepath nor dock parameters set. Docking actions can only be executed specifying the dock pose via the action request. Or update the dock database via the reload_database service.
[opennav_docking-18] [INFO] [1785620151.668722697] [docking_server]: Docking Server has 1 dock types and 0 dock instances available.
[lifecycle_manager-19] [INFO] [1785620151.670980355] [lifecycle_manager_navigation]: [34m[1mActivating controller_server[0m[0m
[controller_server-9] [INFO] [1785620151.671173298] [controller_server]: Activating
[controller_server-9] [INFO] [1785620151.671209727] [local_costmap.local_costmap]: Activating
[controller_server-9] [INFO] [1785620151.671215690] [local_costmap.local_costmap]: Checking transform
[controller_server-9] [INFO] [1785620151.671391170] [local_costmap.local_costmap]: start
[controller_server-9] [INFO] [1785620151.922707367] [controller_server]: Activating controller: FollowPath of type regulated_pure_pursuit_controller::RegulatedPurePursuitController
[controller_server-9] [INFO] [1785620151.922759714] [controller_server]: Creating bond (controller_server) to lifecycle manager.
[lifecycle_manager-19] [INFO] [1785620152.030591891] [lifecycle_manager_navigation]: Server controller_server connected with bond.
[lifecycle_manager-19] [INFO] [1785620152.030683881] [lifecycle_manager_navigation]: [34m[1mActivating smoother_server[0m[0m
[smoother_server-10] [INFO] [1785620152.032778493] [smoother_server]: Activating
[smoother_server-10] [INFO] [1785620152.032874264] [smoother_server]: Activating smoother: constrained of type nav2_constrained_smoother::ConstrainedSmoother
[smoother_server-10] [INFO] [1785620152.032898165] [smoother_server]: Creating bond (smoother_server) to lifecycle manager.
[lifecycle_manager-19] [INFO] [1785620152.155669585] [lifecycle_manager_navigation]: Server smoother_server connected with bond.
[lifecycle_manager-19] [INFO] [1785620152.155728852] [lifecycle_manager_navigation]: [34m[1mActivating planner_server[0m[0m
[planner_server-11] [INFO] [1785620152.156121550] [planner_server]: Activating
[planner_server-11] [INFO] [1785620152.156166309] [global_costmap.global_costmap]: Activating
[planner_server-11] [INFO] [1785620152.156179409] [global_costmap.global_costmap]: Checking transform
[planner_server-11] [INFO] [1785620152.156279747] [global_costmap.global_costmap]: Timed out waiting for transform from base_link to map to become available, tf error: Lookup would require extrapolation into the past.  Requested time 1.836000 but the earliest data is at time 1.906000, when looking up transform from frame [base_link] to frame [map]
[planner_server-11] [INFO] [1785620152.656524149] [global_costmap.global_costmap]: start
[planner_server-11] [INFO] [1785620152.706807879] [planner_server]: Activating plugin Smac2D of type SmacPlanner2D
[planner_server-11] [INFO] [1785620152.706882178] [planner_server]: Activating plugin ThetaStar of type nav2_theta_star_planner
[planner_server-11] [INFO] [1785620152.706895008] [planner_server]: Activating plugin SmacHybrid of type SmacPlannerHybrid
[planner_server-11] [INFO] [1785620152.709376781] [planner_server]: Activating plugin NavFnDijkstra of type NavfnPlanner
[planner_server-11] [INFO] [1785620152.709589755] [planner_server]: Activating plugin NavFnAStar of type NavfnPlanner
[planner_server-11] [INFO] [1785620152.717936198] [planner_server]: Creating bond (planner_server) to lifecycle manager.
[batch_benchmark-5] [INFO] [1785620152.768008793] [planner_geometry_benchmark]: [1/5] NavFnAStar / southwest_northeast_weave / repetition 1
[lifecycle_manager-19] [INFO] [1785620152.836982876] [lifecycle_manager_navigation]: Server planner_server connected with bond.
[lifecycle_manager-19] [INFO] [1785620152.837033367] [lifecycle_manager_navigation]: [34m[1mActivating route_server[0m[0m
[route_server-12] [INFO] [1785620152.837354793] [route_server]: Activating
[route_server-12] [INFO] [1785620152.837486788] [route_server]: Creating bond (route_server) to lifecycle manager.
[lifecycle_manager-19] [INFO] [1785620152.943841549] [lifecycle_manager_navigation]: Server route_server connected with bond.
[lifecycle_manager-19] [INFO] [1785620152.943908342] [lifecycle_manager_navigation]: [34m[1mActivating behavior_server[0m[0m
[behavior_server-13] [INFO] [1785620152.944243867] [behavior_server]: Activating
[behavior_server-13] [INFO] [1785620152.944265418] [behavior_server]: Activating spin
[behavior_server-13] [INFO] [1785620152.944273857] [behavior_server]: Activating backup
[behavior_server-13] [INFO] [1785620152.944279243] [behavior_server]: Activating drive_on_heading
[behavior_server-13] [INFO] [1785620152.944284129] [behavior_server]: Activating assisted_teleop
[behavior_server-13] [INFO] [1785620152.944289223] [behavior_server]: Activating wait
[behavior_server-13] [INFO] [1785620152.944297518] [behavior_server]: Creating bond (behavior_server) to lifecycle manager.
[lifecycle_manager-19] [INFO] [1785620153.050337894] [lifecycle_manager_navigation]: Server behavior_server connected with bond.
[lifecycle_manager-19] [INFO] [1785620153.050382870] [lifecycle_manager_navigation]: [34m[1mActivating velocity_smoother[0m[0m
[velocity_smoother-16] [INFO] [1785620153.050698964] [velocity_smoother]: Activating
[velocity_smoother-16] [INFO] [1785620153.050745801] [velocity_smoother]: Creating bond (velocity_smoother) to lifecycle manager.
[lifecycle_manager-19] [INFO] [1785620153.157352351] [lifecycle_manager_navigation]: Server velocity_smoother connected with bond.
[lifecycle_manager-19] [INFO] [1785620153.157388658] [lifecycle_manager_navigation]: [34m[1mActivating collision_monitor[0m[0m
[collision_monitor-17] [INFO] [1785620153.157814922] [collision_monitor]: Activating
[collision_monitor-17] [INFO] [1785620153.157845138] [collision_monitor]: Creating bond (collision_monitor) to lifecycle manager.
[lifecycle_manager-19] [INFO] [1785620153.263602360] [lifecycle_manager_navigation]: Server collision_monitor connected with bond.
[lifecycle_manager-19] [INFO] [1785620153.263661160] [lifecycle_manager_navigation]: [34m[1mActivating bt_navigator[0m[0m
[bt_navigator-14] [INFO] [1785620153.264170437] [bt_navigator]: Activating
[bt_navigator-14] [INFO] [1785620153.343427008] [bt_navigator]: Creating bond (bt_navigator) to lifecycle manager.
[lifecycle_manager-19] [INFO] [1785620153.451398141] [lifecycle_manager_navigation]: Server bt_navigator connected with bond.
[lifecycle_manager-19] [INFO] [1785620153.451449217] [lifecycle_manager_navigation]: [34m[1mActivating waypoint_follower[0m[0m
[waypoint_follower-15] [INFO] [1785620153.451837160] [waypoint_follower]: Activating
[waypoint_follower-15] [INFO] [1785620153.451888364] [waypoint_follower]: Creating bond (waypoint_follower) to lifecycle manager.
[smoother_server-10] [INFO] [1785620153.548122900] [smoother_server]: Received a path to smooth.
[lifecycle_manager-19] [INFO] [1785620153.560439714] [lifecycle_manager_navigation]: Server waypoint_follower connected with bond.
[lifecycle_manager-19] [INFO] [1785620153.560492538] [lifecycle_manager_navigation]: [34m[1mActivating docking_server[0m[0m
[opennav_docking-18] [INFO] [1785620153.560937039] [docking_server]: Activating docking_server
[opennav_docking-18] [INFO] [1785620153.576141349] [docking_server]: Creating bond (docking_server) to lifecycle manager.
[lifecycle_manager-19] [INFO] [1785620153.684264458] [lifecycle_manager_navigation]: Server docking_server connected with bond.
[lifecycle_manager-19] [INFO] [1785620153.684314268] [lifecycle_manager_navigation]: [34m[1mManaged nodes are active[0m[0m
[lifecycle_manager-19] [INFO] [1785620153.684321767] [lifecycle_manager_navigation]: [34m[1mCreating bond timer...[0m[0m
[smoother_server-10] [INFO] [1785620153.805163527] [smoother_server]: Received a path to smooth.
[smoother_server-10] [INFO] [1785620154.114512934] [smoother_server]: Received a path to smooth.
[smoother_server-10] [INFO] [1785620154.414179689] [smoother_server]: Received a path to smooth.
[smoother_server-10] [INFO] [1785620154.447147418] [smoother_server]: PSTMO: 3 corners, 3 G2, 0 pivots, 0 pass-through, 60 evaluations, 0.032625 s
[batch_benchmark-5] [INFO] [1785620154.654495538] [planner_geometry_benchmark]: [2/5] NavFnDijkstra / southwest_northeast_weave / repetition 1
[smoother_server-10] [INFO] [1785620155.438776813] [smoother_server]: Received a path to smooth.
[smoother_server-10] [INFO] [1785620155.704844627] [smoother_server]: Received a path to smooth.
[smoother_server-10] [INFO] [1785620155.944139191] [smoother_server]: Received a path to smooth.
[smoother_server-10] [INFO] [1785620156.263836500] [smoother_server]: Received a path to smooth.
[smoother_server-10] [INFO] [1785620156.290414108] [smoother_server]: PSTMO: 3 corners, 3 G2, 0 pivots, 0 pass-through, 60 evaluations, 0.026335 s
[batch_benchmark-5] [INFO] [1785620156.497557881] [planner_geometry_benchmark]: [3/5] ThetaStar / southwest_northeast_weave / repetition 1
[smoother_server-10] [INFO] [1785620157.216977209] [smoother_server]: Received a path to smooth.
[smoother_server-10] [INFO] [1785620157.369252612] [smoother_server]: Received a path to smooth.
[smoother_server-10] [INFO] [1785620157.517627467] [smoother_server]: Received a path to smooth.
[smoother_server-10] [INFO] [1785620157.702300448] [smoother_server]: Received a path to smooth.
[smoother_server-10] [INFO] [1785620157.735255874] [smoother_server]: PSTMO: 4 corners, 4 G2, 0 pivots, 0 pass-through, 80 evaluations, 0.032748 s
[batch_benchmark-5] [INFO] [1785620157.902357779] [planner_geometry_benchmark]: [4/5] Smac2D / southwest_northeast_weave / repetition 1
[smoother_server-10] [INFO] [1785620158.607961333] [smoother_server]: Received a path to smooth.
[smoother_server-10] [INFO] [1785620158.767257862] [smoother_server]: Received a path to smooth.
[smoother_server-10] [INFO] [1785620158.945311222] [smoother_server]: Received a path to smooth.
[smoother_server-10] [INFO] [1785620159.117999683] [smoother_server]: Received a path to smooth.
[smoother_server-10] [INFO] [1785620159.149022081] [smoother_server]: PSTMO: 4 corners, 4 G2, 0 pivots, 0 pass-through, 80 evaluations, 0.030858 s
[batch_benchmark-5] [INFO] [1785620159.308554869] [planner_geometry_benchmark]: [5/5] SmacHybrid / southwest_northeast_weave / repetition 1
[smoother_server-10] [INFO] [1785620159.952104372] [smoother_server]: Received a path to smooth.
[smoother_server-10] [INFO] [1785620160.062225219] [smoother_server]: Received a path to smooth.
[smoother_server-10] [INFO] [1785620160.161992789] [smoother_server]: Received a path to smooth.
[smoother_server-10] [INFO] [1785620160.276018017] [smoother_server]: Received a path to smooth.
[smoother_server-10] [INFO] [1785620160.295199198] [smoother_server]: PSTMO: 4 corners, 3 G2, 0 pivots, 1 pass-through, 60 evaluations, 0.019015 s
[batch_benchmark-5] [INFO] [1785620160.435391960] [planner_geometry_benchmark]: Wrote 25 rows to /home/linh-pham/agv_nav2_research_ws_bao/results/current_pstmo_footprint_padding15_nav2_comparison_20260802/narrow_aisles.csv
[batch_benchmark-5] [INFO] [1785620160.436078015] [planner_geometry_benchmark]: Wrote aggregate summary to /home/linh-pham/agv_nav2_research_ws_bao/results/current_pstmo_footprint_padding15_nav2_comparison_20260802/narrow_aisles_summary.json
[INFO] [batch_benchmark-5]: process has finished cleanly [pid 94693]
[INFO] [lifecycle_manager-19]: sending signal 'SIGINT' to process[lifecycle_manager-19]
[INFO] [opennav_docking-18]: sending signal 'SIGINT' to process[opennav_docking-18]
[INFO] [collision_monitor-17]: sending signal 'SIGINT' to process[collision_monitor-17]
[INFO] [velocity_smoother-16]: sending signal 'SIGINT' to process[velocity_smoother-16]
[INFO] [waypoint_follower-15]: sending signal 'SIGINT' to process[waypoint_follower-15]
[INFO] [bt_navigator-14]: sending signal 'SIGINT' to process[bt_navigator-14]
[INFO] [behavior_server-13]: sending signal 'SIGINT' to process[behavior_server-13]
[INFO] [route_server-12]: sending signal 'SIGINT' to process[route_server-12]
[INFO] [planner_server-11]: sending signal 'SIGINT' to process[planner_server-11]
[INFO] [smoother_server-10]: sending signal 'SIGINT' to process[smoother_server-10]
[INFO] [controller_server-9]: sending signal 'SIGINT' to process[controller_server-9]
[INFO] [lifecycle_manager-8]: sending signal 'SIGINT' to process[lifecycle_manager-8]
[INFO] [amcl-7]: sending signal 'SIGINT' to process[amcl-7]
[INFO] [map_server-6]: sending signal 'SIGINT' to process[map_server-6]
[INFO] [robot_state_publisher-4]: sending signal 'SIGINT' to process[robot_state_publisher-4]
[INFO] [parameter_bridge-3]: sending signal 'SIGINT' to process[parameter_bridge-3]
[INFO] [gazebo-1]: sending signal 'SIGINT' to process[gazebo-1]
[lifecycle_manager-19] [INFO] [1785620160.700256766] [rclcpp]: signal_handler(SIGINT/SIGTERM)
[lifecycle_manager-19] [INFO] [1785620160.700340019] [lifecycle_manager_navigation]: Running Nav2 LifecycleManager rcl preshutdown (lifecycle_manager_navigation)
[lifecycle_manager-19] [INFO] [1785620160.700371912] [lifecycle_manager_navigation]: [34m[1mTerminating bond timer...[0m[0m
[opennav_docking-18] [INFO] [1785620160.703129609] [rclcpp]: signal_handler(SIGINT/SIGTERM)
[opennav_docking-18] [INFO] [1785620160.703232188] [docking_server]: Running Nav2 LifecycleNode rcl preshutdown (docking_server)
[opennav_docking-18] [INFO] [1785620160.703287651] [docking_server]: Deactivating docking_server
[collision_monitor-17] [INFO] [1785620160.708954493] [rclcpp]: signal_handler(SIGINT/SIGTERM)
[collision_monitor-17] [INFO] [1785620160.709063409] [collision_monitor]: Running Nav2 LifecycleNode rcl preshutdown (collision_monitor)
[collision_monitor-17] [INFO] [1785620160.709124697] [collision_monitor]: Deactivating
[collision_monitor-17] [INFO] [1785620160.709153436] [collision_monitor]: Destroying bond (collision_monitor) to lifecycle manager.
[velocity_smoother-16] [INFO] [1785620160.712017859] [rclcpp]: signal_handler(SIGINT/SIGTERM)
[velocity_smoother-16] [INFO] [1785620160.712161651] [velocity_smoother]: Running Nav2 LifecycleNode rcl preshutdown (velocity_smoother)
[velocity_smoother-16] [INFO] [1785620160.712264160] [velocity_smoother]: Deactivating
[velocity_smoother-16] [INFO] [1785620160.712302053] [velocity_smoother]: Destroying bond (velocity_smoother) to lifecycle manager.
[waypoint_follower-15] [INFO] [1785620160.715418954] [rclcpp]: signal_handler(SIGINT/SIGTERM)
[waypoint_follower-15] [INFO] [1785620160.715525431] [waypoint_follower]: Running Nav2 LifecycleNode rcl preshutdown (waypoint_follower)
[waypoint_follower-15] [INFO] [1785620160.715584408] [waypoint_follower]: Deactivating
[waypoint_follower-15] [INFO] [1785620160.715606329] [waypoint_follower]: Destroying bond (waypoint_follower) to lifecycle manager.
[opennav_docking-18] [INFO] [1785620160.718462555] [docking_server]: Destroying bond (docking_server) to lifecycle manager.
[bt_navigator-14] [INFO] [1785620160.718518107] [rclcpp]: signal_handler(SIGINT/SIGTERM)
[bt_navigator-14] [INFO] [1785620160.718624189] [bt_navigator]: Running Nav2 LifecycleNode rcl preshutdown (bt_navigator)
[bt_navigator-14] [INFO] [1785620160.718685735] [bt_navigator]: Deactivating
[bt_navigator-14] [INFO] [1785620160.718710629] [bt_navigator]: Destroying bond (bt_navigator) to lifecycle manager.
[collision_monitor-17] [INFO] [1785620160.719496749] [collision_monitor]: Cleaning up
[collision_monitor-17] [INFO] [1785620160.719537463] [collision_monitor]: [FootprintApproach]: Destroying Polygon
[collision_monitor-17] [INFO] [1785620160.719548741] [collision_monitor]: [scan]: Destroying Scan
[behavior_server-13] [INFO] [1785620160.721518205] [rclcpp]: signal_handler(SIGINT/SIGTERM)
[behavior_server-13] [INFO] [1785620160.721646619] [behavior_server]: Running Nav2 LifecycleNode rcl preshutdown (behavior_server)
[behavior_server-13] [INFO] [1785620160.721720984] [behavior_server]: Deactivating
[behavior_server-13] [INFO] [1785620160.721757337] [behavior_server]: Destroying bond (behavior_server) to lifecycle manager.
[velocity_smoother-16] [INFO] [1785620160.723038291] [velocity_smoother]: Cleaning up
[velocity_smoother-16] [INFO] [1785620160.723092961] [velocity_smoother]: Destroying bond (velocity_smoother) to lifecycle manager.
[collision_monitor-17] [INFO] [1785620160.724372790] [collision_monitor]: Destroying bond (collision_monitor) to lifecycle manager.
[route_server-12] [INFO] [1785620160.724432773] [rclcpp]: signal_handler(SIGINT/SIGTERM)
[route_server-12] [INFO] [1785620160.724524921] [route_server]: Running Nav2 LifecycleNode rcl preshutdown (route_server)
[route_server-12] [INFO] [1785620160.724572564] [route_server]: Deactivating
[route_server-12] [INFO] [1785620160.724588797] [route_server]: Destroying bond (route_server) to lifecycle manager.
[waypoint_follower-15] [INFO] [1785620160.726856421] [waypoint_follower]: Cleaning up
[planner_server-11] [INFO] [1785620160.727004691] [rclcpp]: signal_handler(SIGINT/SIGTERM)
[planner_server-11] [INFO] [1785620160.727064655] [planner_server]: Running Nav2 LifecycleNode rcl preshutdown (planner_server)
[planner_server-11] [INFO] [1785620160.727119067] [planner_server]: Deactivating
[planner_server-11] [INFO] [1785620160.727153090] [global_costmap.global_costmap]: Deactivating
[smoother_server-10] [INFO] [1785620160.729351482] [rclcpp]: signal_handler(SIGINT/SIGTERM)
[smoother_server-10] [INFO] [1785620160.729441020] [smoother_server]: Running Nav2 LifecycleNode rcl preshutdown (smoother_server)
[smoother_server-10] [INFO] [1785620160.729496314] [smoother_server]: Deactivating
[smoother_server-10] [INFO] [1785620160.729523287] [smoother_server]: Deactivating smoother: constrained of type nav2_constrained_smoother::ConstrainedSmoother
[smoother_server-10] [INFO] [1785620160.729535687] [smoother_server]: Destroying bond (smoother_server) to lifecycle manager.
[opennav_docking-18] [INFO] [1785620160.729423994] [docking_server]: Cleaning up docking_server
[bt_navigator-14] [INFO] [1785620160.729595834] [bt_navigator]: Cleaning up
[controller_server-9] [INFO] [1785620160.731730342] [rclcpp]: signal_handler(SIGINT/SIGTERM)
[controller_server-9] [INFO] [1785620160.731839591] [controller_server]: Running Nav2 LifecycleNode rcl preshutdown (controller_server)
[controller_server-9] [INFO] [1785620160.731904106] [controller_server]: Deactivating
[controller_server-9] [INFO] [1785620160.731918092] [controller_server]: Deactivating controller: FollowPath of type regulated_pure_pursuit_controller::RegulatedPurePursuitController
[controller_server-9] [INFO] [1785620160.731937211] [local_costmap.local_costmap]: Deactivating
[behavior_server-13] [INFO] [1785620160.732136500] [behavior_server]: Cleaning up
[lifecycle_manager-8] [INFO] [1785620160.734211805] [rclcpp]: signal_handler(SIGINT/SIGTERM)
[lifecycle_manager-8] [INFO] [1785620160.734417406] [lifecycle_manager_localization]: Running Nav2 LifecycleManager rcl preshutdown (lifecycle_manager_localization)
[lifecycle_manager-8] [INFO] [1785620160.734455309] [lifecycle_manager_localization]: [34m[1mTerminating bond timer...[0m[0m
[route_server-12] [INFO] [1785620160.736449480] [route_server]: Cleaning up
[velocity_smoother-16] [INFO] [1785620160.736955226] [velocity_smoother]: Destroying
[amcl-7] [INFO] [1785620160.739044915] [rclcpp]: signal_handler(SIGINT/SIGTERM)
[amcl-7] [INFO] [1785620160.739195812] [amcl]: Running Nav2 LifecycleNode rcl preshutdown (amcl)
[amcl-7] [INFO] [1785620160.739269203] [amcl]: Deactivating
[amcl-7] [INFO] [1785620160.739296790] [amcl]: Destroying bond (amcl) to lifecycle manager.
[map_server-6] [INFO] [1785620160.740046875] [rclcpp]: signal_handler(SIGINT/SIGTERM)
[smoother_server-10] [INFO] [1785620160.740098091] [smoother_server]: Cleaning up
[map_server-6] [INFO] [1785620160.740442404] [map_server]: Running Nav2 LifecycleNode rcl preshutdown (map_server)
[map_server-6] [INFO] [1785620160.740518628] [map_server]: Deactivating
[map_server-6] [INFO] [1785620160.740536888] [map_server]: Destroying bond (map_server) to lifecycle manager.
[collision_monitor-17] [INFO] [1785620160.741395670] [collision_monitor]: Destroying
[robot_state_publisher-4] [INFO] [1785620160.741981559] [rclcpp]: signal_handler(SIGINT/SIGTERM)
[smoother_server-10] [INFO] [1785620160.742523954] [smoother_server]: Cleaning up smoother: constrained of type nav2_constrained_smoother::ConstrainedSmoother
[parameter_bridge-3] [INFO] [1785620160.744146820] [rclcpp]: signal_handler(SIGINT/SIGTERM)
[behavior_server-13] [INFO] [1785620160.745969833] [behavior_server]: Destroying bond (behavior_server) to lifecycle manager.
[amcl-7] [INFO] [1785620160.750982067] [amcl]: Cleaning up
[map_server-6] [INFO] [1785620160.752183012] [map_server]: Cleaning up
[map_server-6] [INFO] [1785620160.752243380] [map_server]: Destroying bond (map_server) to lifecycle manager.
[opennav_docking-18] [INFO] [1785620160.754418951] [docking_server]: Destroying bond (docking_server) to lifecycle manager.
[smoother_server-10] [INFO] [1785620160.754997360] [smoother_server]: Destroying bond (smoother_server) to lifecycle manager.
[smoother_server-10] [INFO] [1785620160.759504247] [smoother_server]: Destroying
[map_server-6] [INFO] [1785620160.761956957] [map_server]: Destroying
[amcl-7] [INFO] [1785620160.762150573] [amcl]: Destroying bond (amcl) to lifecycle manager.
[waypoint_follower-15] [INFO] [1785620160.766057364] [waypoint_follower]: Destroying bond (waypoint_follower) to lifecycle manager.
[waypoint_follower-15] [INFO] [1785620160.770795676] [waypoint_follower]: Destroying
[route_server-12] [INFO] [1785620160.776963514] [route_server]: Destroying bond (route_server) to lifecycle manager.
[lifecycle_manager-8] [INFO] [1785620160.780409327] [lifecycle_manager_localization]: Destroying lifecycle_manager_localization
[route_server-12] [INFO] [1785620160.781535620] [route_server]: Destroying
[amcl-7] [INFO] [1785620160.785381525] [amcl]: Destroying
[opennav_docking-18] [INFO] [1785620160.792574454] [docking_server]: Destroying
[behavior_server-13] [INFO] [1785620160.804454097] [behavior_server]: Destroying
[bt_navigator-14] [INFO] [1785620160.836787693] [bt_navigator]: Completed Cleaning up
[bt_navigator-14] [INFO] [1785620160.836828908] [bt_navigator]: Destroying bond (bt_navigator) to lifecycle manager.
[bt_navigator-14] [INFO] [1785620160.840872714] [bt_navigator]: Destroying
[lifecycle_manager-19] [INFO] [1785620160.852718167] [lifecycle_manager_navigation]: Destroying lifecycle_manager_navigation
[controller_server-9] [INFO] [1785620160.871701688] [controller_server]: Destroying bond (controller_server) to lifecycle manager.
[INFO] [parameter_bridge-3]: process has finished cleanly [pid 94690]
[INFO] [collision_monitor-17]: process has finished cleanly [pid 94927]
[INFO] [velocity_smoother-16]: process has finished cleanly [pid 94926]
[controller_server-9] [INFO] [1785620160.881977404] [controller_server]: Cleaning up
[controller_server-9] [INFO] [1785620160.882039685] [controller_server]: Cleaning up controller: FollowPath of type regulated_pure_pursuit_controller::RegulatedPurePursuitController
[controller_server-9] [INFO] [1785620160.882078536] [local_costmap.local_costmap]: Cleaning up
[controller_server-9] [INFO] [1785620160.888525897] [controller_server]: Destroying bond (controller_server) to lifecycle manager.
[controller_server-9] [INFO] [1785620160.891523461] [local_costmap.local_costmap]: Destroying
[controller_server-9] [INFO] [1785620160.894280487] [controller_server]: Destroying
[INFO] [waypoint_follower-15]: process has finished cleanly [pid 94925]
[INFO] [map_server-6]: process has finished cleanly [pid 94916]
[INFO] [smoother_server-10]: process has finished cleanly [pid 94920]
[INFO] [robot_state_publisher-4]: process has finished cleanly [pid 94692]
[INFO] [route_server-12]: process has finished cleanly [pid 94922]
[INFO] [lifecycle_manager-8]: process has finished cleanly [pid 94918]
[INFO] [amcl-7]: process has finished cleanly [pid 94917]
[INFO] [opennav_docking-18]: process has finished cleanly [pid 94930]
[INFO] [behavior_server-13]: process has finished cleanly [pid 94923]
[INFO] [bt_navigator-14]: process has finished cleanly [pid 94924]
[INFO] [lifecycle_manager-19]: process has finished cleanly [pid 94937]
[INFO] [controller_server-9]: process has finished cleanly [pid 94919]
[planner_server-11] [INFO] [1785620161.656957511] [planner_server]: Deactivating plugin Smac2D of type SmacPlanner2D
[planner_server-11] [INFO] [1785620161.657055000] [planner_server]: Deactivating plugin ThetaStar of type nav2_theta_star_planner
[planner_server-11] [INFO] [1785620161.657086471] [planner_server]: Deactivating plugin SmacHybrid of type SmacPlannerHybrid
[planner_server-11] [INFO] [1785620161.657112787] [planner_server]: Deactivating plugin NavFnDijkstra of type NavfnPlanner
[planner_server-11] [INFO] [1785620161.657136389] [planner_server]: Deactivating plugin NavFnAStar of type NavfnPlanner
[planner_server-11] [INFO] [1785620161.657170604] [planner_server]: Destroying bond (planner_server) to lifecycle manager.
[planner_server-11] [INFO] [1785620161.667495064] [planner_server]: Cleaning up
[planner_server-11] [INFO] [1785620161.678040138] [global_costmap.global_costmap]: Cleaning up
[planner_server-11] [INFO] [1785620161.683402382] [planner_server]: Cleaning up plugin Smac2D of type SmacPlanner2D
[planner_server-11] [INFO] [1785620161.684556057] [planner_server]: CleaningUp plugin ThetaStar of type nav2_theta_star_planner
[planner_server-11] [INFO] [1785620161.684699830] [planner_server]: Cleaning up plugin SmacHybrid of type SmacPlannerHybrid
[planner_server-11] [INFO] [1785620161.686305601] [planner_server]: Cleaning up plugin NavFnDijkstra of type NavfnPlanner
[planner_server-11] [INFO] [1785620161.686851621] [planner_server]: Cleaning up plugin NavFnAStar of type NavfnPlanner
[planner_server-11] [INFO] [1785620161.686906988] [planner_server]: Destroying plugin Smac2D of type SmacPlanner2D
[planner_server-11] [INFO] [1785620161.686942249] [planner_server]: Destroying plugin SmacHybrid of type SmacPlannerHybrid
[planner_server-11] [INFO] [1785620161.686971331] [planner_server]: Destroying plugin NavFnDijkstra of type NavfnPlanner
[planner_server-11] [INFO] [1785620161.686985475] [planner_server]: Destroying plugin NavFnAStar of type NavfnPlanner
[planner_server-11] [INFO] [1785620161.694746655] [planner_server]: Destroying bond (planner_server) to lifecycle manager.
[planner_server-11] [INFO] [1785620161.699762000] [global_costmap.global_costmap]: Destroying
[planner_server-11] [INFO] [1785620161.702984056] [planner_server]: Destroying
[INFO] [planner_server-11]: process has finished cleanly [pid 94921]
[ERROR] [gazebo-1]: process[gazebo-1] failed to terminate '5' seconds after receiving 'SIGINT', escalating to 'SIGTERM'
[INFO] [gazebo-1]: sending signal 'SIGTERM' to process[gazebo-1]
[ERROR] [gazebo-1]: process has died [pid 94688, exit code -15, cmd 'ruby /opt/ros/jazzy/opt/gz_tools_vendor/bin/gz sim -r -s -v 3 --initial-sim-time 0.0 /home/linh-pham/agv_nav2_research_ws_bao/install/vacuum_robot_gazebo/share/vacuum_robot_gazebo/worlds/narrow_aisles.sdf --force-version 8'].
