[INFO] [launch]: All log files can be found below /home/linh-pham/.ros/log/2026-08-02-04-36-52-719427-linh-pham-LOQ-15IAX9-97447
[INFO] [launch]: Default logging verbosity is set to INFO
[INFO] [gazebo-1]: process started with pid [97479]
[INFO] [create-2]: process started with pid [97480]
[INFO] [parameter_bridge-3]: process started with pid [97481]
[INFO] [robot_state_publisher-4]: process started with pid [97483]
[INFO] [batch_benchmark-5]: process started with pid [97484]
[robot_state_publisher-4] [INFO] [1785620213.277451921] [robot_state_publisher]: Robot initialized
[gazebo-1] [1;32m[Msg] [0m[1;32mGazebo Sim Server v[0m[1;32m8.11.0[0m[1;32m[0m
[gazebo-1] [1;32m[Msg] [0m[1;32mLoading SDF world file[[0m[1;32m/home/linh-pham/agv_nav2_research_ws_bao/install/vacuum_robot_gazebo/share/vacuum_robot_gazebo/worlds/warehouse_dispatch.sdf[0m[1;32m].[0m
[gazebo-1] [1;32m[Msg] [0m[1;32mServing entity system service on [[0m[1;32m/[0m[1;32mentity/system/add[0m[1;32m][0m[1;32m[0m
[gazebo-1] [1;32m[Msg] [0m[1;32mCreate[0m[1;32m service on [[0m[1;32m/world/warehouse_dispatch/create_multiple[0m[1;32m] (async)[0m[1;32m[0m
[gazebo-1] [1;32m[Msg] [0m[1;32mCreate[0m[1;32m service on [[0m[1;32m/world/warehouse_dispatch/create_multiple/blocking[0m[1;32m] (blocking)[0m[1;32m[0m
[gazebo-1] [1;32m[Msg] [0m[1;32mRemove[0m[1;32m service on [[0m[1;32m/world/warehouse_dispatch/remove[0m[1;32m] (async)[0m[1;32m[0m
[gazebo-1] [1;32m[Msg] [0m[1;32mRemove[0m[1;32m service on [[0m[1;32m/world/warehouse_dispatch/remove/blocking[0m[1;32m] (blocking)[0m[1;32m[0m
[gazebo-1] [1;32m[Msg] [0m[1;32mPose[0m[1;32m service on [[0m[1;32m/world/warehouse_dispatch/set_pose[0m[1;32m] (async)[0m[1;32m[0m
[gazebo-1] [1;32m[Msg] [0m[1;32mPose[0m[1;32m service on [[0m[1;32m/world/warehouse_dispatch/set_pose/blocking[0m[1;32m] (blocking)[0m[1;32m[0m
[gazebo-1] [1;32m[Msg] [0m[1;32mPose[0m[1;32m service on [[0m[1;32m/world/warehouse_dispatch/set_pose_vector[0m[1;32m] (async)[0m[1;32m[0m
[gazebo-1] [1;32m[Msg] [0m[1;32mPose[0m[1;32m service on [[0m[1;32m/world/warehouse_dispatch/set_pose_vector/blocking[0m[1;32m] (blocking)[0m[1;32m[0m
[gazebo-1] [1;32m[Msg] [0m[1;32mLight configuration[0m[1;32m service on [[0m[1;32m/world/warehouse_dispatch/light_config[0m[1;32m] (async)[0m[1;32m[0m
[gazebo-1] [1;32m[Msg] [0m[1;32mLight configuration[0m[1;32m service on [[0m[1;32m/world/warehouse_dispatch/light_config/blocking[0m[1;32m] (blocking)[0m[1;32m[0m
[gazebo-1] [1;32m[Msg] [0m[1;32mPhysics[0m[1;32m service on [[0m[1;32m/world/warehouse_dispatch/set_physics[0m[1;32m] (async)[0m[1;32m[0m
[gazebo-1] [1;32m[Msg] [0m[1;32mPhysics[0m[1;32m service on [[0m[1;32m/world/warehouse_dispatch/set_physics/blocking[0m[1;32m] (blocking)[0m[1;32m[0m
[gazebo-1] [1;32m[Msg] [0m[1;32mSphericalCoordinates[0m[1;32m service on [[0m[1;32m/world/warehouse_dispatch/set_spherical_coordinates[0m[1;32m] (async)[0m[1;32m[0m
[gazebo-1] [1;32m[Msg] [0m[1;32mSphericalCoordinates[0m[1;32m service on [[0m[1;32m/world/warehouse_dispatch/set_spherical_coordinates/blocking[0m[1;32m] (blocking)[0m[1;32m[0m
[gazebo-1] [1;32m[Msg] [0m[1;32mEnable collision[0m[1;32m service on [[0m[1;32m/world/warehouse_dispatch/enable_collision[0m[1;32m] (async)[0m[1;32m[0m
[gazebo-1] [1;32m[Msg] [0m[1;32mEnable collision[0m[1;32m service on [[0m[1;32m/world/warehouse_dispatch/enable_collision/blocking[0m[1;32m] (blocking)[0m[1;32m[0m
[gazebo-1] [1;32m[Msg] [0m[1;32mDisable collision[0m[1;32m service on [[0m[1;32m/world/warehouse_dispatch/disable_collision[0m[1;32m] (async)[0m[1;32m[0m
[gazebo-1] [1;32m[Msg] [0m[1;32mDisable collision[0m[1;32m service on [[0m[1;32m/world/warehouse_dispatch/disable_collision/blocking[0m[1;32m] (blocking)[0m[1;32m[0m
[gazebo-1] [1;32m[Msg] [0m[1;32mMaterial[0m[1;32m service on [[0m[1;32m/world/warehouse_dispatch/visual_config[0m[1;32m] (async)[0m[1;32m[0m
[gazebo-1] [1;32m[Msg] [0m[1;32mMaterial[0m[1;32m service on [[0m[1;32m/world/warehouse_dispatch/visual_config/blocking[0m[1;32m] (blocking)[0m[1;32m[0m
[gazebo-1] [1;32m[Msg] [0m[1;32mMaterial[0m[1;32m service on [[0m[1;32m/world/warehouse_dispatch/wheel_slip[0m[1;32m] (async)[0m[1;32m[0m
[gazebo-1] [1;32m[Msg] [0m[1;32mMaterial[0m[1;32m service on [[0m[1;32m/world/warehouse_dispatch/wheel_slip/blocking[0m[1;32m] (blocking)[0m[1;32m[0m
[gazebo-1] [1;32m[Msg] [0m[1;32mLoaded level [[0m[1;32mdefault[0m[1;32m][0m[1;32m[0m
[gazebo-1] [1;32m[Msg] [0m[1;32mServing world controls on [[0m[1;32m/world/warehouse_dispatch[0m[1;32m/control], [[0m[1;32m/world/warehouse_dispatch[0m[1;32m/control/state] and [[0m[1;32m/world/warehouse_dispatch[0m[1;32m/playback/control][0m[1;32m[0m
[create-2] [INFO] [1785620213.739648455] [spawn_vacuum_robot]: Entity creation successful.
[INFO] [create-2]: process has finished cleanly [pid 97480]
[parameter_bridge-3] [INFO] [1785620214.323451766] [ros_gz_bridge]: Creating GZ->ROS Bridge: [/clock (gz.msgs.Clock) -> /clock (rosgraph_msgs/msg/Clock)] (Lazy 0)
[parameter_bridge-3] [INFO] [1785620214.325957065] [ros_gz_bridge]: Creating GZ->ROS Bridge: [/joint_states (gz.msgs.Model) -> /joint_states (sensor_msgs/msg/JointState)] (Lazy 0)
[parameter_bridge-3] [INFO] [1785620214.331412604] [ros_gz_bridge]: Creating GZ->ROS Bridge: [/odom (gz.msgs.Odometry) -> /odom (nav_msgs/msg/Odometry)] (Lazy 0)
[parameter_bridge-3] [INFO] [1785620214.335126726] [ros_gz_bridge]: Creating GZ->ROS Bridge: [/tf (gz.msgs.Pose_V) -> /tf (tf2_msgs/msg/TFMessage)] (Lazy 0)
[parameter_bridge-3] [INFO] [1785620214.337104725] [ros_gz_bridge]: Creating GZ->ROS Bridge: [/scan (gz.msgs.LaserScan) -> /scan (sensor_msgs/msg/LaserScan)] (Lazy 0)
[parameter_bridge-3] [INFO] [1785620214.338482644] [ros_gz_bridge]: Creating GZ->ROS Bridge: [/imu/data (gz.msgs.IMU) -> /imu/data (sensor_msgs/msg/Imu)] (Lazy 0)
[parameter_bridge-3] [INFO] [1785620214.340389218] [ros_gz_bridge]: Creating ROS->GZ Bridge: [/cmd_vel (geometry_msgs/msg/Twist) -> /cmd_vel (gz.msgs.Twist)] (Lazy 0)
[parameter_bridge-3] [INFO] [1785620214.341456345] [ros_gz_bridge]: Creating GZ->ROS Bridge: [/ground_truth/odom (gz.msgs.Odometry) -> /ground_truth/odom (nav_msgs/msg/Odometry)] (Lazy 0)
[gazebo-1] [1;32m[Msg] [0m[1;32mServing GUI information on [[0m[1;32m/world/warehouse_dispatch[0m[1;32m/[0m[1;32mgui/info[0m[1;32m][0m[1;32m[0m
[gazebo-1] [1;32m[Msg] [0m[1;32mWorld [[0m[1;32mwarehouse_dispatch[0m[1;32m] initialized with [[0m[1;32mresearch_physics[0m[1;32m] physics profile.[0m[1;32m[0m
[gazebo-1] [1;32m[Msg] [0m[1;32mServing world SDF generation service on [[0m[1;32m/world/warehouse_dispatch[0m[1;32m/[0m[1;32mgenerate_world_sdf[0m[1;32m][0m[1;32m[0m
[gazebo-1] [1;32m[Msg] [0m[1;32mServing world names on [[0m[1;32m/gazebo/worlds[0m[1;32m][0m[1;32m[0m
[gazebo-1] [1;32m[Msg] [0m[1;32mResource path add service on [[0m[1;32m/gazebo/resource_paths/add[0m[1;32m].[0m[1;32m[0m
[gazebo-1] [1;32m[Msg] [0m[1;32mResource path get service on [[0m[1;32m/gazebo/resource_paths/get[0m[1;32m].[0m[1;32m[0m
[gazebo-1] [1;32m[Msg] [0m[1;32mResource path resolve service on [[0m[1;32m/gazebo/resource_paths/resolve[0m[1;32m].[0m[1;32m[0m
[gazebo-1] [1;32m[Msg] [0m[1;32mResource paths published on [[0m[1;32m/gazebo/resource_paths[0m[1;32m].[0m[1;32m[0m
[gazebo-1] [1;32m[Msg] [0m[1;32mServer control service on [[0m[1;32m/server_control[0m[1;32m].[0m[1;32m[0m
[gazebo-1] [1;32m[Msg] [0m[1;32mFound no publishers on /stats, adding root stats topic[0m[1;32m[0m
[gazebo-1] [1;32m[Msg] [0m[1;32mFound no publishers on /clock, adding root clock topic[0m[1;32m[0m
[gazebo-1] [1;33mWarning [Utils.cc:132][0m [/sdf/model[@name="vacuum_robot"]/link[@name="base_link"]/sensor[@name="rplidar_a1m8"]/gz_frame_id:/home/linh-pham/agv_nav2_research_ws_bao/install/vacuum_robot_gazebo/share/vacuum_robot_gazebo/models/vacuum_robot/model.sdf:L107]: XML Element[gz_frame_id], child of element[sensor], not defined in SDF. Copying[gz_frame_id] as children of [sensor].
[gazebo-1] [1;33mWarning [Utils.cc:132][0m [/sdf/model[@name="vacuum_robot"]/link[@name="base_link"]/sensor[@name="bno055_imu"]/gz_frame_id:/home/linh-pham/agv_nav2_research_ws_bao/install/vacuum_robot_gazebo/share/vacuum_robot_gazebo/models/vacuum_robot/model.sdf:L128]: XML Element[gz_frame_id], child of element[sensor], not defined in SDF. Copying[gz_frame_id] as children of [sensor].
[gazebo-1] libEGL warning: pci id for fd 65: 10de:25ec, driver (null)
[gazebo-1] 
[gazebo-1] pci id for fd 66: 10de:25ec, driver (null)
[gazebo-1] pci id for fd 67: 10de:25ec, driver (null)
[gazebo-1] libEGL warning: egl: failed to create dri2 screen
[gazebo-1] libEGL warning: pci id for fd 65: 10de:25ec, driver (null)
[gazebo-1] 
[gazebo-1] pci id for fd 66: 10de:25ec, driver (null)
[gazebo-1] pci id for fd 67: 10de:25ec, driver (null)
[gazebo-1] libEGL warning: egl: failed to create dri2 screen
[gazebo-1] libEGL warning: pci id for fd 65: 10de:25ec, driver (null)
[gazebo-1] 
[INFO] [map_server-6]: process started with pid [97678]
[INFO] [amcl-7]: process started with pid [97679]
[INFO] [lifecycle_manager-8]: process started with pid [97680]
[INFO] [controller_server-9]: process started with pid [97681]
[INFO] [smoother_server-10]: process started with pid [97682]
[INFO] [planner_server-11]: process started with pid [97683]
[INFO] [route_server-12]: process started with pid [97684]
[INFO] [behavior_server-13]: process started with pid [97685]
[INFO] [bt_navigator-14]: process started with pid [97686]
[INFO] [waypoint_follower-15]: process started with pid [97687]
[INFO] [velocity_smoother-16]: process started with pid [97690]
[INFO] [collision_monitor-17]: process started with pid [97691]
[INFO] [opennav_docking-18]: process started with pid [97692]
[INFO] [lifecycle_manager-19]: process started with pid [97693]
[lifecycle_manager-8] [INFO] [1785620216.270625822] [lifecycle_manager_localization]: Creating
[lifecycle_manager-8] [INFO] [1785620216.278644441] [lifecycle_manager_localization]: [34m[1mCreating and initializing lifecycle service clients[0m[0m
[bt_navigator-14] [INFO] [1785620216.283937593] [bt_navigator]: 
[bt_navigator-14] 	bt_navigator lifecycle node launched. 
[bt_navigator-14] 	Waiting on external lifecycle transitions to activate
[bt_navigator-14] 	See https://design.ros2.org/articles/node_lifecycle.html for more information.
[bt_navigator-14] [INFO] [1785620216.285339399] [bt_navigator]: Creating
[lifecycle_manager-19] [INFO] [1785620216.313164993] [lifecycle_manager_navigation]: Creating
[amcl-7] [INFO] [1785620216.317036975] [amcl]: 
[amcl-7] 	amcl lifecycle node launched. 
[amcl-7] 	Waiting on external lifecycle transitions to activate
[amcl-7] 	See https://design.ros2.org/articles/node_lifecycle.html for more information.
[amcl-7] [INFO] [1785620216.318557654] [amcl]: Creating
[planner_server-11] [INFO] [1785620216.325266061] [planner_server]: 
[planner_server-11] 	planner_server lifecycle node launched. 
[planner_server-11] 	Waiting on external lifecycle transitions to activate
[planner_server-11] 	See https://design.ros2.org/articles/node_lifecycle.html for more information.
[planner_server-11] [INFO] [1785620216.327986038] [planner_server]: Creating
[route_server-12] [INFO] [1785620216.329665736] [route_server]: 
[lifecycle_manager-19] [INFO] [1785620216.329855285] [lifecycle_manager_navigation]: [34m[1mCreating and initializing lifecycle service clients[0m[0m
[route_server-12] 	route_server lifecycle node launched. 
[route_server-12] 	Waiting on external lifecycle transitions to activate
[route_server-12] 	See https://design.ros2.org/articles/node_lifecycle.html for more information.
[controller_server-9] [INFO] [1785620216.337795883] [controller_server]: 
[controller_server-9] 	controller_server lifecycle node launched. 
[controller_server-9] 	Waiting on external lifecycle transitions to activate
[controller_server-9] 	See https://design.ros2.org/articles/node_lifecycle.html for more information.
[smoother_server-10] [INFO] [1785620216.339822761] [smoother_server]: 
[smoother_server-10] 	smoother_server lifecycle node launched. 
[smoother_server-10] 	Waiting on external lifecycle transitions to activate
[smoother_server-10] 	See https://design.ros2.org/articles/node_lifecycle.html for more information.
[behavior_server-13] [INFO] [1785620216.340329303] [behavior_server]: 
[behavior_server-13] 	behavior_server lifecycle node launched. 
[behavior_server-13] 	Waiting on external lifecycle transitions to activate
[behavior_server-13] 	See https://design.ros2.org/articles/node_lifecycle.html for more information.
[smoother_server-10] [INFO] [1785620216.340851597] [smoother_server]: Creating smoother server
[controller_server-9] [INFO] [1785620216.343510105] [controller_server]: Creating controller server
[planner_server-11] [INFO] [1785620216.353245809] [global_costmap.global_costmap]: 
[planner_server-11] 	global_costmap lifecycle node launched. 
[planner_server-11] 	Waiting on external lifecycle transitions to activate
[planner_server-11] 	See https://design.ros2.org/articles/node_lifecycle.html for more information.
[planner_server-11] [INFO] [1785620216.353534977] [global_costmap.global_costmap]: Creating Costmap
[map_server-6] [INFO] [1785620216.355388518] [map_server]: 
[map_server-6] 	map_server lifecycle node launched. 
[map_server-6] 	Waiting on external lifecycle transitions to activate
[map_server-6] 	See https://design.ros2.org/articles/node_lifecycle.html for more information.
[map_server-6] [INFO] [1785620216.355494573] [map_server]: Creating
[collision_monitor-17] [INFO] [1785620216.360813757] [collision_monitor]: 
[collision_monitor-17] 	collision_monitor lifecycle node launched. 
[collision_monitor-17] 	Waiting on external lifecycle transitions to activate
[collision_monitor-17] 	See https://design.ros2.org/articles/node_lifecycle.html for more information.
[controller_server-9] [INFO] [1785620216.373286314] [local_costmap.local_costmap]: 
[controller_server-9] 	local_costmap lifecycle node launched. 
[controller_server-9] 	Waiting on external lifecycle transitions to activate
[controller_server-9] 	See https://design.ros2.org/articles/node_lifecycle.html for more information.
[controller_server-9] [INFO] [1785620216.374849971] [local_costmap.local_costmap]: Creating Costmap
[velocity_smoother-16] [INFO] [1785620216.672440782] [velocity_smoother]: 
[velocity_smoother-16] 	velocity_smoother lifecycle node launched. 
[velocity_smoother-16] 	Waiting on external lifecycle transitions to activate
[velocity_smoother-16] 	See https://design.ros2.org/articles/node_lifecycle.html for more information.
[lifecycle_manager-8] [INFO] [1785620216.734353226] [lifecycle_manager_localization]: [34m[1mStarting managed nodes bringup...[0m[0m
[lifecycle_manager-8] [INFO] [1785620216.735124448] [lifecycle_manager_localization]: [34m[1mConfiguring map_server[0m[0m
[map_server-6] [INFO] [1785620216.736782345] [map_server]: Configuring
[map_server-6] [INFO] [1785620216.738229298] [map_io]: Loading yaml file: /home/linh-pham/agv_nav2_research_ws_bao/install/vacuum_robot_gazebo/share/vacuum_robot_gazebo/maps/warehouse_dispatch.yaml
[map_server-6] [INFO] [1785620216.740293306] [map_io]: resolution: 0.05
[map_server-6] [INFO] [1785620216.740341540] [map_io]: origin[0]: -6
[map_server-6] [INFO] [1785620216.740377993] [map_io]: origin[1]: -4
[map_server-6] [INFO] [1785620216.740391937] [map_io]: origin[2]: 0
[map_server-6] [INFO] [1785620216.740406230] [map_io]: free_thresh: 0.25
[map_server-6] [INFO] [1785620216.740420074] [map_io]: occupied_thresh: 0.65
[map_server-6] [INFO] [1785620216.740436676] [map_io]: mode: trinary
[map_server-6] [INFO] [1785620216.740453150] [map_io]: negate: 0
[map_server-6] [INFO] [1785620216.741907514] [map_io]: Loading image_file: /home/linh-pham/agv_nav2_research_ws_bao/install/vacuum_robot_gazebo/share/vacuum_robot_gazebo/maps/warehouse_dispatch.pgm
[map_server-6] [INFO] [1785620216.746496413] [map_io]: Read map /home/linh-pham/agv_nav2_research_ws_bao/install/vacuum_robot_gazebo/share/vacuum_robot_gazebo/maps/warehouse_dispatch.pgm: 240 X 160 map @ 0.05 m/cell
[lifecycle_manager-8] [INFO] [1785620216.787798597] [lifecycle_manager_localization]: [34m[1mConfiguring amcl[0m[0m
[amcl-7] [INFO] [1785620216.788084569] [amcl]: Configuring
[amcl-7] [INFO] [1785620216.788196427] [amcl]: initTransforms
[opennav_docking-18] [INFO] [1785620216.797709599] [docking_server]: 
[opennav_docking-18] 	docking_server lifecycle node launched. 
[opennav_docking-18] 	Waiting on external lifecycle transitions to activate
[opennav_docking-18] 	See https://design.ros2.org/articles/node_lifecycle.html for more information.
[opennav_docking-18] [INFO] [1785620216.797850118] [docking_server]: Creating docking_server
[amcl-7] [INFO] [1785620216.804391989] [amcl]: initPubSub
[waypoint_follower-15] [INFO] [1785620216.806661827] [waypoint_follower]: 
[waypoint_follower-15] 	waypoint_follower lifecycle node launched. 
[waypoint_follower-15] 	Waiting on external lifecycle transitions to activate
[waypoint_follower-15] 	See https://design.ros2.org/articles/node_lifecycle.html for more information.
[waypoint_follower-15] [INFO] [1785620216.807095338] [waypoint_follower]: Creating
[amcl-7] [INFO] [1785620216.813097254] [amcl]: Subscribed to map topic.
[lifecycle_manager-8] [INFO] [1785620216.819171273] [lifecycle_manager_localization]: [34m[1mActivating map_server[0m[0m
[map_server-6] [INFO] [1785620216.819392385] [map_server]: Activating
[map_server-6] [INFO] [1785620216.819645717] [map_server]: Creating bond (map_server) to lifecycle manager.
[amcl-7] [INFO] [1785620216.819851717] [amcl]: Received a 240 X 160 map @ 0.050 m/pix
[lifecycle_manager-19] [INFO] [1785620216.899296471] [lifecycle_manager_navigation]: [34m[1mStarting managed nodes bringup...[0m[0m
[lifecycle_manager-19] [INFO] [1785620216.899350840] [lifecycle_manager_navigation]: [34m[1mConfiguring controller_server[0m[0m
[controller_server-9] [INFO] [1785620216.899753697] [controller_server]: Configuring controller interface
[controller_server-9] [INFO] [1785620216.899780158] [controller_server]: getting progress checker plugins..
[controller_server-9] [INFO] [1785620216.900040053] [controller_server]: getting goal checker plugins..
[controller_server-9] [INFO] [1785620216.900116466] [controller_server]: Controller frequency set to 20.0000Hz
[controller_server-9] [INFO] [1785620216.900152882] [local_costmap.local_costmap]: Configuring
[controller_server-9] [INFO] [1785620216.910455013] [local_costmap.local_costmap]: Using plugin "voxel_layer"
[controller_server-9] [INFO] [1785620216.915349923] [local_costmap.local_costmap]: Subscribed to Topics: scan
[lifecycle_manager-8] [INFO] [1785620216.924561912] [lifecycle_manager_localization]: Server map_server connected with bond.
[lifecycle_manager-8] [INFO] [1785620216.924610921] [lifecycle_manager_localization]: [34m[1mActivating amcl[0m[0m
[amcl-7] [INFO] [1785620216.924858672] [amcl]: Activating
[amcl-7] [INFO] [1785620216.924887859] [amcl]: initialPoseReceived
[amcl-7] [INFO] [1785620216.924943195] [amcl]: Setting pose (0.000000): -3.450 -1.000 1.571
[amcl-7] [INFO] [1785620216.925461683] [amcl]: Creating bond (amcl) to lifecycle manager.
[controller_server-9] [INFO] [1785620216.929414919] [local_costmap.local_costmap]: Initialized plugin "voxel_layer"
[controller_server-9] [INFO] [1785620216.929448697] [local_costmap.local_costmap]: Using plugin "inflation_layer"
[controller_server-9] [INFO] [1785620216.930001301] [local_costmap.local_costmap]: Initialized plugin "inflation_layer"
[controller_server-9] [INFO] [1785620216.947519553] [controller_server]: Created progress_checker : progress_checker of type nav2_controller::PoseProgressChecker
[controller_server-9] [INFO] [1785620216.947859700] [controller_server]: Controller Server has progress_checker  progress checkers available.
[controller_server-9] [INFO] [1785620216.948411873] [controller_server]: Created goal checker : general_goal_checker of type nav2_controller::SimpleGoalChecker
[controller_server-9] [INFO] [1785620216.950109993] [controller_server]: Controller Server has general_goal_checker  goal checkers available.
[controller_server-9] [INFO] [1785620216.951142147] [controller_server]: Created controller : FollowPath of type nav2_regulated_pure_pursuit_controller::RegulatedPurePursuitController
[controller_server-9] [INFO] [1785620216.958644173] [controller_server]: Controller Server has FollowPath  controllers available.
[lifecycle_manager-19] [INFO] [1785620216.967986591] [lifecycle_manager_navigation]: [34m[1mConfiguring smoother_server[0m[0m
[smoother_server-10] [INFO] [1785620216.968178287] [smoother_server]: Configuring smoother server
[smoother_server-10] [INFO] [1785620216.980908835] [smoother_server]: Created smoother : simple_smoother of type nav2_smoother::SimpleSmoother
[smoother_server-10] [INFO] [1785620216.981871386] [smoother_server]: Created smoother : savitzky_golay of type nav2_smoother::SavitzkyGolaySmoother
[smoother_server-10] [INFO] [1785620216.988704805] [smoother_server]: Created smoother : constrained of type nav2_constrained_smoother/ConstrainedSmoother
[smoother_server-10] [INFO] [1785620216.993294419] [smoother_server]: Created smoother : pstmo of type adaptive_pivot_g2_nav2/AdaptivePivotG2Smoother
[smoother_server-10] [INFO] [1785620216.999128163] [smoother_server]: Configured PSTMO smoother 'pstmo' with adaptive radius search
[smoother_server-10] [INFO] [1785620216.999923210] [smoother_server]: Created smoother : adaptive_hybrid of type adaptive_pivot_g2_nav2/SafetyGatedHybridSmoother
[smoother_server-10] [INFO] [1785620217.004281619] [smoother_server]: Configured PSTMO smoother 'adaptive_hybrid.pivot' with adaptive radius search
[smoother_server-10] [INFO] [1785620217.004869566] [smoother_server]: Configured safety-gated hybrid smoother as 'adaptive_hybrid'
[smoother_server-10] [INFO] [1785620217.004897381] [smoother_server]: Smoother Server has simple_smoother savitzky_golay constrained pstmo adaptive_hybrid  smoothers available.
[lifecycle_manager-19] [INFO] [1785620217.015512075] [lifecycle_manager_navigation]: [34m[1mConfiguring planner_server[0m[0m
[planner_server-11] [INFO] [1785620217.015759238] [planner_server]: Configuring
[planner_server-11] [INFO] [1785620217.015787953] [global_costmap.global_costmap]: Configuring
[planner_server-11] [INFO] [1785620217.026908640] [global_costmap.global_costmap]: Using plugin "static_layer"
[planner_server-11] [INFO] [1785620217.030542632] [global_costmap.global_costmap]: Subscribing to the map topic (/map) with transient local durability
[lifecycle_manager-8] [INFO] [1785620217.032393279] [lifecycle_manager_localization]: Server amcl connected with bond.
[lifecycle_manager-8] [INFO] [1785620217.032450286] [lifecycle_manager_localization]: [34m[1mManaged nodes are active[0m[0m
[lifecycle_manager-8] [INFO] [1785620217.032466118] [lifecycle_manager_localization]: [34m[1mCreating bond timer...[0m[0m
[planner_server-11] [INFO] [1785620217.032656611] [global_costmap.global_costmap]: Initialized plugin "static_layer"
[planner_server-11] [INFO] [1785620217.032689947] [global_costmap.global_costmap]: Using plugin "inflation_layer"
[planner_server-11] [INFO] [1785620217.033137107] [global_costmap.global_costmap]: Initialized plugin "inflation_layer"
[planner_server-11] [INFO] [1785620217.061364522] [global_costmap.global_costmap]: StaticLayer: Resizing costmap to 240 X 160 at 0.050000 m/pix
[planner_server-11] [INFO] [1785620217.062245330] [planner_server]: Created global planner plugin NavFnAStar of type nav2_navfn_planner::NavfnPlanner
[planner_server-11] [INFO] [1785620217.062305677] [planner_server]: Configuring plugin NavFnAStar of type NavfnPlanner
[planner_server-11] [INFO] [1785620217.062951012] [planner_server]: Created global planner plugin NavFnDijkstra of type nav2_navfn_planner::NavfnPlanner
[planner_server-11] [INFO] [1785620217.062984667] [planner_server]: Configuring plugin NavFnDijkstra of type NavfnPlanner
[planner_server-11] [INFO] [1785620217.064258471] [planner_server]: Created global planner plugin ThetaStar of type nav2_theta_star_planner::ThetaStarPlanner
[amcl-7] [INFO] [1785620217.066026126] [amcl]: createLaserObject
[planner_server-11] [INFO] [1785620217.071443134] [planner_server]: Created global planner plugin Smac2D of type nav2_smac_planner::SmacPlanner2D
[planner_server-11] [INFO] [1785620217.071487119] [planner_server]: Configuring Smac2D of type SmacPlanner2D
[planner_server-11] [ERROR] [1785620217.072172849] [planner_server]: Inflation layer either not found or inflation is not set sufficiently for optimized non-circular collision checking capabilities. It is HIGHLY recommended to set the inflation radius to be at MINIMUM half of the robot's largest cross-section. See github.com/ros-planning/navigation2/tree/main/nav2_smac_planner#potential-fields for full instructions. This will substantially impact run-time performance.
[planner_server-11] [INFO] [1785620217.074279303] [planner_server]: Configured plugin Smac2D of type SmacPlanner2D with tolerance 0.10, maximum iterations 1000000, max on approach iterations 1000, and not allowing unknown traversal.
[planner_server-11] [INFO] [1785620217.076839118] [planner_server]: Created global planner plugin SmacHybrid of type nav2_smac_planner::SmacPlannerHybrid
[planner_server-11] [INFO] [1785620217.076895902] [planner_server]: Configuring SmacHybrid of type SmacPlannerHybrid
[planner_server-11] [INFO] [1785620217.079135519] [planner_server]: Even sized heuristic lookup table size set 160.000000, increasing size by 1 to make odd
[planner_server-11] [INFO] [1785620217.303063836] [planner_server]: Configured plugin SmacHybrid of type SmacPlannerHybrid with maximum iterations 1000000, max on approach iterations 1000, and not allowing unknown traversal. Tolerance 0.10.Using motion model: Dubin.
[planner_server-11] [INFO] [1785620217.303108010] [planner_server]: Planner Server has NavFnAStar NavFnDijkstra ThetaStar Smac2D SmacHybrid  planners available.
[lifecycle_manager-19] [INFO] [1785620217.316450267] [lifecycle_manager_navigation]: [34m[1mConfiguring route_server[0m[0m
[route_server-12] [INFO] [1785620217.316828792] [route_server]: Configuring
[route_server-12] [INFO] [1785620217.352368762] [route_server]: Created GraphFileLoader GeoJsonGraphFileLoader of type nav2_route::GeoJsonGraphFileLoader
[route_server-12] [INFO] [1785620217.352403035] [route_server]: Configuring geojson graph file loader
[route_server-12] [INFO] [1785620217.352411471] [route_server]: No graph file provided to load yet.
[route_server-12] [INFO] [1785620217.354736559] [route_server]: Created edge cost function plugin DistanceScorer of type nav2_route::DistanceScorer
[route_server-12] [INFO] [1785620217.354765720] [route_server]: Configuring distance scorer.
[route_server-12] [INFO] [1785620217.355161374] [route_server]: Created edge cost function plugin CostmapScorer of type nav2_route::CostmapScorer
[route_server-12] [INFO] [1785620217.355192495] [route_server]: Configuring costmap scorer.
[route_server-12] [INFO] [1785620217.356791864] [route_server]: Created route operation ReroutingService of type nav2_route::ReroutingService
[route_server-12] [INFO] [1785620217.356826182] [route_server]: Configuring Rerouting service operation.
[route_server-12] [INFO] [1785620217.359396846] [route_server]: Created route operation CollisionMonitor of type nav2_route::CollisionMonitor
[route_server-12] [INFO] [1785620217.359997126] [route_server]: Using costmap topic: local_costmap/costmap_raw instead of server costmap topic: global_costmap/costmap_raw for CollisionMonitor.
[lifecycle_manager-19] [INFO] [1785620217.363144470] [lifecycle_manager_navigation]: [34m[1mConfiguring behavior_server[0m[0m
[behavior_server-13] [INFO] [1785620217.363424180] [behavior_server]: Configuring
[behavior_server-13] [INFO] [1785620217.368136999] [behavior_server]: Creating behavior plugin spin of type nav2_behaviors::Spin
[behavior_server-13] [INFO] [1785620217.369224511] [behavior_server]: Creating behavior plugin backup of type nav2_behaviors::BackUp
[behavior_server-13] [INFO] [1785620217.370982904] [behavior_server]: Creating behavior plugin drive_on_heading of type nav2_behaviors::DriveOnHeading
[behavior_server-13] [INFO] [1785620217.372245816] [behavior_server]: Creating behavior plugin assisted_teleop of type nav2_behaviors::AssistedTeleop
[behavior_server-13] [INFO] [1785620217.373902252] [behavior_server]: Creating behavior plugin wait of type nav2_behaviors::Wait
[behavior_server-13] [INFO] [1785620217.384134326] [behavior_server]: Configuring spin
[behavior_server-13] [INFO] [1785620217.392575699] [behavior_server]: Configuring backup
[behavior_server-13] [INFO] [1785620217.401453222] [behavior_server]: Configuring drive_on_heading
[behavior_server-13] [INFO] [1785620217.411938619] [behavior_server]: Configuring assisted_teleop
[behavior_server-13] [INFO] [1785620217.421857907] [behavior_server]: Configuring wait
[lifecycle_manager-19] [INFO] [1785620217.430193741] [lifecycle_manager_navigation]: [34m[1mConfiguring velocity_smoother[0m[0m
[velocity_smoother-16] [INFO] [1785620217.430589192] [velocity_smoother]: Configuring velocity smoother
[lifecycle_manager-19] [INFO] [1785620217.438221860] [lifecycle_manager_navigation]: [34m[1mConfiguring collision_monitor[0m[0m
[collision_monitor-17] [INFO] [1785620217.438559091] [collision_monitor]: Configuring
[collision_monitor-17] [INFO] [1785620217.445569868] [collision_monitor]: [scan]: Creating Scan
[collision_monitor-17] [INFO] [1785620217.449591812] [collision_monitor]: [FootprintApproach]: Creating Polygon
[collision_monitor-17] [INFO] [1785620217.449738101] [collision_monitor]: [FootprintApproach]: Polygon points are not defined. Using dynamic subscription instead.
[collision_monitor-17] [INFO] [1785620217.451314462] [collision_monitor]: [FootprintApproach]: Making footprint subscriber on /local_costmap/published_footprint topic
[lifecycle_manager-19] [INFO] [1785620217.466481969] [lifecycle_manager_navigation]: [34m[1mConfiguring bt_navigator[0m[0m
[bt_navigator-14] [INFO] [1785620217.466842429] [bt_navigator]: Configuring
[bt_navigator-14] [INFO] [1785620217.473422502] [bt_navigator]: Creating navigator id navigate_to_pose of type nav2_bt_navigator::NavigateToPoseNavigator
[bt_navigator-14] [INFO] [1785620217.558752972] [bt_navigator]: Creating navigator id navigate_through_poses of type nav2_bt_navigator::NavigateThroughPosesNavigator
[lifecycle_manager-19] [INFO] [1785620217.594783398] [lifecycle_manager_navigation]: [34m[1mConfiguring waypoint_follower[0m[0m
[waypoint_follower-15] [INFO] [1785620217.595261829] [waypoint_follower]: Configuring
[waypoint_follower-15] [INFO] [1785620217.625723929] [waypoint_follower]: Created waypoint_task_executor : wait_at_waypoint of type nav2_waypoint_follower::WaitAtWaypoint
[lifecycle_manager-19] [INFO] [1785620217.626788484] [lifecycle_manager_navigation]: [34m[1mConfiguring docking_server[0m[0m
[opennav_docking-18] [INFO] [1785620217.627183676] [docking_server]: Configuring docking_server
[opennav_docking-18] [INFO] [1785620217.627227242] [docking_server]: Controller frequency set to 50.0000Hz
[opennav_docking-18] [INFO] [1785620217.660233899] [docking_server]: Created charging dock plugin simple_charging_dock of type opennav_docking::SimpleChargingDock
[opennav_docking-18] [WARN] [1785620217.666429569] [docking_server]: Dock database filepath nor dock parameters set. Docking actions can only be executed specifying the dock pose via the action request. Or update the dock database via the reload_database service.
[opennav_docking-18] [INFO] [1785620217.666473850] [docking_server]: Docking Server has 1 dock types and 0 dock instances available.
[lifecycle_manager-19] [INFO] [1785620217.668703365] [lifecycle_manager_navigation]: [34m[1mActivating controller_server[0m[0m
[controller_server-9] [INFO] [1785620217.669056463] [controller_server]: Activating
[controller_server-9] [INFO] [1785620217.669092783] [local_costmap.local_costmap]: Activating
[controller_server-9] [INFO] [1785620217.669097893] [local_costmap.local_costmap]: Checking transform
[controller_server-9] [INFO] [1785620217.669268831] [local_costmap.local_costmap]: start
[controller_server-9] [INFO] [1785620217.920159168] [controller_server]: Activating controller: FollowPath of type regulated_pure_pursuit_controller::RegulatedPurePursuitController
[controller_server-9] [INFO] [1785620217.920217154] [controller_server]: Creating bond (controller_server) to lifecycle manager.
[lifecycle_manager-19] [INFO] [1785620218.031159066] [lifecycle_manager_navigation]: Server controller_server connected with bond.
[lifecycle_manager-19] [INFO] [1785620218.031220319] [lifecycle_manager_navigation]: [34m[1mActivating smoother_server[0m[0m
[smoother_server-10] [INFO] [1785620218.031605753] [smoother_server]: Activating
[smoother_server-10] [INFO] [1785620218.031650422] [smoother_server]: Activating smoother: constrained of type nav2_constrained_smoother::ConstrainedSmoother
[smoother_server-10] [INFO] [1785620218.031661831] [smoother_server]: Creating bond (smoother_server) to lifecycle manager.
[lifecycle_manager-19] [INFO] [1785620218.138015086] [lifecycle_manager_navigation]: Server smoother_server connected with bond.
[lifecycle_manager-19] [INFO] [1785620218.138050315] [lifecycle_manager_navigation]: [34m[1mActivating planner_server[0m[0m
[planner_server-11] [INFO] [1785620218.138309330] [planner_server]: Activating
[planner_server-11] [INFO] [1785620218.138337975] [global_costmap.global_costmap]: Activating
[planner_server-11] [INFO] [1785620218.138343213] [global_costmap.global_costmap]: Checking transform
[planner_server-11] [INFO] [1785620218.138448639] [global_costmap.global_costmap]: start
[planner_server-11] [INFO] [1785620218.188626709] [planner_server]: Activating plugin Smac2D of type SmacPlanner2D
[planner_server-11] [INFO] [1785620218.188680823] [planner_server]: Activating plugin ThetaStar of type nav2_theta_star_planner
[planner_server-11] [INFO] [1785620218.188694863] [planner_server]: Activating plugin SmacHybrid of type SmacPlannerHybrid
[planner_server-11] [INFO] [1785620218.189652570] [planner_server]: Activating plugin NavFnDijkstra of type NavfnPlanner
[planner_server-11] [INFO] [1785620218.189685428] [planner_server]: Activating plugin NavFnAStar of type NavfnPlanner
[planner_server-11] [INFO] [1785620218.192256967] [planner_server]: Creating bond (planner_server) to lifecycle manager.
[batch_benchmark-5] [INFO] [1785620218.225280752] [planner_geometry_benchmark]: [1/5] NavFnAStar / full_replenishment / repetition 1
[lifecycle_manager-19] [INFO] [1785620218.304123072] [lifecycle_manager_navigation]: Server planner_server connected with bond.
[lifecycle_manager-19] [INFO] [1785620218.304174056] [lifecycle_manager_navigation]: [34m[1mActivating route_server[0m[0m
[route_server-12] [INFO] [1785620218.304612496] [route_server]: Activating
[route_server-12] [INFO] [1785620218.304859792] [route_server]: Creating bond (route_server) to lifecycle manager.
[lifecycle_manager-19] [INFO] [1785620218.413905739] [lifecycle_manager_navigation]: Server route_server connected with bond.
[lifecycle_manager-19] [INFO] [1785620218.413959078] [lifecycle_manager_navigation]: [34m[1mActivating behavior_server[0m[0m
[behavior_server-13] [INFO] [1785620218.414369360] [behavior_server]: Activating
[behavior_server-13] [INFO] [1785620218.414402863] [behavior_server]: Activating spin
[behavior_server-13] [INFO] [1785620218.414419089] [behavior_server]: Activating backup
[behavior_server-13] [INFO] [1785620218.414430730] [behavior_server]: Activating drive_on_heading
[behavior_server-13] [INFO] [1785620218.414441817] [behavior_server]: Activating assisted_teleop
[behavior_server-13] [INFO] [1785620218.414453775] [behavior_server]: Activating wait
[behavior_server-13] [INFO] [1785620218.414470395] [behavior_server]: Creating bond (behavior_server) to lifecycle manager.
[lifecycle_manager-19] [INFO] [1785620218.520917535] [lifecycle_manager_navigation]: Server behavior_server connected with bond.
[lifecycle_manager-19] [INFO] [1785620218.520961665] [lifecycle_manager_navigation]: [34m[1mActivating velocity_smoother[0m[0m
[velocity_smoother-16] [INFO] [1785620218.521271774] [velocity_smoother]: Activating
[velocity_smoother-16] [INFO] [1785620218.521314944] [velocity_smoother]: Creating bond (velocity_smoother) to lifecycle manager.
[lifecycle_manager-19] [INFO] [1785620218.627401294] [lifecycle_manager_navigation]: Server velocity_smoother connected with bond.
[lifecycle_manager-19] [INFO] [1785620218.627446026] [lifecycle_manager_navigation]: [34m[1mActivating collision_monitor[0m[0m
[collision_monitor-17] [INFO] [1785620218.628081533] [collision_monitor]: Activating
[collision_monitor-17] [INFO] [1785620218.628125170] [collision_monitor]: Creating bond (collision_monitor) to lifecycle manager.
[lifecycle_manager-19] [INFO] [1785620218.736203795] [lifecycle_manager_navigation]: Server collision_monitor connected with bond.
[lifecycle_manager-19] [INFO] [1785620218.736255557] [lifecycle_manager_navigation]: [34m[1mActivating bt_navigator[0m[0m
[bt_navigator-14] [INFO] [1785620218.737091456] [bt_navigator]: Activating
[bt_navigator-14] [INFO] [1785620218.822407137] [bt_navigator]: Creating bond (bt_navigator) to lifecycle manager.
[lifecycle_manager-19] [INFO] [1785620218.930823959] [lifecycle_manager_navigation]: Server bt_navigator connected with bond.
[lifecycle_manager-19] [INFO] [1785620218.930881031] [lifecycle_manager_navigation]: [34m[1mActivating waypoint_follower[0m[0m
[waypoint_follower-15] [INFO] [1785620218.931555567] [waypoint_follower]: Activating
[waypoint_follower-15] [INFO] [1785620218.931596845] [waypoint_follower]: Creating bond (waypoint_follower) to lifecycle manager.
[smoother_server-10] [INFO] [1785620219.026846547] [smoother_server]: Received a path to smooth.
[lifecycle_manager-19] [INFO] [1785620219.044937614] [lifecycle_manager_navigation]: Server waypoint_follower connected with bond.
[lifecycle_manager-19] [INFO] [1785620219.045004677] [lifecycle_manager_navigation]: [34m[1mActivating docking_server[0m[0m
[opennav_docking-18] [INFO] [1785620219.045531309] [docking_server]: Activating docking_server
[opennav_docking-18] [INFO] [1785620219.058848341] [docking_server]: Creating bond (docking_server) to lifecycle manager.
[lifecycle_manager-19] [INFO] [1785620219.168531257] [lifecycle_manager_navigation]: Server docking_server connected with bond.
[lifecycle_manager-19] [INFO] [1785620219.168567054] [lifecycle_manager_navigation]: [34m[1mManaged nodes are active[0m[0m
[lifecycle_manager-19] [INFO] [1785620219.168572961] [lifecycle_manager_navigation]: [34m[1mCreating bond timer...[0m[0m
[smoother_server-10] [INFO] [1785620219.335340672] [smoother_server]: Received a path to smooth.
[smoother_server-10] [INFO] [1785620219.683413287] [smoother_server]: Received a path to smooth.
[smoother_server-10] [INFO] [1785620220.045874188] [smoother_server]: Received a path to smooth.
[smoother_server-10] [WARN] [1785620220.049665799] [smoother_server]: PSTMO LOS retained the input path: unsafe_start_rotation
[smoother_server-10] [INFO] [1785620220.095149849] [smoother_server]: PSTMO: 10 corners, 9 G2, 1 pivots, 0 pass-through, 191 evaluations, 0.048870 s
[batch_benchmark-5] [INFO] [1785620220.330589469] [planner_geometry_benchmark]: [2/5] NavFnDijkstra / full_replenishment / repetition 1
[smoother_server-10] [INFO] [1785620221.161647039] [smoother_server]: Received a path to smooth.
[smoother_server-10] [INFO] [1785620221.487394219] [smoother_server]: Received a path to smooth.
[smoother_server-10] [INFO] [1785620221.798612088] [smoother_server]: Received a path to smooth.
[smoother_server-10] [INFO] [1785620222.231746017] [smoother_server]: Received a path to smooth.
[smoother_server-10] [WARN] [1785620222.235052642] [smoother_server]: PSTMO LOS retained the input path: unsafe_start_rotation
[smoother_server-10] [INFO] [1785620222.273804831] [smoother_server]: PSTMO: 8 corners, 7 G2, 1 pivots, 0 pass-through, 160 evaluations, 0.041800 s
[batch_benchmark-5] [INFO] [1785620222.521916220] [planner_geometry_benchmark]: [3/5] ThetaStar / full_replenishment / repetition 1
[smoother_server-10] [INFO] [1785620223.181813623] [smoother_server]: Received a path to smooth.
[smoother_server-10] [INFO] [1785620223.369407841] [smoother_server]: Received a path to smooth.
[smoother_server-10] [INFO] [1785620223.552028743] [smoother_server]: Received a path to smooth.
[smoother_server-10] [INFO] [1785620223.765813106] [smoother_server]: Received a path to smooth.
[smoother_server-10] [WARN] [1785620223.767960153] [smoother_server]: PSTMO LOS retained the input path: no footprint-safe outgoing edge at input index 265
[smoother_server-10] [INFO] [1785620223.805270011] [smoother_server]: PSTMO: 7 corners, 7 G2, 0 pivots, 0 pass-through, 140 evaluations, 0.039245 s
[batch_benchmark-5] [INFO] [1785620224.011485090] [planner_geometry_benchmark]: [4/5] Smac2D / full_replenishment / repetition 1
[smoother_server-10] [INFO] [1785620224.698682030] [smoother_server]: Received a path to smooth.
[smoother_server-10] [INFO] [1785620224.888957007] [smoother_server]: Received a path to smooth.
[smoother_server-10] [INFO] [1785620225.085122723] [smoother_server]: Received a path to smooth.
[smoother_server-10] [INFO] [1785620225.286524506] [smoother_server]: Received a path to smooth.
[smoother_server-10] [WARN] [1785620225.288643503] [smoother_server]: PSTMO LOS retained the input path: unsafe_start_rotation
[smoother_server-10] [INFO] [1785620225.319898591] [smoother_server]: PSTMO: 8 corners, 7 G2, 0 pivots, 1 pass-through, 140 evaluations, 0.033177 s
[batch_benchmark-5] [INFO] [1785620225.546328963] [planner_geometry_benchmark]: [5/5] SmacHybrid / full_replenishment / repetition 1
[smoother_server-10] [INFO] [1785620226.117259380] [smoother_server]: Received a path to smooth.
[smoother_server-10] [ERROR] [1785620226.118150900] [smoother_server]: Smoothed path leads to a collision at x: -4.741290, y: 3.482165, theta: 0.352672
[smoother_server-10] [ERROR] [1785620226.118259498] [smoother_server]: Smoothed Path collided atX: -4.741290Y: 3.482165Theta: 0.352672
[smoother_server-10] [WARN] [1785620226.118292811] [smoother_server]: [smooth_path] [ActionServer] Aborting handle.
[smoother_server-10] [INFO] [1785620226.123730404] [smoother_server]: Received a path to smooth.
[smoother_server-10] [INFO] [1785620226.246485825] [smoother_server]: Received a path to smooth.
[smoother_server-10] [INFO] [1785620226.372928387] [smoother_server]: Received a path to smooth.
[smoother_server-10] [WARN] [1785620226.373312098] [smoother_server]: PSTMO LOS retained the input path: no footprint-safe outgoing edge at input index 0
[smoother_server-10] [INFO] [1785620226.413439918] [smoother_server]: PSTMO: 10 corners, 9 G2, 1 pivots, 0 pass-through, 200 evaluations, 0.040321 s
[batch_benchmark-5] [INFO] [1785620226.665599474] [planner_geometry_benchmark]: Wrote 25 rows to /home/linh-pham/agv_nav2_research_ws_bao/results/current_pstmo_footprint_padding15_nav2_comparison_20260802/warehouse_dispatch.csv
[batch_benchmark-5] [INFO] [1785620226.665963732] [planner_geometry_benchmark]: Wrote aggregate summary to /home/linh-pham/agv_nav2_research_ws_bao/results/current_pstmo_footprint_padding15_nav2_comparison_20260802/warehouse_dispatch_summary.json
[INFO] [batch_benchmark-5]: process has finished cleanly [pid 97484]
[INFO] [lifecycle_manager-19]: sending signal 'SIGINT' to process[lifecycle_manager-19]
[INFO] [opennav_docking-18]: sending signal 'SIGINT' to process[opennav_docking-18]
[INFO] [collision_monitor-17]: sending signal 'SIGINT' to process[collision_monitor-17]
[INFO] [velocity_smoother-16]: sending signal 'SIGINT' to process[velocity_smoother-16]
[INFO] [waypoint_follower-15]: sending signal 'SIGINT' to process[waypoint_follower-15]
[INFO] [bt_navigator-14]: sending signal 'SIGINT' to process[bt_navigator-14]
[INFO] [behavior_server-13]: sending signal 'SIGINT' to process[behavior_server-13]
[INFO] [route_server-12]: sending signal 'SIGINT' to process[route_server-12]
[INFO] [planner_server-11]: sending signal 'SIGINT' to process[planner_server-11]
[INFO] [smoother_server-10]: sending signal 'SIGINT' to process[smoother_server-10]
[INFO] [controller_server-9]: sending signal 'SIGINT' to process[controller_server-9]
[INFO] [lifecycle_manager-8]: sending signal 'SIGINT' to process[lifecycle_manager-8]
[INFO] [amcl-7]: sending signal 'SIGINT' to process[amcl-7]
[INFO] [map_server-6]: sending signal 'SIGINT' to process[map_server-6]
[INFO] [robot_state_publisher-4]: sending signal 'SIGINT' to process[robot_state_publisher-4]
[INFO] [parameter_bridge-3]: sending signal 'SIGINT' to process[parameter_bridge-3]
[INFO] [gazebo-1]: sending signal 'SIGINT' to process[gazebo-1]
[lifecycle_manager-19] [INFO] [1785620226.925228821] [rclcpp]: signal_handler(SIGINT/SIGTERM)
[lifecycle_manager-19] [INFO] [1785620226.925321853] [lifecycle_manager_navigation]: Running Nav2 LifecycleManager rcl preshutdown (lifecycle_manager_navigation)
[lifecycle_manager-19] [INFO] [1785620226.925352162] [lifecycle_manager_navigation]: [34m[1mTerminating bond timer...[0m[0m
[opennav_docking-18] [INFO] [1785620226.929799325] [rclcpp]: signal_handler(SIGINT/SIGTERM)
[opennav_docking-18] [INFO] [1785620226.929931030] [docking_server]: Running Nav2 LifecycleNode rcl preshutdown (docking_server)
[opennav_docking-18] [INFO] [1785620226.930042582] [docking_server]: Deactivating docking_server
[collision_monitor-17] [INFO] [1785620226.932757425] [rclcpp]: signal_handler(SIGINT/SIGTERM)
[collision_monitor-17] [INFO] [1785620226.932888550] [collision_monitor]: Running Nav2 LifecycleNode rcl preshutdown (collision_monitor)
[collision_monitor-17] [INFO] [1785620226.932958401] [collision_monitor]: Deactivating
[collision_monitor-17] [INFO] [1785620226.932978008] [collision_monitor]: Destroying bond (collision_monitor) to lifecycle manager.
[velocity_smoother-16] [INFO] [1785620226.936141536] [rclcpp]: signal_handler(SIGINT/SIGTERM)
[velocity_smoother-16] [INFO] [1785620226.936453183] [velocity_smoother]: Running Nav2 LifecycleNode rcl preshutdown (velocity_smoother)
[velocity_smoother-16] [INFO] [1785620226.936530315] [velocity_smoother]: Deactivating
[velocity_smoother-16] [INFO] [1785620226.936566428] [velocity_smoother]: Destroying bond (velocity_smoother) to lifecycle manager.
[waypoint_follower-15] [INFO] [1785620226.938896416] [rclcpp]: signal_handler(SIGINT/SIGTERM)
[waypoint_follower-15] [INFO] [1785620226.939043873] [waypoint_follower]: Running Nav2 LifecycleNode rcl preshutdown (waypoint_follower)
[waypoint_follower-15] [INFO] [1785620226.939114992] [waypoint_follower]: Deactivating
[waypoint_follower-15] [INFO] [1785620226.939147083] [waypoint_follower]: Destroying bond (waypoint_follower) to lifecycle manager.
[bt_navigator-14] [INFO] [1785620226.942307969] [rclcpp]: signal_handler(SIGINT/SIGTERM)
[bt_navigator-14] [INFO] [1785620226.942412079] [bt_navigator]: Running Nav2 LifecycleNode rcl preshutdown (bt_navigator)
[bt_navigator-14] [INFO] [1785620226.942472215] [bt_navigator]: Deactivating
[bt_navigator-14] [INFO] [1785620226.942496664] [bt_navigator]: Destroying bond (bt_navigator) to lifecycle manager.
[collision_monitor-17] [INFO] [1785620226.944331993] [collision_monitor]: Cleaning up
[collision_monitor-17] [INFO] [1785620226.944371082] [collision_monitor]: [FootprintApproach]: Destroying Polygon
[collision_monitor-17] [INFO] [1785620226.944381059] [collision_monitor]: [scan]: Destroying Scan
[behavior_server-13] [INFO] [1785620226.944564449] [rclcpp]: signal_handler(SIGINT/SIGTERM)
[behavior_server-13] [INFO] [1785620226.944661969] [behavior_server]: Running Nav2 LifecycleNode rcl preshutdown (behavior_server)
[behavior_server-13] [INFO] [1785620226.944714069] [behavior_server]: Deactivating
[behavior_server-13] [INFO] [1785620226.944748409] [behavior_server]: Destroying bond (behavior_server) to lifecycle manager.
[route_server-12] [INFO] [1785620226.946904168] [rclcpp]: signal_handler(SIGINT/SIGTERM)
[route_server-12] [INFO] [1785620226.947019355] [route_server]: Running Nav2 LifecycleNode rcl preshutdown (route_server)
[route_server-12] [INFO] [1785620226.947150354] [route_server]: Deactivating
[route_server-12] [INFO] [1785620226.947402501] [route_server]: Destroying bond (route_server) to lifecycle manager.
[velocity_smoother-16] [INFO] [1785620226.947534242] [velocity_smoother]: Cleaning up
[velocity_smoother-16] [INFO] [1785620226.947575566] [velocity_smoother]: Destroying bond (velocity_smoother) to lifecycle manager.
[planner_server-11] [INFO] [1785620226.949089701] [rclcpp]: signal_handler(SIGINT/SIGTERM)
[planner_server-11] [INFO] [1785620226.949175519] [planner_server]: Running Nav2 LifecycleNode rcl preshutdown (planner_server)
[planner_server-11] [INFO] [1785620226.949243558] [planner_server]: Deactivating
[planner_server-11] [INFO] [1785620226.949275886] [global_costmap.global_costmap]: Deactivating
[collision_monitor-17] [INFO] [1785620226.949264451] [collision_monitor]: Destroying bond (collision_monitor) to lifecycle manager.
[waypoint_follower-15] [INFO] [1785620226.949487185] [waypoint_follower]: Cleaning up
[smoother_server-10] [INFO] [1785620226.951230579] [rclcpp]: signal_handler(SIGINT/SIGTERM)
[smoother_server-10] [INFO] [1785620226.951306952] [smoother_server]: Running Nav2 LifecycleNode rcl preshutdown (smoother_server)
[smoother_server-10] [INFO] [1785620226.951363157] [smoother_server]: Deactivating
[smoother_server-10] [INFO] [1785620226.951392542] [smoother_server]: Deactivating smoother: constrained of type nav2_constrained_smoother::ConstrainedSmoother
[smoother_server-10] [INFO] [1785620226.951403258] [smoother_server]: Destroying bond (smoother_server) to lifecycle manager.
[bt_navigator-14] [INFO] [1785620226.952988832] [bt_navigator]: Cleaning up
[controller_server-9] [INFO] [1785620226.953583215] [rclcpp]: signal_handler(SIGINT/SIGTERM)
[controller_server-9] [INFO] [1785620226.953684236] [controller_server]: Running Nav2 LifecycleNode rcl preshutdown (controller_server)
[controller_server-9] [INFO] [1785620226.953749016] [controller_server]: Deactivating
[controller_server-9] [INFO] [1785620226.953763596] [controller_server]: Deactivating controller: FollowPath of type regulated_pure_pursuit_controller::RegulatedPurePursuitController
[controller_server-9] [INFO] [1785620226.953785136] [local_costmap.local_costmap]: Deactivating
[behavior_server-13] [INFO] [1785620226.955073191] [behavior_server]: Cleaning up
[lifecycle_manager-8] [INFO] [1785620226.955629865] [rclcpp]: signal_handler(SIGINT/SIGTERM)
[lifecycle_manager-8] [INFO] [1785620226.955745682] [lifecycle_manager_localization]: Running Nav2 LifecycleManager rcl preshutdown (lifecycle_manager_localization)
[lifecycle_manager-8] [INFO] [1785620226.955780869] [lifecycle_manager_localization]: [34m[1mTerminating bond timer...[0m[0m
[opennav_docking-18] [INFO] [1785620226.956325369] [docking_server]: Destroying bond (docking_server) to lifecycle manager.
[route_server-12] [INFO] [1785620226.958438658] [route_server]: Cleaning up
[behavior_server-13] [INFO] [1785620226.958509263] [behavior_server]: Destroying bond (behavior_server) to lifecycle manager.
[collision_monitor-17] [INFO] [1785620226.958951717] [collision_monitor]: Destroying
[amcl-7] [INFO] [1785620226.959218364] [rclcpp]: signal_handler(SIGINT/SIGTERM)
[amcl-7] [INFO] [1785620226.959306027] [amcl]: Running Nav2 LifecycleNode rcl preshutdown (amcl)
[amcl-7] [INFO] [1785620226.959354506] [amcl]: Deactivating
[amcl-7] [INFO] [1785620226.959372697] [amcl]: Destroying bond (amcl) to lifecycle manager.
[map_server-6] [INFO] [1785620226.960890154] [rclcpp]: signal_handler(SIGINT/SIGTERM)
[map_server-6] [INFO] [1785620226.961004954] [map_server]: Running Nav2 LifecycleNode rcl preshutdown (map_server)
[map_server-6] [INFO] [1785620226.961068026] [map_server]: Deactivating
[map_server-6] [INFO] [1785620226.961089292] [map_server]: Destroying bond (map_server) to lifecycle manager.
[robot_state_publisher-4] [INFO] [1785620226.964064562] [rclcpp]: signal_handler(SIGINT/SIGTERM)
[smoother_server-10] [INFO] [1785620226.964754065] [smoother_server]: Cleaning up
[smoother_server-10] [INFO] [1785620226.964887822] [smoother_server]: Cleaning up smoother: constrained of type nav2_constrained_smoother::ConstrainedSmoother
[parameter_bridge-3] [INFO] [1785620226.965718141] [rclcpp]: signal_handler(SIGINT/SIGTERM)
[amcl-7] [INFO] [1785620226.969674726] [amcl]: Cleaning up
[velocity_smoother-16] [INFO] [1785620226.974132094] [velocity_smoother]: Destroying
[map_server-6] [INFO] [1785620226.974623656] [map_server]: Cleaning up
[map_server-6] [INFO] [1785620226.974859885] [map_server]: Destroying bond (map_server) to lifecycle manager.
[opennav_docking-18] [INFO] [1785620226.976579870] [docking_server]: Cleaning up docking_server
[smoother_server-10] [INFO] [1785620226.988224380] [smoother_server]: Destroying bond (smoother_server) to lifecycle manager.
[amcl-7] [INFO] [1785620226.990792329] [amcl]: Destroying bond (amcl) to lifecycle manager.
[route_server-12] [INFO] [1785620226.992021062] [route_server]: Destroying bond (route_server) to lifecycle manager.
[map_server-6] [INFO] [1785620226.994893302] [map_server]: Destroying
[smoother_server-10] [INFO] [1785620226.998862054] [smoother_server]: Destroying
[route_server-12] [INFO] [1785620227.001715052] [route_server]: Destroying
[lifecycle_manager-8] [INFO] [1785620227.002100338] [lifecycle_manager_localization]: Destroying lifecycle_manager_localization
[waypoint_follower-15] [INFO] [1785620227.003059714] [waypoint_follower]: Destroying bond (waypoint_follower) to lifecycle manager.
[waypoint_follower-15] [INFO] [1785620227.026375877] [waypoint_follower]: Destroying
[amcl-7] [INFO] [1785620227.027797466] [amcl]: Destroying
[opennav_docking-18] [INFO] [1785620227.056536256] [docking_server]: Destroying bond (docking_server) to lifecycle manager.
[behavior_server-13] [INFO] [1785620227.060984000] [behavior_server]: Destroying
[opennav_docking-18] [INFO] [1785620227.063451463] [docking_server]: Destroying
[controller_server-9] [INFO] [1785620227.069605353] [controller_server]: Destroying bond (controller_server) to lifecycle manager.
[controller_server-9] [INFO] [1785620227.079845046] [controller_server]: Cleaning up
[controller_server-9] [INFO] [1785620227.079885064] [controller_server]: Cleaning up controller: FollowPath of type regulated_pure_pursuit_controller::RegulatedPurePursuitController
[controller_server-9] [INFO] [1785620227.079944705] [local_costmap.local_costmap]: Cleaning up
[bt_navigator-14] [INFO] [1785620227.082274091] [bt_navigator]: Completed Cleaning up
[bt_navigator-14] [INFO] [1785620227.082350786] [bt_navigator]: Destroying bond (bt_navigator) to lifecycle manager.
[lifecycle_manager-19] [INFO] [1785620227.085175346] [lifecycle_manager_navigation]: Destroying lifecycle_manager_navigation
[bt_navigator-14] [INFO] [1785620227.087699046] [bt_navigator]: Destroying
[controller_server-9] [INFO] [1785620227.092286412] [controller_server]: Destroying bond (controller_server) to lifecycle manager.
[controller_server-9] [INFO] [1785620227.096481305] [local_costmap.local_costmap]: Destroying
[controller_server-9] [INFO] [1785620227.099112276] [controller_server]: Destroying
[INFO] [parameter_bridge-3]: process has finished cleanly [pid 97481]
[INFO] [collision_monitor-17]: process has finished cleanly [pid 97691]
[INFO] [velocity_smoother-16]: process has finished cleanly [pid 97690]
[planner_server-11] [INFO] [1785620227.138709270] [planner_server]: Deactivating plugin Smac2D of type SmacPlanner2D
[planner_server-11] [INFO] [1785620227.138749233] [planner_server]: Deactivating plugin ThetaStar of type nav2_theta_star_planner
[planner_server-11] [INFO] [1785620227.138758853] [planner_server]: Deactivating plugin SmacHybrid of type SmacPlannerHybrid
[planner_server-11] [INFO] [1785620227.138766452] [planner_server]: Deactivating plugin NavFnDijkstra of type NavfnPlanner
[planner_server-11] [INFO] [1785620227.138772101] [planner_server]: Deactivating plugin NavFnAStar of type NavfnPlanner
[planner_server-11] [INFO] [1785620227.138782507] [planner_server]: Destroying bond (planner_server) to lifecycle manager.
[planner_server-11] [INFO] [1785620227.148963387] [planner_server]: Cleaning up
[INFO] [route_server-12]: process has finished cleanly [pid 97684]
[INFO] [robot_state_publisher-4]: process has finished cleanly [pid 97483]
[planner_server-11] [INFO] [1785620227.154727737] [global_costmap.global_costmap]: Cleaning up
[INFO] [smoother_server-10]: process has finished cleanly [pid 97682]
[INFO] [lifecycle_manager-8]: process has finished cleanly [pid 97680]
[planner_server-11] [INFO] [1785620227.157974796] [planner_server]: Cleaning up plugin Smac2D of type SmacPlanner2D
[INFO] [map_server-6]: process has finished cleanly [pid 97678]
[planner_server-11] [INFO] [1785620227.158543434] [planner_server]: CleaningUp plugin ThetaStar of type nav2_theta_star_planner
[planner_server-11] [INFO] [1785620227.158678973] [planner_server]: Cleaning up plugin SmacHybrid of type SmacPlannerHybrid
[planner_server-11] [INFO] [1785620227.159979882] [planner_server]: Cleaning up plugin NavFnDijkstra of type NavfnPlanner
[planner_server-11] [INFO] [1785620227.160306782] [planner_server]: Cleaning up plugin NavFnAStar of type NavfnPlanner
[planner_server-11] [INFO] [1785620227.160333218] [planner_server]: Destroying plugin Smac2D of type SmacPlanner2D
[planner_server-11] [INFO] [1785620227.160349847] [planner_server]: Destroying plugin SmacHybrid of type SmacPlannerHybrid
[planner_server-11] [INFO] [1785620227.160362607] [planner_server]: Destroying plugin NavFnDijkstra of type NavfnPlanner
[planner_server-11] [INFO] [1785620227.160366449] [planner_server]: Destroying plugin NavFnAStar of type NavfnPlanner
[planner_server-11] [INFO] [1785620227.164313149] [planner_server]: Destroying bond (planner_server) to lifecycle manager.
[INFO] [waypoint_follower-15]: process has finished cleanly [pid 97687]
[INFO] [amcl-7]: process has finished cleanly [pid 97679]
[planner_server-11] [INFO] [1785620227.166884767] [global_costmap.global_costmap]: Destroying
[planner_server-11] [INFO] [1785620227.168786018] [planner_server]: Destroying
[INFO] [behavior_server-13]: process has finished cleanly [pid 97685]
[INFO] [opennav_docking-18]: process has finished cleanly [pid 97692]
[INFO] [lifecycle_manager-19]: process has finished cleanly [pid 97693]
[INFO] [bt_navigator-14]: process has finished cleanly [pid 97686]
[INFO] [controller_server-9]: process has finished cleanly [pid 97681]
[INFO] [planner_server-11]: process has finished cleanly [pid 97683]
[ERROR] [gazebo-1]: process[gazebo-1] failed to terminate '5' seconds after receiving 'SIGINT', escalating to 'SIGTERM'
[INFO] [gazebo-1]: sending signal 'SIGTERM' to process[gazebo-1]
[ERROR] [gazebo-1]: process has died [pid 97479, exit code -15, cmd 'ruby /opt/ros/jazzy/opt/gz_tools_vendor/bin/gz sim -r -s -v 3 --initial-sim-time 0.0 /home/linh-pham/agv_nav2_research_ws_bao/install/vacuum_robot_gazebo/share/vacuum_robot_gazebo/worlds/warehouse_dispatch.sdf --force-version 8'].
